06-06 00:27:23.433 D/VivoConfigStore(27029): key:vivo.software.audiozenmode isCached is true and value is true
06-06 00:27:23.440 V/MediaPlayerNative(27029): setDataSource(94, 0, 576460752303423487)
06-06 00:27:23.455 V/MediaPlayerNative(27029): setVideoSurfaceTexture
06-06 00:27:23.456 V/MediaPlayerNative(27029): prepare
06-06 00:27:23.473 V/MediaPlayerNative(27029): message received msg=1, ext1=0, ext2=0
06-06 00:27:23.473 V/MediaPlayerNative(27029): MediaPlayer::notify() prepared
06-06 00:27:23.473 V/MediaPlayerNative(27029): signal application thread
06-06 00:27:23.473 V/MediaPlayerNative(27029): callback application
06-06 00:27:23.473 V/MediaPlayerNative(27029): prepare complete - status=0
06-06 00:27:23.475 V/MediaPlayerNative(27029): back from callback
06-06 00:27:23.476 V/MediaPlayerNative(27029): invoke 76
06-06 00:27:23.480 D/MediaPlayer(27029): MediaPlayer start called
06-06 00:27:23.485 V/MediaPlayerNative(27029): start
06-06 00:27:23.486 D/AudioManager( 9621): dispatching onPlaybackConfigChanged()
06-06 00:27:23.486 D/AudioManager( 9607): dispatching onPlaybackConfigChanged()
06-06 00:27:23.487 D/MediaPlayer(27029): MediaPlayer start end
06-06 00:27:23.502 V/MediaPlayerNative(27029): invoke 76
06-06 00:27:23.595 V/MediaPlayerNative(27029): message received msg=6, ext1=0, ext2=0
06-06 00:27:23.595 V/MediaPlayerNative(27029): Received media started message
06-06 00:27:23.595 V/MediaPlayerNative(27029): callback application
06-06 00:27:23.596 V/MediaPlayerNative(27029): back from callback
06-06 00:27:23.596 D/MTP     (27029): onPaused: false
06-06 00:27:23.597 D/MTP     (27029): onSeekComplete at 0
06-06 00:27:23.624 V/MediaPlayerNative(27029): message received msg=10000, ext1=21, ext2=3
06-06 00:27:23.624 V/MediaPlayerNative(27029): unrecognized message: (10000, 21, 3)
06-06 00:27:23.624 V/MediaPlayerNative(27029): callback application
06-06 00:27:23.624 V/MediaPlayerNative(27029): back from callback
06-06 00:27:23.631 D/AudioManager( 9607): dispatching onPlaybackConfigChanged()
06-06 00:27:23.631 D/AudioManager( 9621): dispatching onPlaybackConfigChanged()
06-06 00:27:23.839 V/MediaPlayerNative(27029): message received msg=211, ext1=0, ext2=0
06-06 00:27:23.839 V/MediaPlayerNative(27029): unrecognized message: (211, 0, 0)
06-06 00:27:23.839 V/MediaPlayerNative(27029): callback application
06-06 00:27:23.840 V/MediaPlayerNative(27029): back from callback
06-06 00:27:23.863 I/WebSocketAgentChannel(27029): Received live text {"type":"audio_begin","session_id":"android_live_47b8beb1","turn_seq":5,"action_id":"act_mq150lw7_001z_5b6d2e3a7a97","format":"pcm16","sample_rate":44100,"channels":1,"bits_per_sample":16}
06-06 00:27:23.874 I/WebSocketAgentChannel(27029): Received live audio bytes=118784
06-06 00:27:24.375 I/WebSocketAgentChannel(27029): Received live audio bytes=111616
06-06 00:27:24.376 I/WebSocketAgentChannel(27029): Received live text {"type":"audio_end","session_id":"android_live_47b8beb1","turn_seq":5,"action_id":"act_mq150lw7_001z_5b6d2e3a7a97"}
06-06 00:27:26.113 V/MediaPlayerNative(27029): message received msg=2, ext1=0, ext2=0
06-06 00:27:26.113 V/MediaPlayerNative(27029): playback complete
06-06 00:27:26.113 V/MediaPlayerNative(27029): callback application
06-06 00:27:26.114 V/MediaPlayerNative(27029): back from callback
06-06 00:27:26.114 V/MediaPlayerNative(27029): message received msg=211, ext1=0, ext2=0
06-06 00:27:26.115 V/MediaPlayerNative(27029): unrecognized message: (211, 0, 0)
06-06 00:27:26.115 V/MediaPlayerNative(27029): callback application
06-06 00:27:26.115 V/MediaPlayerNative(27029): back from callback
06-06 00:27:26.116 V/MediaPlayerNative(27029): stop
06-06 00:27:26.117 V/MediaPlayerNative(27029): message received msg=8, ext1=0, ext2=0
06-06 00:27:26.117 V/MediaPlayerNative(27029): unrecognized message: (8, 0, 0)
06-06 00:27:26.117 V/MediaPlayerNative(27029): callback application
06-06 00:27:26.117 V/MediaPlayerNative(27029): back from callback
06-06 00:27:26.118 D/AudioManager( 9607): dispatching onPlaybackConfigChanged()
06-06 00:27:26.118 D/AudioManager( 9621): dispatching onPlaybackConfigChanged()
06-06 00:27:26.119 V/MediaPlayer(27029): resetDrmState:  mDrmInfo=null mDrmProvisioningThread=null mPrepareDrmInProgress=false mActiveDrmScheme=false
06-06 00:27:26.119 V/MediaPlayer(27029): cleanDrmObj: mDrmObj=null mDrmSessionId=null
06-06 00:27:26.119 D/MediaPlayer(27029): _release native called
06-06 00:27:26.119 V/MediaPlayerNative(27029): setListener
06-06 00:27:26.119 V/MediaPlayerNative(27029): disconnect
06-06 00:27:26.120 D/AudioManager( 9621): dispatching onPlaybackConfigChanged()
06-06 00:27:26.121 D/AudioManager( 9607): dispatching onPlaybackConfigChanged()
06-06 00:27:26.137 V/MediaPlayerNative(27029): destructor,0xb4000076308005b0
06-06 00:27:26.138 V/MediaPlayerNative(27029): disconnect
06-06 00:27:26.138 D/MediaPlayer(27029): _release native finished
06-06 00:27:26.138 W/MediaPlayer(27029): mediaplayer went away with unhandled events
06-06 00:27:26.138 W/MediaPlayer(27029): mediaplayer went away with unhandled events
06-06 00:27:26.878 I/LiveCprCoachScreen(27029): ASR partial='唉时间'
06-06 00:27:27.210 I/LiveCprCoachScreen(27029): ASR partial='唉时间不早'
06-06 00:27:27.837 I/LiveCprCoachScreen(27029): ASR partial='唉时间不早要不'
06-06 00:27:28.481 I/LiveCprCoachScreen(27029): ASR partial='唉时间不早要不你后天'
06-06 00:27:28.802 I/LiveCprCoachScreen(27029): ASR partial='唉时间不早要不你后天再'
06-06 00:27:29.113 I/LiveCprCoachScreen(27029): ASR partial='唉时间不早要不你后天再问'
06-06 00:27:30.390 I/LiveCprCoachScreen(27029): ASR final='唉时间不早要不你后天再问' intent= confidence=null
06-06 00:27:30.391 I/LiveAudioPlayer(27029): Live audio cancel with no active stream reason=new_turn
06-06 00:27:30.392 I/WebSocketAgentChannel(27029): Sent live JSON type=context ok=true payloadKeys=["sessionId"]
06-06 00:27:30.392 I/WebSocketAgentChannel(27029): Sent live JSON type=commit_text ok=true payloadKeys=
06-06 00:27:30.393 I/LiveCprCoachScreen(27029): ASR endpoint
06-06 00:27:30.440 I/WebSocketAgentChannel(27029): Received live text {"type":"thinking","session_id":"android_live_47b8beb1","turn_seq":6}
06-06 00:27:30.443 I/WebSocketAgentChannel(27029): Received live text {"type":"final","session_id":"android_live_47b8beb1","turn_seq":6,"text":"唉时间不早要不你后天再问","intent":null}
06-06 00:27:30.444 I/WebSocketAgentChannel(27029): Received live text {"type":"guidance","session_id":"android_live_47b8beb1","turn_seq":6,"action":{"action_id":"act_mq150rcv_002e_cb47fb4e2253","session_id":"android_live_47b8beb1","timestamp":"2026-06-05T16:27:30.558Z","stage":"S1_SCENE_SAFE","intent":"ensure_scene_safe","priority":"normal","source":"state_machine","r
06-06 00:27:30.446 I/WebSocketAgentChannel(27029): Received live text {"type":"state","session_id":"android_live_47b8beb1","turn_seq":6,"current_stage":"S1_SCENE_SAFE","state":{"schema_version":"session_state.v0.1","session_id":"android_live_47b8beb1","mode":"demo_assisted","current_stage":"S1_SCENE_SAFE","previous_stage":"S1_SCENE_SAFE","started_at":"2026-06-05T16:27
06-06 00:27:30.468 I/EdgeTextToSpeech(27029): Sherpa TTS cache hit 212012 bytes for '先确认周围安全，再靠近患者。'
06-06 00:27:30.469 V/MediaPlayerNative(27029): constructor,0xb4000076308005b0
06-06 00:27:30.469 V/MediaPlayerNative(27029): setListener
06-06 00:27:30.473 D/VivoConfigStore(27029): key:vivo.software.audiozenmode isCached is true and value is true
06-06 00:27:30.480 V/MediaPlayerNative(27029): setDataSource(144, 0, 576460752303423487)
06-06 00:27:30.494 V/MediaPlayerNative(27029): setVideoSurfaceTexture
06-06 00:27:30.495 V/MediaPlayerNative(27029): prepare
06-06 00:27:30.510 V/MediaPlayerNative(27029): message received msg=1, ext1=0, ext2=0
06-06 00:27:30.510 V/MediaPlayerNative(27029): MediaPlayer::notify() prepared
06-06 00:27:30.510 V/MediaPlayerNative(27029): signal application thread
06-06 00:27:30.510 V/MediaPlayerNative(27029): callback application
06-06 00:27:30.510 V/MediaPlayerNative(27029): back from callback
06-06 00:27:30.510 V/MediaPlayerNative(27029): prepare complete - status=0
06-06 00:27:30.512 V/MediaPlayerNative(27029): invoke 76
06-06 00:27:30.514 D/MediaPlayer(27029): MediaPlayer start called
06-06 00:27:30.516 V/MediaPlayerNative(27029): start
06-06 00:27:30.517 D/AudioManager( 9607): dispatching onPlaybackConfigChanged()
06-06 00:27:30.517 D/AudioManager( 9621): dispatching onPlaybackConfigChanged()
06-06 00:27:30.517 D/MediaPlayer(27029): MediaPlayer start end
06-06 00:27:30.527 V/MediaPlayerNative(27029): invoke 76
06-06 00:27:30.594 V/MediaPlayerNative(27029): message received msg=10000, ext1=21, ext2=3
06-06 00:27:30.594 V/MediaPlayerNative(27029): unrecognized message: (10000, 21, 3)
06-06 00:27:30.594 V/MediaPlayerNative(27029): callback application
06-06 00:27:30.595 V/MediaPlayerNative(27029): back from callback
06-06 00:27:30.596 V/MediaPlayerNative(27029): message received msg=6, ext1=0, ext2=0
06-06 00:27:30.596 V/MediaPlayerNative(27029): Received media started message
06-06 00:27:30.596 V/MediaPlayerNative(27029): callback application
06-06 00:27:30.596 V/MediaPlayerNative(27029): back from callback
06-06 00:27:30.601 D/MTP     (27029): onPaused: false
06-06 00:27:30.601 D/MTP     (27029): onSeekComplete at 0
06-06 00:27:30.603 D/AudioManager( 9607): dispatching onPlaybackConfigChanged()
06-06 00:27:30.604 D/AudioManager( 9621): dispatching onPlaybackConfigChanged()
06-06 00:27:30.828 V/MediaPlayerNative(27029): message received msg=211, ext1=0, ext2=0
06-06 00:27:30.828 V/MediaPlayerNative(27029): unrecognized message: (211, 0, 0)
06-06 00:27:30.828 V/MediaPlayerNative(27029): callback application
06-06 00:27:30.828 V/MediaPlayerNative(27029): back from callback
06-06 00:27:30.902 I/WebSocketAgentChannel(27029): Received live text {"type":"audio_begin","session_id":"android_live_47b8beb1","turn_seq":6,"action_id":"act_mq150rcv_002e_cb47fb4e2253","format":"pcm16","sample_rate":44100,"channels":1,"bits_per_sample":16}
06-06 00:27:30.912 I/WebSocketAgentChannel(27029): Received live audio bytes=118784
06-06 00:27:31.353 I/WebSocketAgentChannel(27029): Received live audio bytes=111616
06-06 00:27:31.354 I/WebSocketAgentChannel(27029): Received live text {"type":"audio_end","session_id":"android_live_47b8beb1","turn_seq":6,"action_id":"act_mq150rcv_002e_cb47fb4e2253"}
06-06 00:27:33.095 V/MediaPlayerNative(27029): message received msg=2, ext1=0, ext2=0
06-06 00:27:33.095 V/MediaPlayerNative(27029): playback complete
06-06 00:27:33.095 V/MediaPlayerNative(27029): callback application
06-06 00:27:33.096 V/MediaPlayerNative(27029): back from callback
06-06 00:27:33.096 V/MediaPlayerNative(27029): message received msg=211, ext1=0, ext2=0
06-06 00:27:33.097 V/MediaPlayerNative(27029): unrecognized message: (211, 0, 0)
06-06 00:27:33.097 V/MediaPlayerNative(27029): callback application
06-06 00:27:33.097 V/MediaPlayerNative(27029): back from callback
06-06 00:27:33.098 V/MediaPlayerNative(27029): stop
06-06 00:27:33.098 V/MediaPlayerNative(27029): message received msg=8, ext1=0, ext2=0
06-06 00:27:33.098 V/MediaPlayerNative(27029): unrecognized message: (8, 0, 0)
06-06 00:27:33.098 V/MediaPlayerNative(27029): callback application
06-06 00:27:33.099 V/MediaPlayerNative(27029): back from callback
06-06 00:27:33.100 V/MediaPlayer(27029): resetDrmState:  mDrmInfo=null mDrmProvisioningThread=null mPrepareDrmInProgress=false mActiveDrmScheme=false
06-06 00:27:33.100 V/MediaPlayer(27029): cleanDrmObj: mDrmObj=null mDrmSessionId=null
06-06 00:27:33.100 D/MediaPlayer(27029): _release native called
06-06 00:27:33.101 V/MediaPlayerNative(27029): setListener
06-06 00:27:33.100 D/AudioManager( 9621): dispatching onPlaybackConfigChanged()
06-06 00:27:33.101 V/MediaPlayerNative(27029): disconnect
06-06 00:27:33.101 D/AudioManager( 9607): dispatching onPlaybackConfigChanged()
06-06 00:27:33.103 D/AudioManager( 9621): dispatching onPlaybackConfigChanged()
06-06 00:27:33.112 D/AudioManager( 9607): dispatching onPlaybackConfigChanged()
06-06 00:27:33.121 V/MediaPlayerNative(27029): destructor,0xb4000076308005b0
06-06 00:27:33.122 V/MediaPlayerNative(27029): disconnect
06-06 00:27:33.122 D/MediaPlayer(27029): _release native finished
06-06 00:27:33.123 W/MediaPlayer(27029): mediaplayer went away with unhandled events
06-06 00:27:33.123 W/MediaPlayer(27029): mediaplayer went away with unhandled events
06-06 00:27:35.560 I/LiveCprCoachScreen(27029): ASR endpoint
06-06 00:27:38.142 I/LiveCprCoachScreen(27029): ASR endpoint
06-06 00:27:40.683 I/LiveCprCoachScreen(27029): ASR endpoint
06-06 00:27:43.231 I/LiveCprCoachScreen(27029): ASR endpoint
06-06 00:27:45.795 I/LiveCprCoachScreen(27029): ASR endpoint
06-06 00:27:48.361 I/LiveCprCoachScreen(27029): ASR endpoint
06-06 00:27:50.918 I/LiveCprCoachScreen(27029): ASR endpoint
06-06 00:27:53.474 I/LiveCprCoachScreen(27029): ASR endpoint
06-06 00:27:56.032 I/LiveCprCoachScreen(27029): ASR endpoint
06-06 00:27:58.601 I/LiveCprCoachScreen(27029): ASR endpoint
06-06 00:28:01.165 I/LiveCprCoachScreen(27029): ASR endpoint
06-06 00:28:02.165 D/AudioRecord(27029): stop(235): 0xb4000076609771f0, mActive: 1
06-06 00:28:02.166 D/AudioRecord(27029): getpackName client name com.firstaid.copilot.debug(27029)
06-06 00:28:02.166 D/AudioTrackShared(27029): this(0xb4000075f0fff7f0), mCblk(0x780e4ca000), front(3627840), mIsOut 0, interrupt() FUTEX_WAKE
06-06 00:28:02.166 I/AudioEffect(27029): Destructor 0xb400007630732410
06-06 00:28:02.253 I/AudioEffect(27029): Destructor 0xb40000763072fa70
06-06 00:28:02.271 D/AudioRecord(27029): stop(235) done
06-06 00:28:02.271 D/AudioRecord(27029): stop(235): 0xb4000076609771f0, mActive: 0
06-06 00:28:02.271 D/AudioRecord(27029): getpackName client name com.firstaid.copilot.debug(27029)
06-06 00:28:02.272 D/AudioRecord(27029): ~AudioRecord(235): mStatus 0
06-06 00:28:02.272 D/AudioRecord(27029): stop(235): 0xb4000076609771f0, mActive: 0
06-06 00:28:02.272 D/AudioRecord(27029): getpackName client name com.firstaid.copilot.debug(27029)
06-06 00:28:02.273 D/AudioTrackShared(27029): this(0xb4000075f0fff7f0), mCblk(0x780e4ca000), front(3627840), mIsOut 0, interrupt() FUTEX_WAKE
06-06 00:28:02.276 I/LiveAudioPlayer(27029): Live audio cancel with no active stream reason=client_stop
06-06 00:28:05.011 I/BatteryStatsImpl( 2497): ********** CLEARING HISTORY!
06-06 00:28:05.110 I/ActivityTaskManager( 1553): Displayed com.android.packageinstaller/.PackageInstallerActivity: +284ms
06-06 00:28:05.648 D/BLASTBufferQueue(27029): [VRI[MainActivity]#0](f:0,a:1) destructor()
06-06 00:28:05.648 D/BufferQueueConsumer(27029): [VRI[MainActivity]#0(BLAST Consumer)0](id:699500000000,api:0,p:-1,c:27029) disconnect
06-06 00:28:43.435 E/appproc (27472): checkAndSetEnv get_baksize open file /data/dalvik-cache/classpath failed , error(Permission denied)
06-06 00:28:43.436 E/appproc (27472): checkAndSetEnv write_classpathbak open file failed:Permission denied
06-06 00:28:43.436 E/appproc (27472): checkAndSetEnv get_baksize open file /data/dalvik-cache/classpath2 failed , error(Permission denied)
06-06 00:28:43.436 E/appproc (27472): checkAndSetEnv write_classpathbak open file failed:Permission denied
06-06 00:28:43.436 E/appproc (27472): checkAndSetEnv get_baksize open file /data/dalvik-cache/classpath3 failed , error(Permission denied)
06-06 00:28:43.436 E/appproc (27472): checkAndSetEnv write_classpathbak open file failed:Permission denied
06-06 00:28:43.436 E/appproc (27472): checkAndSetEnv get_baksize open file /data/dalvik-cache/classpath4 failed , error(Permission denied)
06-06 00:28:43.436 E/appproc (27472): checkAndSetEnv write_classpathbak open file failed:Permission denied
06-06 00:28:43.436 D/AndroidRuntime(27472): >>>>>> START com.android.internal.os.RuntimeInit uid 2000 <<<<<<
06-06 00:28:43.440 I/AndroidRuntime(27472): Using default boot image
06-06 00:28:43.440 I/AndroidRuntime(27472): Leaving lock profiling enabled
06-06 00:28:43.443 W/app_process(27472): ART APEX data files are untrusted.
06-06 00:28:43.554 D/app_process(27472): Time zone APEX ICU file found: /apex/com.android.tzdata/etc/icu/icu_tzdata.dat
06-06 00:28:43.554 D/app_process(27472): I18n APEX ICU file found: /apex/com.android.i18n/etc/icu/icudt70l.dat
06-06 00:28:43.562 E/app_process(27472): No implementation found for long android.os.Trace.nativeGetEnabledTags() (tried Java_android_os_Trace_nativeGetEnabledTags and Java_android_os_Trace_nativeGetEnabledTags__)
06-06 00:28:43.562 E/app_process(27472): No implementation found for long android.os.Trace.nativeGetEnabledTags() (tried Java_android_os_Trace_nativeGetEnabledTags and Java_android_os_Trace_nativeGetEnabledTags__)
06-06 00:28:43.562 E/System  (27472): openDexFile load detect error
06-06 00:28:43.563 E/System  (27472): java.lang.reflect.InvocationTargetException
06-06 00:28:43.563 E/System  (27472): 	at java.lang.reflect.Method.invoke(Native Method)
06-06 00:28:43.563 E/System  (27472): 	at dalvik.system.DexFile.openDexFile(DexFile.java:387)
06-06 00:28:43.563 E/System  (27472): 	at dalvik.system.DexFile.<init>(DexFile.java:118)
06-06 00:28:43.563 E/System  (27472): 	at dalvik.system.DexFile.<init>(DexFile.java:91)
06-06 00:28:43.563 E/System  (27472): 	at dalvik.system.DexPathList.loadDexFile(DexPathList.java:438)
06-06 00:28:43.563 E/System  (27472): 	at dalvik.system.DexPathList.makeDexElements(DexPathList.java:397)
06-06 00:28:43.563 E/System  (27472): 	at dalvik.system.DexPathList.<init>(DexPathList.java:166)
06-06 00:28:43.563 E/System  (27472): 	at dalvik.system.BaseDexClassLoader.<init>(BaseDexClassLoader.java:160)
06-06 00:28:43.563 E/System  (27472): 	at dalvik.system.BaseDexClassLoader.<init>(BaseDexClassLoader.java:105)
06-06 00:28:43.563 E/System  (27472): 	at dalvik.system.PathClassLoader.<init>(PathClassLoader.java:71)
06-06 00:28:43.563 E/System  (27472): 	at java.lang.ClassLoader.createSystemClassLoader(ClassLoader.java:224)
06-06 00:28:43.563 E/System  (27472): 	at java.lang.ClassLoader.-$$Nest$smcreateSystemClassLoader(Unknown Source:0)
06-06 00:28:43.563 E/System  (27472): 	at java.lang.ClassLoader$SystemClassLoader.<clinit>(ClassLoader.java:183)
06-06 00:28:43.563 E/System  (27472): 	at java.lang.ClassLoader.getSystemClassLoader(ClassLoader.java:1098)
06-06 00:28:43.563 E/System  (27472): Caused by: java.lang.UnsatisfiedLinkError: No implementation found for long android.os.Trace.nativeGetEnabledTags() (tried Java_android_os_Trace_nativeGetEnabledTags and Java_android_os_Trace_nativeGetEnabledTags__)
06-06 00:28:43.563 E/System  (27472): 	at android.os.Trace.nativeGetEnabledTags(Native Method)
06-06 00:28:43.563 E/System  (27472): 	at android.os.Trace.isTagEnabled(Trace.java:163)
06-06 00:28:43.563 E/System  (27472): 	at android.os.Trace.endSection(Trace.java:398)
06-06 00:28:43.563 E/System  (27472): 	at com.vivo.framework.securitydetect.DynamicLoadDetectManager.reportDexLoaded(DynamicLoadDetectManager.java:156)
06-06 00:28:43.563 E/System  (27472): 	... 14 more
06-06 00:28:43.567 E/app_process(27472): No implementation found for long android.os.Trace.nativeGetEnabledTags() (tried Java_android_os_Trace_nativeGetEnabledTags and Java_android_os_Trace_nativeGetEnabledTags__)
06-06 00:28:43.568 E/app_process(27472): No implementation found for long android.os.Trace.nativeGetEnabledTags() (tried Java_android_os_Trace_nativeGetEnabledTags and Java_android_os_Trace_nativeGetEnabledTags__)
06-06 00:28:43.568 E/System  (27472): openDexFile load detect error
06-06 00:28:43.568 E/System  (27472): java.lang.reflect.InvocationTargetException
06-06 00:28:43.568 E/System  (27472): 	at java.lang.reflect.Method.invoke(Native Method)
06-06 00:28:43.568 E/System  (27472): 	at dalvik.system.DexFile.openDexFile(DexFile.java:387)
06-06 00:28:43.568 E/System  (27472): 	at dalvik.system.DexFile.<init>(DexFile.java:118)
06-06 00:28:43.568 E/System  (27472): 	at dalvik.system.DexFile.<init>(DexFile.java:91)
06-06 00:28:43.568 E/System  (27472): 	at dalvik.system.DexPathList.loadDexFile(DexPathList.java:438)
06-06 00:28:43.568 E/System  (27472): 	at dalvik.system.DexPathList.makeDexElements(DexPathList.java:397)
06-06 00:28:43.568 E/System  (27472): 	at dalvik.system.DexPathList.<init>(DexPathList.java:166)
06-06 00:28:43.568 E/System  (27472): 	at dalvik.system.BaseDexClassLoader.<init>(BaseDexClassLoader.java:160)
06-06 00:28:43.568 E/System  (27472): 	at dalvik.system.BaseDexClassLoader.<init>(BaseDexClassLoader.java:105)
06-06 00:28:43.568 E/System  (27472): 	at dalvik.system.PathClassLoader.<init>(PathClassLoader.java:71)
06-06 00:28:43.568 E/System  (27472): 	at java.lang.ClassLoader.createSystemClassLoader(ClassLoader.java:224)
06-06 00:28:43.568 E/System  (27472): 	at java.lang.ClassLoader.-$$Nest$smcreateSystemClassLoader(Unknown Source:0)
06-06 00:28:43.568 E/System  (27472): 	at java.lang.ClassLoader$SystemClassLoader.<clinit>(ClassLoader.java:183)
06-06 00:28:43.568 E/System  (27472): 	at java.lang.ClassLoader.getSystemClassLoader(ClassLoader.java:1098)
06-06 00:28:43.568 E/System  (27472): Caused by: java.lang.UnsatisfiedLinkError: No implementation found for long android.os.Trace.nativeGetEnabledTags() (tried Java_android_os_Trace_nativeGetEnabledTags and Java_android_os_Trace_nativeGetEnabledTags__)
06-06 00:28:43.568 E/System  (27472): 	at android.os.Trace.nativeGetEnabledTags(Native Method)
06-06 00:28:43.568 E/System  (27472): 	at android.os.Trace.isTagEnabled(Trace.java:163)
06-06 00:28:43.568 E/System  (27472): 	at android.os.Trace.endSection(Trace.java:398)
06-06 00:28:43.568 E/System  (27472): 	at com.vivo.framework.securitydetect.DynamicLoadDetectManager.reportDexLoaded(DynamicLoadDetectManager.java:156)
06-06 00:28:43.568 E/System  (27472): 	... 14 more
06-06 00:28:43.569 W/app_process(27472): ClassLoaderContext classpath size mismatch. expected=0, found=1 (PCL[] | PCL[/system/framework/android.test.runner.jar*2259575933])
06-06 00:28:43.573 I/VivoSystemFrameworkFactory(27472): Instance implClass com.vivo.VivoSystemFrameworkFactoryImpl
06-06 00:28:43.595 D/AndroidRuntime(27472): Calling main entry com.android.commands.uiautomator.Launcher
06-06 00:28:43.599 W/ziparchive(27472): Unable to open '/system/framework/mediatek-framework.dm': No such file or directory
06-06 00:28:43.599 W/ziparchive(27472): Unable to open '/system/framework/mediatek-framework.dm': No such file or directory
06-06 00:28:43.606 W/uiautomator(27472): type=1400 audit(0.0:3428105): avc: denied { read } for name="user_cpu_freq" dev="sysfs" ino=49317 scontext=u:r:shell:s0 tcontext=u:object_r:sysfs_user_cpu_freq:s0 tclass=file permissive=0
06-06 00:28:44.634 W/uiautomator(27472): type=1400 audit(0.0:3428106): avc: denied { read } for name="u:object_r:qemu_sf_lcd_density_prop:s0" dev="tmpfs" ino=280 scontext=u:r:shell:s0 tcontext=u:object_r:qemu_sf_lcd_density_prop:s0 tclass=file permissive=0
06-06 00:28:44.634 W/uiautomator(27472): type=1400 audit(0.0:3428107): avc: denied { read } for name="u:object_r:qemu_sf_lcd_density_prop:s0" dev="tmpfs" ino=280 scontext=u:r:shell:s0 tcontext=u:object_r:qemu_sf_lcd_density_prop:s0 tclass=file permissive=0
06-06 00:28:44.635 W/libc    (27472): Access denied finding property "qemu.sf.lcd_density"
06-06 00:28:44.635 W/libc    (27472): Access denied finding property "qemu.sf.lcd_density"
06-06 00:28:44.673 I/AccessibilityNodeInfoDumper(27472): Skipping invisible child: android.view.accessibility.AccessibilityNodeInfo@ce8d7; boundsInParent: Rect(0, 0 - 0, 56); boundsInScreen: Rect(360, 1556 - 360, 1612); packageName: com.android.packageinstaller; className: android.widget.LinearLayout; text: null; error: null; maxTextLength: -1; stateDescription: null; contentDescription: null; tooltipText: null; viewIdResName: null; uniqueId: null; checkable: false; checked: false; focusable: false; focused: false; selected: false; clickable: false; longClickable: false; contextClickable: false; enabled: true; password: false; scrollable: false; importantForAccessibility: false; visible: false; actions: [AccessibilityAction: ACTION_SELECT - null, AccessibilityAction: ACTION_CLEAR_SELECTION - null, AccessibilityAction: ACTION_ACCESSIBILITY_FOCUS - null, AccessibilityAction: ACTION_SHOW_ON_SCREEN - null]; isTextSelectable: false
06-06 00:28:44.675 W/AccessibilityNodeInfoDumper(27472): Fetch time: 35ms
06-06 00:28:44.710 D/AndroidRuntime(27472): Shutting down VM
06-06 00:28:45.461 D/TrafficStats( 3989): tagSocket(89) with statsTag=0x34000609, statsUid=10163
06-06 00:28:45.464 D/Linux   ( 3989): [Posix_connect Debug]Process com.google.android.gms.persistent :443 
06-06 00:28:45.567 W/RefBase (27472): RefBase: Explicit destruction, weak count = 0 (in 0x78b95f9468). Use sp<> to manage this object.
06-06 00:28:45.574 D/RefBase (27472): #00 pc 000000000010cc18  /apex/com.android.runtime/lib64/bionic/libc.so (__cxa_finalize+280)
06-06 00:28:45.574 D/RefBase (27472): #01 pc 00000000000fee08  /apex/com.android.runtime/lib64/bionic/libc.so (exit+24)
06-06 00:28:45.574 D/RefBase (27472): #02 pc 00000000000927f4  /apex/com.android.runtime/lib64/bionic/libc.so (__libc_init+100)
06-06 00:28:50.301 D/BufferQueueConsumer(27029): [](id:699500000001,api:0,p:-1,c:27029) connect: controlledByApp=false
06-06 00:28:50.308 I/BLASTBufferQueue(27029): QoSAllocBuff Successful. Ret 0 
06-06 00:28:50.330 D/BLASTBufferQueue(27029): [VRI[MainActivity]#1](f:0,a:1) acquireNextBufferLocked size=720x1612 mFrameNumber=1 applyTransaction=true mTimestamp=51564262417457(auto) mPendingTransactions.size=0 graphicBufferId=116088671043595 transform=0
06-06 00:28:50.369 V/ImeFocusController(27029): onWindowFocus: DecorView@3974861[MainActivity] softInputMode=STATE_UNSPECIFIED|ADJUST_PAN
06-06 00:28:50.369 V/ImeFocusController(27029): Restarting due to isRestartOnNextWindowFocus as true
06-06 00:28:50.371 D/ImeFocusController(27029): onViewFocusChanged, view=DecorView@3974861[MainActivity], mServedView=DecorView@3974861[MainActivity]
06-06 00:28:50.371 V/ImeFocusController(27029): checkFocus: view=DecorView@3974861[MainActivity] next=DecorView@3974861[MainActivity] immDelegate=delegate{2dc1b8e displayId=0} force=true package=com.firstaid.copilot.debug
06-06 00:28:50.526 I/BatteryStatsImpl( 2497): ********** CLEARING HISTORY!
06-06 00:28:51.142 I/.gms.persistent( 3989): Background concurrent copying GC freed 28776(1561KB) AllocSpace objects, 1(20KB) LOS objects, 49% free, 13MB(RS:11MB + LOS:1896KB)/27MB, paused 155us,67us total 370.938ms
06-06 00:28:51.430 I/Fitness ( 3989): (REDACTED) FitCleanupIntentOperation received Intent %s
06-06 00:28:51.435 I/Auth    ( 5058): [SupervisedAccountIntentOperation] onHandleIntent(): android.intent.action.PACKAGE_ADDED
06-06 00:28:51.514 I/ProximityAuth( 3989): [RecentAppsMediator] Package added: (user=UserHandle{0}) com.firstaid.copilot.debug
06-06 00:28:51.540 D/BoundBrokerSvc( 5058): onBind: Intent { act=com.google.android.gms.common.BIND_SHARED_PREFS pkg=com.google.android.gms }
06-06 00:28:51.540 D/BoundBrokerSvc( 5058): Loading bound service for intent: Intent { act=com.google.android.gms.common.BIND_SHARED_PREFS pkg=com.google.android.gms }
06-06 00:28:51.568 W/SQLiteLog( 5058): (28) double-quoted string literal: "com.firstaid.copilot.debug"
06-06 00:28:51.691 I/FontLog ( 3989): (REDACTED) Package %s has no metadata
06-06 00:28:51.768 I/Icing   ( 5058): IndexChimeraService.getServiceInterface callingPackage=com.google.android.gms componentName=AppsCorpus serviceId=36
06-06 00:28:51.785 D/BoundBrokerSvc( 5058): onBind: Intent { act=com.google.android.gms.feedback.internal.IFeedbackService dat=chimera-action:/... cmp=com.google.android.gms/.chimera.GmsBoundBrokerService }
06-06 00:28:51.786 D/BoundBrokerSvc( 5058): Loading bound service for intent: Intent { act=com.google.android.gms.feedback.internal.IFeedbackService dat=chimera-action:/... cmp=com.google.android.gms/.chimera.GmsBoundBrokerService }
06-06 00:28:51.808 D/BoundBrokerSvc( 3989): onBind: Intent { act=com.google.android.gms.icing.LIGHTWEIGHT_INDEX_SERVICE dat=chimera-action:/... cmp=com.google.android.gms/.chimera.PersistentApiService }
06-06 00:28:51.808 D/BoundBrokerSvc( 3989): Loading bound service for intent: Intent { act=com.google.android.gms.icing.LIGHTWEIGHT_INDEX_SERVICE dat=chimera-action:/... cmp=com.google.android.gms/.chimera.PersistentApiService }
06-06 00:28:51.856 I/Icing   ( 5058): Usage reports ok 2, Failed Usage reports 0, indexed 0, rejected 0
06-06 00:28:51.885 I/Icing   ( 5058): IndexChimeraService.getServiceInterface callingPackage=com.google.android.gms componentName=null serviceId=30
06-06 00:28:51.913 I/Icing   ( 5058): Usage reports ok 0, Failed Usage reports 0, indexed 0, rejected 0
06-06 00:28:51.934 I/Icing   ( 5058): Indexing com.google.android.gms-apps from com.google.android.gms
06-06 00:28:51.955 I/Icing   ( 5058): Indexing done com.google.android.gms-apps
06-06 00:28:52.197 I/d.copilot.debug(27682): Late-enabling -Xcheck:jni
06-06 00:28:52.279 V/ActivityThread(27682): updateVmProcessStateForGc sceneId =1 state=197376
06-06 00:28:52.279 I/d.copilot.debug(27682): Open vivo delay for GC JIT .
06-06 00:28:52.286 D/CompatibilityChangeReporter(27682): Compat change id reported: 171979766; UID 10299; state: ENABLED
06-06 00:28:52.298 W/ziparchive(27682): Unable to open '/data/app/~~Z3FlOIkoqdmWb6RgdMlvJQ==/com.firstaid.copilot.debug-R6X_7oieQP1_kPIAbfKYwA==/base.dm': No such file or directory
06-06 00:28:52.298 W/ziparchive(27682): Unable to open '/data/app/~~Z3FlOIkoqdmWb6RgdMlvJQ==/com.firstaid.copilot.debug-R6X_7oieQP1_kPIAbfKYwA==/base.dm': No such file or directory
06-06 00:28:52.753 V/GraphicsEnvironment(27682): ANGLE Developer option for 'com.firstaid.copilot.debug' set to: 'default'
06-06 00:28:52.753 V/GraphicsEnvironment(27682): ANGLE GameManagerService for com.firstaid.copilot.debug: false
06-06 00:28:52.754 V/GraphicsEnvironment(27682): App is not on the allowlist for updatable production driver.
06-06 00:28:52.758 D/NetworkSecurityConfig(27682): Using Network Security Config from resource network_security_config debugBuild: true
06-06 00:28:52.760 D/NetworkSecurityConfig(27682): Using Network Security Config from resource network_security_config debugBuild: true
06-06 00:28:52.788 W/libc    (27682): Access denied finding property "ro.vendor.perf.scroll_opt.heavy_app"
06-06 00:28:52.798 I/MSYNC3-VariableRefreshRate(27682): Variable refreshrate is disabled
06-06 00:28:52.800 I/PowerHalWrapper(27682): PowerHalWrapper.getInstance 
06-06 00:28:52.806 D/VivoConfigStore(27682): init begin
06-06 00:28:52.818 D/VivoConfigStore(27682): key:vivo.software.nightmode isCached is true and value is true
06-06 00:28:52.842 D/VivoConfigStore(27682): key:vivo.software.multilandscape isCached is true and value is true
06-06 00:28:52.844 D/VivoConfigStore(27682): key:vivo.software.ml.freedrag isCached is false and normal value is false
06-06 00:28:52.844 D/VivoConfigStore(27682): key:vivo.software.virtualmultilands isCached is true and value is true
06-06 00:28:52.846 D/VivoConfigStore(27682): key:vivo.software.multiwindowresidentbar isCached is false and normal value is false
06-06 00:28:52.847 D/VivoConfigStore(27682): key:vivo.software.hovermode isCached is false and normal value is false
06-06 00:28:52.865 D/VivoConfigStore(27682): key:vivo.software.multiwindow isCached is true and value is true
06-06 00:28:52.865 D/VivoConfigStore(27682): key:vivo.software.freeform isCached is true and value is true
06-06 00:28:52.951 D/VivoConfigStore(27682): key:vivo.software.immersive isCached is false and normal value is false
06-06 00:28:52.952 D/VivoConfigStore(27682): key:vivo.software.multiwindow isCached is true and value is true
06-06 00:28:53.463 I/TextToSpeech(27682): Connected to TTS engine
06-06 00:28:53.476 I/TextToSpeech(27682): Setting up the connection to TTS engine...
06-06 00:28:53.484 I/EdgeTextToSpeech(27682): Bundled TTS cache ready: 0/48 phrases (Asset)
06-06 00:28:53.506 W/d.copilot.debug(27682): Method boolean androidx.compose.runtime.snapshots.SnapshotStateList.conditionalUpdate(boolean, kotlin.jvm.functions.Function1) failed lock verification and will run slower.
06-06 00:28:53.506 W/d.copilot.debug(27682): Common causes for lock verification issues are non-optimized dex code
06-06 00:28:53.506 W/d.copilot.debug(27682): and incorrect proguard optimizations.
06-06 00:28:53.507 W/d.copilot.debug(27682): Method boolean androidx.compose.runtime.snapshots.SnapshotStateList.conditionalUpdate$default(androidx.compose.runtime.snapshots.SnapshotStateList, boolean, kotlin.jvm.functions.Function1, int, java.lang.Object) failed lock verification and will run slower.
06-06 00:28:53.507 W/d.copilot.debug(27682): Method java.lang.Object androidx.compose.runtime.snapshots.SnapshotStateList.mutate(kotlin.jvm.functions.Function1) failed lock verification and will run slower.
06-06 00:28:53.507 W/d.copilot.debug(27682): Method void androidx.compose.runtime.snapshots.SnapshotStateList.update(boolean, kotlin.jvm.functions.Function1) failed lock verification and will run slower.
06-06 00:28:53.507 W/d.copilot.debug(27682): Method void androidx.compose.runtime.snapshots.SnapshotStateList.update$default(androidx.compose.runtime.snapshots.SnapshotStateList, boolean, kotlin.jvm.functions.Function1, int, java.lang.Object) failed lock verification and will run slower.
06-06 00:28:53.622 D/BufferQueueConsumer(27682): [](id:6c2200000000,api:0,p:-1,c:27682) connect: controlledByApp=false
06-06 00:28:53.624 E/FBI     (27682): Can't load library: dlopen failed: library "libmagtsync.so" not found
06-06 00:28:53.657 D/skia    (27682): GrGLMakeAssembledInterface verStr OpenGL ES 3.2 v1.r32p1-01eac0.0a0b917d9265b4c01be9925306306139
06-06 00:28:53.657 D/skia    (27682): GrGLMakeAssembledGLESInterface verStr OpenGL ES 3.2 v1.r32p1-01eac0.0a0b917d9265b4c01be9925306306139
06-06 00:28:53.657 D/skia    (27682): extensions init verString=OpenGL ES 3.2 v1.r32p1-01eac0.0a0b917d9265b4c01be9925306306139
06-06 00:28:53.667 I/BLASTBufferQueue(27682): QoSAllocBuff Successful. Ret 0 
06-06 00:28:53.709 I/mali    (27682): [DebugProp] GPU Debug-Mechanism Disable !
06-06 00:28:53.798 D/BLASTBufferQueue(27682): [VRI[MainActivity]#0](f:0,a:1) acquireNextBufferLocked size=720x1612 mFrameNumber=1 applyTransaction=true mTimestamp=51567730914996(auto) mPendingTransactions.size=0 graphicBufferId=118893284687873 transform=0
06-06 00:28:53.801 W/Parcel  (27682): Expecting binder but got null!
06-06 00:28:53.816 I/OpenGLRenderer(27682): Davey! duration=1004ms; Flags=1, FrameTimelineVsyncId=21865364, IntendedVsync=51566727687933, Vsync=51566877253533, InputEventId=0, HandleInputStart=51566888389765, AnimationStart=51566888396842, PerformTraversalsStart=51566888631380, DrawStart=51567600880304, FrameDeadline=51566747687933, FrameInterval=51566888311611, FrameStartTime=16618400, SyncQueued=51567615904534, SyncStart=51567616058457, IssueDrawCommandsStart=51567616570381, SwapBuffers=51567727312304, FrameCompleted=51567732702150, DequeueBufferDuration=16384, QueueBufferDuration=479692, GpuCompleted=51567732702150, SwapBuffersCompleted=51567731853534, DisplayPresentTime=0, CommandSubmissionCompleted=51567727312304, 
06-06 00:28:53.819 I/ActivityTaskManager( 1553): Displayed com.firstaid.copilot.debug/com.firstaid.copilot.MainActivity: +1s696ms
06-06 00:28:53.831 I/WebSocketAgentChannel(27682): Connecting live WebSocket url=ws://127.0.0.1:8787/ws/live session=android_live_5089a10c mode=demo_assisted
06-06 00:28:53.843 W/libc    (27682): Access denied finding property "ro.hardware.chipname"
06-06 00:28:53.855 D/TrafficStats(27682): tagSocket(137) with statsTag=0xffffffff, statsUid=-1
06-06 00:28:53.855 D/Linux   (27682): [Posix_connect Debug]Process com.firstaid.copilot.debug :8787 
06-06 00:28:53.857 D/TrafficStats(27682): tagSocket(138) with statsTag=0xffffffff, statsUid=-1
06-06 00:28:53.867 D/Linux   (27682): [Posix_connect Debug]Process com.firstaid.copilot.debug :8787 
06-06 00:28:53.878 I/WebSocketAgentChannel(27682): Live WebSocket opened code=101
06-06 00:28:53.888 I/WebSocketAgentChannel(27682): Sent live JSON type=start ok=true payloadKeys=
06-06 00:28:53.888 I/WebSocketAgentChannel(27682): Received live text {"type":"state","session_id":"voice_live_mq152jqg_002g_97ca0847e72d","live":true,"status":"connected","stt_mode":"pending"}
06-06 00:28:53.890 I/WebSocketAgentChannel(27682): Received live text {"type":"state","session_id":"android_live_5089a10c","live":true,"status":"connected","stt_mode":"pending"}
06-06 00:28:53.921 I/SherpaSpeechEngine(27682): ASR create start modelDir=/storage/emulated/0/Android/media/com.firstaid.copilot.debug/models/speech/stt-stream/sherpa-onnx-streaming-zipformer-bilingual-zh-en-2023-02-20
06-06 00:28:53.943 V/ImeFocusController(27682): onWindowFocus: DecorView@2b13fc8[MainActivity] softInputMode=STATE_UNSPECIFIED|ADJUST_PAN|IS_FORWARD_NAVIGATION
06-06 00:28:53.943 V/ImeFocusController(27682): Restarting due to isRestartOnNextWindowFocus as true
06-06 00:28:53.943 D/ImeFocusController(27682): onViewFocusChanged, view=DecorView@2b13fc8[MainActivity], mServedView=null
06-06 00:28:53.944 V/ImeFocusController(27682): checkFocus: view=null next=DecorView@2b13fc8[MainActivity] immDelegate=delegate{837df89 displayId=0} force=true package=<none>
06-06 00:28:53.958 I/FontLog ( 3989): (REDACTED) Received query %s, URI %s
06-06 00:28:53.959 I/FontLog ( 3989): (REDACTED) Query [%s] resolved to %s
06-06 00:28:53.963 I/FontLog ( 3989): (REDACTED) Fetch %s end status %s
06-06 00:28:53.972 I/FontLog ( 3989): (REDACTED) Pulling font file for id = %d, cache size = %d
06-06 00:28:53.983 I/FontLog ( 3989): (REDACTED) Pulling font file for id = %d, cache size = %d
06-06 00:28:54.005 V/ActivityThread(27682): updateVmProcessStateForGc sceneId =1 state=196608
06-06 00:28:54.005 I/d.copilot.debug(27682): Close vivo delay for GC JIT .
06-06 00:28:54.658 I/d.copilot.debug(27682): Compiler allocated 5703KB to compile void android.view.ViewRootImpl.performTraversals()
06-06 00:28:55.813 I/LiveAudioPlayer(27682): Live audio cancel with no active stream reason=new_turn
06-06 00:28:55.813 I/WebSocketAgentChannel(27682): Sent live JSON type=turn ok=true payloadKeys=["sessionId","eventSource","eventType","deviceState","metadata"]
06-06 00:28:55.814 I/WebSocketAgentChannel(27682): Sent live JSON type=context ok=true payloadKeys=["sessionId"]
06-06 00:28:55.818 I/WebSocketAgentChannel(27682): Received live text {"type":"thinking","session_id":"android_live_5089a10c","turn_seq":1}
06-06 00:28:55.823 V/VivoAudioPolicyProxyNative(27682): VivoAudioPolicyProxy getInstanceInter: binding to vivoaudiopolicy service success!
06-06 00:28:55.823 D/AudioRecord(27682): set(): 0xb400007660943380, inputSource 6, sampleRate 16000, format 0x1, channelMask 0x10, frameCount 2560, notificationFrames 0, sessionId 0, transferType 0, flags 0, attributionSource AttributionSourceState{pid: -1, uid: 10299, packageName: com.firstaid.copilot.debug, attributionTag: (null), token: , renouncedPermissions: [], next: []} uid -1, pid -1, latency 200
06-06 00:28:55.824 D/AudioSystem(27682): getpackName client name com.firstaid.copilot.debug(27682)
06-06 00:28:55.826 I/AudioRecord(27682): set(): getPolicyInputSourceForVoip mAttributes input source= 6,flags:0
06-06 00:28:55.826 D/AudioRecord(27682): getpackName client name com.firstaid.copilot.debug(27682)
06-06 00:28:55.826 I/WebSocketAgentChannel(27682): Received live text {"type":"final","session_id":"android_live_5089a10c","turn_seq":1,"text":"","intent":null}
06-06 00:28:55.826 D/AudioRecord(27682): getpackName client name com.firstaid.copilot.debug(27682)
06-06 00:28:55.826 D/AudioRecord(27682): getpackName client name com.firstaid.copilot.debug(27682)
06-06 00:28:55.827 I/WebSocketAgentChannel(27682): Received live text {"type":"guidance","session_id":"android_live_5089a10c","turn_seq":1,"action":{"action_id":"act_mq152l8g_002l_fbb6226a3237","session_id":"android_live_5089a10c","timestamp":"2026-06-05T16:28:55.935Z","stage":"S1_SCENE_SAFE","intent":"ensure_scene_safe","priority":"normal","source":"state_machine","r
06-06 00:28:55.834 I/WebSocketAgentChannel(27682): Received live text {"type":"state","session_id":"android_live_5089a10c","turn_seq":1,"current_stage":"S1_SCENE_SAFE","state":{"schema_version":"session_state.v0.1","session_id":"android_live_5089a10c","mode":"demo_assisted","current_stage":"S1_SCENE_SAFE","previous_stage":"S1_SCENE_SAFE","started_at":"2026-06-05T16:28
06-06 00:28:55.848 D/AudioRecord(27682): openRecord_l: 0xb400007660943380, mCblk = 0x77f3129000
06-06 00:28:55.856 I/AudioEffect(27682): queryNumberEffects(): *numEffects = 25, ret = 0
06-06 00:28:55.867 I/AudioEffect(27682): set 0xb4000076306c6b90 uuid: 0x74bb9af490 timeLow 7b491460
06-06 00:28:55.872 I/AudioEffect(27682): set() 0xb4000076306c6b90 OK effect: Acoustic Echo Canceler id: 363 status 0 enabled 0 pid 27682
06-06 00:28:55.873 I/AudioEffect(27682): enable 0xb4000076306c6b90
06-06 00:28:55.874 I/AudioEffect(27682): queryNumberEffects(): *numEffects = 25, ret = 0
06-06 00:28:55.884 I/AudioEffect(27682): set 0xb4000076306c5b60 uuid: 0x74bb9af490 timeLow 58b4b260
06-06 00:28:55.889 I/AudioEffect(27682): set() 0xb4000076306c5b60 OK effect: Noise Suppression id: 371 status 0 enabled 0 pid 27682
06-06 00:28:55.890 I/AudioEffect(27682): enable 0xb4000076306c5b60
06-06 00:28:55.894 D/AudioRecord(27682): start(245): 0xb400007660943380, sync event 0 trigger session 0
06-06 00:28:55.894 D/AudioRecord(27682): getpackName client name com.firstaid.copilot.debug(27682)
06-06 00:28:55.917 D/AudioRecord(27682): start(245): return status 0
06-06 00:28:55.965 I/EdgeTextToSpeech(27682): Android TTS fast path for '开始录制，先确认周围安全；安全后'
06-06 00:28:56.075 I/AndroidTextToSpeech(27682): Android TTS onStart latency=2ms
06-06 00:28:56.080 I/SherpaSpeechEngine(27682): TTS create start model=/storage/emulated/0/Android/media/com.firstaid.copilot.debug/models/speech/tts/model.int8.onnx
06-06 00:28:56.100 W/sherpa-onnx(27682): /home/runner/work/sherpa-onnx/sherpa-onnx/sherpa-onnx/jni/offline-tts.cc:operator():481
06-06 00:28:56.100 W/sherpa-onnx(27682): config:
06-06 00:28:56.100 W/sherpa-onnx(27682): OfflineTtsConfig(model=OfflineTtsModelConfig(vits=OfflineTtsVitsModelConfig(model="/storage/emulated/0/Android/media/com.firstaid.copilot.debug/models/speech/tts/model.int8.onnx", lexicon="/storage/emulated/0/Android/media/com.firstaid.copilot.debug/models/speech/tts/lexicon.txt", tokens="/storage/emulated/0/Android/media/com.firstaid.copilot.debug/models/speech/tts/tokens.txt", data_dir="", noise_scale=0.667, noise_scale_w=0.8, length_scale=1), matcha=OfflineTtsMatchaModelConfig(acoustic_model="", vocoder="", lexicon="", tokens="", data_dir="", noise_scale=1, length_scale=1), kokoro=OfflineTtsKokoroModelConfig(model="", voices="", tokens="", lexicon="", data_dir="", length_scale=1, lang=""), zipvoice=OfflineTtsZipvoiceModelConfig(tokens="", encoder="", decoder="", vocoder="", data_dir="", lexicon="", feat_scale=0.1, t_shift=0.5, target_rms=0.1, guidance_scale=1), kitten=OfflineTtsKittenModelConfig(model="", voices="", tokens="", data_dir="", length_scale=1), pocket=OfflineTtsPocketModelConfig(lm_flo
06-06 00:28:56.160 I/SherpaSpeechEngine(27682): ASR create done
06-06 00:28:56.164 I/SherpaSpeechEngine(27682): ASR accept waveform samples=3200
06-06 00:28:56.165 I/SherpaSpeechEngine(27682): ASR decode done iterations=0
06-06 00:28:56.244 D/AudioManager( 9621): dispatching onPlaybackConfigChanged()
06-06 00:28:56.244 D/AudioManager( 9607): dispatching onPlaybackConfigChanged()
06-06 00:28:56.261 I/SherpaSpeechEngine(27682): ASR create start modelDir=/storage/emulated/0/Android/media/com.firstaid.copilot.debug/models/speech/stt-stream/sherpa-onnx-streaming-zipformer-bilingual-zh-en-2023-02-20
06-06 00:28:56.266 D/AudioManager( 9621): dispatching onPlaybackConfigChanged()
06-06 00:28:56.267 D/AudioManager( 9607): dispatching onPlaybackConfigChanged()
06-06 00:28:56.477 I/d.copilot.debug(27682): Compiler allocated 4515KB to compile void com.firstaid.copilot.live.ui.LiveCprCoachScreenKt.LiveCprCoachScreen(com.firstaid.copilot.live.LiveSessionViewModel, kotlin.jvm.functions.Function0, androidx.compose.runtime.Composer, int, int)
06-06 00:28:58.456 D/ProfileInstaller(27682): Installing profile for com.firstaid.copilot.debug
06-06 00:28:58.527 I/WebSocketAgentChannel(27682): Received live text {"type":"audio_begin","session_id":"android_live_5089a10c","turn_seq":1,"action_id":"act_mq152l8g_002l_fbb6226a3237","format":"pcm16","sample_rate":44100,"channels":1,"bits_per_sample":16}
06-06 00:28:58.555 I/SherpaSpeechEngine(27682): ASR create done
06-06 00:28:58.577 I/WebSocketAgentChannel(27682): Received live audio bytes=73728
06-06 00:28:58.880 I/WebSocketAgentChannel(27682): Received live audio bytes=105472
06-06 00:28:59.343 I/WebSocketAgentChannel(27682): Received live audio bytes=138240
06-06 00:28:59.344 I/WebSocketAgentChannel(27682): Received live text {"type":"audio_end","session_id":"android_live_5089a10c","turn_seq":1,"action_id":"act_mq152l8g_002l_fbb6226a3237"}
06-06 00:29:01.017 D/AudioManager( 9607): dispatching onPlaybackConfigChanged()
06-06 00:29:01.017 D/AudioManager( 9607): dispatching onPlaybackConfigChanged()
06-06 00:29:01.017 D/AudioManager( 9621): dispatching onPlaybackConfigChanged()
06-06 00:29:01.017 D/AudioManager( 9621): dispatching onPlaybackConfigChanged()
06-06 00:29:02.599 I/SherpaSpeechEngine(27682): TTS create done
06-06 00:29:02.599 I/SherpaSpeechEngine(27682): TTS generate start chars=21
06-06 00:29:02.601 W/sherpa-onnx(27682): /home/runner/work/sherpa-onnx/sherpa-onnx/sherpa-onnx/csrc/melo-tts-lexicon.cc:ConvertTextToTokenIds:120
06-06 00:29:02.601 W/sherpa-onnx(27682): Ignore OOV '；'
06-06 00:29:03.889 D/TrafficStats( 3989): tagSocket(88) with statsTag=0x34000609, statsUid=10163
06-06 00:29:03.890 D/Linux   ( 3989): [Posix_connect Debug]Process com.google.android.gms.persistent :443 
06-06 00:29:06.903 D/BoundBrokerSvc( 3989): onUnbind: Intent { act=com.google.android.gms.icing.LIGHTWEIGHT_INDEX_SERVICE dat=chimera-action:/... cmp=com.google.android.gms/.chimera.PersistentApiService }
06-06 00:29:06.909 D/BoundBrokerSvc( 5058): onUnbind: Intent { act=com.google.android.gms.feedback.internal.IFeedbackService dat=chimera-action:/... cmp=com.google.android.gms/.chimera.GmsBoundBrokerService }
06-06 00:29:16.402 I/SherpaSpeechEngine(27682): TTS generate done
06-06 00:29:16.409 I/SherpaSpeechEngine(27682): TTS save done bytes=307244
06-06 00:29:16.412 I/EdgeTextToSpeech(27682): Sherpa TTS background cached '开始录制，先确认周围安全；安全后' in 20333ms
06-06 00:29:16.414 I/SherpaSpeechEngine(27682): TTS generate start chars=4
