06-06 00:33:55.061 V/MediaPlayerNative(28635): message received msg=6, ext1=0, ext2=0
06-06 00:33:55.061 V/MediaPlayerNative(28635): Received media started message
06-06 00:33:55.061 V/MediaPlayerNative(28635): callback application
06-06 00:33:55.061 V/MediaPlayerNative(28635): back from callback
06-06 00:33:55.061 D/MTP     (28635): onPaused: false
06-06 00:33:55.061 D/MTP     (28635): onSeekComplete at 0
06-06 00:33:55.062 V/MediaPlayerNative(28635): message received msg=10000, ext1=21, ext2=3
06-06 00:33:55.062 V/MediaPlayerNative(28635): unrecognized message: (10000, 21, 3)
06-06 00:33:55.062 V/MediaPlayerNative(28635): callback application
06-06 00:33:55.062 V/MediaPlayerNative(28635): back from callback
06-06 00:33:55.069 D/AudioManager( 9607): dispatching onPlaybackConfigChanged()
06-06 00:33:55.069 D/AudioManager( 9621): dispatching onPlaybackConfigChanged()
06-06 00:33:55.289 V/MediaPlayerNative(28635): message received msg=211, ext1=0, ext2=0
06-06 00:33:55.289 V/MediaPlayerNative(28635): unrecognized message: (211, 0, 0)
06-06 00:33:55.289 V/MediaPlayerNative(28635): callback application
06-06 00:33:55.289 V/MediaPlayerNative(28635): back from callback
06-06 00:33:55.314 I/WebSocketAgentChannel(28635): Received live text {"type":"audio_begin","session_id":"android_live_e45a27fd","turn_seq":5,"action_id":"act_mq15900c_006m_f5fd069c1f97","format":"pcm16","sample_rate":44100,"channels":1,"bits_per_sample":16}
06-06 00:33:55.328 I/WebSocketAgentChannel(28635): Received live audio bytes=118784
06-06 00:33:55.719 I/WebSocketAgentChannel(28635): Received live audio bytes=111616
06-06 00:33:55.720 I/WebSocketAgentChannel(28635): Received live text {"type":"audio_end","session_id":"android_live_e45a27fd","turn_seq":5,"action_id":"act_mq15900c_006m_f5fd069c1f97"}
06-06 00:33:57.564 V/MediaPlayerNative(28635): message received msg=2, ext1=0, ext2=0
06-06 00:33:57.564 V/MediaPlayerNative(28635): playback complete
06-06 00:33:57.564 V/MediaPlayerNative(28635): callback application
06-06 00:33:57.564 V/MediaPlayerNative(28635): back from callback
06-06 00:33:57.564 V/MediaPlayerNative(28635): message received msg=211, ext1=0, ext2=0
06-06 00:33:57.564 V/MediaPlayerNative(28635): unrecognized message: (211, 0, 0)
06-06 00:33:57.564 V/MediaPlayerNative(28635): callback application
06-06 00:33:57.564 V/MediaPlayerNative(28635): back from callback
06-06 00:33:57.570 V/MediaPlayerNative(28635): stop
06-06 00:33:57.571 V/MediaPlayerNative(28635): message received msg=8, ext1=0, ext2=0
06-06 00:33:57.571 V/MediaPlayerNative(28635): unrecognized message: (8, 0, 0)
06-06 00:33:57.571 V/MediaPlayerNative(28635): callback application
06-06 00:33:57.571 V/MediaPlayerNative(28635): back from callback
06-06 00:33:57.573 V/MediaPlayer(28635): resetDrmState:  mDrmInfo=null mDrmProvisioningThread=null mPrepareDrmInProgress=false mActiveDrmScheme=false
06-06 00:33:57.573 V/MediaPlayer(28635): cleanDrmObj: mDrmObj=null mDrmSessionId=null
06-06 00:33:57.573 D/MediaPlayer(28635): _release native called
06-06 00:33:57.573 V/MediaPlayerNative(28635): setListener
06-06 00:33:57.573 V/MediaPlayerNative(28635): disconnect
06-06 00:33:57.573 D/AudioManager( 9621): dispatching onPlaybackConfigChanged()
06-06 00:33:57.573 D/AudioManager( 9607): dispatching onPlaybackConfigChanged()
06-06 00:33:57.575 D/AudioManager( 9621): dispatching onPlaybackConfigChanged()
06-06 00:33:57.575 D/AudioManager( 9607): dispatching onPlaybackConfigChanged()
06-06 00:33:57.587 V/MediaPlayerNative(28635): destructor,0xb400007630707790
06-06 00:33:57.587 V/MediaPlayerNative(28635): disconnect
06-06 00:33:57.587 D/MediaPlayer(28635): _release native finished
06-06 00:33:57.588 W/MediaPlayer(28635): mediaplayer went away with unhandled events
06-06 00:33:57.588 W/MediaPlayer(28635): mediaplayer went away with unhandled events
06-06 00:33:58.445 I/LiveCprCoachScreen(28635): ASR partial='姑娘'
06-06 00:33:59.386 I/LiveCprCoachScreen(28635): ASR partial='姑娘明天陪我'
06-06 00:33:59.701 I/LiveCprCoachScreen(28635): ASR partial='姑娘明天陪我参加一个'
06-06 00:34:00.013 I/LiveCprCoachScreen(28635): ASR partial='姑娘明天陪我参加一个活动'
06-06 00:34:00.245 W/ProcessState(28863): Extra binder thread started, but 0 threads requested. Do not use *startThreadPool when zero threads are requested.
06-06 00:34:00.280 I/DMABUFHEAPS(28863): Using DMA-BUF heap named: mtk_mm
06-06 00:34:00.280 I/DMABUFHEAPS(28863): Using DMA-BUF heap named: mtk_mm-uncached
06-06 00:34:00.280 I/DMABUFHEAPS(28863): Using DMA-BUF heap named: mtk_svp_region-aligned
06-06 00:34:00.280 I/DMABUFHEAPS(28863): Using DMA-BUF heap named: mtk_prot_region
06-06 00:34:00.280 I/DMABUFHEAPS(28863): Using DMA-BUF heap named: mtk_2d_fr_region
06-06 00:34:00.280 I/DMABUFHEAPS(28863): Using DMA-BUF heap named: mtk_wfd_region-aligned
06-06 00:34:00.280 D/OpenGLRenderer(28863): Bitmap::compress format:Png w:720 h:1612 quality:100 app_apk:screencap 
06-06 00:34:00.281 W/libc    (28863): Access denied finding property "vendor.vivo.imageencoder.dump"
06-06 00:34:00.365 I/LiveCprCoachScreen(28635): ASR partial='姑娘明天陪我参加一个活动他们'
06-06 00:34:00.409 W/RefBase (28863): RefBase: Explicit destruction, weak count = 0 (in 0x75503fa468). Use sp<> to manage this object.
06-06 00:34:00.414 D/RefBase (28863): #00 pc 000000000010cc18  /apex/com.android.runtime/lib64/bionic/libc.so (__cxa_finalize+280)
06-06 00:34:00.414 D/RefBase (28863): #01 pc 00000000000fee08  /apex/com.android.runtime/lib64/bionic/libc.so (exit+24)
06-06 00:34:00.414 D/RefBase (28863): #02 pc 00000000000927f4  /apex/com.android.runtime/lib64/bionic/libc.so (__libc_init+100)
06-06 00:34:00.558 E/appproc (28867): checkAndSetEnv get_baksize open file /data/dalvik-cache/classpath failed , error(Permission denied)
06-06 00:34:00.558 E/appproc (28867): checkAndSetEnv write_classpathbak open file failed:Permission denied
06-06 00:34:00.558 E/appproc (28867): checkAndSetEnv get_baksize open file /data/dalvik-cache/classpath2 failed , error(Permission denied)
06-06 00:34:00.558 E/appproc (28867): checkAndSetEnv write_classpathbak open file failed:Permission denied
06-06 00:34:00.558 E/appproc (28867): checkAndSetEnv get_baksize open file /data/dalvik-cache/classpath3 failed , error(Permission denied)
06-06 00:34:00.558 E/appproc (28867): checkAndSetEnv write_classpathbak open file failed:Permission denied
06-06 00:34:00.558 E/appproc (28867): checkAndSetEnv get_baksize open file /data/dalvik-cache/classpath4 failed , error(Permission denied)
06-06 00:34:00.558 E/appproc (28867): checkAndSetEnv write_classpathbak open file failed:Permission denied
06-06 00:34:00.558 D/AndroidRuntime(28867): >>>>>> START com.android.internal.os.RuntimeInit uid 2000 <<<<<<
06-06 00:34:00.563 I/AndroidRuntime(28867): Using default boot image
06-06 00:34:00.563 I/AndroidRuntime(28867): Leaving lock profiling enabled
06-06 00:34:00.565 W/app_process(28867): ART APEX data files are untrusted.
06-06 00:34:00.690 D/app_process(28867): Time zone APEX ICU file found: /apex/com.android.tzdata/etc/icu/icu_tzdata.dat
06-06 00:34:00.690 D/app_process(28867): I18n APEX ICU file found: /apex/com.android.i18n/etc/icu/icudt70l.dat
06-06 00:34:00.699 E/app_process(28867): No implementation found for long android.os.Trace.nativeGetEnabledTags() (tried Java_android_os_Trace_nativeGetEnabledTags and Java_android_os_Trace_nativeGetEnabledTags__)
06-06 00:34:00.699 E/app_process(28867): No implementation found for long android.os.Trace.nativeGetEnabledTags() (tried Java_android_os_Trace_nativeGetEnabledTags and Java_android_os_Trace_nativeGetEnabledTags__)
06-06 00:34:00.699 E/System  (28867): openDexFile load detect error
06-06 00:34:00.700 E/System  (28867): java.lang.reflect.InvocationTargetException
06-06 00:34:00.700 E/System  (28867): 	at java.lang.reflect.Method.invoke(Native Method)
06-06 00:34:00.700 E/System  (28867): 	at dalvik.system.DexFile.openDexFile(DexFile.java:387)
06-06 00:34:00.700 E/System  (28867): 	at dalvik.system.DexFile.<init>(DexFile.java:118)
06-06 00:34:00.700 E/System  (28867): 	at dalvik.system.DexFile.<init>(DexFile.java:91)
06-06 00:34:00.700 E/System  (28867): 	at dalvik.system.DexPathList.loadDexFile(DexPathList.java:438)
06-06 00:34:00.700 E/System  (28867): 	at dalvik.system.DexPathList.makeDexElements(DexPathList.java:397)
06-06 00:34:00.700 E/System  (28867): 	at dalvik.system.DexPathList.<init>(DexPathList.java:166)
06-06 00:34:00.700 E/System  (28867): 	at dalvik.system.BaseDexClassLoader.<init>(BaseDexClassLoader.java:160)
06-06 00:34:00.700 E/System  (28867): 	at dalvik.system.BaseDexClassLoader.<init>(BaseDexClassLoader.java:105)
06-06 00:34:00.700 E/System  (28867): 	at dalvik.system.PathClassLoader.<init>(PathClassLoader.java:71)
06-06 00:34:00.700 E/System  (28867): 	at java.lang.ClassLoader.createSystemClassLoader(ClassLoader.java:224)
06-06 00:34:00.700 E/System  (28867): 	at java.lang.ClassLoader.-$$Nest$smcreateSystemClassLoader(Unknown Source:0)
06-06 00:34:00.700 E/System  (28867): 	at java.lang.ClassLoader$SystemClassLoader.<clinit>(ClassLoader.java:183)
06-06 00:34:00.700 E/System  (28867): 	at java.lang.ClassLoader.getSystemClassLoader(ClassLoader.java:1098)
06-06 00:34:00.700 E/System  (28867): Caused by: java.lang.UnsatisfiedLinkError: No implementation found for long android.os.Trace.nativeGetEnabledTags() (tried Java_android_os_Trace_nativeGetEnabledTags and Java_android_os_Trace_nativeGetEnabledTags__)
06-06 00:34:00.700 E/System  (28867): 	at android.os.Trace.nativeGetEnabledTags(Native Method)
06-06 00:34:00.700 E/System  (28867): 	at android.os.Trace.isTagEnabled(Trace.java:163)
06-06 00:34:00.700 E/System  (28867): 	at android.os.Trace.endSection(Trace.java:398)
06-06 00:34:00.700 E/System  (28867): 	at com.vivo.framework.securitydetect.DynamicLoadDetectManager.reportDexLoaded(DynamicLoadDetectManager.java:156)
06-06 00:34:00.700 E/System  (28867): 	... 14 more
06-06 00:34:00.701 E/app_process(28867): No implementation found for long android.os.Trace.nativeGetEnabledTags() (tried Java_android_os_Trace_nativeGetEnabledTags and Java_android_os_Trace_nativeGetEnabledTags__)
06-06 00:34:00.702 E/app_process(28867): No implementation found for long android.os.Trace.nativeGetEnabledTags() (tried Java_android_os_Trace_nativeGetEnabledTags and Java_android_os_Trace_nativeGetEnabledTags__)
06-06 00:34:00.702 E/System  (28867): openDexFile load detect error
06-06 00:34:00.702 E/System  (28867): java.lang.reflect.InvocationTargetException
06-06 00:34:00.702 E/System  (28867): 	at java.lang.reflect.Method.invoke(Native Method)
06-06 00:34:00.702 E/System  (28867): 	at dalvik.system.DexFile.openDexFile(DexFile.java:387)
06-06 00:34:00.702 E/System  (28867): 	at dalvik.system.DexFile.<init>(DexFile.java:118)
06-06 00:34:00.702 E/System  (28867): 	at dalvik.system.DexFile.<init>(DexFile.java:91)
06-06 00:34:00.702 E/System  (28867): 	at dalvik.system.DexPathList.loadDexFile(DexPathList.java:438)
06-06 00:34:00.702 E/System  (28867): 	at dalvik.system.DexPathList.makeDexElements(DexPathList.java:397)
06-06 00:34:00.702 E/System  (28867): 	at dalvik.system.DexPathList.<init>(DexPathList.java:166)
06-06 00:34:00.702 E/System  (28867): 	at dalvik.system.BaseDexClassLoader.<init>(BaseDexClassLoader.java:160)
06-06 00:34:00.702 E/System  (28867): 	at dalvik.system.BaseDexClassLoader.<init>(BaseDexClassLoader.java:105)
06-06 00:34:00.702 E/System  (28867): 	at dalvik.system.PathClassLoader.<init>(PathClassLoader.java:71)
06-06 00:34:00.702 E/System  (28867): 	at java.lang.ClassLoader.createSystemClassLoader(ClassLoader.java:224)
06-06 00:34:00.702 E/System  (28867): 	at java.lang.ClassLoader.-$$Nest$smcreateSystemClassLoader(Unknown Source:0)
06-06 00:34:00.702 E/System  (28867): 	at java.lang.ClassLoader$SystemClassLoader.<clinit>(ClassLoader.java:183)
06-06 00:34:00.702 E/System  (28867): 	at java.lang.ClassLoader.getSystemClassLoader(ClassLoader.java:1098)
06-06 00:34:00.702 E/System  (28867): Caused by: java.lang.UnsatisfiedLinkError: No implementation found for long android.os.Trace.nativeGetEnabledTags() (tried Java_android_os_Trace_nativeGetEnabledTags and Java_android_os_Trace_nativeGetEnabledTags__)
06-06 00:34:00.702 E/System  (28867): 	at android.os.Trace.nativeGetEnabledTags(Native Method)
06-06 00:34:00.702 E/System  (28867): 	at android.os.Trace.isTagEnabled(Trace.java:163)
06-06 00:34:00.702 E/System  (28867): 	at android.os.Trace.endSection(Trace.java:398)
06-06 00:34:00.702 E/System  (28867): 	at com.vivo.framework.securitydetect.DynamicLoadDetectManager.reportDexLoaded(DynamicLoadDetectManager.java:156)
06-06 00:34:00.702 E/System  (28867): 	... 14 more
06-06 00:34:00.703 W/app_process(28867): ClassLoaderContext classpath size mismatch. expected=0, found=1 (PCL[] | PCL[/system/framework/android.test.runner.jar*2259575933])
06-06 00:34:00.713 I/VivoSystemFrameworkFactory(28867): Instance implClass com.vivo.VivoSystemFrameworkFactoryImpl
06-06 00:34:00.714 I/LiveCprCoachScreen(28635): ASR partial='姑娘明天陪我参加一个活动他们聊'
06-06 00:34:00.738 D/AndroidRuntime(28867): Calling main entry com.android.commands.uiautomator.Launcher
06-06 00:34:00.742 W/ziparchive(28867): Unable to open '/system/framework/mediatek-framework.dm': No such file or directory
06-06 00:34:00.742 W/ziparchive(28867): Unable to open '/system/framework/mediatek-framework.dm': No such file or directory
06-06 00:34:00.750 W/uiautomator(28867): type=1400 audit(0.0:3428286): avc: denied { read } for name="user_cpu_freq" dev="sysfs" ino=49317 scontext=u:r:shell:s0 tcontext=u:object_r:sysfs_user_cpu_freq:s0 tclass=file permissive=0
06-06 00:34:02.250 I/LiveCprCoachScreen(28635): ASR final='姑娘明天陪我参加一个活动他们聊' intent= confidence=null
06-06 00:34:02.251 I/LiveAudioPlayer(28635): Live audio cancel with no active stream reason=new_turn
06-06 00:34:02.252 I/WebSocketAgentChannel(28635): Sent live JSON type=context ok=true payloadKeys=["sessionId"]
06-06 00:34:02.252 I/WebSocketAgentChannel(28635): Sent live JSON type=commit_text ok=true payloadKeys=
06-06 00:34:02.253 I/LiveCprCoachScreen(28635): ASR endpoint
06-06 00:34:02.304 I/WebSocketAgentChannel(28635): Received live text {"type":"thinking","session_id":"android_live_e45a27fd","turn_seq":6}
06-06 00:34:02.306 I/WebSocketAgentChannel(28635): Received live text {"type":"final","session_id":"android_live_e45a27fd","turn_seq":6,"text":"姑娘明天陪我参加一个活动他们聊","intent":null}
06-06 00:34:02.307 I/WebSocketAgentChannel(28635): Received live text {"type":"guidance","session_id":"android_live_e45a27fd","turn_seq":6,"action":{"action_id":"act_mq1595ps_0071_9c5732454d2c","session_id":"android_live_e45a27fd","timestamp":"2026-06-05T16:34:02.416Z","stage":"S1_SCENE_SAFE","intent":"ensure_scene_safe","priority":"normal","source":"state_machine","r
06-06 00:34:02.310 I/WebSocketAgentChannel(28635): Received live text {"type":"state","session_id":"android_live_e45a27fd","turn_seq":6,"current_stage":"S1_SCENE_SAFE","state":{"schema_version":"session_state.v0.1","session_id":"android_live_e45a27fd","mode":"demo_assisted","current_stage":"S1_SCENE_SAFE","previous_stage":"S1_SCENE_SAFE","started_at":"2026-06-05T16:34
06-06 00:34:02.324 I/EdgeTextToSpeech(28635): Sherpa TTS cache hit 212012 bytes for '先确认周围安全，再靠近患者。'
06-06 00:34:02.325 V/MediaPlayerNative(28635): constructor,0xb40000763071afc0
06-06 00:34:02.325 V/MediaPlayerNative(28635): setListener
06-06 00:34:02.327 D/VivoConfigStore(28635): key:vivo.software.audiozenmode isCached is true and value is true
06-06 00:34:02.331 V/MediaPlayerNative(28635): setDataSource(147, 0, 576460752303423487)
06-06 00:34:02.343 V/MediaPlayerNative(28635): setVideoSurfaceTexture
06-06 00:34:02.343 V/MediaPlayerNative(28635): prepare
06-06 00:34:02.358 V/MediaPlayerNative(28635): message received msg=1, ext1=0, ext2=0
06-06 00:34:02.358 V/MediaPlayerNative(28635): MediaPlayer::notify() prepared
06-06 00:34:02.358 V/MediaPlayerNative(28635): signal application thread
06-06 00:34:02.358 V/MediaPlayerNative(28635): callback application
06-06 00:34:02.358 V/MediaPlayerNative(28635): back from callback
06-06 00:34:02.358 V/MediaPlayerNative(28635): prepare complete - status=0
06-06 00:34:02.360 V/MediaPlayerNative(28635): invoke 76
06-06 00:34:02.362 D/MediaPlayer(28635): MediaPlayer start called
06-06 00:34:02.365 V/MediaPlayerNative(28635): start
06-06 00:34:02.366 D/MediaPlayer(28635): MediaPlayer start end
06-06 00:34:02.367 D/AudioManager( 9607): dispatching onPlaybackConfigChanged()
06-06 00:34:02.367 D/AudioManager( 9621): dispatching onPlaybackConfigChanged()
06-06 00:34:02.374 V/MediaPlayerNative(28635): invoke 76
06-06 00:34:02.470 V/MediaPlayerNative(28635): message received msg=6, ext1=0, ext2=0
06-06 00:34:02.470 V/MediaPlayerNative(28635): Received media started message
06-06 00:34:02.470 V/MediaPlayerNative(28635): callback application
06-06 00:34:02.470 V/MediaPlayerNative(28635): back from callback
06-06 00:34:02.470 D/MTP     (28635): onPaused: false
06-06 00:34:02.471 V/MediaPlayerNative(28635): message received msg=10000, ext1=21, ext2=3
06-06 00:34:02.471 V/MediaPlayerNative(28635): unrecognized message: (10000, 21, 3)
06-06 00:34:02.471 V/MediaPlayerNative(28635): callback application
06-06 00:34:02.471 D/MTP     (28635): onSeekComplete at 0
06-06 00:34:02.471 V/MediaPlayerNative(28635): back from callback
06-06 00:34:02.479 D/AudioManager( 9621): dispatching onPlaybackConfigChanged()
06-06 00:34:02.479 D/AudioManager( 9607): dispatching onPlaybackConfigChanged()
06-06 00:34:02.696 V/MediaPlayerNative(28635): message received msg=211, ext1=0, ext2=0
06-06 00:34:02.696 V/MediaPlayerNative(28635): unrecognized message: (211, 0, 0)
06-06 00:34:02.696 V/MediaPlayerNative(28635): callback application
06-06 00:34:02.696 V/MediaPlayerNative(28635): back from callback
06-06 00:34:02.717 I/WebSocketAgentChannel(28635): Received live text {"type":"audio_begin","session_id":"android_live_e45a27fd","turn_seq":6,"action_id":"act_mq1595ps_0071_9c5732454d2c","format":"pcm16","sample_rate":44100,"channels":1,"bits_per_sample":16}
06-06 00:34:02.727 I/WebSocketAgentChannel(28635): Received live audio bytes=118784
06-06 00:34:03.122 I/WebSocketAgentChannel(28635): Received live audio bytes=111616
06-06 00:34:03.123 I/WebSocketAgentChannel(28635): Received live text {"type":"audio_end","session_id":"android_live_e45a27fd","turn_seq":6,"action_id":"act_mq1595ps_0071_9c5732454d2c"}
06-06 00:34:03.986 W/uiautomator(28867): type=1400 audit(0.0:3428311): avc: denied { read } for name="u:object_r:qemu_sf_lcd_density_prop:s0" dev="tmpfs" ino=280 scontext=u:r:shell:s0 tcontext=u:object_r:qemu_sf_lcd_density_prop:s0 tclass=file permissive=0
06-06 00:34:03.986 W/uiautomator(28867): type=1400 audit(0.0:3428312): avc: denied { read } for name="u:object_r:qemu_sf_lcd_density_prop:s0" dev="tmpfs" ino=280 scontext=u:r:shell:s0 tcontext=u:object_r:qemu_sf_lcd_density_prop:s0 tclass=file permissive=0
06-06 00:34:03.989 W/libc    (28867): Access denied finding property "qemu.sf.lcd_density"
06-06 00:34:03.989 W/libc    (28867): Access denied finding property "qemu.sf.lcd_density"
06-06 00:34:04.009 W/AccessibilityNodeInfoDumper(28867): Fetch time: 15ms
06-06 00:34:04.047 D/AndroidRuntime(28867): Shutting down VM
06-06 00:34:04.883 W/RefBase (28867): RefBase: Explicit destruction, weak count = 0 (in 0x7daa3f3468). Use sp<> to manage this object.
06-06 00:34:04.888 D/RefBase (28867): #00 pc 000000000010cc18  /apex/com.android.runtime/lib64/bionic/libc.so (__cxa_finalize+280)
06-06 00:34:04.888 D/RefBase (28867): #01 pc 00000000000fee08  /apex/com.android.runtime/lib64/bionic/libc.so (exit+24)
06-06 00:34:04.888 D/RefBase (28867): #02 pc 00000000000927f4  /apex/com.android.runtime/lib64/bionic/libc.so (__libc_init+100)
06-06 00:34:04.970 V/MediaPlayerNative(28635): message received msg=2, ext1=0, ext2=0
06-06 00:34:04.970 V/MediaPlayerNative(28635): playback complete
06-06 00:34:04.970 V/MediaPlayerNative(28635): callback application
06-06 00:34:04.971 V/MediaPlayerNative(28635): back from callback
06-06 00:34:04.971 V/MediaPlayerNative(28635): message received msg=211, ext1=0, ext2=0
06-06 00:34:04.971 V/MediaPlayerNative(28635): unrecognized message: (211, 0, 0)
06-06 00:34:04.971 V/MediaPlayerNative(28635): callback application
06-06 00:34:04.971 V/MediaPlayerNative(28635): back from callback
06-06 00:34:04.973 V/MediaPlayerNative(28635): stop
06-06 00:34:04.973 D/AudioManager( 9621): dispatching onPlaybackConfigChanged()
06-06 00:34:04.973 D/AudioManager( 9607): dispatching onPlaybackConfigChanged()
06-06 00:34:04.976 D/AudioManager( 9621): dispatching onPlaybackConfigChanged()
06-06 00:34:04.976 D/AudioManager( 9607): dispatching onPlaybackConfigChanged()
06-06 00:34:04.976 V/MediaPlayer(28635): resetDrmState:  mDrmInfo=null mDrmProvisioningThread=null mPrepareDrmInProgress=false mActiveDrmScheme=false
06-06 00:34:04.976 V/MediaPlayer(28635): cleanDrmObj: mDrmObj=null mDrmSessionId=null
06-06 00:34:04.976 D/MediaPlayer(28635): _release native called
06-06 00:34:04.976 V/MediaPlayerNative(28635): setListener
06-06 00:34:04.976 V/MediaPlayerNative(28635): disconnect
06-06 00:34:04.979 V/MediaPlayerNative(28635): message received msg=8, ext1=0, ext2=0
06-06 00:34:04.979 V/MediaPlayerNative(28635): notify(8, 0, 0) callback on disconnected mediaplayer
06-06 00:34:04.992 V/MediaPlayerNative(28635): destructor,0xb40000763071afc0
06-06 00:34:04.993 V/MediaPlayerNative(28635): disconnect
06-06 00:34:04.993 D/MediaPlayer(28635): _release native finished
06-06 00:34:04.993 I/CodexTest(28895): ROUND1_SCENE_SAFE_CAPTURE_DONE
06-06 00:34:04.994 W/MediaPlayer(28635): mediaplayer went away with unhandled events
06-06 00:34:05.169 I/LiveCprCoachScreen(28635): ASR partial='这么简单'
06-06 00:34:06.789 I/LiveCprCoachScreen(28635): ASR partial='这么简单为大家'
06-06 00:34:07.085 I/LiveCprCoachScreen(28635): ASR partial='这么简单为大家带来的'
06-06 00:34:07.445 I/LiveCprCoachScreen(28635): ASR partial='这么简单为大家带来的朋友'
06-06 00:34:08.385 I/LiveCprCoachScreen(28635): ASR partial='这么简单为大家带来的朋友我'
06-06 00:34:08.719 I/LiveCprCoachScreen(28635): ASR partial='这么简单为大家带来的朋友我在看'
06-06 00:34:09.985 I/LiveCprCoachScreen(28635): ASR partial='这么简单为大家带来的朋友我在看自己的'
06-06 00:34:10.322 I/LiveCprCoachScreen(28635): ASR partial='这么简单为大家带来的朋友我在看自己的提高人'
06-06 00:34:10.632 I/LiveCprCoachScreen(28635): ASR partial='这么简单为大家带来的朋友我在看自己的提高人脉'
06-06 00:34:11.259 I/LiveCprCoachScreen(28635): ASR partial='这么简单为大家带来的朋友我在看自己的提高人脉你说'
06-06 00:34:11.590 I/LiveCprCoachScreen(28635): ASR partial='这么简单为大家带来的朋友我在看自己的提高人脉你说你还'
06-06 00:34:11.895 I/LiveCprCoachScreen(28635): ASR partial='这么简单为大家带来的朋友我在看自己的提高人脉你说你还带'
06-06 00:34:12.220 I/LiveCprCoachScreen(28635): ASR partial='这么简单为大家带来的朋友我在看自己的提高人脉你说你还带滴滴的来'
06-06 00:34:12.543 I/LiveCprCoachScreen(28635): ASR partial='这么简单为大家带来的朋友我在看自己的提高人脉你说你还带滴滴的来啊'
06-06 00:34:13.188 I/LiveCprCoachScreen(28635): ASR partial='这么简单为大家带来的朋友我在看自己的提高人脉你说你还带滴滴的来啊不要生气'
06-06 00:34:13.488 I/LiveCprCoachScreen(28635): ASR partial='这么简单为大家带来的朋友我在看自己的提高人脉你说你还带滴滴的来啊不要生气啊'
06-06 00:34:13.817 I/LiveCprCoachScreen(28635): ASR partial='这么简单为大家带来的朋友我在看自己的提高人脉你说你还带滴滴的来啊不要生气啊跟你开'
06-06 00:34:14.158 I/LiveCprCoachScreen(28635): ASR partial='这么简单为大家带来的朋友我在看自己的提高人脉你说你还带滴滴的来啊不要生气啊跟你开玩笑'
06-06 00:34:14.483 I/LiveCprCoachScreen(28635): ASR partial='这么简单为大家带来的朋友我在看自己的提高人脉你说你还带滴滴的来啊不要生气啊跟你开玩笑的'
06-06 00:34:14.796 I/LiveCprCoachScreen(28635): ASR partial='这么简单为大家带来的朋友我在看自己的提高人脉你说你还带滴滴的来啊不要生气啊跟你开玩笑的对不对'
06-06 00:34:16.381 I/LiveCprCoachScreen(28635): ASR final='这么简单为大家带来的朋友我在看自己的提高人脉你说你还带滴滴的来啊不要生气啊跟你开玩笑的对不对' intent= confidence=null
06-06 00:34:16.381 I/LiveAudioPlayer(28635): Live audio cancel with no active stream reason=new_turn
06-06 00:34:16.382 I/WebSocketAgentChannel(28635): Sent live JSON type=context ok=true payloadKeys=["sessionId"]
06-06 00:34:16.382 I/WebSocketAgentChannel(28635): Sent live JSON type=commit_text ok=true payloadKeys=
06-06 00:34:16.383 I/LiveCprCoachScreen(28635): ASR endpoint
06-06 00:34:16.433 I/WebSocketAgentChannel(28635): Received live text {"type":"thinking","session_id":"android_live_e45a27fd","turn_seq":7}
06-06 00:34:16.435 I/WebSocketAgentChannel(28635): Received live text {"type":"final","session_id":"android_live_e45a27fd","turn_seq":7,"text":"这么简单为大家带来的朋友我在看自己的提高人脉你说你还带滴滴的来啊不要生气啊跟你开玩笑的对不对","intent":null}
06-06 00:34:16.439 I/WebSocketAgentChannel(28635): Received live text {"type":"guidance","session_id":"android_live_e45a27fd","turn_seq":7,"action":{"action_id":"act_mq159gmb_007i_2863dedf84c7","session_id":"android_live_e45a27fd","timestamp":"2026-06-05T16:34:16.546Z","stage":"S1_SCENE_SAFE","intent":"ensure_scene_safe","priority":"normal","source":"state_machine","r
06-06 00:34:16.441 I/WebSocketAgentChannel(28635): Received live text {"type":"state","session_id":"android_live_e45a27fd","turn_seq":7,"current_stage":"S1_SCENE_SAFE","state":{"schema_version":"session_state.v0.1","session_id":"android_live_e45a27fd","mode":"demo_assisted","current_stage":"S1_SCENE_SAFE","previous_stage":"S1_SCENE_SAFE","started_at":"2026-06-05T16:34
06-06 00:34:16.466 I/EdgeTextToSpeech(28635): Sherpa TTS cache hit 212012 bytes for '先确认周围安全，再靠近患者。'
06-06 00:34:16.467 V/MediaPlayerNative(28635): constructor,0xb400007630707790
06-06 00:34:16.468 V/MediaPlayerNative(28635): setListener
06-06 00:34:16.472 D/VivoConfigStore(28635): key:vivo.software.audiozenmode isCached is true and value is true
06-06 00:34:16.480 V/MediaPlayerNative(28635): setDataSource(137, 0, 576460752303423487)
06-06 00:34:16.493 V/MediaPlayerNative(28635): setVideoSurfaceTexture
06-06 00:34:16.493 V/MediaPlayerNative(28635): prepare
06-06 00:34:16.501 V/MediaPlayerNative(28635): message received msg=1, ext1=0, ext2=0
06-06 00:34:16.501 V/MediaPlayerNative(28635): MediaPlayer::notify() prepared
06-06 00:34:16.501 V/MediaPlayerNative(28635): signal application thread
06-06 00:34:16.501 V/MediaPlayerNative(28635): callback application
06-06 00:34:16.501 V/MediaPlayerNative(28635): prepare complete - status=0
06-06 00:34:16.501 V/MediaPlayerNative(28635): back from callback
06-06 00:34:16.503 V/MediaPlayerNative(28635): invoke 76
06-06 00:34:16.505 D/MediaPlayer(28635): MediaPlayer start called
06-06 00:34:16.508 V/MediaPlayerNative(28635): start
06-06 00:34:16.509 D/MediaPlayer(28635): MediaPlayer start end
06-06 00:34:16.510 D/AudioManager( 9607): dispatching onPlaybackConfigChanged()
06-06 00:34:16.510 D/AudioManager( 9621): dispatching onPlaybackConfigChanged()
06-06 00:34:16.516 V/MediaPlayerNative(28635): invoke 76
06-06 00:34:16.600 V/MediaPlayerNative(28635): message received msg=10000, ext1=21, ext2=3
06-06 00:34:16.600 V/MediaPlayerNative(28635): unrecognized message: (10000, 21, 3)
06-06 00:34:16.600 V/MediaPlayerNative(28635): callback application
06-06 00:34:16.600 V/MediaPlayerNative(28635): back from callback
06-06 00:34:16.601 V/MediaPlayerNative(28635): message received msg=6, ext1=0, ext2=0
06-06 00:34:16.601 V/MediaPlayerNative(28635): Received media started message
06-06 00:34:16.601 V/MediaPlayerNative(28635): callback application
06-06 00:34:16.601 V/MediaPlayerNative(28635): back from callback
06-06 00:34:16.610 D/MTP     (28635): onPaused: false
06-06 00:34:16.611 D/AudioManager( 9621): dispatching onPlaybackConfigChanged()
06-06 00:34:16.611 D/AudioManager( 9607): dispatching onPlaybackConfigChanged()
06-06 00:34:16.612 D/MTP     (28635): onSeekComplete at 0
06-06 00:34:16.828 V/MediaPlayerNative(28635): message received msg=211, ext1=0, ext2=0
06-06 00:34:16.828 V/MediaPlayerNative(28635): unrecognized message: (211, 0, 0)
06-06 00:34:16.828 V/MediaPlayerNative(28635): callback application
06-06 00:34:16.828 V/MediaPlayerNative(28635): back from callback
06-06 00:34:16.844 I/WebSocketAgentChannel(28635): Received live text {"type":"audio_begin","session_id":"android_live_e45a27fd","turn_seq":7,"action_id":"act_mq159gmb_007i_2863dedf84c7","format":"pcm16","sample_rate":44100,"channels":1,"bits_per_sample":16}
06-06 00:34:16.855 I/WebSocketAgentChannel(28635): Received live audio bytes=118784
06-06 00:34:17.232 I/WebSocketAgentChannel(28635): Received live audio bytes=111616
06-06 00:34:17.234 I/WebSocketAgentChannel(28635): Received live text {"type":"audio_end","session_id":"android_live_e45a27fd","turn_seq":7,"action_id":"act_mq159gmb_007i_2863dedf84c7"}
06-06 00:34:19.102 V/MediaPlayerNative(28635): message received msg=2, ext1=0, ext2=0
06-06 00:34:19.102 V/MediaPlayerNative(28635): playback complete
06-06 00:34:19.102 V/MediaPlayerNative(28635): callback application
06-06 00:34:19.103 V/MediaPlayerNative(28635): back from callback
06-06 00:34:19.104 V/MediaPlayerNative(28635): message received msg=211, ext1=0, ext2=0
06-06 00:34:19.104 V/MediaPlayerNative(28635): unrecognized message: (211, 0, 0)
06-06 00:34:19.104 V/MediaPlayerNative(28635): callback application
06-06 00:34:19.104 V/MediaPlayerNative(28635): back from callback
06-06 00:34:19.107 V/MediaPlayerNative(28635): stop
06-06 00:34:19.108 V/MediaPlayerNative(28635): message received msg=8, ext1=0, ext2=0
06-06 00:34:19.108 V/MediaPlayerNative(28635): unrecognized message: (8, 0, 0)
06-06 00:34:19.108 V/MediaPlayerNative(28635): callback application
06-06 00:34:19.108 V/MediaPlayerNative(28635): back from callback
06-06 00:34:19.111 D/AudioManager( 9621): dispatching onPlaybackConfigChanged()
06-06 00:34:19.111 D/AudioManager( 9607): dispatching onPlaybackConfigChanged()
06-06 00:34:19.111 V/MediaPlayer(28635): resetDrmState:  mDrmInfo=null mDrmProvisioningThread=null mPrepareDrmInProgress=false mActiveDrmScheme=false
06-06 00:34:19.111 V/MediaPlayer(28635): cleanDrmObj: mDrmObj=null mDrmSessionId=null
06-06 00:34:19.111 D/MediaPlayer(28635): _release native called
06-06 00:34:19.111 V/MediaPlayerNative(28635): setListener
06-06 00:34:19.111 V/MediaPlayerNative(28635): disconnect
06-06 00:34:19.113 D/AudioManager( 9607): dispatching onPlaybackConfigChanged()
06-06 00:34:19.113 D/AudioManager( 9621): dispatching onPlaybackConfigChanged()
06-06 00:34:19.130 V/MediaPlayerNative(28635): destructor,0xb400007630707790
06-06 00:34:19.131 V/MediaPlayerNative(28635): disconnect
06-06 00:34:19.131 D/MediaPlayer(28635): _release native finished
06-06 00:34:19.132 W/MediaPlayer(28635): mediaplayer went away with unhandled events
06-06 00:34:19.132 W/MediaPlayer(28635): mediaplayer went away with unhandled events
06-06 00:34:21.527 I/LiveCprCoachScreen(28635): ASR endpoint
06-06 00:34:22.507 I/LiveCprCoachScreen(28635): ASR partial='你'
06-06 00:34:23.134 I/LiveCprCoachScreen(28635): ASR partial='你要换'
06-06 00:34:23.471 I/LiveCprCoachScreen(28635): ASR partial='你要换一个'
06-06 00:34:23.767 I/LiveCprCoachScreen(28635): ASR partial='你要换一个问题'
06-06 00:34:24.409 I/LiveCprCoachScreen(28635): ASR partial='你要换一个问题你在做'
06-06 00:34:24.728 I/LiveCprCoachScreen(28635): ASR partial='你要换一个问题你在做个手机'
06-06 00:34:26.329 I/LiveCprCoachScreen(28635): ASR partial='你要换一个问题你在做个手机是有一'
06-06 00:34:26.647 I/LiveCprCoachScreen(28635): ASR partial='你要换一个问题你在做个手机是有一种'
06-06 00:34:26.968 I/LiveCprCoachScreen(28635): ASR partial='你要换一个问题你在做个手机是有一种原因'
06-06 00:34:28.264 I/LiveCprCoachScreen(28635): ASR final='你要换一个问题你在做个手机是有一种原因' intent= confidence=null
06-06 00:34:28.265 I/LiveAudioPlayer(28635): Live audio cancel with no active stream reason=new_turn
06-06 00:34:28.266 I/WebSocketAgentChannel(28635): Sent live JSON type=context ok=true payloadKeys=["sessionId"]
06-06 00:34:28.266 I/WebSocketAgentChannel(28635): Sent live JSON type=commit_text ok=true payloadKeys=
06-06 00:34:28.267 I/LiveCprCoachScreen(28635): ASR endpoint
06-06 00:34:28.315 I/WebSocketAgentChannel(28635): Received live text {"type":"thinking","session_id":"android_live_e45a27fd","turn_seq":8}
06-06 00:34:28.319 I/WebSocketAgentChannel(28635): Received live text {"type":"final","session_id":"android_live_e45a27fd","turn_seq":8,"text":"你要换一个问题你在做个手机是有一种原因","intent":null}
06-06 00:34:28.320 I/WebSocketAgentChannel(28635): Received live text {"type":"guidance","session_id":"android_live_e45a27fd","turn_seq":8,"action":{"action_id":"act_mq159psc_0081_e3330a6e9faf","session_id":"android_live_e45a27fd","timestamp":"2026-06-05T16:34:28.427Z","stage":"S1_SCENE_SAFE","intent":"ensure_scene_safe","priority":"normal","source":"state_machine","r
06-06 00:34:28.321 I/WebSocketAgentChannel(28635): Received live text {"type":"state","session_id":"android_live_e45a27fd","turn_seq":8,"current_stage":"S1_SCENE_SAFE","state":{"schema_version":"session_state.v0.1","session_id":"android_live_e45a27fd","mode":"demo_assisted","current_stage":"S1_SCENE_SAFE","previous_stage":"S1_SCENE_SAFE","started_at":"2026-06-05T16:34
06-06 00:34:28.347 I/EdgeTextToSpeech(28635): Sherpa TTS cache hit 212012 bytes for '先确认周围安全，再靠近患者。'
06-06 00:34:28.348 V/MediaPlayerNative(28635): constructor,0xb400007630707790
06-06 00:34:28.349 V/MediaPlayerNative(28635): setListener
06-06 00:34:28.353 D/VivoConfigStore(28635): key:vivo.software.audiozenmode isCached is true and value is true
06-06 00:34:28.358 V/MediaPlayerNative(28635): setDataSource(163, 0, 576460752303423487)
06-06 00:34:28.373 V/MediaPlayerNative(28635): setVideoSurfaceTexture
06-06 00:34:28.374 V/MediaPlayerNative(28635): prepare
06-06 00:34:28.387 V/MediaPlayerNative(28635): message received msg=1, ext1=0, ext2=0
06-06 00:34:28.387 V/MediaPlayerNative(28635): MediaPlayer::notify() prepared
06-06 00:34:28.387 V/MediaPlayerNative(28635): signal application thread
06-06 00:34:28.387 V/MediaPlayerNative(28635): callback application
06-06 00:34:28.388 V/MediaPlayerNative(28635): prepare complete - status=0
06-06 00:34:28.388 V/MediaPlayerNative(28635): back from callback
06-06 00:34:28.391 V/MediaPlayerNative(28635): invoke 76
06-06 00:34:28.393 D/MediaPlayer(28635): MediaPlayer start called
06-06 00:34:28.395 V/MediaPlayerNative(28635): start
06-06 00:34:28.397 D/MediaPlayer(28635): MediaPlayer start end
06-06 00:34:28.397 D/AudioManager( 9621): dispatching onPlaybackConfigChanged()
06-06 00:34:28.397 D/AudioManager( 9607): dispatching onPlaybackConfigChanged()
06-06 00:34:28.407 V/MediaPlayerNative(28635): invoke 76
06-06 00:34:28.487 V/MediaPlayerNative(28635): message received msg=10000, ext1=21, ext2=3
06-06 00:34:28.487 V/MediaPlayerNative(28635): unrecognized message: (10000, 21, 3)
06-06 00:34:28.487 V/MediaPlayerNative(28635): callback application
06-06 00:34:28.487 V/MediaPlayerNative(28635): back from callback
06-06 00:34:28.491 V/MediaPlayerNative(28635): message received msg=6, ext1=0, ext2=0
06-06 00:34:28.491 V/MediaPlayerNative(28635): Received media started message
06-06 00:34:28.491 V/MediaPlayerNative(28635): callback application
06-06 00:34:28.491 V/MediaPlayerNative(28635): back from callback
06-06 00:34:28.493 D/MTP     (28635): onPaused: false
06-06 00:34:28.494 D/MTP     (28635): onSeekComplete at 0
06-06 00:34:28.495 D/AudioManager( 9607): dispatching onPlaybackConfigChanged()
06-06 00:34:28.495 D/AudioManager( 9621): dispatching onPlaybackConfigChanged()
06-06 00:34:28.711 V/MediaPlayerNative(28635): message received msg=211, ext1=0, ext2=0
06-06 00:34:28.711 V/MediaPlayerNative(28635): unrecognized message: (211, 0, 0)
06-06 00:34:28.711 V/MediaPlayerNative(28635): callback application
06-06 00:34:28.712 V/MediaPlayerNative(28635): back from callback
06-06 00:34:28.728 I/WebSocketAgentChannel(28635): Received live text {"type":"audio_begin","session_id":"android_live_e45a27fd","turn_seq":8,"action_id":"act_mq159psc_0081_e3330a6e9faf","format":"pcm16","sample_rate":44100,"channels":1,"bits_per_sample":16}
06-06 00:34:28.739 I/WebSocketAgentChannel(28635): Received live audio bytes=118784
06-06 00:34:29.139 I/WebSocketAgentChannel(28635): Received live audio bytes=111616
06-06 00:34:29.140 I/WebSocketAgentChannel(28635): Received live text {"type":"audio_end","session_id":"android_live_e45a27fd","turn_seq":8,"action_id":"act_mq159psc_0081_e3330a6e9faf"}
06-06 00:34:30.985 V/MediaPlayerNative(28635): message received msg=2, ext1=0, ext2=0
06-06 00:34:30.985 V/MediaPlayerNative(28635): playback complete
06-06 00:34:30.985 V/MediaPlayerNative(28635): callback application
06-06 00:34:30.985 V/MediaPlayerNative(28635): back from callback
06-06 00:34:30.985 V/MediaPlayerNative(28635): message received msg=211, ext1=0, ext2=0
06-06 00:34:30.985 V/MediaPlayerNative(28635): unrecognized message: (211, 0, 0)
06-06 00:34:30.985 V/MediaPlayerNative(28635): callback application
06-06 00:34:30.985 V/MediaPlayerNative(28635): back from callback
06-06 00:34:30.987 V/MediaPlayerNative(28635): stop
06-06 00:34:30.989 V/MediaPlayerNative(28635): message received msg=8, ext1=0, ext2=0
06-06 00:34:30.989 V/MediaPlayerNative(28635): unrecognized message: (8, 0, 0)
06-06 00:34:30.989 V/MediaPlayerNative(28635): callback application
06-06 00:34:30.989 V/MediaPlayerNative(28635): back from callback
06-06 00:34:30.989 D/AudioManager( 9607): dispatching onPlaybackConfigChanged()
06-06 00:34:30.989 D/AudioManager( 9621): dispatching onPlaybackConfigChanged()
06-06 00:34:30.990 V/MediaPlayer(28635): resetDrmState:  mDrmInfo=null mDrmProvisioningThread=null mPrepareDrmInProgress=false mActiveDrmScheme=false
06-06 00:34:30.990 V/MediaPlayer(28635): cleanDrmObj: mDrmObj=null mDrmSessionId=null
06-06 00:34:30.990 D/MediaPlayer(28635): _release native called
06-06 00:34:30.990 V/MediaPlayerNative(28635): setListener
06-06 00:34:30.990 V/MediaPlayerNative(28635): disconnect
06-06 00:34:30.991 D/AudioManager( 9607): dispatching onPlaybackConfigChanged()
06-06 00:34:30.991 D/AudioManager( 9621): dispatching onPlaybackConfigChanged()
06-06 00:34:31.004 V/MediaPlayerNative(28635): destructor,0xb400007630707790
06-06 00:34:31.005 V/MediaPlayerNative(28635): disconnect
06-06 00:34:31.005 D/MediaPlayer(28635): _release native finished
06-06 00:34:31.006 W/MediaPlayer(28635): mediaplayer went away with unhandled events
06-06 00:34:31.006 W/MediaPlayer(28635): mediaplayer went away with unhandled events
06-06 00:34:33.462 I/LiveCprCoachScreen(28635): ASR endpoint
06-06 00:34:34.351 D/MediaPlayer(28635): finalize() native_finalize called
06-06 00:34:34.351 D/MediaPlayer(28635): finalize() native_finalize finished
06-06 00:34:34.352 D/MediaPlayer(28635): finalize() native_finalize called
06-06 00:34:34.352 D/MediaPlayer(28635): finalize() native_finalize finished
06-06 00:34:34.353 D/MediaPlayer(28635): finalize() native_finalize called
06-06 00:34:34.353 D/MediaPlayer(28635): finalize() native_finalize finished
06-06 00:34:34.353 D/MediaPlayer(28635): finalize() native_finalize called
06-06 00:34:34.353 D/MediaPlayer(28635): finalize() native_finalize finished
06-06 00:34:36.008 I/LiveCprCoachScreen(28635): ASR endpoint
06-06 00:34:36.436 I/BatteryStatsImpl( 2497): ********** CLEARING HISTORY!
06-06 00:34:37.441 I/d.copilot.debug(28958): Late-enabling -Xcheck:jni
06-06 00:34:37.522 V/ActivityThread(28958): updateVmProcessStateForGc sceneId =1 state=197376
06-06 00:34:37.523 I/d.copilot.debug(28958): Open vivo delay for GC JIT .
06-06 00:34:37.524 D/CompatibilityChangeReporter(28958): Compat change id reported: 171979766; UID 10299; state: ENABLED
06-06 00:34:37.555 V/GraphicsEnvironment(28958): ANGLE Developer option for 'com.firstaid.copilot.debug' set to: 'default'
06-06 00:34:37.556 V/GraphicsEnvironment(28958): ANGLE GameManagerService for com.firstaid.copilot.debug: false
06-06 00:34:37.557 V/GraphicsEnvironment(28958): App is not on the allowlist for updatable production driver.
06-06 00:34:37.562 D/NetworkSecurityConfig(28958): Using Network Security Config from resource network_security_config debugBuild: true
06-06 00:34:37.565 D/NetworkSecurityConfig(28958): Using Network Security Config from resource network_security_config debugBuild: true
06-06 00:34:37.578 W/libc    (28958): Access denied finding property "ro.vendor.perf.scroll_opt.heavy_app"
06-06 00:34:37.591 I/MSYNC3-VariableRefreshRate(28958): Variable refreshrate is disabled
06-06 00:34:37.595 I/PowerHalWrapper(28958): PowerHalWrapper.getInstance 
06-06 00:34:37.601 D/VivoConfigStore(28958): init begin
06-06 00:34:37.608 D/VivoConfigStore(28958): key:vivo.software.nightmode isCached is true and value is true
06-06 00:34:37.623 D/VivoConfigStore(28958): key:vivo.software.multilandscape isCached is true and value is true
06-06 00:34:37.625 D/VivoConfigStore(28958): key:vivo.software.ml.freedrag isCached is false and normal value is false
06-06 00:34:37.625 D/VivoConfigStore(28958): key:vivo.software.virtualmultilands isCached is true and value is true
06-06 00:34:37.627 D/VivoConfigStore(28958): key:vivo.software.multiwindowresidentbar isCached is false and normal value is false
06-06 00:34:37.628 D/VivoConfigStore(28958): key:vivo.software.hovermode isCached is false and normal value is false
06-06 00:34:37.640 D/VivoConfigStore(28958): key:vivo.software.multiwindow isCached is true and value is true
06-06 00:34:37.640 D/VivoConfigStore(28958): key:vivo.software.freeform isCached is true and value is true
06-06 00:34:37.697 D/VivoConfigStore(28958): key:vivo.software.immersive isCached is false and normal value is false
06-06 00:34:37.698 D/VivoConfigStore(28958): key:vivo.software.multiwindow isCached is true and value is true
06-06 00:34:37.865 I/TextToSpeech(28958): Connected to TTS engine
06-06 00:34:37.868 I/TextToSpeech(28958): Setting up the connection to TTS engine...
06-06 00:34:37.880 W/d.copilot.debug(28958): Method boolean androidx.compose.runtime.snapshots.SnapshotStateList.conditionalUpdate(boolean, kotlin.jvm.functions.Function1) failed lock verification and will run slower.
06-06 00:34:37.880 W/d.copilot.debug(28958): Common causes for lock verification issues are non-optimized dex code
06-06 00:34:37.880 W/d.copilot.debug(28958): and incorrect proguard optimizations.
06-06 00:34:37.880 W/d.copilot.debug(28958): Method boolean androidx.compose.runtime.snapshots.SnapshotStateList.conditionalUpdate$default(androidx.compose.runtime.snapshots.SnapshotStateList, boolean, kotlin.jvm.functions.Function1, int, java.lang.Object) failed lock verification and will run slower.
06-06 00:34:37.880 W/d.copilot.debug(28958): Method java.lang.Object androidx.compose.runtime.snapshots.SnapshotStateList.mutate(kotlin.jvm.functions.Function1) failed lock verification and will run slower.
06-06 00:34:37.881 W/d.copilot.debug(28958): Method void androidx.compose.runtime.snapshots.SnapshotStateList.update(boolean, kotlin.jvm.functions.Function1) failed lock verification and will run slower.
06-06 00:34:37.881 W/d.copilot.debug(28958): Method void androidx.compose.runtime.snapshots.SnapshotStateList.update$default(androidx.compose.runtime.snapshots.SnapshotStateList, boolean, kotlin.jvm.functions.Function1, int, java.lang.Object) failed lock verification and will run slower.
06-06 00:34:37.885 I/EdgeTextToSpeech(28958): Bundled TTS cache ready: 0/48 phrases (Asset)
06-06 00:34:38.004 D/BufferQueueConsumer(28958): [](id:711e00000000,api:0,p:-1,c:28958) connect: controlledByApp=false
06-06 00:34:38.006 E/FBI     (28958): Can't load library: dlopen failed: library "libmagtsync.so" not found
06-06 00:34:38.022 D/skia    (28958): GrGLMakeAssembledInterface verStr OpenGL ES 3.2 v1.r32p1-01eac0.0a0b917d9265b4c01be9925306306139
06-06 00:34:38.022 D/skia    (28958): GrGLMakeAssembledGLESInterface verStr OpenGL ES 3.2 v1.r32p1-01eac0.0a0b917d9265b4c01be9925306306139
06-06 00:34:38.022 D/skia    (28958): extensions init verString=OpenGL ES 3.2 v1.r32p1-01eac0.0a0b917d9265b4c01be9925306306139
06-06 00:34:38.030 I/BLASTBufferQueue(28958): QoSAllocBuff Successful. Ret 0 
06-06 00:34:38.060 D/BLASTBufferQueue(28958): [VRI[MainActivity]#0](f:0,a:1) acquireNextBufferLocked size=720x1612 mFrameNumber=1 applyTransaction=true mTimestamp=51911992917555(auto) mPendingTransactions.size=0 graphicBufferId=124373662957571 transform=0
06-06 00:34:38.062 W/Parcel  (28958): Expecting binder but got null!
06-06 00:34:38.078 I/ActivityTaskManager( 1553): Displayed com.firstaid.copilot.debug/com.firstaid.copilot.MainActivity: +689ms
06-06 00:34:38.082 I/WebSocketAgentChannel(28958): Connecting live WebSocket url=ws://127.0.0.1:8787/ws/live session=android_live_bf0e4435 mode=demo_assisted
06-06 00:34:38.088 D/TrafficStats(28958): tagSocket(140) with statsTag=0xffffffff, statsUid=-1
06-06 00:34:38.088 D/TrafficStats(28958): tagSocket(141) with statsTag=0xffffffff, statsUid=-1
06-06 00:34:38.089 D/Linux   (28958): [Posix_connect Debug]Process com.firstaid.copilot.debug :8787 
06-06 00:34:38.089 D/Linux   (28958): [Posix_connect Debug]Process com.firstaid.copilot.debug :8787 
06-06 00:34:38.090 W/libc    (28958): Access denied finding property "ro.hardware.chipname"
06-06 00:34:38.101 I/WebSocketAgentChannel(28958): Live WebSocket opened code=101
06-06 00:34:38.102 I/WebSocketAgentChannel(28958): Sent live JSON type=start ok=true payloadKeys=
06-06 00:34:38.102 I/WebSocketAgentChannel(28958): Received live text {"type":"state","session_id":"voice_live_mq159xc4_0083_6d0e5364bdac","live":true,"status":"connected","stt_mode":"pending"}
06-06 00:34:38.104 I/WebSocketAgentChannel(28958): Received live text {"type":"state","session_id":"android_live_bf0e4435","live":true,"status":"connected","stt_mode":"pending"}
06-06 00:34:38.145 I/SherpaSpeechEngine(28958): ASR create start modelDir=/storage/emulated/0/Android/media/com.firstaid.copilot.debug/models/speech/stt-stream/sherpa-onnx-streaming-zipformer-bilingual-zh-en-2023-02-20
06-06 00:34:38.157 V/ImeFocusController(28958): onWindowFocus: DecorView@3974861[MainActivity] softInputMode=STATE_UNSPECIFIED|ADJUST_PAN|IS_FORWARD_NAVIGATION
06-06 00:34:38.157 V/ImeFocusController(28958): Restarting due to isRestartOnNextWindowFocus as true
06-06 00:34:38.157 D/ImeFocusController(28958): onViewFocusChanged, view=DecorView@3974861[MainActivity], mServedView=null
06-06 00:34:38.158 V/ImeFocusController(28958): checkFocus: view=null next=DecorView@3974861[MainActivity] immDelegate=delegate{837df89 displayId=0} force=true package=<none>
06-06 00:34:38.211 V/ActivityThread(28958): updateVmProcessStateForGc sceneId =1 state=196608
06-06 00:34:38.211 I/d.copilot.debug(28958): Close vivo delay for GC JIT .
06-06 00:34:38.214 I/FontLog ( 3989): (REDACTED) Received query %s, URI %s
06-06 00:34:38.214 I/FontLog ( 3989): (REDACTED) Query [%s] resolved to %s
06-06 00:34:38.216 I/FontLog ( 3989): (REDACTED) Fetch %s end status %s
06-06 00:34:38.220 I/FontLog ( 3989): (REDACTED) Pulling font file for id = %d, cache size = %d
06-06 00:34:38.229 I/FontLog ( 3989): (REDACTED) Pulling font file for id = %d, cache size = %d
06-06 00:34:38.865 I/d.copilot.debug(28958): Compiler allocated 5703KB to compile void android.view.ViewRootImpl.performTraversals()
06-06 00:34:40.238 I/SherpaSpeechEngine(28958): ASR create done
06-06 00:34:40.241 I/SherpaSpeechEngine(28958): ASR accept waveform samples=3200
06-06 00:34:40.242 I/SherpaSpeechEngine(28958): ASR decode done iterations=0
06-06 00:34:40.273 I/SherpaSpeechEngine(28958): ASR create start modelDir=/storage/emulated/0/Android/media/com.firstaid.copilot.debug/models/speech/stt-stream/sherpa-onnx-streaming-zipformer-bilingual-zh-en-2023-02-20
06-06 00:34:42.251 I/SherpaSpeechEngine(28958): ASR create done
06-06 00:34:42.255 I/SherpaSpeechEngine(28958): TTS create start model=/storage/emulated/0/Android/media/com.firstaid.copilot.debug/models/speech/tts/model.int8.onnx
06-06 00:34:42.262 W/sherpa-onnx(28958): /home/runner/work/sherpa-onnx/sherpa-onnx/sherpa-onnx/jni/offline-tts.cc:operator():481
06-06 00:34:42.262 W/sherpa-onnx(28958): config:
06-06 00:34:42.262 W/sherpa-onnx(28958): OfflineTtsConfig(model=OfflineTtsModelConfig(vits=OfflineTtsVitsModelConfig(model="/storage/emulated/0/Android/media/com.firstaid.copilot.debug/models/speech/tts/model.int8.onnx", lexicon="/storage/emulated/0/Android/media/com.firstaid.copilot.debug/models/speech/tts/lexicon.txt", tokens="/storage/emulated/0/Android/media/com.firstaid.copilot.debug/models/speech/tts/tokens.txt", data_dir="", noise_scale=0.667, noise_scale_w=0.8, length_scale=1), matcha=OfflineTtsMatchaModelConfig(acoustic_model="", vocoder="", lexicon="", tokens="", data_dir="", noise_scale=1, length_scale=1), kokoro=OfflineTtsKokoroModelConfig(model="", voices="", tokens="", lexicon="", data_dir="", length_scale=1, lang=""), zipvoice=OfflineTtsZipvoiceModelConfig(tokens="", encoder="", decoder="", vocoder="", data_dir="", lexicon="", feat_scale=0.1, t_shift=0.5, target_rms=0.1, guidance_scale=1), kitten=OfflineTtsKittenModelConfig(model="", voices="", tokens="", data_dir="", length_scale=1), pocket=OfflineTtsPocketModelConfig(lm_flo
06-06 00:34:42.559 W/ProcessState(29056): Extra binder thread started, but 0 threads requested. Do not use *startThreadPool when zero threads are requested.
06-06 00:34:42.590 I/DMABUFHEAPS(29056): Using DMA-BUF heap named: mtk_mm
06-06 00:34:42.590 I/DMABUFHEAPS(29056): Using DMA-BUF heap named: mtk_mm-uncached
06-06 00:34:42.590 I/DMABUFHEAPS(29056): Using DMA-BUF heap named: mtk_svp_region-aligned
06-06 00:34:42.590 I/DMABUFHEAPS(29056): Using DMA-BUF heap named: mtk_prot_region
06-06 00:34:42.590 I/DMABUFHEAPS(29056): Using DMA-BUF heap named: mtk_2d_fr_region
06-06 00:34:42.590 I/DMABUFHEAPS(29056): Using DMA-BUF heap named: mtk_wfd_region-aligned
06-06 00:34:42.591 D/OpenGLRenderer(29056): Bitmap::compress format:Png w:720 h:1612 quality:100 app_apk:screencap 
06-06 00:34:42.591 W/libc    (29056): Access denied finding property "vendor.vivo.imageencoder.dump"
06-06 00:34:42.699 W/RefBase (29056): RefBase: Explicit destruction, weak count = 0 (in 0x7b953c0468). Use sp<> to manage this object.
06-06 00:34:42.704 D/RefBase (29056): #00 pc 000000000010cc18  /apex/com.android.runtime/lib64/bionic/libc.so (__cxa_finalize+280)
06-06 00:34:42.704 D/RefBase (29056): #01 pc 00000000000fee08  /apex/com.android.runtime/lib64/bionic/libc.so (exit+24)
06-06 00:34:42.704 D/RefBase (29056): #02 pc 00000000000927f4  /apex/com.android.runtime/lib64/bionic/libc.so (__libc_init+100)
