06-06 00:44:44.130 I/WebSocketAgentChannel(29365): Received live text {"type":"audio_end","session_id":"android_live_548ddc3f","turn_seq":4,"action_id":"act_mq15mvg8_0090_de801a06a365"}
06-06 00:44:48.118 I/WebSocketAgentChannel(29365): Received live text {"type":"thinking","session_id":"android_live_548ddc3f","turn_seq":5}
06-06 00:44:48.120 I/WebSocketAgentChannel(29365): Received live text {"type":"final","session_id":"android_live_548ddc3f","turn_seq":5,"text":"","intent":null}
06-06 00:44:48.122 I/WebSocketAgentChannel(29365): Received live text {"type":"guidance","session_id":"android_live_548ddc3f","turn_seq":5,"action":{"action_id":"act_mq15n00u_009d_4f9ded2630f9","session_id":"android_live_548ddc3f","timestamp":"2026-06-05T16:44:48.222Z","stage":"S4_SUSPECTED_ARREST","intent":"state_suspected_arrest_handling","priority":"critical","sour
06-06 00:44:48.128 I/WebSocketAgentChannel(29365): Received live text {"type":"state","session_id":"android_live_548ddc3f","turn_seq":5,"current_stage":"S4_SUSPECTED_ARREST","state":{"schema_version":"session_state.v0.1","session_id":"android_live_548ddc3f","mode":"demo_assisted","current_stage":"S4_SUSPECTED_ARREST","previous_stage":"S3_CHECK_BREATHING","started_at":
06-06 00:44:48.173 I/EdgeTextToSpeech(29365): Android TTS fast path for '请按疑似心脏骤停处理。现在准备胸'
06-06 00:44:48.238 I/SherpaSpeechEngine(29365): TTS generate start chars=20
06-06 00:44:48.272 D/AudioManager( 9621): dispatching onPlaybackConfigChanged()
06-06 00:44:48.272 D/AudioManager( 9607): dispatching onPlaybackConfigChanged()
06-06 00:44:48.276 D/AudioManager( 9621): dispatching onPlaybackConfigChanged()
06-06 00:44:48.277 D/AudioManager( 9607): dispatching onPlaybackConfigChanged()
06-06 00:44:48.283 I/AndroidTextToSpeech(29365): Android TTS onStart latency=48ms
06-06 00:44:48.360 D/AudioManager( 9621): dispatching onPlaybackConfigChanged()
06-06 00:44:48.365 D/AudioManager( 9607): dispatching onPlaybackConfigChanged()
06-06 00:44:48.397 D/AudioManager( 9607): dispatching onPlaybackConfigChanged()
06-06 00:44:48.398 D/AudioManager( 9621): dispatching onPlaybackConfigChanged()
06-06 00:44:48.790 I/WebSocketAgentChannel(29365): Received live text {"type":"audio_begin","session_id":"android_live_548ddc3f","turn_seq":5,"action_id":"act_mq15n00u_009d_4f9ded2630f9","format":"pcm16","sample_rate":44100,"channels":1,"bits_per_sample":16}
06-06 00:44:48.800 I/WebSocketAgentChannel(29365): Received live audio bytes=140702
06-06 00:44:49.498 I/WebSocketAgentChannel(29365): Received live audio bytes=131072
06-06 00:44:49.500 I/WebSocketAgentChannel(29365): Received live text {"type":"audio_end","session_id":"android_live_548ddc3f","turn_seq":5,"action_id":"act_mq15n00u_009d_4f9ded2630f9"}
06-06 00:44:49.501 I/WebSocketAgentChannel(29365): Received live text {"type":"thinking","session_id":"android_live_548ddc3f","turn_seq":5}
06-06 00:44:49.501 I/WebSocketAgentChannel(29365): Received live text {"type":"final","session_id":"android_live_548ddc3f","turn_seq":5,"text":"","intent":null}
06-06 00:44:49.501 I/WebSocketAgentChannel(29365): Received live text {"type":"guidance","session_id":"android_live_548ddc3f","turn_seq":5,"action":{"action_id":"act_mq15n12x_009s_270a7c244d5b","session_id":"android_live_548ddc3f","timestamp":"2026-06-05T16:44:49.592Z","stage":"S5_CALL_EMERGENCY","intent":"start_emergency_call_and_cpr","priority":"critical","source":"
06-06 00:44:49.504 I/WebSocketAgentChannel(29365): Received live text {"type":"state","session_id":"android_live_548ddc3f","turn_seq":5,"current_stage":"S5_CALL_EMERGENCY","state":{"schema_version":"session_state.v0.1","session_id":"android_live_548ddc3f","mode":"demo_assisted","current_stage":"S5_CALL_EMERGENCY","previous_stage":"S4_SUSPECTED_ARREST","started_at":"20
06-06 00:44:49.538 I/EdgeTextToSpeech(29365): Android TTS fast path for '我将为你拨打 120，请保持手机'
06-06 00:44:50.171 I/WebSocketAgentChannel(29365): Received live text {"type":"audio_begin","session_id":"android_live_548ddc3f","turn_seq":5,"action_id":"act_mq15n12x_009s_270a7c244d5b","format":"pcm16","sample_rate":44100,"channels":1,"bits_per_sample":16}
06-06 00:44:50.178 I/WebSocketAgentChannel(29365): Received live audio bytes=126976
06-06 00:44:50.818 I/WebSocketAgentChannel(29365): Received live audio bytes=112430
06-06 00:44:51.519 I/WebSocketAgentChannel(29365): Received live audio bytes=131072
06-06 00:44:51.520 I/WebSocketAgentChannel(29365): Received live text {"type":"audio_end","session_id":"android_live_548ddc3f","turn_seq":5,"action_id":"act_mq15n12x_009s_270a7c244d5b"}
06-06 00:44:51.521 I/WebSocketAgentChannel(29365): Received live text {"type":"thinking","session_id":"android_live_548ddc3f","turn_seq":5}
06-06 00:44:51.521 I/WebSocketAgentChannel(29365): Received live text {"type":"final","session_id":"android_live_548ddc3f","turn_seq":5,"text":"","intent":null}
06-06 00:44:51.522 I/WebSocketAgentChannel(29365): Received live text {"type":"guidance","session_id":"android_live_548ddc3f","turn_seq":5,"action":{"action_id":"act_mq15n2n2_00a9_cb0ae0e3a26c","session_id":"android_live_548ddc3f","timestamp":"2026-06-05T16:44:51.613Z","stage":"S6_CPR_READY","intent":"guide_cpr_position","priority":"critical","source":"state_machine",
06-06 00:44:51.524 I/WebSocketAgentChannel(29365): Received live text {"type":"state","session_id":"android_live_548ddc3f","turn_seq":5,"current_stage":"S6_CPR_READY","state":{"schema_version":"session_state.v0.1","session_id":"android_live_548ddc3f","mode":"demo_assisted","current_stage":"S6_CPR_READY","previous_stage":"S5_CALL_EMERGENCY","started_at":"2026-06-05T16:
06-06 00:44:51.575 I/mali    (29365): [DebugProp] GPU Debug-Mechanism Disable !
06-06 00:44:51.602 I/EdgeTextToSpeech(29365): Android TTS fast path for '双手叠在他胸口中央，胳膊伸直。准'
06-06 00:44:52.233 I/WebSocketAgentChannel(29365): Received live text {"type":"audio_begin","session_id":"android_live_548ddc3f","turn_seq":5,"action_id":"act_mq15n2n2_00a9_cb0ae0e3a26c","format":"pcm16","sample_rate":44100,"channels":1,"bits_per_sample":16}
06-06 00:44:52.244 I/WebSocketAgentChannel(29365): Received live audio bytes=145408
06-06 00:44:52.386 I/CodexTest(29574): CLEAN_R1_BREATHING_USER_SPEAK_START
06-06 00:44:52.773 I/WebSocketAgentChannel(29365): Received live audio bytes=83968
06-06 00:44:52.843 D/AudioManager( 9621): dispatching onPlaybackConfigChanged()
06-06 00:44:52.844 D/AudioManager( 9621): dispatching onPlaybackConfigChanged()
06-06 00:44:52.844 D/AudioManager( 9607): dispatching onPlaybackConfigChanged()
06-06 00:44:52.844 D/AudioManager( 9607): dispatching onPlaybackConfigChanged()
06-06 00:44:52.847 I/AndroidTextToSpeech(29365): Android TTS onStart latency=3230ms
06-06 00:44:52.876 D/AudioManager( 9607): dispatching onPlaybackConfigChanged()
06-06 00:44:52.877 D/AudioManager( 9621): dispatching onPlaybackConfigChanged()
06-06 00:44:52.923 D/AudioManager( 9621): dispatching onPlaybackConfigChanged()
06-06 00:44:52.924 D/AudioManager( 9607): dispatching onPlaybackConfigChanged()
06-06 00:44:53.301 I/WebSocketAgentChannel(29365): Received live audio bytes=123904
06-06 00:44:53.756 I/WebSocketAgentChannel(29365): Received live audio bytes=114688
06-06 00:44:53.756 I/WebSocketAgentChannel(29365): Received live text {"type":"audio_end","session_id":"android_live_548ddc3f","turn_seq":5,"action_id":"act_mq15n2n2_00a9_cb0ae0e3a26c"}
06-06 00:44:58.784 D/AudioManager( 9621): dispatching onPlaybackConfigChanged()
06-06 00:44:58.785 D/AudioManager( 9607): dispatching onPlaybackConfigChanged()
06-06 00:44:58.785 D/AudioManager( 9621): dispatching onPlaybackConfigChanged()
06-06 00:44:58.785 I/AndroidTextToSpeech(29365): Android TTS onStart latency=7131ms
06-06 00:44:58.785 D/AudioManager( 9607): dispatching onPlaybackConfigChanged()
06-06 00:44:58.815 D/AudioManager( 9607): dispatching onPlaybackConfigChanged()
06-06 00:44:58.816 D/AudioManager( 9621): dispatching onPlaybackConfigChanged()
06-06 00:44:58.849 D/AudioManager( 9607): dispatching onPlaybackConfigChanged()
06-06 00:44:58.850 D/AudioManager( 9621): dispatching onPlaybackConfigChanged()
06-06 00:45:00.369 I/SherpaSpeechEngine(29365): TTS generate done
06-06 00:45:00.375 I/SherpaSpeechEngine(29365): TTS save done bytes=283692
06-06 00:45:00.376 I/EdgeTextToSpeech(29365): Sherpa TTS background cached '请按疑似心脏骤停处理。现在准备胸' in 12137ms
06-06 00:45:05.514 D/AudioManager( 9621): dispatching onPlaybackConfigChanged()
06-06 00:45:05.515 D/AudioManager( 9607): dispatching onPlaybackConfigChanged()
06-06 00:45:05.516 D/AudioManager( 9621): dispatching onPlaybackConfigChanged()
06-06 00:45:05.516 D/AudioManager( 9607): dispatching onPlaybackConfigChanged()
06-06 00:45:07.541 W/ProcessState(29584): Extra binder thread started, but 0 threads requested. Do not use *startThreadPool when zero threads are requested.
06-06 00:45:07.564 I/DMABUFHEAPS(29584): Using DMA-BUF heap named: mtk_mm
06-06 00:45:07.564 I/DMABUFHEAPS(29584): Using DMA-BUF heap named: mtk_mm-uncached
06-06 00:45:07.564 I/DMABUFHEAPS(29584): Using DMA-BUF heap named: mtk_svp_region-aligned
06-06 00:45:07.564 I/DMABUFHEAPS(29584): Using DMA-BUF heap named: mtk_prot_region
06-06 00:45:07.564 I/DMABUFHEAPS(29584): Using DMA-BUF heap named: mtk_2d_fr_region
06-06 00:45:07.564 I/DMABUFHEAPS(29584): Using DMA-BUF heap named: mtk_wfd_region-aligned
06-06 00:45:07.564 D/OpenGLRenderer(29584): Bitmap::compress format:Png w:720 h:1612 quality:100 app_apk:screencap 
06-06 00:45:07.564 W/libc    (29584): Access denied finding property "vendor.vivo.imageencoder.dump"
06-06 00:45:07.628 I/LiveCprCoachScreen(29365): ASR partial='好'
06-06 00:45:07.680 W/RefBase (29584): RefBase: Explicit destruction, weak count = 0 (in 0x7ee2591468). Use sp<> to manage this object.
06-06 00:45:07.685 D/RefBase (29584): #00 pc 000000000010cc18  /apex/com.android.runtime/lib64/bionic/libc.so (__cxa_finalize+280)
06-06 00:45:07.685 D/RefBase (29584): #01 pc 00000000000fee08  /apex/com.android.runtime/lib64/bionic/libc.so (exit+24)
06-06 00:45:07.685 D/RefBase (29584): #02 pc 00000000000927f4  /apex/com.android.runtime/lib64/bionic/libc.so (__libc_init+100)
06-06 00:45:07.831 E/appproc (29587): checkAndSetEnv get_baksize open file /data/dalvik-cache/classpath failed , error(Permission denied)
06-06 00:45:07.831 E/appproc (29587): checkAndSetEnv write_classpathbak open file failed:Permission denied
06-06 00:45:07.831 E/appproc (29587): checkAndSetEnv get_baksize open file /data/dalvik-cache/classpath2 failed , error(Permission denied)
06-06 00:45:07.831 E/appproc (29587): checkAndSetEnv write_classpathbak open file failed:Permission denied
06-06 00:45:07.831 E/appproc (29587): checkAndSetEnv get_baksize open file /data/dalvik-cache/classpath3 failed , error(Permission denied)
06-06 00:45:07.831 E/appproc (29587): checkAndSetEnv write_classpathbak open file failed:Permission denied
06-06 00:45:07.831 E/appproc (29587): checkAndSetEnv get_baksize open file /data/dalvik-cache/classpath4 failed , error(Permission denied)
06-06 00:45:07.831 E/appproc (29587): checkAndSetEnv write_classpathbak open file failed:Permission denied
06-06 00:45:07.831 D/AndroidRuntime(29587): >>>>>> START com.android.internal.os.RuntimeInit uid 2000 <<<<<<
06-06 00:45:07.836 I/AndroidRuntime(29587): Using default boot image
06-06 00:45:07.836 I/AndroidRuntime(29587): Leaving lock profiling enabled
06-06 00:45:07.838 W/app_process(29587): ART APEX data files are untrusted.
06-06 00:45:07.939 I/LiveCprCoachScreen(29365): ASR partial='好了'
06-06 00:45:07.968 D/app_process(29587): Time zone APEX ICU file found: /apex/com.android.tzdata/etc/icu/icu_tzdata.dat
06-06 00:45:07.968 D/app_process(29587): I18n APEX ICU file found: /apex/com.android.i18n/etc/icu/icudt70l.dat
06-06 00:45:07.977 E/app_process(29587): No implementation found for long android.os.Trace.nativeGetEnabledTags() (tried Java_android_os_Trace_nativeGetEnabledTags and Java_android_os_Trace_nativeGetEnabledTags__)
06-06 00:45:07.977 E/app_process(29587): No implementation found for long android.os.Trace.nativeGetEnabledTags() (tried Java_android_os_Trace_nativeGetEnabledTags and Java_android_os_Trace_nativeGetEnabledTags__)
06-06 00:45:07.977 E/System  (29587): openDexFile load detect error
06-06 00:45:07.977 E/System  (29587): java.lang.reflect.InvocationTargetException
06-06 00:45:07.977 E/System  (29587): 	at java.lang.reflect.Method.invoke(Native Method)
06-06 00:45:07.977 E/System  (29587): 	at dalvik.system.DexFile.openDexFile(DexFile.java:387)
06-06 00:45:07.977 E/System  (29587): 	at dalvik.system.DexFile.<init>(DexFile.java:118)
06-06 00:45:07.977 E/System  (29587): 	at dalvik.system.DexFile.<init>(DexFile.java:91)
06-06 00:45:07.977 E/System  (29587): 	at dalvik.system.DexPathList.loadDexFile(DexPathList.java:438)
06-06 00:45:07.977 E/System  (29587): 	at dalvik.system.DexPathList.makeDexElements(DexPathList.java:397)
06-06 00:45:07.977 E/System  (29587): 	at dalvik.system.DexPathList.<init>(DexPathList.java:166)
06-06 00:45:07.977 E/System  (29587): 	at dalvik.system.BaseDexClassLoader.<init>(BaseDexClassLoader.java:160)
06-06 00:45:07.977 E/System  (29587): 	at dalvik.system.BaseDexClassLoader.<init>(BaseDexClassLoader.java:105)
06-06 00:45:07.977 E/System  (29587): 	at dalvik.system.PathClassLoader.<init>(PathClassLoader.java:71)
06-06 00:45:07.977 E/System  (29587): 	at java.lang.ClassLoader.createSystemClassLoader(ClassLoader.java:224)
06-06 00:45:07.977 E/System  (29587): 	at java.lang.ClassLoader.-$$Nest$smcreateSystemClassLoader(Unknown Source:0)
06-06 00:45:07.977 E/System  (29587): 	at java.lang.ClassLoader$SystemClassLoader.<clinit>(ClassLoader.java:183)
06-06 00:45:07.977 E/System  (29587): 	at java.lang.ClassLoader.getSystemClassLoader(ClassLoader.java:1098)
06-06 00:45:07.977 E/System  (29587): Caused by: java.lang.UnsatisfiedLinkError: No implementation found for long android.os.Trace.nativeGetEnabledTags() (tried Java_android_os_Trace_nativeGetEnabledTags and Java_android_os_Trace_nativeGetEnabledTags__)
06-06 00:45:07.977 E/System  (29587): 	at android.os.Trace.nativeGetEnabledTags(Native Method)
06-06 00:45:07.977 E/System  (29587): 	at android.os.Trace.isTagEnabled(Trace.java:163)
06-06 00:45:07.977 E/System  (29587): 	at android.os.Trace.endSection(Trace.java:398)
06-06 00:45:07.977 E/System  (29587): 	at com.vivo.framework.securitydetect.DynamicLoadDetectManager.reportDexLoaded(DynamicLoadDetectManager.java:156)
06-06 00:45:07.977 E/System  (29587): 	... 14 more
06-06 00:45:07.979 E/app_process(29587): No implementation found for long android.os.Trace.nativeGetEnabledTags() (tried Java_android_os_Trace_nativeGetEnabledTags and Java_android_os_Trace_nativeGetEnabledTags__)
06-06 00:45:07.979 E/app_process(29587): No implementation found for long android.os.Trace.nativeGetEnabledTags() (tried Java_android_os_Trace_nativeGetEnabledTags and Java_android_os_Trace_nativeGetEnabledTags__)
06-06 00:45:07.979 E/System  (29587): openDexFile load detect error
06-06 00:45:07.979 E/System  (29587): java.lang.reflect.InvocationTargetException
06-06 00:45:07.979 E/System  (29587): 	at java.lang.reflect.Method.invoke(Native Method)
06-06 00:45:07.979 E/System  (29587): 	at dalvik.system.DexFile.openDexFile(DexFile.java:387)
06-06 00:45:07.979 E/System  (29587): 	at dalvik.system.DexFile.<init>(DexFile.java:118)
06-06 00:45:07.979 E/System  (29587): 	at dalvik.system.DexFile.<init>(DexFile.java:91)
06-06 00:45:07.979 E/System  (29587): 	at dalvik.system.DexPathList.loadDexFile(DexPathList.java:438)
06-06 00:45:07.979 E/System  (29587): 	at dalvik.system.DexPathList.makeDexElements(DexPathList.java:397)
06-06 00:45:07.979 E/System  (29587): 	at dalvik.system.DexPathList.<init>(DexPathList.java:166)
06-06 00:45:07.979 E/System  (29587): 	at dalvik.system.BaseDexClassLoader.<init>(BaseDexClassLoader.java:160)
06-06 00:45:07.979 E/System  (29587): 	at dalvik.system.BaseDexClassLoader.<init>(BaseDexClassLoader.java:105)
06-06 00:45:07.979 E/System  (29587): 	at dalvik.system.PathClassLoader.<init>(PathClassLoader.java:71)
06-06 00:45:07.979 E/System  (29587): 	at java.lang.ClassLoader.createSystemClassLoader(ClassLoader.java:224)
06-06 00:45:07.979 E/System  (29587): 	at java.lang.ClassLoader.-$$Nest$smcreateSystemClassLoader(Unknown Source:0)
06-06 00:45:07.979 E/System  (29587): 	at java.lang.ClassLoader$SystemClassLoader.<clinit>(ClassLoader.java:183)
06-06 00:45:07.979 E/System  (29587): 	at java.lang.ClassLoader.getSystemClassLoader(ClassLoader.java:1098)
06-06 00:45:07.979 E/System  (29587): Caused by: java.lang.UnsatisfiedLinkError: No implementation found for long android.os.Trace.nativeGetEnabledTags() (tried Java_android_os_Trace_nativeGetEnabledTags and Java_android_os_Trace_nativeGetEnabledTags__)
06-06 00:45:07.979 E/System  (29587): 	at android.os.Trace.nativeGetEnabledTags(Native Method)
06-06 00:45:07.979 E/System  (29587): 	at android.os.Trace.isTagEnabled(Trace.java:163)
06-06 00:45:07.979 E/System  (29587): 	at android.os.Trace.endSection(Trace.java:398)
06-06 00:45:07.979 E/System  (29587): 	at com.vivo.framework.securitydetect.DynamicLoadDetectManager.reportDexLoaded(DynamicLoadDetectManager.java:156)
06-06 00:45:07.979 E/System  (29587): 	... 14 more
06-06 00:45:07.980 W/app_process(29587): ClassLoaderContext classpath size mismatch. expected=0, found=1 (PCL[] | PCL[/system/framework/android.test.runner.jar*2259575933])
06-06 00:45:07.985 I/VivoSystemFrameworkFactory(29587): Instance implClass com.vivo.VivoSystemFrameworkFactoryImpl
06-06 00:45:08.006 D/AndroidRuntime(29587): Calling main entry com.android.commands.uiautomator.Launcher
06-06 00:45:08.010 W/ziparchive(29587): Unable to open '/system/framework/mediatek-framework.dm': No such file or directory
06-06 00:45:08.010 W/ziparchive(29587): Unable to open '/system/framework/mediatek-framework.dm': No such file or directory
06-06 00:45:08.018 W/uiautomator(29587): type=1400 audit(0.0:3428434): avc: denied { read } for name="user_cpu_freq" dev="sysfs" ino=49317 scontext=u:r:shell:s0 tcontext=u:object_r:sysfs_user_cpu_freq:s0 tclass=file permissive=0
06-06 00:45:08.238 I/LiveCprCoachScreen(29365): ASR partial='好了开'
06-06 00:45:08.542 I/LiveCprCoachScreen(29365): ASR partial='好了开始'
06-06 00:45:08.781 I/LiveAudioCapture(29365): Local utterance committed bytes=60160 voicedMs=840
06-06 00:45:08.781 I/LiveCprCoachScreen(29365): Utterance callback bytes=60160 streaming=true whole=false
06-06 00:45:08.788 I/LiveCprCoachScreen(29365): ASR final='好了开始' intent= confidence=null
06-06 00:45:08.790 I/LiveAudioPlayer(29365): Live audio cancel with no active stream reason=new_turn
06-06 00:45:08.791 I/WebSocketAgentChannel(29365): Sent live JSON type=context ok=true payloadKeys=["sessionId"]
06-06 00:45:08.792 I/WebSocketAgentChannel(29365): Sent live JSON type=commit_text ok=true payloadKeys=
06-06 00:45:08.792 I/LiveCprCoachScreen(29365): ASR endpoint
06-06 00:45:08.837 I/WebSocketAgentChannel(29365): Received live text {"type":"thinking","session_id":"android_live_548ddc3f","turn_seq":6}
06-06 00:45:08.840 I/WebSocketAgentChannel(29365): Received live text {"type":"final","session_id":"android_live_548ddc3f","turn_seq":6,"text":"好了开始","intent":"step_done"}
06-06 00:45:08.841 I/WebSocketAgentChannel(29365): Received live text {"type":"guidance","session_id":"android_live_548ddc3f","turn_seq":6,"action":{"action_id":"act_mq15ng0e_00as_bf4c4463ccca","session_id":"android_live_548ddc3f","timestamp":"2026-06-05T16:45:08.941Z","stage":"S6_CPR_READY","intent":"guide_cpr_position","priority":"critical","source":"state_machine",
06-06 00:45:08.843 I/WebSocketAgentChannel(29365): Received live text {"type":"state","session_id":"android_live_548ddc3f","turn_seq":6,"current_stage":"S6_CPR_READY","state":{"schema_version":"session_state.v0.1","session_id":"android_live_548ddc3f","mode":"demo_assisted","current_stage":"S6_CPR_READY","previous_stage":"S6_CPR_READY","started_at":"2026-06-05T16:45:08
06-06 00:45:08.859 I/EdgeTextToSpeech(29365): Android TTS fast path for '双手叠在他胸口中央，胳膊伸直。准'
06-06 00:45:08.929 I/AndroidTextToSpeech(29365): Android TTS onStart latency=3ms
06-06 00:45:08.970 D/AudioManager( 9621): dispatching onPlaybackConfigChanged()
06-06 00:45:08.970 D/AudioManager( 9607): dispatching onPlaybackConfigChanged()
06-06 00:45:08.995 D/AudioManager( 9621): dispatching onPlaybackConfigChanged()
06-06 00:45:08.996 D/AudioManager( 9607): dispatching onPlaybackConfigChanged()
06-06 00:45:09.270 W/uiautomator(29587): type=1400 audit(0.0:3428437): avc: denied { read } for name="u:object_r:qemu_sf_lcd_density_prop:s0" dev="tmpfs" ino=280 scontext=u:r:shell:s0 tcontext=u:object_r:qemu_sf_lcd_density_prop:s0 tclass=file permissive=0
06-06 00:45:09.271 W/libc    (29587): Access denied finding property "qemu.sf.lcd_density"
06-06 00:45:09.271 W/libc    (29587): Access denied finding property "qemu.sf.lcd_density"
06-06 00:45:09.270 W/uiautomator(29587): type=1400 audit(0.0:3428438): avc: denied { read } for name="u:object_r:qemu_sf_lcd_density_prop:s0" dev="tmpfs" ino=280 scontext=u:r:shell:s0 tcontext=u:object_r:qemu_sf_lcd_density_prop:s0 tclass=file permissive=0
06-06 00:45:09.299 W/AccessibilityNodeInfoDumper(29587): Fetch time: 23ms
06-06 00:45:09.355 D/AndroidRuntime(29587): Shutting down VM
06-06 00:45:09.486 I/WebSocketAgentChannel(29365): Received live text {"type":"audio_begin","session_id":"android_live_548ddc3f","turn_seq":6,"action_id":"act_mq15ng0e_00as_bf4c4463ccca","format":"pcm16","sample_rate":44100,"channels":1,"bits_per_sample":16}
06-06 00:45:09.498 I/WebSocketAgentChannel(29365): Received live audio bytes=145408
06-06 00:45:09.884 I/WebSocketAgentChannel(29365): Received live audio bytes=83968
06-06 00:45:10.188 W/RefBase (29587): RefBase: Explicit destruction, weak count = 0 (in 0x745b1f0468). Use sp<> to manage this object.
06-06 00:45:10.193 D/RefBase (29587): #00 pc 000000000010cc18  /apex/com.android.runtime/lib64/bionic/libc.so (__cxa_finalize+280)
06-06 00:45:10.193 D/RefBase (29587): #01 pc 00000000000fee08  /apex/com.android.runtime/lib64/bionic/libc.so (exit+24)
06-06 00:45:10.193 D/RefBase (29587): #02 pc 00000000000927f4  /apex/com.android.runtime/lib64/bionic/libc.so (__libc_init+100)
06-06 00:45:10.292 I/CodexTest(29613): CLEAN_R1_BREATHING_CAPTURE_DONE
06-06 00:45:10.487 I/WebSocketAgentChannel(29365): Received live audio bytes=123904
06-06 00:45:11.108 I/WebSocketAgentChannel(29365): Received live audio bytes=114688
06-06 00:45:11.109 I/WebSocketAgentChannel(29365): Received live text {"type":"audio_end","session_id":"android_live_548ddc3f","turn_seq":6,"action_id":"act_mq15ng0e_00as_bf4c4463ccca"}
06-06 00:45:15.667 D/AudioManager( 9607): dispatching onPlaybackConfigChanged()
06-06 00:45:15.667 D/AudioManager( 9621): dispatching onPlaybackConfigChanged()
06-06 00:45:15.669 D/AudioManager( 9607): dispatching onPlaybackConfigChanged()
06-06 00:45:15.669 D/AudioManager( 9621): dispatching onPlaybackConfigChanged()
06-06 00:45:17.534 I/LiveCprCoachScreen(29365): ASR partial='准'
06-06 00:45:17.836 I/LiveCprCoachScreen(29365): ASR partial='准备好'
06-06 00:45:18.160 I/LiveCprCoachScreen(29365): ASR partial='准备好了'
06-06 00:45:18.798 I/LiveCprCoachScreen(29365): ASR partial='准备好了开始'
06-06 00:45:19.217 I/LiveAudioCapture(29365): Local utterance committed bytes=67840 voicedMs=1120
06-06 00:45:19.217 I/LiveCprCoachScreen(29365): Utterance callback bytes=67840 streaming=true whole=false
06-06 00:45:19.219 I/LiveCprCoachScreen(29365): ASR final='准备好了开始' intent= confidence=null
06-06 00:45:19.219 I/LiveAudioPlayer(29365): Live audio cancel with no active stream reason=new_turn
06-06 00:45:19.220 I/WebSocketAgentChannel(29365): Sent live JSON type=context ok=true payloadKeys=["sessionId"]
06-06 00:45:19.221 I/WebSocketAgentChannel(29365): Sent live JSON type=commit_text ok=true payloadKeys=
06-06 00:45:19.222 I/LiveCprCoachScreen(29365): ASR endpoint
06-06 00:45:19.279 I/WebSocketAgentChannel(29365): Received live text {"type":"thinking","session_id":"android_live_548ddc3f","turn_seq":7}
06-06 00:45:19.280 I/WebSocketAgentChannel(29365): Received live text {"type":"final","session_id":"android_live_548ddc3f","turn_seq":7,"text":"准备好了开始","intent":"continue_cpr"}
06-06 00:45:19.282 I/WebSocketAgentChannel(29365): Received live text {"type":"guidance","session_id":"android_live_548ddc3f","turn_seq":7,"action":{"action_id":"act_mq15no2e_00bd_27cba2bc2b54","session_id":"android_live_548ddc3f","timestamp":"2026-06-05T16:45:19.381Z","stage":"S7_CPR_LOOP","intent":"start_cpr_loop","priority":"critical","source":"state_machine","reas
06-06 00:45:19.285 I/WebSocketAgentChannel(29365): Received live text {"type":"state","session_id":"android_live_548ddc3f","turn_seq":7,"current_stage":"S7_CPR_LOOP","state":{"schema_version":"session_state.v0.1","session_id":"android_live_548ddc3f","mode":"demo_assisted","current_stage":"S7_CPR_LOOP","previous_stage":"S6_CPR_READY","started_at":"2026-06-05T16:45:19.3
06-06 00:45:19.336 D/AudioTrack(29365): INSP: type=audio,case=1,set=0xb4000076609ea980,stream_type=-1,sample_rate=44100,format=0x1,channel_mask=0x1,frame_count=3528,flags=0x0,notification_frames=0,session_id=0,transfer_type=3,uid=-1,pid=-1
06-06 00:45:19.336 D/AudioTrack(29365): INSP: type=audio,case=1,attributes=1,content_type=4,usage=1,source=-1,flags=0x800
06-06 00:45:19.337 D/AudioTrack(29365): getpackName client name com.firstaid.copilot.debug(29365)
06-06 00:45:19.339 D/AudioSystem(29365): getpackName client name com.firstaid.copilot.debug(29365)
06-06 00:45:19.339 D/AudioTrack(29365): getpackName client name com.firstaid.copilot.debug(29365)
06-06 00:45:19.339 D/AudioTrack(29365): set(): Building AudioTrack with attributes: usage=1 content=4 flags=0x800 tags=[]
06-06 00:45:19.339 D/AudioSystem(29365): getpackName client name com.firstaid.copilot.debug(29365)
06-06 00:45:19.340 D/AudioTrack(29365): getpackName client name com.firstaid.copilot.debug(29365)
06-06 00:45:19.340 D/AudioSystem(29365): +setParameters(): PlaybackCaptureProtectSupport=com.firstaid.copilot.debug 
06-06 00:45:19.340 D/AudioTrack(29365): getpackName client name com.firstaid.copilot.debug(29365)
06-06 00:45:19.340 D/AudioTrack(29365): set(): Building AudioTrack with attributes: usage = 1, content = 4, flags = 0x800, tags = []
06-06 00:45:19.340 D/AudioTrack(29365): want to change usage for game mode
06-06 00:45:19.340 D/AudioTrack(29365): get APPSharePck NULL
06-06 00:45:19.340 D/AudioTrack(29365): getpackName client name com.firstaid.copilot.debug(29365)
06-06 00:45:19.340 D/AudioTrack(29365): set(): 0xb4000076609ea980, Create AudioTrackThread, tid = 29616
06-06 00:45:19.350 D/AudioTrack(29365): createTrack_l(281): 0xb4000076609ea980, mCblk = 0x78063e1980, mLatency = 170, mAfLatency = 85, frameCount = 3770, mSampleRate = 44100, mFlags = 0x8, mReqFrameCount = 3770, mNotificationFramesAct = 1256
06-06 00:45:19.350 D/AudioTrack(29365): setVolumeLR:  track set volome = (-536813568)
06-06 00:45:19.350 D/AudioTrack(29365): getpackName client name com.firstaid.copilot.debug(29365)
06-06 00:45:19.354 D/AudioTrack(29365): setVolume(281): 0xb4000076609ea980, left = 1.000000, right = 1.000000
06-06 00:45:19.354 D/AudioTrack(29365): getpackName client name com.firstaid.copilot.debug(29365)
06-06 00:45:19.354 D/AudioTrack(29365): setVolumeLR:  track set volome = (-536813568)
06-06 00:45:19.355 D/AudioTrack(29365): start(281): 0xb4000076609ea980, prior state:STATE_STOPPED
06-06 00:45:19.355 D/AudioTrack(29365): start(portId:281, sessionId:1929): prior state:STATE_STOPPED
06-06 00:45:19.355 D/AudioTrack(29365): getpackName client name com.firstaid.copilot.debug(29365)
06-06 00:45:19.357 D/AudioManager( 9621): dispatching onPlaybackConfigChanged()
06-06 00:45:19.358 D/AudioManager( 9607): dispatching onPlaybackConfigChanged()
06-06 00:45:19.366 D/AudioTrack(29365): setVolume(281): 0xb4000076609ea980, left = 1.000000, right = 1.000000
06-06 00:45:19.366 D/AudioTrack(29365): getpackName client name com.firstaid.copilot.debug(29365)
06-06 00:45:19.366 D/AudioTrack(29365): setVolumeLR:  track set volome = (-536813568)
06-06 00:45:19.373 I/EdgeTextToSpeech(29365): Android TTS fast path for '现在开始按压，跟着节拍，用力快压'
06-06 00:45:19.379 D/AudioManager( 9607): dispatching onPlaybackConfigChanged()
06-06 00:45:19.379 D/AudioManager( 9621): dispatching onPlaybackConfigChanged()
06-06 00:45:19.417 D/AudioTrack(29365): setVolume(281): 0xb4000076609ea980, left = 0.300000, right = 0.300000
06-06 00:45:19.418 D/AudioTrack(29365): getpackName client name com.firstaid.copilot.debug(29365)
06-06 00:45:19.418 D/AudioTrack(29365): setVolumeLR:  track set volome = (-1503222170)
06-06 00:45:19.421 I/AndroidTextToSpeech(29365): Android TTS onStart latency=4ms
06-06 00:45:19.422 I/SherpaSpeechEngine(29365): TTS generate start chars=17
06-06 00:45:19.511 D/AudioManager( 9621): dispatching onPlaybackConfigChanged()
06-06 00:45:19.516 D/AudioManager( 9607): dispatching onPlaybackConfigChanged()
06-06 00:45:19.559 D/AudioManager( 9607): dispatching onPlaybackConfigChanged()
06-06 00:45:19.559 D/AudioManager( 9621): dispatching onPlaybackConfigChanged()
06-06 00:45:19.655 I/WebSocketAgentChannel(29365): Received live text {"type":"audio_begin","session_id":"android_live_548ddc3f","turn_seq":7,"action_id":"act_mq15no2e_00bd_27cba2bc2b54","format":"pcm16","sample_rate":44100,"channels":1,"bits_per_sample":16}
06-06 00:45:19.663 I/WebSocketAgentChannel(29365): Received live audio bytes=100352
06-06 00:45:19.992 I/WebSocketAgentChannel(29365): Received live audio bytes=75776
06-06 00:45:20.456 W/AudioTrack(29365): restartIfDisabled(281): releaseBuffer() track 0xb4000076609ea980 disabled due to previous underrun, restarting
06-06 00:45:20.465 I/WebSocketAgentChannel(29365): Received live audio bytes=79872
06-06 00:45:20.466 I/WebSocketAgentChannel(29365): Received live text {"type":"audio_end","session_id":"android_live_548ddc3f","turn_seq":7,"action_id":"act_mq15no2e_00bd_27cba2bc2b54"}
06-06 00:45:23.225 D/AudioManager( 9621): dispatching onPlaybackConfigChanged()
06-06 00:45:23.226 D/AudioTrack(29365): setVolume(281): 0xb4000076609ea980, left = 1.000000, right = 1.000000
06-06 00:45:23.226 D/AudioManager( 9607): dispatching onPlaybackConfigChanged()
06-06 00:45:23.226 D/AudioTrack(29365): getpackName client name com.firstaid.copilot.debug(29365)
06-06 00:45:23.226 D/AudioTrack(29365): setVolumeLR:  track set volome = (-536813568)
06-06 00:45:23.226 D/AudioManager( 9621): dispatching onPlaybackConfigChanged()
06-06 00:45:23.227 D/AudioManager( 9607): dispatching onPlaybackConfigChanged()
06-06 00:45:24.460 I/WebSocketAgentChannel(29365): Received live text {"type":"thinking","session_id":"android_live_548ddc3f","turn_seq":8}
06-06 00:45:24.463 I/WebSocketAgentChannel(29365): Received live text {"type":"final","session_id":"android_live_548ddc3f","turn_seq":8,"text":"","intent":null}
06-06 00:45:24.464 I/WebSocketAgentChannel(29365): Received live text {"type":"guidance","session_id":"android_live_548ddc3f","turn_seq":8,"action":{"action_id":"act_mq15ns2c_00c0_7c793e5cd85a","session_id":"android_live_548ddc3f","timestamp":"2026-06-05T16:45:24.563Z","stage":"S7_CPR_LOOP","intent":"encourage_rescuer","priority":"normal","source":"rule_feedback","rea
06-06 00:45:24.467 I/WebSocketAgentChannel(29365): Received live text {"type":"state","session_id":"android_live_548ddc3f","turn_seq":8,"current_stage":"S7_CPR_LOOP","state":{"schema_version":"session_state.v0.1","session_id":"android_live_548ddc3f","mode":"demo_assisted","current_stage":"S7_CPR_LOOP","previous_stage":"S7_CPR_LOOP","started_at":"2026-06-05T16:45:24.56
06-06 00:45:24.505 D/AudioTrack(29365): pause(281): 0xb4000076609ea980, prior state:STATE_ACTIVE
06-06 00:45:24.506 D/AudioTrack(29365): getpackName client name com.firstaid.copilot.debug(29365)
06-06 00:45:24.507 D/AudioTrackShared(29365): this(0xb400007600e583b0), mCblk(0x78063e1980), front(17640), mIsOut 1, interrupt() FUTEX_WAKE
06-06 00:45:24.534 D/AudioManager( 9621): dispatching onPlaybackConfigChanged()
06-06 00:45:24.534 D/AudioManager( 9607): dispatching onPlaybackConfigChanged()
06-06 00:45:24.535 D/AudioTrack(29365): flush(281): 0xb4000076609ea980, prior state:STATE_PAUSED
06-06 00:45:24.535 D/AudioTrack(29365): stop(portId:281, sessionId:1929): prior state:STATE_FLUSHED
06-06 00:45:24.537 D/AudioTrack(29365): stop(portId:281, sessionId:1929): prior state:STATE_FLUSHED
06-06 00:45:24.538 D/AudioManager( 9621): dispatching onPlaybackConfigChanged()
06-06 00:45:24.538 D/AudioManager( 9607): dispatching onPlaybackConfigChanged()
06-06 00:45:24.540 D/AudioManager( 9621): dispatching onPlaybackConfigChanged()
06-06 00:45:24.541 D/AudioManager( 9607): dispatching onPlaybackConfigChanged()
06-06 00:45:24.541 D/AudioTrack(29365): ~AudioTrack(281): 0xb4000076609ea980
06-06 00:45:24.542 D/AudioTrack(29365): getpackName client name com.firstaid.copilot.debug(29365)
06-06 00:45:24.542 D/AudioTrack(29365): stop(portId:281, sessionId:1929): prior state:STATE_FLUSHED
06-06 00:45:24.542 D/AudioTrack(29365): requestExitAndWait start
06-06 00:45:24.542 D/AudioTrack(29365): requestExitAndWait end
06-06 00:45:24.543 D/AudioTrack(29365): stopAndJoinCallbacks(281) done
06-06 00:45:24.552 I/EdgeTextToSpeech(29365): Android TTS fast path for '你做得很好，跟着节拍继续。'
06-06 00:45:24.598 I/AndroidTextToSpeech(29365): Android TTS onStart latency=2ms
06-06 00:45:24.675 D/AudioManager( 9607): dispatching onPlaybackConfigChanged()
06-06 00:45:24.675 D/AudioManager( 9621): dispatching onPlaybackConfigChanged()
06-06 00:45:24.717 D/AudioManager( 9621): dispatching onPlaybackConfigChanged()
06-06 00:45:24.718 D/AudioManager( 9607): dispatching onPlaybackConfigChanged()
06-06 00:45:24.832 I/WebSocketAgentChannel(29365): Received live text {"type":"audio_begin","session_id":"android_live_548ddc3f","turn_seq":8,"action_id":"act_mq15ns2c_00c0_7c793e5cd85a","format":"pcm16","sample_rate":44100,"channels":1,"bits_per_sample":16}
06-06 00:45:24.840 I/WebSocketAgentChannel(29365): Received live audio bytes=79872
06-06 00:45:25.333 I/WebSocketAgentChannel(29365): Received live audio bytes=106496
06-06 00:45:25.335 I/WebSocketAgentChannel(29365): Received live text {"type":"audio_end","session_id":"android_live_548ddc3f","turn_seq":8,"action_id":"act_mq15ns2c_00c0_7c793e5cd85a"}
06-06 00:45:26.842 I/CodexTest(29628): CLEAN_R1_START_CPR_USER_SPEAK_START
06-06 00:45:27.580 D/AudioManager( 9621): dispatching onPlaybackConfigChanged()
06-06 00:45:27.580 D/AudioManager( 9621): dispatching onPlaybackConfigChanged()
06-06 00:45:27.580 D/AudioManager( 9607): dispatching onPlaybackConfigChanged()
06-06 00:45:27.583 D/AudioManager( 9607): dispatching onPlaybackConfigChanged()
06-06 00:45:28.539 I/LiveCprCoachScreen(29365): ASR endpoint
06-06 00:45:31.047 I/LiveCprCoachScreen(29365): ASR endpoint
06-06 00:45:31.716 I/SherpaSpeechEngine(29365): TTS generate done
06-06 00:45:31.719 I/SherpaSpeechEngine(29365): TTS save done bytes=259116
06-06 00:45:31.723 I/EdgeTextToSpeech(29365): Sherpa TTS background cached '现在开始按压，跟着节拍，用力快压' in 12297ms
06-06 00:45:31.725 I/SherpaSpeechEngine(29365): TTS generate start chars=13
06-06 00:45:33.643 I/LiveCprCoachScreen(29365): ASR endpoint
06-06 00:45:36.198 I/LiveCprCoachScreen(29365): ASR endpoint
06-06 00:45:37.001 W/ProcessState(29637): Extra binder thread started, but 0 threads requested. Do not use *startThreadPool when zero threads are requested.
06-06 00:45:37.035 I/DMABUFHEAPS(29637): Using DMA-BUF heap named: mtk_mm
06-06 00:45:37.035 I/DMABUFHEAPS(29637): Using DMA-BUF heap named: mtk_mm-uncached
06-06 00:45:37.035 I/DMABUFHEAPS(29637): Using DMA-BUF heap named: mtk_svp_region-aligned
06-06 00:45:37.035 I/DMABUFHEAPS(29637): Using DMA-BUF heap named: mtk_prot_region
06-06 00:45:37.035 I/DMABUFHEAPS(29637): Using DMA-BUF heap named: mtk_2d_fr_region
06-06 00:45:37.035 I/DMABUFHEAPS(29637): Using DMA-BUF heap named: mtk_wfd_region-aligned
06-06 00:45:37.035 D/OpenGLRenderer(29637): Bitmap::compress format:Png w:720 h:1612 quality:100 app_apk:screencap 
06-06 00:45:37.035 W/libc    (29637): Access denied finding property "vendor.vivo.imageencoder.dump"
06-06 00:45:37.187 W/RefBase (29637): RefBase: Explicit destruction, weak count = 0 (in 0x7950dec468). Use sp<> to manage this object.
06-06 00:45:37.199 D/RefBase (29637): #00 pc 000000000010cc18  /apex/com.android.runtime/lib64/bionic/libc.so (__cxa_finalize+280)
06-06 00:45:37.199 D/RefBase (29637): #01 pc 00000000000fee08  /apex/com.android.runtime/lib64/bionic/libc.so (exit+24)
06-06 00:45:37.199 D/RefBase (29637): #02 pc 00000000000927f4  /apex/com.android.runtime/lib64/bionic/libc.so (__libc_init+100)
06-06 00:45:37.373 E/appproc (29640): checkAndSetEnv get_baksize open file /data/dalvik-cache/classpath failed , error(Permission denied)
06-06 00:45:37.373 E/appproc (29640): checkAndSetEnv write_classpathbak open file failed:Permission denied
06-06 00:45:37.373 E/appproc (29640): checkAndSetEnv get_baksize open file /data/dalvik-cache/classpath2 failed , error(Permission denied)
06-06 00:45:37.373 E/appproc (29640): checkAndSetEnv write_classpathbak open file failed:Permission denied
06-06 00:45:37.373 E/appproc (29640): checkAndSetEnv get_baksize open file /data/dalvik-cache/classpath3 failed , error(Permission denied)
06-06 00:45:37.373 E/appproc (29640): checkAndSetEnv write_classpathbak open file failed:Permission denied
06-06 00:45:37.373 E/appproc (29640): checkAndSetEnv get_baksize open file /data/dalvik-cache/classpath4 failed , error(Permission denied)
06-06 00:45:37.373 E/appproc (29640): checkAndSetEnv write_classpathbak open file failed:Permission denied
06-06 00:45:37.373 D/AndroidRuntime(29640): >>>>>> START com.android.internal.os.RuntimeInit uid 2000 <<<<<<
06-06 00:45:37.387 I/AndroidRuntime(29640): Using default boot image
06-06 00:45:37.387 I/AndroidRuntime(29640): Leaving lock profiling enabled
06-06 00:45:37.390 W/app_process(29640): ART APEX data files are untrusted.
06-06 00:45:37.530 D/app_process(29640): Time zone APEX ICU file found: /apex/com.android.tzdata/etc/icu/icu_tzdata.dat
06-06 00:45:37.530 D/app_process(29640): I18n APEX ICU file found: /apex/com.android.i18n/etc/icu/icudt70l.dat
06-06 00:45:37.545 E/app_process(29640): No implementation found for long android.os.Trace.nativeGetEnabledTags() (tried Java_android_os_Trace_nativeGetEnabledTags and Java_android_os_Trace_nativeGetEnabledTags__)
06-06 00:45:37.545 E/app_process(29640): No implementation found for long android.os.Trace.nativeGetEnabledTags() (tried Java_android_os_Trace_nativeGetEnabledTags and Java_android_os_Trace_nativeGetEnabledTags__)
06-06 00:45:37.545 E/System  (29640): openDexFile load detect error
06-06 00:45:37.546 E/System  (29640): java.lang.reflect.InvocationTargetException
06-06 00:45:37.546 E/System  (29640): 	at java.lang.reflect.Method.invoke(Native Method)
06-06 00:45:37.546 E/System  (29640): 	at dalvik.system.DexFile.openDexFile(DexFile.java:387)
06-06 00:45:37.546 E/System  (29640): 	at dalvik.system.DexFile.<init>(DexFile.java:118)
06-06 00:45:37.546 E/System  (29640): 	at dalvik.system.DexFile.<init>(DexFile.java:91)
06-06 00:45:37.546 E/System  (29640): 	at dalvik.system.DexPathList.loadDexFile(DexPathList.java:438)
06-06 00:45:37.546 E/System  (29640): 	at dalvik.system.DexPathList.makeDexElements(DexPathList.java:397)
06-06 00:45:37.546 E/System  (29640): 	at dalvik.system.DexPathList.<init>(DexPathList.java:166)
06-06 00:45:37.546 E/System  (29640): 	at dalvik.system.BaseDexClassLoader.<init>(BaseDexClassLoader.java:160)
06-06 00:45:37.546 E/System  (29640): 	at dalvik.system.BaseDexClassLoader.<init>(BaseDexClassLoader.java:105)
06-06 00:45:37.546 E/System  (29640): 	at dalvik.system.PathClassLoader.<init>(PathClassLoader.java:71)
06-06 00:45:37.546 E/System  (29640): 	at java.lang.ClassLoader.createSystemClassLoader(ClassLoader.java:224)
06-06 00:45:37.546 E/System  (29640): 	at java.lang.ClassLoader.-$$Nest$smcreateSystemClassLoader(Unknown Source:0)
06-06 00:45:37.546 E/System  (29640): 	at java.lang.ClassLoader$SystemClassLoader.<clinit>(ClassLoader.java:183)
06-06 00:45:37.546 E/System  (29640): 	at java.lang.ClassLoader.getSystemClassLoader(ClassLoader.java:1098)
06-06 00:45:37.546 E/System  (29640): Caused by: java.lang.UnsatisfiedLinkError: No implementation found for long android.os.Trace.nativeGetEnabledTags() (tried Java_android_os_Trace_nativeGetEnabledTags and Java_android_os_Trace_nativeGetEnabledTags__)
06-06 00:45:37.546 E/System  (29640): 	at android.os.Trace.nativeGetEnabledTags(Native Method)
06-06 00:45:37.546 E/System  (29640): 	at android.os.Trace.isTagEnabled(Trace.java:163)
06-06 00:45:37.546 E/System  (29640): 	at android.os.Trace.endSection(Trace.java:398)
06-06 00:45:37.546 E/System  (29640): 	at com.vivo.framework.securitydetect.DynamicLoadDetectManager.reportDexLoaded(DynamicLoadDetectManager.java:156)
06-06 00:45:37.546 E/System  (29640): 	... 14 more
06-06 00:45:37.547 E/app_process(29640): No implementation found for long android.os.Trace.nativeGetEnabledTags() (tried Java_android_os_Trace_nativeGetEnabledTags and Java_android_os_Trace_nativeGetEnabledTags__)
06-06 00:45:37.547 E/app_process(29640): No implementation found for long android.os.Trace.nativeGetEnabledTags() (tried Java_android_os_Trace_nativeGetEnabledTags and Java_android_os_Trace_nativeGetEnabledTags__)
06-06 00:45:37.547 E/System  (29640): openDexFile load detect error
06-06 00:45:37.548 E/System  (29640): java.lang.reflect.InvocationTargetException
06-06 00:45:37.548 E/System  (29640): 	at java.lang.reflect.Method.invoke(Native Method)
06-06 00:45:37.548 E/System  (29640): 	at dalvik.system.DexFile.openDexFile(DexFile.java:387)
06-06 00:45:37.548 E/System  (29640): 	at dalvik.system.DexFile.<init>(DexFile.java:118)
06-06 00:45:37.548 E/System  (29640): 	at dalvik.system.DexFile.<init>(DexFile.java:91)
06-06 00:45:37.548 E/System  (29640): 	at dalvik.system.DexPathList.loadDexFile(DexPathList.java:438)
06-06 00:45:37.548 E/System  (29640): 	at dalvik.system.DexPathList.makeDexElements(DexPathList.java:397)
06-06 00:45:37.548 E/System  (29640): 	at dalvik.system.DexPathList.<init>(DexPathList.java:166)
06-06 00:45:37.548 E/System  (29640): 	at dalvik.system.BaseDexClassLoader.<init>(BaseDexClassLoader.java:160)
06-06 00:45:37.548 E/System  (29640): 	at dalvik.system.BaseDexClassLoader.<init>(BaseDexClassLoader.java:105)
06-06 00:45:37.548 E/System  (29640): 	at dalvik.system.PathClassLoader.<init>(PathClassLoader.java:71)
06-06 00:45:37.548 E/System  (29640): 	at java.lang.ClassLoader.createSystemClassLoader(ClassLoader.java:224)
06-06 00:45:37.548 E/System  (29640): 	at java.lang.ClassLoader.-$$Nest$smcreateSystemClassLoader(Unknown Source:0)
06-06 00:45:37.548 E/System  (29640): 	at java.lang.ClassLoader$SystemClassLoader.<clinit>(ClassLoader.java:183)
06-06 00:45:37.548 E/System  (29640): 	at java.lang.ClassLoader.getSystemClassLoader(ClassLoader.java:1098)
06-06 00:45:37.548 E/System  (29640): Caused by: java.lang.UnsatisfiedLinkError: No implementation found for long android.os.Trace.nativeGetEnabledTags() (tried Java_android_os_Trace_nativeGetEnabledTags and Java_android_os_Trace_nativeGetEnabledTags__)
06-06 00:45:37.548 E/System  (29640): 	at android.os.Trace.nativeGetEnabledTags(Native Method)
06-06 00:45:37.548 E/System  (29640): 	at android.os.Trace.isTagEnabled(Trace.java:163)
06-06 00:45:37.548 E/System  (29640): 	at android.os.Trace.endSection(Trace.java:398)
06-06 00:45:37.548 E/System  (29640): 	at com.vivo.framework.securitydetect.DynamicLoadDetectManager.reportDexLoaded(DynamicLoadDetectManager.java:156)
06-06 00:45:37.548 E/System  (29640): 	... 14 more
06-06 00:45:37.549 W/app_process(29640): ClassLoaderContext classpath size mismatch. expected=0, found=1 (PCL[] | PCL[/system/framework/android.test.runner.jar*2259575933])
06-06 00:45:37.553 I/VivoSystemFrameworkFactory(29640): Instance implClass com.vivo.VivoSystemFrameworkFactoryImpl
06-06 00:45:37.574 D/AndroidRuntime(29640): Calling main entry com.android.commands.uiautomator.Launcher
06-06 00:45:37.578 W/ziparchive(29640): Unable to open '/system/framework/mediatek-framework.dm': No such file or directory
06-06 00:45:37.578 W/ziparchive(29640): Unable to open '/system/framework/mediatek-framework.dm': No such file or directory
06-06 00:45:37.582 W/uiautomator(29640): type=1400 audit(0.0:3428441): avc: denied { read } for name="user_cpu_freq" dev="sysfs" ino=49317 scontext=u:r:shell:s0 tcontext=u:object_r:sysfs_user_cpu_freq:s0 tclass=file permissive=0
06-06 00:45:38.611 W/libc    (29640): Access denied finding property "qemu.sf.lcd_density"
06-06 00:45:38.611 W/libc    (29640): Access denied finding property "qemu.sf.lcd_density"
06-06 00:45:38.610 W/uiautomator(29640): type=1400 audit(0.0:3428442): avc: denied { read } for name="u:object_r:qemu_sf_lcd_density_prop:s0" dev="tmpfs" ino=280 scontext=u:r:shell:s0 tcontext=u:object_r:qemu_sf_lcd_density_prop:s0 tclass=file permissive=0
06-06 00:45:38.610 W/uiautomator(29640): type=1400 audit(0.0:3428443): avc: denied { read } for name="u:object_r:qemu_sf_lcd_density_prop:s0" dev="tmpfs" ino=280 scontext=u:r:shell:s0 tcontext=u:object_r:qemu_sf_lcd_density_prop:s0 tclass=file permissive=0
06-06 00:45:38.635 W/AccessibilityNodeInfoDumper(29640): Fetch time: 21ms
06-06 00:45:38.687 D/AndroidRuntime(29640): Shutting down VM
06-06 00:45:38.771 I/LiveCprCoachScreen(29365): ASR endpoint
06-06 00:45:39.525 W/RefBase (29640): RefBase: Explicit destruction, weak count = 0 (in 0x70521e6468). Use sp<> to manage this object.
06-06 00:45:39.536 D/RefBase (29640): #00 pc 000000000010cc18  /apex/com.android.runtime/lib64/bionic/libc.so (__cxa_finalize+280)
06-06 00:45:39.536 D/RefBase (29640): #01 pc 00000000000fee08  /apex/com.android.runtime/lib64/bionic/libc.so (exit+24)
06-06 00:45:39.536 D/RefBase (29640): #02 pc 00000000000927f4  /apex/com.android.runtime/lib64/bionic/libc.so (__libc_init+100)
06-06 00:45:39.629 I/CodexTest(29662): CLEAN_R1_START_CPR_CAPTURE_DONE
06-06 00:45:40.040 I/SherpaSpeechEngine(29365): TTS generate done
06-06 00:45:40.043 I/SherpaSpeechEngine(29365): TTS save done bytes=181292
06-06 00:45:40.053 I/EdgeTextToSpeech(29365): Sherpa TTS background cached '你做得很好，跟着节拍继续。' in 8318ms
06-06 00:45:41.268 I/LiveCprCoachScreen(29365): ASR endpoint
06-06 00:45:43.846 I/LiveCprCoachScreen(29365): ASR endpoint
06-06 00:45:45.155 W/SystemServiceRegistry( 3989): No service published for: wifirtt
06-06 00:45:46.384 I/LiveCprCoachScreen(29365): ASR endpoint
06-06 00:45:48.313 I/LiveCprCoachScreen(29365): ASR partial='好的'
06-06 00:45:48.627 I/LiveCprCoachScreen(29365): ASR partial='好的好的'
06-06 00:45:49.036 I/LiveAudioCapture(29365): Local utterance committed bytes=42240 voicedMs=560
06-06 00:45:49.036 I/LiveCprCoachScreen(29365): Utterance callback bytes=42240 streaming=true whole=false
06-06 00:45:49.048 I/LiveCprCoachScreen(29365): ASR final='好的好的' intent= confidence=null
06-06 00:45:49.049 I/LiveAudioPlayer(29365): Live audio cancel with no active stream reason=new_turn
06-06 00:45:49.050 I/WebSocketAgentChannel(29365): Sent live JSON type=context ok=true payloadKeys=["sessionId"]
06-06 00:45:49.051 I/WebSocketAgentChannel(29365): Sent live JSON type=commit_text ok=true payloadKeys=
06-06 00:45:49.051 I/LiveCprCoachScreen(29365): ASR endpoint
06-06 00:45:49.100 I/WebSocketAgentChannel(29365): Received live text {"type":"thinking","session_id":"android_live_548ddc3f","turn_seq":9}
06-06 00:45:49.906 I/LiveCprCoachScreen(29365): ASR partial='还'
06-06 00:45:50.150 W/AlarmManager( 3989): alarm window unlikely to be respected [CONTEXT service_id=231 ]
06-06 00:45:50.150 W/AlarmManager( 3989): java.lang.IllegalArgumentException: alarm "NetworkLocationLocator" has short window length
06-06 00:45:50.150 W/AlarmManager( 3989): 	at bojx.c(:com.google.android.gms@243137038@24.31.37 (190400-662270918):46)
06-06 00:45:50.150 W/AlarmManager( 3989): 	at bojw.b(:com.google.android.gms@243137038@24.31.37 (190400-662270918):22)
06-06 00:45:50.150 W/AlarmManager( 3989): 	at eiuh.e(:com.google.android.gms@243137038@24.31.37 (190400-662270918):143)
06-06 00:45:50.150 W/AlarmManager( 3989): 	at eiqu.r(:com.google.android.gms@243137038@24.31.37 (190400-662270918):104)
06-06 00:45:50.150 W/AlarmManager( 3989): 	at eiqu.k(:com.google.android.gms@243137038@24.31.37 (190400-662270918):1181)
06-06 00:45:50.150 W/AlarmManager( 3989): 	at ejct.b(:com.google.android.gms@243137038@24.31.37 (190400-662270918):87)
06-06 00:45:50.150 W/AlarmManager( 3989): 	at ejbx.b(:com.google.android.gms@243137038@24.31.37 (190400-662270918):22)
06-06 00:45:50.150 W/AlarmManager( 3989): 	at eiti.b(:com.google.android.gms@243137038@24.31.37 (190400-662270918):26)
06-06 00:45:50.150 W/AlarmManager( 3989): 	at eiue.run(:com.google.android.gms@243137038@24.31.37 (190400-662270918):9)
06-06 00:45:50.150 W/AlarmManager( 3989): 	at eitg.handleMessage(:com.google.android.gms@243137038@24.31.37 (190400-662270918):722)
06-06 00:45:50.150 W/AlarmManager( 3989): 	at android.os.Handler.dispatchMessage(Handler.java:106)
06-06 00:45:50.150 W/AlarmManager( 3989): 	at bpsq.ma(:com.google.android.gms@243137038@24.31.37 (190400-662270918):1)
06-06 00:45:50.150 W/AlarmManager( 3989): 	at bpsq.dispatchMessage(:com.google.android.gms@243137038@24.31.37 (190400-662270918):138)
06-06 00:45:50.150 W/AlarmManager( 3989): 	at android.os.Looper.loopOnce(Looper.java:223)
06-06 00:45:50.150 W/AlarmManager( 3989): 	at android.os.Looper.loop(Looper.java:324)
06-06 00:45:50.150 W/AlarmManager( 3989): 	at android.os.HandlerThread.run(HandlerThread.java:67)
06-06 00:45:50.225 I/LiveCprCoachScreen(29365): ASR partial='还要继'
06-06 00:45:50.311 I/WebSocketAgentChannel(29365): Received live text {"type":"final","session_id":"android_live_548ddc3f","turn_seq":9,"text":"好的好的","intent":null}
