06-06 00:02:00.174 D/CCodecConfig(22829): c2 config diff is   c2::u32 coded.bitrate.value = 499821
06-06 00:02:00.174 D/CCodecConfig(22829):   c2::u32 raw.channel-count.value = 2
06-06 00:02:00.174 D/CCodecConfig(22829):   c2::u32 raw.sample-rate.value = 44100
06-06 00:02:00.178 W/Codec2Client(22829): query -- param skipped: index = 1107298332.
06-06 00:02:00.178 D/CCodec  (22829): encoding statistics level = 0
06-06 00:02:00.178 D/CCodec  (22829): setup formats input: AMessage(what = 0x00000000) = {
06-06 00:02:00.178 D/CCodec  (22829):   int32_t bitrate = 499821
06-06 00:02:00.178 D/CCodec  (22829):   int32_t channel-count = 2
06-06 00:02:00.178 D/CCodec  (22829):   int32_t max-input-size = 32768
06-06 00:02:00.178 D/CCodec  (22829):   string mime = "audio/vorbis"
06-06 00:02:00.178 D/CCodec  (22829):   int32_t sample-rate = 44100
06-06 00:02:00.178 D/CCodec  (22829): }
06-06 00:02:00.179 D/CCodec  (22829): setup formats output: AMessage(what = 0x00000000) = {
06-06 00:02:00.179 D/CCodec  (22829):   int32_t channel-count = 2
06-06 00:02:00.179 D/CCodec  (22829):   string mime = "audio/raw"
06-06 00:02:00.179 D/CCodec  (22829):   int32_t sample-rate = 44100
06-06 00:02:00.179 D/CCodec  (22829):   int32_t channel-mask = 3
06-06 00:02:00.179 D/CCodec  (22829):   int32_t android._config-pcm-encoding = 2
06-06 00:02:00.179 D/CCodec  (22829): }
06-06 00:02:00.180 I/CCodecConfig(22829): query failed after returning 7 values (BAD_INDEX)
06-06 00:02:00.180 D/MediaCodec(22829): [0xb4000076a06c12d0] setState: 4
06-06 00:02:00.180 D/MediaCodec(22829): [0xb4000076a06c12d0] setState: 5
06-06 00:02:00.182 W/Codec2Client(22829): query -- param skipped: index = 1342179345.
06-06 00:02:00.182 W/Codec2Client(22829): query -- param skipped: index = 2415921170.
06-06 00:02:00.183 I/CCodecBufferChannel(22829): mIsVivoLogEnable = 0
06-06 00:02:00.184 D/CCodecBufferChannel(22829): [c2.android.vorbis.decoder#91] Created input block pool with allocatorID 16 => poolID 20 - OK (0)
06-06 00:02:00.186 I/CCodecBufferChannel(22829): [c2.android.vorbis.decoder#91] Created output block pool with allocatorID 16 => poolID 125 - OK
06-06 00:02:00.187 D/CCodecBufferChannel(22829): [c2.android.vorbis.decoder#91] Configured output block pool ids 125 => OK
06-06 00:02:00.187 D/CCodecBufferChannel(22829): [0xb4000076608ae5a0] [c2.android.vorbis.decoder#91] start: output->outputDelay 0, output->numSlots 4
06-06 00:02:00.187 D/CCodecBuffers(22829): [c2.android.vorbis.decoder#91:1D-Output.Impl[N]] converted 0 buffers to array mode of 4
06-06 00:02:00.188 D/CCodecBufferChannel(22829): [c2.android.vorbis.decoder#91] start: updating output delay 0
06-06 00:02:00.190 D/MediaCodec(22829): [0xb4000076a06c12d0] setState: 6
06-06 00:02:00.196 D/CCodecBuffers(22829): [c2.android.vorbis.decoder#91:1D-Input.Impl[N]] converted 4 buffers to array mode of 4
06-06 00:02:00.205 I/MediaCodec(22829): [c2.android.vorbis.decoder] output format changed to: AMessage(what = 0x00000000) = {
06-06 00:02:00.205 I/MediaCodec(22829):       int32_t channel-count = 2
06-06 00:02:00.205 I/MediaCodec(22829):       string mime = "audio/raw"
06-06 00:02:00.205 I/MediaCodec(22829):       int32_t sample-rate = 44100
06-06 00:02:00.205 I/MediaCodec(22829):       int32_t channel-mask = 3
06-06 00:02:00.205 I/MediaCodec(22829):       int32_t android._config-pcm-encoding = 2
06-06 00:02:00.205 I/MediaCodec(22829):     }
06-06 00:02:00.205 D/MediaCodec(22829): get mPcmBytesMs = 176.399994
06-06 00:02:00.210 I/MSYNC3-VariableRefreshRate(22993): Variable refreshrate is disabled
06-06 00:02:00.216 I/PowerHalWrapper(22993): PowerHalWrapper.getInstance 
06-06 00:02:00.234 D/PipelineWatcher(22829): [0xb4000076608aea08] pipelineFull: too many frames in pipeline (4)
06-06 00:02:00.239 D/VivoConfigStore(22993): key:vivo.software.immersive isCached is false and normal value is false
06-06 00:02:00.240 D/VivoConfigStore(22993): key:vivo.software.multiwindow isCached is true and value is true
06-06 00:02:00.270 D/CCodecBufferChannel(22829): [c2.android.vorbis.decoder#91] input EOS
06-06 00:02:00.273 D/MediaCodec(22829): [0xb4000076a06c12d0] [c2.android.vorbis.decoder] stop
06-06 00:02:00.273 I/MediaCodec(22829): ++kWhatRelease   mState :6
06-06 00:02:00.273 D/MediaCodec(22829): [0xb4000076a06c12d0] setState: 9
06-06 00:02:00.273 D/CCodecBufferChannel(22829): [c2.android.vorbis.decoder#91] MediaCodec discarded an unknown buffer
06-06 00:02:00.273 D/CCodecBufferChannel(22829): [c2.android.vorbis.decoder#91] MediaCodec discarded an unknown buffer
06-06 00:02:00.275 D/MediaCodec(22829): [0xb4000076a06c12d0] [c2.android.vorbis.decoder] kWhatStopCompleted
06-06 00:02:00.275 D/MediaCodec(22829): [0xb4000076a06c12d0] setState: 2
06-06 00:02:00.275 D/MediaCodec(22829): [0xb4000076a06c12d0] [c2.android.vorbis.decoder] release
06-06 00:02:00.276 I/MediaCodec(22829): ++kWhatRelease   mState :2
06-06 00:02:00.276 D/MediaCodec(22829): [0xb4000076a06c12d0] setState: 10
06-06 00:02:00.280 D/MediaCodec(22829): [0xb4000076a06c12d0] [c2.android.vorbis.decoder] kWhatReleaseCompleted
06-06 00:02:00.280 D/MediaCodec(22829): [0xb4000076a06c12d0] setState: 0
06-06 00:02:00.281 I/hw-BpHwBinder(22829): onLastStrongRef automatically unlinking death recipients
06-06 00:02:00.281 D/MediaCodec(22829): flushMediametrics
06-06 00:02:00.282 I/CCodecBufferChannel(22829): Destructor 0xb4000076608ae5a0
06-06 00:02:00.285 D/CCodecBufferChannel(22829): [c2.android.vorbis.decoder#680] input EOS
06-06 00:02:00.287 D/MediaCodec(22829): [0xb4000076a06bd290] [c2.android.vorbis.decoder] stop
06-06 00:02:00.288 I/MediaCodec(22829): ++kWhatRelease   mState :6
06-06 00:02:00.288 D/MediaCodec(22829): [0xb4000076a06bd290] setState: 9
06-06 00:02:00.288 D/CCodecBufferChannel(22829): [c2.android.vorbis.decoder#680] MediaCodec discarded an unknown buffer
06-06 00:02:00.288 D/CCodecBufferChannel(22829): [c2.android.vorbis.decoder#680] MediaCodec discarded an unknown buffer
06-06 00:02:00.288 D/CCodecBufferChannel(22829): [c2.android.vorbis.decoder#680] MediaCodec discarded an unknown buffer
06-06 00:02:00.289 D/MediaCodec(22829): [0xb4000076a06bd290] [c2.android.vorbis.decoder] kWhatStopCompleted
06-06 00:02:00.289 D/MediaCodec(22829): [0xb4000076a06bd290] setState: 2
06-06 00:02:00.289 D/MediaCodec(22829): [0xb4000076a06bd290] [c2.android.vorbis.decoder] release
06-06 00:02:00.290 I/MediaCodec(22829): ++kWhatRelease   mState :2
06-06 00:02:00.290 D/MediaCodec(22829): [0xb4000076a06bd290] setState: 10
06-06 00:02:00.291 I/hw-BpHwBinder(22829): onLastStrongRef automatically unlinking death recipients
06-06 00:02:00.299 D/MediaCodec(22829): [0xb4000076a06bd290] [c2.android.vorbis.decoder] kWhatReleaseCompleted
06-06 00:02:00.299 D/MediaCodec(22829): [0xb4000076a06bd290] setState: 0
06-06 00:02:00.307 D/MediaCodec(22829): flushMediametrics
06-06 00:02:00.309 I/CCodecBufferChannel(22829): Destructor 0xb4000076608a9ed0
06-06 00:02:00.311 D/MediaCodec(22829): CreateByType: pid -1(22829)
06-06 00:02:00.311 D/MediaCodec(22829): CreateByType: mime audio/vorbis, encoder 0 pid -1
06-06 00:02:00.311 D/MediaCodec(22829): get client pid:-1
06-06 00:02:00.311 D/MediaCodec(22829): can't get client name
06-06 00:02:00.312 D/MediaCodecList(22829): codecHandlesFormat: no format, so no extra checks
06-06 00:02:00.312 D/MediaCodecList(22829): codecHandlesFormat: no format, so no extra checks
06-06 00:02:00.315 D/CCodecBufferChannel(22829): mBufferCountDebug=0 mIsUserLoad=1
06-06 00:02:00.315 I/CCodecBufferChannel(22829): Constructor 0xb4000076608a9ed0
06-06 00:02:00.315 I/CCodecBufferChannel(22829): mIsVivoLogEnable = 0
06-06 00:02:00.315 D/MediaCodec(22829): [0xb4000076a06bd290] init: CCodec 0xb400007620ad8b50, CCodecBufferChannel 0xb4000076608a9ed0
06-06 00:02:00.315 W/MediaCodec(22829): (0xb4000076a06bd290)process Name is:com.android.camera
06-06 00:02:00.319 D/MediaCodec(22829): [0xb4000076a06bd290] setState: 1
06-06 00:02:00.319 D/CCodec  (22829): allocate(c2.android.vorbis.decoder)
06-06 00:02:00.322 I/CCodec  (22829): setting up 'default' as default (vendor) store
06-06 00:02:00.325 I/CCodec  (22829): Created component [c2.android.vorbis.decoder]
06-06 00:02:00.326 D/CCodecBufferChannel(22829): [0xb4000076608a9ed0] setComponent: mName c2.android.vorbis.decoder#678, mPipelineWatcher 0xb4000076608aa338
06-06 00:02:00.326 D/CCodecBufferChannel(22829): PipelineWatcher debug info [c2.android.vorbis.decoder#678] enable=0
06-06 00:02:00.327 D/CCodecConfig(22829): read media type: audio/vorbis
06-06 00:02:00.332 D/ReflectedParamUpdater(22829): extent() != 1 for single value type: algo.buffers.max-count.values
06-06 00:02:00.333 D/ReflectedParamUpdater(22829): extent() != 1 for single value type: output.subscribed-indices.values
06-06 00:02:00.334 D/ReflectedParamUpdater(22829): extent() != 1 for single value type: input.buffers.allocator-ids.values
06-06 00:02:00.334 D/ReflectedParamUpdater(22829): extent() != 1 for single value type: output.buffers.allocator-ids.values
06-06 00:02:00.335 D/ReflectedParamUpdater(22829): extent() != 1 for single value type: algo.buffers.allocator-ids.values
06-06 00:02:00.335 D/ReflectedParamUpdater(22829): extent() != 1 for single value type: output.buffers.pool-ids.values
06-06 00:02:00.336 D/ReflectedParamUpdater(22829): extent() != 1 for single value type: algo.buffers.pool-ids.values
06-06 00:02:00.338 W/SoundDecoder_2(22829): type=1400 audit(0.0:3426829): avc: denied { read } for name="u:object_r:mm_activity_prop:s0" dev="tmpfs" ino=249 scontext=u:r:platform_app:s0:c512,c768 tcontext=u:object_r:mm_activity_prop:s0 tclass=file permissive=0 app=com.android.camera
06-06 00:02:00.338 I/CCodecConfig(22829): query failed after returning 7 values (BAD_INDEX)
06-06 00:02:00.338 D/CCodecConfig(22829): c2 config diff is Dict {
06-06 00:02:00.338 D/CCodecConfig(22829):   c2::u32 coded.bitrate.value = 64000
06-06 00:02:00.338 D/CCodecConfig(22829):   c2::u32 input.buffers.max-size.value = 32768
06-06 00:02:00.338 D/CCodecConfig(22829):   c2::u32 input.delay.value = 0
06-06 00:02:00.338 D/CCodecConfig(22829):   string input.media-type.value = "audio/vorbis"
06-06 00:02:00.338 D/CCodecConfig(22829):   string output.media-type.value = "audio/raw"
06-06 00:02:00.338 D/CCodecConfig(22829):   c2::u32 raw.channel-count.value = 1
06-06 00:02:00.338 D/CCodecConfig(22829):   c2::u32 raw.sample-rate.value = 48000
06-06 00:02:00.338 D/CCodecConfig(22829): }
06-06 00:02:00.339 D/MediaCodec(22829): [0xb4000076a06bd290] setState: 2
06-06 00:02:00.339 D/MediaCodec(22829): mInitName[c2.android.vorbis.decoder], mMediacodec[0xb4000076a06bd290], mCodec[0xb400007620ad8b50], mBufferChannel[0xb4000076608a9ed0]
06-06 00:02:00.339 D/MediaCodec(22829): [0xb4000076a06bd290] [c2.android.vorbis.decoder] configure
06-06 00:02:00.339 W/libc    (22829): Access denied finding property "media.resource.current.activity"
06-06 00:02:00.340 D/MediaCodec(22829): flushMediametrics
06-06 00:02:00.340 D/MediaCodec(22829): [0xb4000076a06bd290] setState: 3
06-06 00:02:00.340 D/CCodec  (22829): [c2.android.vorbis.decoder] buffers are bound to CCodec for this session
06-06 00:02:00.340 D/CCodecConfig(22829): no c2 equivalents for durationUs
06-06 00:02:00.340 D/CCodecConfig(22829): no c2 equivalents for track-id
06-06 00:02:00.340 D/CCodecConfig(22829): no c2 equivalents for csd-1
06-06 00:02:00.340 D/CCodecConfig(22829): no c2 equivalents for flags
06-06 00:02:00.341 D/CCodecConfig(22829): c2 config diff is   c2::u32 coded.bitrate.value = 499821
06-06 00:02:00.341 D/CCodecConfig(22829):   c2::u32 raw.channel-count.value = 2
06-06 00:02:00.341 D/CCodecConfig(22829):   c2::u32 raw.sample-rate.value = 44100
06-06 00:02:00.342 W/Codec2Client(22829): query -- param skipped: index = 1107298332.
06-06 00:02:00.342 D/CCodec  (22829): encoding statistics level = 0
06-06 00:02:00.342 D/CCodec  (22829): setup formats input: AMessage(what = 0x00000000) = {
06-06 00:02:00.342 D/CCodec  (22829):   int32_t bitrate = 499821
06-06 00:02:00.342 D/CCodec  (22829):   int32_t channel-count = 2
06-06 00:02:00.342 D/CCodec  (22829):   int32_t max-input-size = 32768
06-06 00:02:00.342 D/CCodec  (22829):   string mime = "audio/vorbis"
06-06 00:02:00.342 D/CCodec  (22829):   int32_t sample-rate = 44100
06-06 00:02:00.342 D/CCodec  (22829): }
06-06 00:02:00.342 D/CCodec  (22829): setup formats output: AMessage(what = 0x00000000) = {
06-06 00:02:00.342 D/CCodec  (22829):   int32_t channel-count = 2
06-06 00:02:00.342 D/CCodec  (22829):   string mime = "audio/raw"
06-06 00:02:00.342 D/CCodec  (22829):   int32_t sample-rate = 44100
06-06 00:02:00.342 D/CCodec  (22829):   int32_t channel-mask = 3
06-06 00:02:00.342 D/CCodec  (22829):   int32_t android._config-pcm-encoding = 2
06-06 00:02:00.342 D/CCodec  (22829): }
06-06 00:02:00.343 I/CCodecConfig(22829): query failed after returning 7 values (BAD_INDEX)
06-06 00:02:00.343 D/MediaCodec(22829): [0xb4000076a06bd290] setState: 4
06-06 00:02:00.343 D/MediaCodec(22829): [0xb4000076a06bd290] setState: 5
06-06 00:02:00.344 W/Codec2Client(22829): query -- param skipped: index = 1342179345.
06-06 00:02:00.344 W/Codec2Client(22829): query -- param skipped: index = 2415921170.
06-06 00:02:00.344 I/CCodecBufferChannel(22829): mIsVivoLogEnable = 0
06-06 00:02:00.345 D/CCodecBufferChannel(22829): [c2.android.vorbis.decoder#678] Created input block pool with allocatorID 16 => poolID 21 - OK (0)
06-06 00:02:00.355 I/CCodecBufferChannel(22829): [c2.android.vorbis.decoder#678] Created output block pool with allocatorID 16 => poolID 126 - OK
06-06 00:02:00.355 D/CCodecBufferChannel(22829): [c2.android.vorbis.decoder#678] Configured output block pool ids 126 => OK
06-06 00:02:00.355 D/CCodecBufferChannel(22829): [0xb4000076608a9ed0] [c2.android.vorbis.decoder#678] start: output->outputDelay 0, output->numSlots 4
06-06 00:02:00.356 D/CCodecBuffers(22829): [c2.android.vorbis.decoder#678:1D-Output.Impl[N]] converted 0 buffers to array mode of 4
06-06 00:02:00.356 D/CCodecBufferChannel(22829): [c2.android.vorbis.decoder#678] start: updating output delay 0
06-06 00:02:00.358 D/MediaCodec(22829): [0xb4000076a06bd290] setState: 6
06-06 00:02:00.362 D/CCodecBuffers(22829): [c2.android.vorbis.decoder#678:1D-Input.Impl[N]] converted 4 buffers to array mode of 4
06-06 00:02:00.373 I/MediaCodec(22829): [c2.android.vorbis.decoder] output format changed to: AMessage(what = 0x00000000) = {
06-06 00:02:00.373 I/MediaCodec(22829):       int32_t channel-count = 2
06-06 00:02:00.373 I/MediaCodec(22829):       string mime = "audio/raw"
06-06 00:02:00.373 I/MediaCodec(22829):       int32_t sample-rate = 44100
06-06 00:02:00.373 I/MediaCodec(22829):       int32_t channel-mask = 3
06-06 00:02:00.373 I/MediaCodec(22829):       int32_t android._config-pcm-encoding = 2
06-06 00:02:00.373 I/MediaCodec(22829):     }
06-06 00:02:00.373 D/MediaCodec(22829): get mPcmBytesMs = 176.399994
06-06 00:02:00.383 D/PipelineWatcher(22829): [0xb4000076608aa338] pipelineFull: too many frames in pipeline (4)
06-06 00:02:00.528 D/CCodecBufferChannel(22829): [c2.android.vorbis.decoder#678] input EOS
06-06 00:02:00.530 D/MediaCodec(22829): [0xb4000076a06bd290] [c2.android.vorbis.decoder] stop
06-06 00:02:00.531 I/MediaCodec(22829): ++kWhatRelease   mState :6
06-06 00:02:00.531 D/MediaCodec(22829): [0xb4000076a06bd290] setState: 9
06-06 00:02:00.531 D/CCodecBufferChannel(22829): [c2.android.vorbis.decoder#678] MediaCodec discarded an unknown buffer
06-06 00:02:00.531 D/CCodecBufferChannel(22829): [c2.android.vorbis.decoder#678] MediaCodec discarded an unknown buffer
06-06 00:02:00.531 D/CCodecBufferChannel(22829): [c2.android.vorbis.decoder#678] MediaCodec discarded an unknown buffer
06-06 00:02:00.532 D/MediaCodec(22829): [0xb4000076a06bd290] [c2.android.vorbis.decoder] kWhatStopCompleted
06-06 00:02:00.532 D/MediaCodec(22829): [0xb4000076a06bd290] setState: 2
06-06 00:02:00.532 D/MediaCodec(22829): [0xb4000076a06bd290] [c2.android.vorbis.decoder] release
06-06 00:02:00.532 I/MediaCodec(22829): ++kWhatRelease   mState :2
06-06 00:02:00.532 D/MediaCodec(22829): [0xb4000076a06bd290] setState: 10
06-06 00:02:00.535 I/hw-BpHwBinder(22829): onLastStrongRef automatically unlinking death recipients
06-06 00:02:00.536 D/MediaCodec(22829): [0xb4000076a06bd290] [c2.android.vorbis.decoder] kWhatReleaseCompleted
06-06 00:02:00.536 D/MediaCodec(22829): [0xb4000076a06bd290] setState: 0
06-06 00:02:00.538 D/MediaCodec(22829): flushMediametrics
06-06 00:02:00.539 I/CCodecBufferChannel(22829): Destructor 0xb4000076608a9ed0
06-06 00:02:00.800 I/EdgeTextToSpeech(22993): Bundled TTS cache ready: 0/48 phrases (Asset)
06-06 00:02:00.801 W/d.copilot.debug(22993): Method boolean androidx.compose.runtime.snapshots.SnapshotStateList.conditionalUpdate(boolean, kotlin.jvm.functions.Function1) failed lock verification and will run slower.
06-06 00:02:00.801 W/d.copilot.debug(22993): Common causes for lock verification issues are non-optimized dex code
06-06 00:02:00.801 W/d.copilot.debug(22993): and incorrect proguard optimizations.
06-06 00:02:00.801 W/d.copilot.debug(22993): Method boolean androidx.compose.runtime.snapshots.SnapshotStateList.conditionalUpdate$default(androidx.compose.runtime.snapshots.SnapshotStateList, boolean, kotlin.jvm.functions.Function1, int, java.lang.Object) failed lock verification and will run slower.
06-06 00:02:00.801 W/d.copilot.debug(22993): Method java.lang.Object androidx.compose.runtime.snapshots.SnapshotStateList.mutate(kotlin.jvm.functions.Function1) failed lock verification and will run slower.
06-06 00:02:00.801 W/d.copilot.debug(22993): Method void androidx.compose.runtime.snapshots.SnapshotStateList.update(boolean, kotlin.jvm.functions.Function1) failed lock verification and will run slower.
06-06 00:02:00.802 W/d.copilot.debug(22993): Method void androidx.compose.runtime.snapshots.SnapshotStateList.update$default(androidx.compose.runtime.snapshots.SnapshotStateList, boolean, kotlin.jvm.functions.Function1, int, java.lang.Object) failed lock verification and will run slower.
06-06 00:02:00.885 I/TextToSpeech(22993): Connected to TTS engine
06-06 00:02:00.889 I/TextToSpeech(22993): Setting up the connection to TTS engine...
06-06 00:02:00.916 D/BufferQueueConsumer(22993): [](id:59d100000000,api:0,p:-1,c:22993) connect: controlledByApp=false
06-06 00:02:00.919 E/FBI     (22993): Can't load library: dlopen failed: library "libmagtsync.so" not found
06-06 00:02:00.939 D/skia    (22993): GrGLMakeAssembledInterface verStr OpenGL ES 3.2 v1.r32p1-01eac0.0a0b917d9265b4c01be9925306306139
06-06 00:02:00.939 D/skia    (22993): GrGLMakeAssembledGLESInterface verStr OpenGL ES 3.2 v1.r32p1-01eac0.0a0b917d9265b4c01be9925306306139
06-06 00:02:00.939 D/skia    (22993): extensions init verString=OpenGL ES 3.2 v1.r32p1-01eac0.0a0b917d9265b4c01be9925306306139
06-06 00:02:00.945 I/BLASTBufferQueue(22993): QoSAllocBuff Successful. Ret 0 
06-06 00:02:00.979 I/mali    (22993): [DebugProp] GPU Debug-Mechanism Disable !
06-06 00:02:01.055 D/BLASTBufferQueue(22993): [VRI[MainActivity]#0](f:0,a:1) acquireNextBufferLocked size=720x1612 mFrameNumber=1 applyTransaction=true mTimestamp=49954987803900(auto) mPendingTransactions.size=0 graphicBufferId=98754183036933 transform=0
06-06 00:02:01.057 W/Parcel  (22993): Expecting binder but got null!
06-06 00:02:01.058 I/Choreographer(22993): Skipped 43 frames!  The application may be doing too much work on its main thread.
06-06 00:02:01.068 I/OpenGLRenderer(22993): Davey! duration=969ms; Flags=1, FrameTimelineVsyncId=21287054, IntendedVsync=49954020313762, Vsync=49954170313765, InputEventId=0, HandleInputStart=49954176448131, AnimationStart=49954176454669, PerformTraversalsStart=49954176646592, DrawStart=49954885681746, FrameDeadline=49954040313762, FrameInterval=49954176361977, FrameStartTime=16666667, SyncQueued=49954897684823, SyncStart=49954897778054, IssueDrawCommandsStart=49954898163207, SwapBuffers=49954985989438, FrameCompleted=49954989619592, DequeueBufferDuration=15693, QueueBufferDuration=480308, GpuCompleted=49954989619592, SwapBuffersCompleted=49954988643592, DisplayPresentTime=0, CommandSubmissionCompleted=49954985989438, 
06-06 00:02:01.091 W/libc    (22993): Access denied finding property "ro.hardware.chipname"
06-06 00:02:01.096 D/TrafficStats(22993): tagSocket(137) with statsTag=0xffffffff, statsUid=-1
06-06 00:02:01.096 D/TrafficStats(22993): tagSocket(138) with statsTag=0xffffffff, statsUid=-1
06-06 00:02:01.096 D/Linux   (22993): [Posix_connect Debug]Process com.firstaid.copilot.debug :8787 
06-06 00:02:01.096 D/Linux   (22993): [Posix_connect Debug]Process com.firstaid.copilot.debug :8787 
06-06 00:02:01.156 I/SherpaSpeechEngine(22993): ASR create start modelDir=/storage/emulated/0/Android/media/com.firstaid.copilot.debug/models/speech/stt-stream/sherpa-onnx-streaming-zipformer-bilingual-zh-en-2023-02-20
06-06 00:02:01.170 I/OpenGLRenderer(22993): Davey! duration=829ms; Flags=0, FrameTimelineVsyncId=21287094, IntendedVsync=49954263917840, Vsync=49954978618346, InputEventId=0, HandleInputStart=49954991557438, AnimationStart=49954991562361, PerformTraversalsStart=49955084239208, DrawStart=49955085318669, FrameDeadline=49954300538782, FrameInterval=49954991426977, FrameStartTime=16620942, SyncQueued=49955085857438, SyncStart=49955085946977, IssueDrawCommandsStart=49955086063515, SwapBuffers=49955088533746, FrameCompleted=49955093163284, DequeueBufferDuration=26153, QueueBufferDuration=179461, GpuCompleted=49955093163284, SwapBuffersCompleted=49955090751900, DisplayPresentTime=0, CommandSubmissionCompleted=49955088533746, 
06-06 00:02:01.172 I/ActivityTaskManager( 1553): Displayed com.firstaid.copilot.debug/com.firstaid.copilot.MainActivity: +1s795ms
06-06 00:02:01.183 V/ImeFocusController(22993): onWindowFocus: DecorView@97a686b[MainActivity] softInputMode=STATE_UNSPECIFIED|ADJUST_PAN|IS_FORWARD_NAVIGATION
06-06 00:02:01.183 V/ImeFocusController(22993): Restarting due to isRestartOnNextWindowFocus as true
06-06 00:02:01.184 D/ImeFocusController(22993): onViewFocusChanged, view=DecorView@97a686b[MainActivity], mServedView=null
06-06 00:02:01.184 V/ImeFocusController(22993): checkFocus: view=null next=DecorView@97a686b[MainActivity] immDelegate=delegate{2dc1b8e displayId=0} force=true package=<none>
06-06 00:02:01.191 I/FontLog ( 3989): (REDACTED) Received query %s, URI %s
06-06 00:02:01.192 I/FontLog ( 3989): (REDACTED) Query [%s] resolved to %s
06-06 00:02:01.193 I/FontLog ( 3989): (REDACTED) Fetch %s end status %s
06-06 00:02:01.199 I/FontLog ( 3989): (REDACTED) Pulling font file for id = %d, cache size = %d
06-06 00:02:01.205 I/FontLog ( 3989): (REDACTED) Pulling font file for id = %d, cache size = %d
06-06 00:02:01.254 V/ActivityThread(22993): updateVmProcessStateForGc sceneId =1 state=196608
06-06 00:02:01.254 I/d.copilot.debug(22993): Close vivo delay for GC JIT .
06-06 00:02:01.904 I/d.copilot.debug(22993): Compiler allocated 5703KB to compile void android.view.ViewRootImpl.performTraversals()
06-06 00:02:02.647 W/ProcessState(23222): Extra binder thread started, but 0 threads requested. Do not use *startThreadPool when zero threads are requested.
06-06 00:02:02.674 I/DMABUFHEAPS(23222): Using DMA-BUF heap named: mtk_mm
06-06 00:02:02.674 I/DMABUFHEAPS(23222): Using DMA-BUF heap named: mtk_mm-uncached
06-06 00:02:02.675 I/DMABUFHEAPS(23222): Using DMA-BUF heap named: mtk_svp_region-aligned
06-06 00:02:02.675 I/DMABUFHEAPS(23222): Using DMA-BUF heap named: mtk_prot_region
06-06 00:02:02.675 I/DMABUFHEAPS(23222): Using DMA-BUF heap named: mtk_2d_fr_region
06-06 00:02:02.675 I/DMABUFHEAPS(23222): Using DMA-BUF heap named: mtk_wfd_region-aligned
06-06 00:02:02.675 D/OpenGLRenderer(23222): Bitmap::compress format:Png w:720 h:1612 quality:100 app_apk:screencap 
06-06 00:02:02.675 W/libc    (23222): Access denied finding property "vendor.vivo.imageencoder.dump"
06-06 00:02:02.779 W/RefBase (23222): RefBase: Explicit destruction, weak count = 0 (in 0x7901be3468). Use sp<> to manage this object.
06-06 00:02:02.784 D/RefBase (23222): #00 pc 000000000010cc18  /apex/com.android.runtime/lib64/bionic/libc.so (__cxa_finalize+280)
06-06 00:02:02.784 D/RefBase (23222): #01 pc 00000000000fee08  /apex/com.android.runtime/lib64/bionic/libc.so (exit+24)
06-06 00:02:02.784 D/RefBase (23222): #02 pc 00000000000927f4  /apex/com.android.runtime/lib64/bionic/libc.so (__libc_init+100)
06-06 00:02:02.936 E/appproc (23231): checkAndSetEnv get_baksize open file /data/dalvik-cache/classpath failed , error(Permission denied)
06-06 00:02:02.936 E/appproc (23231): checkAndSetEnv write_classpathbak open file failed:Permission denied
06-06 00:02:02.936 E/appproc (23231): checkAndSetEnv get_baksize open file /data/dalvik-cache/classpath2 failed , error(Permission denied)
06-06 00:02:02.936 E/appproc (23231): checkAndSetEnv write_classpathbak open file failed:Permission denied
06-06 00:02:02.936 E/appproc (23231): checkAndSetEnv get_baksize open file /data/dalvik-cache/classpath3 failed , error(Permission denied)
06-06 00:02:02.936 E/appproc (23231): checkAndSetEnv write_classpathbak open file failed:Permission denied
06-06 00:02:02.936 E/appproc (23231): checkAndSetEnv get_baksize open file /data/dalvik-cache/classpath4 failed , error(Permission denied)
06-06 00:02:02.936 E/appproc (23231): checkAndSetEnv write_classpathbak open file failed:Permission denied
06-06 00:02:02.936 D/AndroidRuntime(23231): >>>>>> START com.android.internal.os.RuntimeInit uid 2000 <<<<<<
06-06 00:02:02.941 I/AndroidRuntime(23231): Using default boot image
06-06 00:02:02.941 I/AndroidRuntime(23231): Leaving lock profiling enabled
06-06 00:02:02.944 W/app_process(23231): ART APEX data files are untrusted.
06-06 00:02:03.058 D/app_process(23231): Time zone APEX ICU file found: /apex/com.android.tzdata/etc/icu/icu_tzdata.dat
06-06 00:02:03.058 D/app_process(23231): I18n APEX ICU file found: /apex/com.android.i18n/etc/icu/icudt70l.dat
06-06 00:02:03.067 E/app_process(23231): No implementation found for long android.os.Trace.nativeGetEnabledTags() (tried Java_android_os_Trace_nativeGetEnabledTags and Java_android_os_Trace_nativeGetEnabledTags__)
06-06 00:02:03.067 E/app_process(23231): No implementation found for long android.os.Trace.nativeGetEnabledTags() (tried Java_android_os_Trace_nativeGetEnabledTags and Java_android_os_Trace_nativeGetEnabledTags__)
06-06 00:02:03.067 E/System  (23231): openDexFile load detect error
06-06 00:02:03.067 E/System  (23231): java.lang.reflect.InvocationTargetException
06-06 00:02:03.067 E/System  (23231): 	at java.lang.reflect.Method.invoke(Native Method)
06-06 00:02:03.067 E/System  (23231): 	at dalvik.system.DexFile.openDexFile(DexFile.java:387)
06-06 00:02:03.067 E/System  (23231): 	at dalvik.system.DexFile.<init>(DexFile.java:118)
06-06 00:02:03.067 E/System  (23231): 	at dalvik.system.DexFile.<init>(DexFile.java:91)
06-06 00:02:03.067 E/System  (23231): 	at dalvik.system.DexPathList.loadDexFile(DexPathList.java:438)
06-06 00:02:03.067 E/System  (23231): 	at dalvik.system.DexPathList.makeDexElements(DexPathList.java:397)
06-06 00:02:03.067 E/System  (23231): 	at dalvik.system.DexPathList.<init>(DexPathList.java:166)
06-06 00:02:03.067 E/System  (23231): 	at dalvik.system.BaseDexClassLoader.<init>(BaseDexClassLoader.java:160)
06-06 00:02:03.067 E/System  (23231): 	at dalvik.system.BaseDexClassLoader.<init>(BaseDexClassLoader.java:105)
06-06 00:02:03.067 E/System  (23231): 	at dalvik.system.PathClassLoader.<init>(PathClassLoader.java:71)
06-06 00:02:03.067 E/System  (23231): 	at java.lang.ClassLoader.createSystemClassLoader(ClassLoader.java:224)
06-06 00:02:03.067 E/System  (23231): 	at java.lang.ClassLoader.-$$Nest$smcreateSystemClassLoader(Unknown Source:0)
06-06 00:02:03.067 E/System  (23231): 	at java.lang.ClassLoader$SystemClassLoader.<clinit>(ClassLoader.java:183)
06-06 00:02:03.067 E/System  (23231): 	at java.lang.ClassLoader.getSystemClassLoader(ClassLoader.java:1098)
06-06 00:02:03.067 E/System  (23231): Caused by: java.lang.UnsatisfiedLinkError: No implementation found for long android.os.Trace.nativeGetEnabledTags() (tried Java_android_os_Trace_nativeGetEnabledTags and Java_android_os_Trace_nativeGetEnabledTags__)
06-06 00:02:03.067 E/System  (23231): 	at android.os.Trace.nativeGetEnabledTags(Native Method)
06-06 00:02:03.067 E/System  (23231): 	at android.os.Trace.isTagEnabled(Trace.java:163)
06-06 00:02:03.067 E/System  (23231): 	at android.os.Trace.endSection(Trace.java:398)
06-06 00:02:03.067 E/System  (23231): 	at com.vivo.framework.securitydetect.DynamicLoadDetectManager.reportDexLoaded(DynamicLoadDetectManager.java:156)
06-06 00:02:03.067 E/System  (23231): 	... 14 more
06-06 00:02:03.071 E/app_process(23231): No implementation found for long android.os.Trace.nativeGetEnabledTags() (tried Java_android_os_Trace_nativeGetEnabledTags and Java_android_os_Trace_nativeGetEnabledTags__)
06-06 00:02:03.071 E/app_process(23231): No implementation found for long android.os.Trace.nativeGetEnabledTags() (tried Java_android_os_Trace_nativeGetEnabledTags and Java_android_os_Trace_nativeGetEnabledTags__)
06-06 00:02:03.071 E/System  (23231): openDexFile load detect error
06-06 00:02:03.072 E/System  (23231): java.lang.reflect.InvocationTargetException
06-06 00:02:03.072 E/System  (23231): 	at java.lang.reflect.Method.invoke(Native Method)
06-06 00:02:03.072 E/System  (23231): 	at dalvik.system.DexFile.openDexFile(DexFile.java:387)
06-06 00:02:03.072 E/System  (23231): 	at dalvik.system.DexFile.<init>(DexFile.java:118)
06-06 00:02:03.072 E/System  (23231): 	at dalvik.system.DexFile.<init>(DexFile.java:91)
06-06 00:02:03.072 E/System  (23231): 	at dalvik.system.DexPathList.loadDexFile(DexPathList.java:438)
06-06 00:02:03.072 E/System  (23231): 	at dalvik.system.DexPathList.makeDexElements(DexPathList.java:397)
06-06 00:02:03.072 E/System  (23231): 	at dalvik.system.DexPathList.<init>(DexPathList.java:166)
06-06 00:02:03.072 E/System  (23231): 	at dalvik.system.BaseDexClassLoader.<init>(BaseDexClassLoader.java:160)
06-06 00:02:03.072 E/System  (23231): 	at dalvik.system.BaseDexClassLoader.<init>(BaseDexClassLoader.java:105)
06-06 00:02:03.072 E/System  (23231): 	at dalvik.system.PathClassLoader.<init>(PathClassLoader.java:71)
06-06 00:02:03.072 E/System  (23231): 	at java.lang.ClassLoader.createSystemClassLoader(ClassLoader.java:224)
06-06 00:02:03.072 E/System  (23231): 	at java.lang.ClassLoader.-$$Nest$smcreateSystemClassLoader(Unknown Source:0)
06-06 00:02:03.072 E/System  (23231): 	at java.lang.ClassLoader$SystemClassLoader.<clinit>(ClassLoader.java:183)
06-06 00:02:03.072 E/System  (23231): 	at java.lang.ClassLoader.getSystemClassLoader(ClassLoader.java:1098)
06-06 00:02:03.072 E/System  (23231): Caused by: java.lang.UnsatisfiedLinkError: No implementation found for long android.os.Trace.nativeGetEnabledTags() (tried Java_android_os_Trace_nativeGetEnabledTags and Java_android_os_Trace_nativeGetEnabledTags__)
06-06 00:02:03.072 E/System  (23231): 	at android.os.Trace.nativeGetEnabledTags(Native Method)
06-06 00:02:03.072 E/System  (23231): 	at android.os.Trace.isTagEnabled(Trace.java:163)
06-06 00:02:03.072 E/System  (23231): 	at android.os.Trace.endSection(Trace.java:398)
06-06 00:02:03.072 E/System  (23231): 	at com.vivo.framework.securitydetect.DynamicLoadDetectManager.reportDexLoaded(DynamicLoadDetectManager.java:156)
06-06 00:02:03.072 E/System  (23231): 	... 14 more
06-06 00:02:03.073 W/app_process(23231): ClassLoaderContext classpath size mismatch. expected=0, found=1 (PCL[] | PCL[/system/framework/android.test.runner.jar*2259575933])
06-06 00:02:03.076 I/VivoSystemFrameworkFactory(23231): Instance implClass com.vivo.VivoSystemFrameworkFactoryImpl
06-06 00:02:03.098 D/AndroidRuntime(23231): Calling main entry com.android.commands.uiautomator.Launcher
06-06 00:02:03.102 W/ziparchive(23231): Unable to open '/system/framework/mediatek-framework.dm': No such file or directory
06-06 00:02:03.102 W/ziparchive(23231): Unable to open '/system/framework/mediatek-framework.dm': No such file or directory
06-06 00:02:03.110 W/uiautomator(23231): type=1400 audit(0.0:3426830): avc: denied { read } for name="user_cpu_freq" dev="sysfs" ino=49317 scontext=u:r:shell:s0 tcontext=u:object_r:sysfs_user_cpu_freq:s0 tclass=file permissive=0
06-06 00:02:03.622 I/SherpaSpeechEngine(22993): ASR create done
06-06 00:02:03.625 I/SherpaSpeechEngine(22993): ASR accept waveform samples=3200
06-06 00:02:03.626 I/SherpaSpeechEngine(22993): ASR decode done iterations=0
06-06 00:02:03.655 I/SherpaSpeechEngine(22993): ASR create start modelDir=/storage/emulated/0/Android/media/com.firstaid.copilot.debug/models/speech/stt-stream/sherpa-onnx-streaming-zipformer-bilingual-zh-en-2023-02-20
06-06 00:02:04.126 W/uiautomator(23231): type=1400 audit(0.0:3426831): avc: denied { read } for name="u:object_r:qemu_sf_lcd_density_prop:s0" dev="tmpfs" ino=280 scontext=u:r:shell:s0 tcontext=u:object_r:qemu_sf_lcd_density_prop:s0 tclass=file permissive=0
06-06 00:02:04.126 W/uiautomator(23231): type=1400 audit(0.0:3426832): avc: denied { read } for name="u:object_r:qemu_sf_lcd_density_prop:s0" dev="tmpfs" ino=280 scontext=u:r:shell:s0 tcontext=u:object_r:qemu_sf_lcd_density_prop:s0 tclass=file permissive=0
06-06 00:02:04.130 W/libc    (23231): Access denied finding property "qemu.sf.lcd_density"
06-06 00:02:04.131 W/libc    (23231): Access denied finding property "qemu.sf.lcd_density"
06-06 00:02:04.154 W/AccessibilityNodeInfoDumper(23231): Fetch time: 21ms
06-06 00:02:04.195 D/AndroidRuntime(23231): Shutting down VM
06-06 00:02:04.956 D/BufferPoolAccessor2.0(22829): bufferpool2 0xb4000076306bc098 : 0(0 size) total buffers - 0(0 size) used buffers - 2/7 (recycle/alloc) - 7/94 (fetch/transfer)
06-06 00:02:04.956 D/BufferPoolAccessor2.0(22829): bufferpool2 0xb4000076306c1628 : 0(0 size) total buffers - 0(0 size) used buffers - 2/7 (recycle/alloc) - 5/46 (fetch/transfer)
06-06 00:02:04.956 D/BufferPoolAccessor2.0(22829): evictor expired: 2, evicted: 2
06-06 00:02:05.018 W/RefBase (23231): RefBase: Explicit destruction, weak count = 0 (in 0x7a165ca468). Use sp<> to manage this object.
06-06 00:02:05.023 D/RefBase (23231): #00 pc 000000000010cc18  /apex/com.android.runtime/lib64/bionic/libc.so (__cxa_finalize+280)
06-06 00:02:05.023 D/RefBase (23231): #01 pc 00000000000fee08  /apex/com.android.runtime/lib64/bionic/libc.so (exit+24)
06-06 00:02:05.023 D/RefBase (23231): #02 pc 00000000000927f4  /apex/com.android.runtime/lib64/bionic/libc.so (__libc_init+100)
06-06 00:02:05.557 D/ProfileInstaller(22993): Installing profile for com.firstaid.copilot.debug
06-06 00:02:05.575 I/SherpaSpeechEngine(22993): ASR create done
06-06 00:02:05.579 I/SherpaSpeechEngine(22993): TTS create start model=/storage/emulated/0/Android/media/com.firstaid.copilot.debug/models/speech/tts/model.int8.onnx
06-06 00:02:05.592 W/sherpa-onnx(22993): /home/runner/work/sherpa-onnx/sherpa-onnx/sherpa-onnx/jni/offline-tts.cc:operator():481
06-06 00:02:05.592 W/sherpa-onnx(22993): config:
06-06 00:02:05.592 W/sherpa-onnx(22993): OfflineTtsConfig(model=OfflineTtsModelConfig(vits=OfflineTtsVitsModelConfig(model="/storage/emulated/0/Android/media/com.firstaid.copilot.debug/models/speech/tts/model.int8.onnx", lexicon="/storage/emulated/0/Android/media/com.firstaid.copilot.debug/models/speech/tts/lexicon.txt", tokens="/storage/emulated/0/Android/media/com.firstaid.copilot.debug/models/speech/tts/tokens.txt", data_dir="", noise_scale=0.667, noise_scale_w=0.8, length_scale=1), matcha=OfflineTtsMatchaModelConfig(acoustic_model="", vocoder="", lexicon="", tokens="", data_dir="", noise_scale=1, length_scale=1), kokoro=OfflineTtsKokoroModelConfig(model="", voices="", tokens="", lexicon="", data_dir="", length_scale=1, lang=""), zipvoice=OfflineTtsZipvoiceModelConfig(tokens="", encoder="", decoder="", vocoder="", data_dir="", lexicon="", feat_scale=0.1, t_shift=0.5, target_rms=0.1, guidance_scale=1), kitten=OfflineTtsKittenModelConfig(model="", voices="", tokens="", data_dir="", length_scale=1), pocket=OfflineTtsPocketModelConfig(lm_flo
06-06 00:02:05.963 D/BufferPoolAccessor2.0(22829): bufferpool2 0xb4000076306bce78 : 0(0 size) total buffers - 0(0 size) used buffers - 2/7 (recycle/alloc) - 9/140 (fetch/transfer)
06-06 00:02:05.963 D/BufferPoolAccessor2.0(22829): bufferpool2 0xb4000076306bc2e8 : 0(0 size) total buffers - 0(0 size) used buffers - 2/7 (recycle/alloc) - 5/144 (fetch/transfer)
06-06 00:02:05.963 D/BufferPoolAccessor2.0(22829): bufferpool2 0xb4000076306bec88 : 0(0 size) total buffers - 0(0 size) used buffers - 2/7 (recycle/alloc) - 5/58 (fetch/transfer)
06-06 00:02:05.963 D/BufferPoolAccessor2.0(22829): evictor expired: 3, evicted: 3
06-06 00:02:11.421 I/SherpaSpeechEngine(22993): TTS create done
06-06 00:02:11.421 I/SherpaSpeechEngine(22993): TTS generate start chars=4
06-06 00:02:14.164 D/BoundBrokerSvc( 5058): onUnbind: Intent { act=com.google.android.gms.feedback.internal.IFeedbackService dat=chimera-action:/... cmp=com.google.android.gms/.chimera.GmsBoundBrokerService }
06-06 00:02:14.215 D/BoundBrokerSvc( 3989): onUnbind: Intent { act=com.google.android.gms.icing.LIGHTWEIGHT_INDEX_SERVICE dat=chimera-action:/... cmp=com.google.android.gms/.chimera.PersistentApiService }
06-06 00:02:14.916 I/SherpaSpeechEngine(22993): TTS generate done
06-06 00:02:14.921 I/SherpaSpeechEngine(22993): TTS save done bytes=71724
06-06 00:02:14.922 I/EdgeTextToSpeech(22993): Sherpa TTS cached '继续按压' in 9343ms
06-06 00:02:14.931 E/d.copilot.debug(22993): No implementation found for void com.google.ai.edge.litertlm.NativeLibraryLoader.nativeCheckLoaded() (tried Java_com_google_ai_edge_litertlm_NativeLibraryLoader_nativeCheckLoaded and Java_com_google_ai_edge_litertlm_NativeLibraryLoader_nativeCheckLoaded__)
06-06 00:02:14.944 I/native  (22993): I0000 00:00:1780675334.944757   23106 litert_lm_loader.cc:183] LitertLmLoader::Initialize
06-06 00:02:14.945 I/native  (22993): I0000 00:00:1780675334.945037   23106 litert_lm_loader.cc:206] mmap_status is ok
06-06 00:02:14.945 I/native  (22993): I0000 00:00:1780675334.945342   23106 litert_lm_loader.cc:211] status: OK
06-06 00:02:14.945 I/native  (22993): I0000 00:00:1780675334.945388   23106 litert_lm_loader.cc:212] major_version: 1
06-06 00:02:14.945 I/native  (22993): I0000 00:00:1780675334.945428   23106 litert_lm_loader.cc:213] minor_version: 5
06-06 00:02:14.945 I/native  (22993): I0000 00:00:1780675334.945442   23106 litert_lm_loader.cc:214] patch_version: 0
06-06 00:02:14.945 I/native  (22993): I0000 00:00:1780675334.945473   23106 litert_lm_loader.cc:247] section_index: 0
06-06 00:02:14.945 I/native  (22993): I0000 00:00:1780675334.945488   23106 litert_lm_loader.cc:248] section_data_type: LlmMetadataProto
06-06 00:02:14.945 I/native  (22993): I0000 00:00:1780675334.945503   23106 litert_lm_loader.cc:250] section_begin_offset: 16384
06-06 00:02:14.945 I/native  (22993): I0000 00:00:1780675334.945515   23106 litert_lm_loader.cc:251] section_end_offset: 28576
06-06 00:02:14.945 I/native  (22993): I0000 00:00:1780675334.945529   23106 litert_lm_loader.cc:247] section_index: 1
06-06 00:02:14.945 I/native  (22993): I0000 00:00:1780675334.945542   23106 litert_lm_loader.cc:248] section_data_type: SP_Tokenizer
06-06 00:02:14.945 I/native  (22993): I0000 00:00:1780675334.945554   23106 litert_lm_loader.cc:250] section_begin_offset: 32768
06-06 00:02:14.945 I/native  (22993): I0000 00:00:1780675334.945567   23106 litert_lm_loader.cc:251] section_end_offset: 4721781
06-06 00:02:14.945 I/native  (22993): I0000 00:00:1780675334.945593   23106 litert_lm_loader.cc:100] model_type: tf_lite_embedder
06-06 00:02:14.945 I/native  (22993): I0000 00:00:1780675334.945612   23106 litert_lm_loader.cc:247] section_index: 2
06-06 00:02:14.945 I/native  (22993): I0000 00:00:1780675334.945628   23106 litert_lm_loader.cc:248] section_data_type: TFLiteModel
06-06 00:02:14.945 I/native  (22993): I0000 00:00:1780675334.945642   23106 litert_lm_loader.cc:250] section_begin_offset: 4734976
06-06 00:02:14.945 I/native  (22993): I0000 00:00:1780675334.945657   23106 litert_lm_loader.cc:251] section_end_offset: 108546696
06-06 00:02:14.945 I/native  (22993): I0000 00:00:1780675334.945674   23106 litert_lm_loader.cc:100] model_type: tf_lite_per_layer_embedder
06-06 00:02:14.945 I/native  (22993): I0000 00:00:1780675334.945691   23106 litert_lm_loader.cc:247] section_index: 3
06-06 00:02:14.945 I/native  (22993): I0000 00:00:1780675334.945708   23106 litert_lm_loader.cc:248] section_data_type: TFLiteModel
06-06 00:02:14.945 I/native  (22993): I0000 00:00:1780675334.945722   23106 litert_lm_loader.cc:250] section_begin_offset: 108560384
06-06 00:02:14.945 I/native  (22993): I0000 00:00:1780675334.945738   23106 litert_lm_loader.cc:251] section_end_offset: 1393078776
06-06 00:02:14.945 I/native  (22993): I0000 00:00:1780675334.945755   23106 litert_lm_loader.cc:100] model_type: tf_lite_audio_encoder_hw
06-06 00:02:14.945 I/native  (22993): I0000 00:00:1780675334.945777   23106 litert_lm_loader.cc:230] section_backend_constraint: cpu
06-06 00:02:14.945 I/native  (22993): I0000 00:00:1780675334.945797   23106 litert_lm_loader.cc:247] section_index: 4
06-06 00:02:14.945 I/native  (22993): I0000 00:00:1780675334.945825   23106 litert_lm_loader.cc:248] section_data_type: TFLiteModel
06-06 00:02:14.945 I/native  (22993): I0000 00:00:1780675334.945842   23106 litert_lm_loader.cc:250] section_begin_offset: 1393082368
06-06 00:02:14.945 I/native  (22993): I0000 00:00:1780675334.945863   23106 litert_lm_loader.cc:251] section_end_offset: 1487134648
06-06 00:02:14.945 I/native  (22993): I0000 00:00:1780675334.945888   23106 litert_lm_loader.cc:100] model_type: tf_lite_audio_adapter
06-06 00:02:14.945 I/native  (22993): I0000 00:00:1780675334.945907   23106 litert_lm_loader.cc:230] section_backend_constraint: cpu
06-06 00:02:14.945 I/native  (22993): I0000 00:00:1780675334.945923   23106 litert_lm_loader.cc:247] section_index: 5
06-06 00:02:14.945 I/native  (22993): I0000 00:00:1780675334.945939   23106 litert_lm_loader.cc:248] section_data_type: TFLiteModel
06-06 00:02:14.945 I/native  (22993): I0000 00:00:1780675334.945953   23106 litert_lm_loader.cc:250] section_begin_offset: 1487142912
06-06 00:02:14.945 I/native  (22993): I0000 00:00:1780675334.945968   23106 litert_lm_loader.cc:251] section_end_offset: 1496584156
06-06 00:02:14.945 I/native  (22993): I0000 00:00:1780675334.945984   23106 litert_lm_loader.cc:100] model_type: tf_lite_end_of_audio
06-06 00:02:14.946 I/native  (22993): I0000 00:00:1780675334.945999   23106 litert_lm_loader.cc:247] section_index: 6
06-06 00:02:14.946 I/native  (22993): I0000 00:00:1780675334.946017   23106 litert_lm_loader.cc:248] section_data_type: TFLiteModel
06-06 00:02:14.946 I/native  (22993): I0000 00:00:1780675334.946031   23106 litert_lm_loader.cc:250] section_begin_offset: 1496596480
06-06 00:02:14.946 I/native  (22993): I0000 00:00:1780675334.946049   23106 litert_lm_loader.cc:251] section_end_offset: 1496603252
06-06 00:02:14.946 I/native  (22993): I0000 00:00:1780675334.946067   23106 litert_lm_loader.cc:100] model_type: tf_lite_vision_encoder
06-06 00:02:14.946 I/native  (22993): I0000 00:00:1780675334.946083   23106 litert_lm_loader.cc:234] section_prefer_activation_type: fp16
06-06 00:02:14.946 I/native  (22993): I0000 00:00:1780675334.946097   23106 litert_lm_loader.cc:247] section_index: 7
06-06 00:02:14.946 I/native  (22993): I0000 00:00:1780675334.946113   23106 litert_lm_loader.cc:248] section_data_type: TFLiteModel
06-06 00:02:14.946 I/native  (22993): I0000 00:00:1780675334.946159   23106 litert_lm_loader.cc:250] section_begin_offset: 1496612864
06-06 00:02:14.946 I/native  (22993): I0000 00:00:1780675334.946176   23106 litert_lm_loader.cc:251] section_end_offset: 1720750800
06-06 00:02:14.946 I/native  (22993): I0000 00:00:1780675334.946193   23106 litert_lm_loader.cc:100] model_type: tf_lite_vision_adapter
06-06 00:02:14.946 I/native  (22993): I0000 00:00:1780675334.946209   23106 litert_lm_loader.cc:230] section_backend_constraint: cpu
06-06 00:02:14.946 I/native  (22993): I0000 00:00:1780675334.946223   23106 litert_lm_loader.cc:247] section_index: 8
06-06 00:02:14.946 I/native  (22993): I0000 00:00:1780675334.946240   23106 litert_lm_loader.cc:248] section_data_type: TFLiteModel
06-06 00:02:14.946 I/native  (22993): I0000 00:00:1780675334.946255   23106 litert_lm_loader.cc:250] section_begin_offset: 1720762368
06-06 00:02:14.946 I/native  (22993): I0000 00:00:1780675334.946271   23106 litert_lm_loader.cc:251] section_end_offset: 1725505296
06-06 00:02:14.946 I/native  (22993): I0000 00:00:1780675334.946287   23106 litert_lm_loader.cc:100] model_type: tf_lite_end_of_vision
06-06 00:02:14.946 I/native  (22993): I0000 00:00:1780675334.946302   23106 litert_lm_loader.cc:247] section_index: 9
06-06 00:02:14.946 I/native  (22993): I0000 00:00:1780675334.946317   23106 litert_lm_loader.cc:248] section_data_type: TFLiteModel
06-06 00:02:14.946 I/native  (22993): I0000 00:00:1780675334.946331   23106 litert_lm_loader.cc:250] section_begin_offset: 1725513728
06-06 00:02:14.946 I/native  (22993): I0000 00:00:1780675334.946346   23106 litert_lm_loader.cc:251] section_end_offset: 1725520500
06-06 00:02:14.946 I/native  (22993): I0000 00:00:1780675334.946363   23106 litert_lm_loader.cc:100] model_type: tf_lite_prefill_decode
06-06 00:02:14.946 I/native  (22993): I0000 00:00:1780675334.946378   23106 litert_lm_loader.cc:234] section_prefer_activation_type: fp16
06-06 00:02:14.946 I/native  (22993): I0000 00:00:1780675334.946392   23106 litert_lm_loader.cc:247] section_index: 10
06-06 00:02:14.946 I/native  (22993): I0000 00:00:1780675334.946408   23106 litert_lm_loader.cc:248] section_data_type: TFLiteModel
06-06 00:02:14.946 I/native  (22993): I0000 00:00:1780675334.946421   23106 litert_lm_loader.cc:250] section_begin_offset: 1725530112
06-06 00:02:14.946 I/native  (22993): I0000 00:00:1780675334.946436   23106 litert_lm_loader.cc:251] section_end_offset: 2543805296
06-06 00:02:14.946 I/native  (22993): I0000 00:00:1780675334.946452   23106 litert_lm_loader.cc:100] model_type: tf_lite_mtp_drafter
06-06 00:02:14.946 I/native  (22993): I0000 00:00:1780675334.946470   23106 litert_lm_loader.cc:247] section_index: 11
06-06 00:02:14.946 I/native  (22993): I0000 00:00:1780675334.946485   23106 litert_lm_loader.cc:248] section_data_type: TFLiteModel
06-06 00:02:14.946 I/native  (22993): I0000 00:00:1780675334.946501   23106 litert_lm_loader.cc:250] section_begin_offset: 2543812608
06-06 00:02:14.946 I/native  (22993): I0000 00:00:1780675334.946516   23106 litert_lm_loader.cc:251] section_end_offset: 2588138320
06-06 00:02:14.948 I/native  (22993): I0000 00:00:1780675334.948259   23106 litert_lm_loader.cc:183] LitertLmLoader::Initialize
06-06 00:02:14.948 I/native  (22993): I0000 00:00:1780675334.948331   23106 litert_lm_loader.cc:206] mmap_status is ok
06-06 00:02:14.948 I/native  (22993): I0000 00:00:1780675334.948360   23106 litert_lm_loader.cc:211] status: OK
06-06 00:02:14.948 I/native  (22993): I0000 00:00:1780675334.948375   23106 litert_lm_loader.cc:212] major_version: 1
06-06 00:02:14.948 I/native  (22993): I0000 00:00:1780675334.948395   23106 litert_lm_loader.cc:213] minor_version: 5
06-06 00:02:14.948 I/native  (22993): I0000 00:00:1780675334.948408   23106 litert_lm_loader.cc:214] patch_version: 0
06-06 00:02:14.948 I/native  (22993): I0000 00:00:1780675334.948426   23106 litert_lm_loader.cc:247] section_index: 0
06-06 00:02:14.948 I/native  (22993): I0000 00:00:1780675334.948438   23106 litert_lm_loader.cc:248] section_data_type: LlmMetadataProto
06-06 00:02:14.948 I/native  (22993): I0000 00:00:1780675334.948450   23106 litert_lm_loader.cc:250] section_begin_offset: 16384
06-06 00:02:14.948 I/native  (22993): I0000 00:00:1780675334.948463   23106 litert_lm_loader.cc:251] section_end_offset: 28576
06-06 00:02:14.948 I/native  (22993): I0000 00:00:1780675334.948478   23106 litert_lm_loader.cc:247] section_index: 1
06-06 00:02:14.948 I/native  (22993): I0000 00:00:1780675334.948490   23106 litert_lm_loader.cc:248] section_data_type: SP_Tokenizer
06-06 00:02:14.948 I/native  (22993): I0000 00:00:1780675334.948502   23106 litert_lm_loader.cc:250] section_begin_offset: 32768
06-06 00:02:14.948 I/native  (22993): I0000 00:00:1780675334.948514   23106 litert_lm_loader.cc:251] section_end_offset: 4721781
06-06 00:02:14.948 I/native  (22993): I0000 00:00:1780675334.948528   23106 litert_lm_loader.cc:100] model_type: tf_lite_embedder
06-06 00:02:14.948 I/native  (22993): I0000 00:00:1780675334.948543   23106 litert_lm_loader.cc:247] section_index: 2
06-06 00:02:14.948 I/native  (22993): I0000 00:00:1780675334.948556   23106 litert_lm_loader.cc:248] section_data_type: TFLiteModel
06-06 00:02:14.948 I/native  (22993): I0000 00:00:1780675334.948569   23106 litert_lm_loader.cc:250] section_begin_offset: 4734976
06-06 00:02:14.948 I/native  (22993): I0000 00:00:1780675334.948585   23106 litert_lm_loader.cc:251] section_end_offset: 108546696
06-06 00:02:14.948 I/native  (22993): I0000 00:00:1780675334.948603   23106 litert_lm_loader.cc:100] model_type: tf_lite_per_layer_embedder
06-06 00:02:14.948 I/native  (22993): I0000 00:00:1780675334.948621   23106 litert_lm_loader.cc:247] section_index: 3
06-06 00:02:14.948 I/native  (22993): I0000 00:00:1780675334.948639   23106 litert_lm_loader.cc:248] section_data_type: TFLiteModel
06-06 00:02:14.948 I/native  (22993): I0000 00:00:1780675334.948653   23106 litert_lm_loader.cc:250] section_begin_offset: 108560384
06-06 00:02:14.948 I/native  (22993): I0000 00:00:1780675334.948668   23106 litert_lm_loader.cc:251] section_end_offset: 1393078776
06-06 00:02:14.948 I/native  (22993): I0000 00:00:1780675334.948686   23106 litert_lm_loader.cc:100] model_type: tf_lite_audio_encoder_hw
06-06 00:02:14.948 I/native  (22993): I0000 00:00:1780675334.948704   23106 litert_lm_loader.cc:230] section_backend_constraint: cpu
