--------- beginning of main
06-06 00:24:05.194 I/d.copilot.debug(27029): Late-enabling -Xcheck:jni
--------- beginning of system
06-06 00:24:05.264 V/ActivityThread(27029): updateVmProcessStateForGc sceneId =1 state=197376
06-06 00:24:05.266 I/d.copilot.debug(27029): Open vivo delay for GC JIT .
06-06 00:24:05.271 D/CompatibilityChangeReporter(27029): Compat change id reported: 171979766; UID 10299; state: ENABLED
06-06 00:24:05.284 W/ziparchive(27029): Unable to open '/data/app/~~mU5VRCBpDYS2nuUJIoMQtQ==/com.firstaid.copilot.debug-tAfD4teF1IFSxtVckof-dA==/base.dm': No such file or directory
06-06 00:24:05.284 W/ziparchive(27029): Unable to open '/data/app/~~mU5VRCBpDYS2nuUJIoMQtQ==/com.firstaid.copilot.debug-tAfD4teF1IFSxtVckof-dA==/base.dm': No such file or directory
06-06 00:24:05.729 V/GraphicsEnvironment(27029): ANGLE Developer option for 'com.firstaid.copilot.debug' set to: 'default'
06-06 00:24:05.729 V/GraphicsEnvironment(27029): ANGLE GameManagerService for com.firstaid.copilot.debug: false
06-06 00:24:05.730 V/GraphicsEnvironment(27029): App is not on the allowlist for updatable production driver.
06-06 00:24:05.734 D/NetworkSecurityConfig(27029): Using Network Security Config from resource network_security_config debugBuild: true
06-06 00:24:05.735 D/NetworkSecurityConfig(27029): Using Network Security Config from resource network_security_config debugBuild: true
06-06 00:24:05.759 W/libc    (27029): Access denied finding property "ro.vendor.perf.scroll_opt.heavy_app"
06-06 00:24:05.774 D/VivoConfigStore(27029): init begin
06-06 00:24:05.780 D/VivoConfigStore(27029): key:vivo.software.nightmode isCached is true and value is true
06-06 00:24:05.805 D/VivoConfigStore(27029): key:vivo.software.multilandscape isCached is true and value is true
06-06 00:24:05.807 D/VivoConfigStore(27029): key:vivo.software.ml.freedrag isCached is false and normal value is false
06-06 00:24:05.807 D/VivoConfigStore(27029): key:vivo.software.virtualmultilands isCached is true and value is true
06-06 00:24:05.809 D/VivoConfigStore(27029): key:vivo.software.multiwindowresidentbar isCached is false and normal value is false
06-06 00:24:05.810 D/VivoConfigStore(27029): key:vivo.software.hovermode isCached is false and normal value is false
06-06 00:24:05.828 D/VivoConfigStore(27029): key:vivo.software.multiwindow isCached is true and value is true
06-06 00:24:05.828 D/VivoConfigStore(27029): key:vivo.software.freeform isCached is true and value is true
06-06 00:24:05.879 I/MSYNC3-VariableRefreshRate(27029): Variable refreshrate is disabled
06-06 00:24:05.881 I/PowerHalWrapper(27029): PowerHalWrapper.getInstance 
06-06 00:24:05.906 D/VivoConfigStore(27029): key:vivo.software.immersive isCached is false and normal value is false
06-06 00:24:05.907 D/VivoConfigStore(27029): key:vivo.software.multiwindow isCached is true and value is true
06-06 00:24:06.324 I/TextToSpeech(27029): Connected to TTS engine
06-06 00:24:06.326 I/TextToSpeech(27029): Setting up the connection to TTS engine...
06-06 00:24:06.338 I/EdgeTextToSpeech(27029): Bundled TTS cache ready: 0/48 phrases (Asset)
06-06 00:24:06.357 W/d.copilot.debug(27029): Method boolean androidx.compose.runtime.snapshots.SnapshotStateList.conditionalUpdate(boolean, kotlin.jvm.functions.Function1) failed lock verification and will run slower.
06-06 00:24:06.357 W/d.copilot.debug(27029): Common causes for lock verification issues are non-optimized dex code
06-06 00:24:06.357 W/d.copilot.debug(27029): and incorrect proguard optimizations.
06-06 00:24:06.357 W/d.copilot.debug(27029): Method boolean androidx.compose.runtime.snapshots.SnapshotStateList.conditionalUpdate$default(androidx.compose.runtime.snapshots.SnapshotStateList, boolean, kotlin.jvm.functions.Function1, int, java.lang.Object) failed lock verification and will run slower.
06-06 00:24:06.357 W/d.copilot.debug(27029): Method java.lang.Object androidx.compose.runtime.snapshots.SnapshotStateList.mutate(kotlin.jvm.functions.Function1) failed lock verification and will run slower.
06-06 00:24:06.357 W/d.copilot.debug(27029): Method void androidx.compose.runtime.snapshots.SnapshotStateList.update(boolean, kotlin.jvm.functions.Function1) failed lock verification and will run slower.
06-06 00:24:06.358 W/d.copilot.debug(27029): Method void androidx.compose.runtime.snapshots.SnapshotStateList.update$default(androidx.compose.runtime.snapshots.SnapshotStateList, boolean, kotlin.jvm.functions.Function1, int, java.lang.Object) failed lock verification and will run slower.
06-06 00:24:06.456 D/BufferQueueConsumer(27029): [](id:699500000000,api:0,p:-1,c:27029) connect: controlledByApp=false
06-06 00:24:06.459 E/FBI     (27029): Can't load library: dlopen failed: library "libmagtsync.so" not found
06-06 00:24:06.476 D/skia    (27029): GrGLMakeAssembledInterface verStr OpenGL ES 3.2 v1.r32p1-01eac0.0a0b917d9265b4c01be9925306306139
06-06 00:24:06.476 D/skia    (27029): GrGLMakeAssembledGLESInterface verStr OpenGL ES 3.2 v1.r32p1-01eac0.0a0b917d9265b4c01be9925306306139
06-06 00:24:06.477 D/skia    (27029): extensions init verString=OpenGL ES 3.2 v1.r32p1-01eac0.0a0b917d9265b4c01be9925306306139
06-06 00:24:06.483 I/BLASTBufferQueue(27029): QoSAllocBuff Successful. Ret 0 
06-06 00:24:06.514 I/mali    (27029): [DebugProp] GPU Debug-Mechanism Disable !
06-06 00:24:06.584 D/BLASTBufferQueue(27029): [VRI[MainActivity]#0](f:0,a:1) acquireNextBufferLocked size=720x1612 mFrameNumber=1 applyTransaction=true mTimestamp=51280517413440(auto) mPendingTransactions.size=0 graphicBufferId=116088671043589 transform=0
06-06 00:24:06.587 W/Parcel  (27029): Expecting binder but got null!
06-06 00:24:06.587 I/Choreographer(27029): Skipped 37 frames!  The application may be doing too much work on its main thread.
06-06 00:24:06.593 I/OpenGLRenderer(27029): Davey! duration=814ms; Flags=1, FrameTimelineVsyncId=21741457, IntendedVsync=51279704773720, Vsync=51279837643888, InputEventId=0, HandleInputStart=51279843738671, AnimationStart=51279843744517, PerformTraversalsStart=51279843916210, DrawStart=51280421594748, FrameDeadline=51279724773720, FrameInterval=51279843691286, FrameStartTime=16608771, SyncQueued=51280432211056, SyncStart=51280432290133, IssueDrawCommandsStart=51280432606748, SwapBuffers=51280514255902, FrameCompleted=51280519130979, DequeueBufferDuration=15076, QueueBufferDuration=438461, GpuCompleted=51280519130979, SwapBuffersCompleted=51280518168517, DisplayPresentTime=0, CommandSubmissionCompleted=51280514255902, 
06-06 00:24:06.608 I/WebSocketAgentChannel(27029): Connecting live WebSocket url=ws://127.0.0.1:8787/ws/live session=android_live_47b8beb1 mode=demo_assisted
06-06 00:24:06.618 W/libc    (27029): Access denied finding property "ro.hardware.chipname"
06-06 00:24:06.625 D/TrafficStats(27029): tagSocket(135) with statsTag=0xffffffff, statsUid=-1
06-06 00:24:06.626 D/TrafficStats(27029): tagSocket(139) with statsTag=0xffffffff, statsUid=-1
06-06 00:24:06.626 D/Linux   (27029): [Posix_connect Debug]Process com.firstaid.copilot.debug :8787 
06-06 00:24:06.626 D/Linux   (27029): [Posix_connect Debug]Process com.firstaid.copilot.debug :8787 
06-06 00:24:06.642 I/WebSocketAgentChannel(27029): Live WebSocket opened code=101
06-06 00:24:06.643 I/WebSocketAgentChannel(27029): Sent live JSON type=start ok=true payloadKeys=
06-06 00:24:06.643 I/WebSocketAgentChannel(27029): Received live text {"type":"state","session_id":"voice_live_mq14we3s_000o_aed6f8a463bb","live":true,"status":"connected","stt_mode":"pending"}
06-06 00:24:06.646 I/WebSocketAgentChannel(27029): Received live text {"type":"state","session_id":"android_live_47b8beb1","live":true,"status":"connected","stt_mode":"pending"}
06-06 00:24:06.671 I/SherpaSpeechEngine(27029): ASR create start modelDir=/storage/emulated/0/Android/media/com.firstaid.copilot.debug/models/speech/stt-stream/sherpa-onnx-streaming-zipformer-bilingual-zh-en-2023-02-20
06-06 00:24:06.685 I/ActivityTaskManager( 1553): Displayed com.firstaid.copilot.debug/com.firstaid.copilot.MainActivity: +1s580ms
06-06 00:24:06.692 I/OpenGLRenderer(27029): Davey! duration=707ms; Flags=0, FrameTimelineVsyncId=21741565, IntendedVsync=51279904215679, Vsync=51280518974453, InputEventId=0, HandleInputStart=51280520982440, AnimationStart=51280520986440, PerformTraversalsStart=51280605726748, DrawStart=51280606848210, FrameDeadline=51279940830781, FrameInterval=51280520869748, FrameStartTime=16615102, SyncQueued=51280607355363, SyncStart=51280607406363, IssueDrawCommandsStart=51280607497517, SwapBuffers=51280608378440, FrameCompleted=51280612192210, DequeueBufferDuration=15692, QueueBufferDuration=237000, GpuCompleted=51280612192210, SwapBuffersCompleted=51280610604287, DisplayPresentTime=0, CommandSubmissionCompleted=51280608378440, 
06-06 00:24:06.700 V/ImeFocusController(27029): onWindowFocus: DecorView@3974861[MainActivity] softInputMode=STATE_UNSPECIFIED|ADJUST_PAN|IS_FORWARD_NAVIGATION
06-06 00:24:06.700 V/ImeFocusController(27029): Restarting due to isRestartOnNextWindowFocus as true
06-06 00:24:06.700 D/ImeFocusController(27029): onViewFocusChanged, view=DecorView@3974861[MainActivity], mServedView=null
06-06 00:24:06.701 V/ImeFocusController(27029): checkFocus: view=null next=DecorView@3974861[MainActivity] immDelegate=delegate{2dc1b8e displayId=0} force=true package=<none>
06-06 00:24:06.707 I/FontLog ( 3989): (REDACTED) Received query %s, URI %s
06-06 00:24:06.708 I/FontLog ( 3989): (REDACTED) Query [%s] resolved to %s
06-06 00:24:06.710 I/FontLog ( 3989): (REDACTED) Fetch %s end status %s
06-06 00:24:06.722 I/FontLog ( 3989): (REDACTED) Pulling font file for id = %d, cache size = %d
06-06 00:24:06.733 I/FontLog ( 3989): (REDACTED) Pulling font file for id = %d, cache size = %d
06-06 00:24:06.762 V/ActivityThread(27029): updateVmProcessStateForGc sceneId =1 state=196608
06-06 00:24:06.762 I/d.copilot.debug(27029): Close vivo delay for GC JIT .
06-06 00:24:07.439 I/d.copilot.debug(27029): Compiler allocated 5703KB to compile void android.view.ViewRootImpl.performTraversals()
06-06 00:24:08.904 I/SherpaSpeechEngine(27029): ASR create done
06-06 00:24:08.906 I/SherpaSpeechEngine(27029): ASR accept waveform samples=3200
06-06 00:24:08.907 I/SherpaSpeechEngine(27029): ASR decode done iterations=0
06-06 00:24:08.937 I/SherpaSpeechEngine(27029): ASR create start modelDir=/storage/emulated/0/Android/media/com.firstaid.copilot.debug/models/speech/stt-stream/sherpa-onnx-streaming-zipformer-bilingual-zh-en-2023-02-20
06-06 00:24:10.878 I/SherpaSpeechEngine(27029): ASR create done
06-06 00:24:10.889 I/SherpaSpeechEngine(27029): TTS create start model=/storage/emulated/0/Android/media/com.firstaid.copilot.debug/models/speech/tts/model.int8.onnx
06-06 00:24:10.899 W/sherpa-onnx(27029): /home/runner/work/sherpa-onnx/sherpa-onnx/sherpa-onnx/jni/offline-tts.cc:operator():481
06-06 00:24:10.899 W/sherpa-onnx(27029): config:
06-06 00:24:10.899 W/sherpa-onnx(27029): OfflineTtsConfig(model=OfflineTtsModelConfig(vits=OfflineTtsVitsModelConfig(model="/storage/emulated/0/Android/media/com.firstaid.copilot.debug/models/speech/tts/model.int8.onnx", lexicon="/storage/emulated/0/Android/media/com.firstaid.copilot.debug/models/speech/tts/lexicon.txt", tokens="/storage/emulated/0/Android/media/com.firstaid.copilot.debug/models/speech/tts/tokens.txt", data_dir="", noise_scale=0.667, noise_scale_w=0.8, length_scale=1), matcha=OfflineTtsMatchaModelConfig(acoustic_model="", vocoder="", lexicon="", tokens="", data_dir="", noise_scale=1, length_scale=1), kokoro=OfflineTtsKokoroModelConfig(model="", voices="", tokens="", lexicon="", data_dir="", length_scale=1, lang=""), zipvoice=OfflineTtsZipvoiceModelConfig(tokens="", encoder="", decoder="", vocoder="", data_dir="", lexicon="", feat_scale=0.1, t_shift=0.5, target_rms=0.1, guidance_scale=1), kitten=OfflineTtsKittenModelConfig(model="", voices="", tokens="", data_dir="", length_scale=1), pocket=OfflineTtsPocketModelConfig(lm_flo
06-06 00:24:10.980 D/ProfileInstaller(27029): Installing profile for com.firstaid.copilot.debug
06-06 00:24:15.268 I/LiveAudioPlayer(27029): Live audio cancel with no active stream reason=new_turn
06-06 00:24:15.269 I/WebSocketAgentChannel(27029): Sent live JSON type=turn ok=true payloadKeys=["sessionId","eventSource","eventType","deviceState","metadata"]
06-06 00:24:15.269 I/WebSocketAgentChannel(27029): Sent live JSON type=context ok=true payloadKeys=["sessionId"]
06-06 00:24:15.272 I/WebSocketAgentChannel(27029): Received live text {"type":"thinking","session_id":"android_live_47b8beb1","turn_seq":1}
06-06 00:24:15.274 I/WebSocketAgentChannel(27029): Received live text {"type":"final","session_id":"android_live_47b8beb1","turn_seq":1,"text":"","intent":null}
06-06 00:24:15.274 I/WebSocketAgentChannel(27029): Received live text {"type":"guidance","session_id":"android_live_47b8beb1","turn_seq":1,"action":{"action_id":"act_mq14wkrn_000t_fa43d161b78f","session_id":"android_live_47b8beb1","timestamp":"2026-06-05T16:24:15.394Z","stage":"S1_SCENE_SAFE","intent":"ensure_scene_safe","priority":"normal","source":"state_machine","r
06-06 00:24:15.279 I/WebSocketAgentChannel(27029): Received live text {"type":"state","session_id":"android_live_47b8beb1","turn_seq":1,"current_stage":"S1_SCENE_SAFE","state":{"schema_version":"session_state.v0.1","session_id":"android_live_47b8beb1","mode":"demo_assisted","current_stage":"S1_SCENE_SAFE","previous_stage":"S1_SCENE_SAFE","started_at":"2026-06-05T16:24
06-06 00:24:15.280 V/VivoAudioPolicyProxyNative(27029): VivoAudioPolicyProxy getInstanceInter: binding to vivoaudiopolicy service success!
06-06 00:24:15.281 D/AudioRecord(27029): set(): 0xb4000076609771f0, inputSource 6, sampleRate 16000, format 0x1, channelMask 0x10, frameCount 2560, notificationFrames 0, sessionId 0, transferType 0, flags 0, attributionSource AttributionSourceState{pid: -1, uid: 10299, packageName: com.firstaid.copilot.debug, attributionTag: (null), token: , renouncedPermissions: [], next: []} uid -1, pid -1, latency 200
06-06 00:24:15.282 D/AudioSystem(27029): getpackName client name com.firstaid.copilot.debug(27029)
06-06 00:24:15.283 I/AudioRecord(27029): set(): getPolicyInputSourceForVoip mAttributes input source= 6,flags:0
06-06 00:24:15.283 D/AudioRecord(27029): getpackName client name com.firstaid.copilot.debug(27029)
06-06 00:24:15.284 D/AudioRecord(27029): getpackName client name com.firstaid.copilot.debug(27029)
06-06 00:24:15.284 D/AudioRecord(27029): getpackName client name com.firstaid.copilot.debug(27029)
06-06 00:24:15.303 D/AudioRecord(27029): openRecord_l: 0xb4000076609771f0, mCblk = 0x780e4ca000
06-06 00:24:15.313 I/AudioEffect(27029): queryNumberEffects(): *numEffects = 25, ret = 0
06-06 00:24:15.327 I/AudioEffect(27029): set 0xb400007630732410 uuid: 0x74b98df510 timeLow 7b491460
06-06 00:24:15.332 I/AudioEffect(27029): set() 0xb400007630732410 OK effect: Acoustic Echo Canceler id: 347 status 0 enabled 0 pid 27029
06-06 00:24:15.333 I/AudioEffect(27029): enable 0xb400007630732410
06-06 00:24:15.335 I/AudioEffect(27029): queryNumberEffects(): *numEffects = 25, ret = 0
06-06 00:24:15.346 I/AudioEffect(27029): set 0xb40000763072fa70 uuid: 0x74b98df510 timeLow 58b4b260
06-06 00:24:15.352 I/AudioEffect(27029): set() 0xb40000763072fa70 OK effect: Noise Suppression id: 355 status 0 enabled 0 pid 27029
06-06 00:24:15.352 I/AudioEffect(27029): enable 0xb40000763072fa70
06-06 00:24:15.357 D/AudioRecord(27029): start(235): 0xb4000076609771f0, sync event 0 trigger session 0
06-06 00:24:15.357 D/AudioRecord(27029): getpackName client name com.firstaid.copilot.debug(27029)
06-06 00:24:15.375 D/AudioRecord(27029): start(235): return status 0
06-06 00:24:15.378 W/vivo.PerfThread(27029): type=1400 audit(0.0:3428050): avc: denied { read } for name="thermal" dev="sysfs" ino=10150 scontext=u:r:untrusted_app:s0:c43,c257,c512,c768 tcontext=u:object_r:sysfs_thermal:s0 tclass=dir permissive=0 app=com.firstaid.copilot.debug
06-06 00:24:15.392 I/EdgeTextToSpeech(27029): Android TTS fast path for '开始录制，先确认周围安全；安全后'
06-06 00:24:15.484 I/AndroidTextToSpeech(27029): Android TTS onStart latency=3ms
06-06 00:24:15.606 D/AudioManager( 9621): dispatching onPlaybackConfigChanged()
06-06 00:24:15.607 D/AudioManager( 9607): dispatching onPlaybackConfigChanged()
06-06 00:24:15.623 D/AudioManager( 9607): dispatching onPlaybackConfigChanged()
06-06 00:24:15.630 D/AudioManager( 9621): dispatching onPlaybackConfigChanged()
06-06 00:24:15.874 I/d.copilot.debug(27029): Compiler allocated 4515KB to compile void com.firstaid.copilot.live.ui.LiveCprCoachScreenKt.LiveCprCoachScreen(com.firstaid.copilot.live.LiveSessionViewModel, kotlin.jvm.functions.Function0, androidx.compose.runtime.Composer, int, int)
06-06 00:24:16.969 I/SherpaSpeechEngine(27029): TTS create done
06-06 00:24:16.969 I/SherpaSpeechEngine(27029): TTS generate start chars=4
06-06 00:24:18.016 I/WebSocketAgentChannel(27029): Received live text {"type":"audio_begin","session_id":"android_live_47b8beb1","turn_seq":1,"action_id":"act_mq14wkrn_000t_fa43d161b78f","format":"pcm16","sample_rate":44100,"channels":1,"bits_per_sample":16}
06-06 00:24:18.066 I/WebSocketAgentChannel(27029): Received live audio bytes=73728
06-06 00:24:18.448 I/WebSocketAgentChannel(27029): Received live audio bytes=105472
06-06 00:24:19.287 I/WebSocketAgentChannel(27029): Received live audio bytes=138240
06-06 00:24:19.288 I/WebSocketAgentChannel(27029): Received live text {"type":"audio_end","session_id":"android_live_47b8beb1","turn_seq":1,"action_id":"act_mq14wkrn_000t_fa43d161b78f"}
06-06 00:24:20.383 D/AudioManager( 9621): dispatching onPlaybackConfigChanged()
06-06 00:24:20.385 D/AudioManager( 9607): dispatching onPlaybackConfigChanged()
06-06 00:24:20.385 D/AudioManager( 9607): dispatching onPlaybackConfigChanged()
06-06 00:24:20.385 D/AudioManager( 9621): dispatching onPlaybackConfigChanged()
06-06 00:24:20.583 I/SherpaSpeechEngine(27029): TTS generate done
06-06 00:24:20.588 I/SherpaSpeechEngine(27029): TTS save done bytes=71724
06-06 00:24:20.589 I/EdgeTextToSpeech(27029): Sherpa TTS cached '继续按压' in 9701ms
06-06 00:24:20.590 I/SherpaSpeechEngine(27029): TTS generate start chars=21
06-06 00:24:20.593 W/sherpa-onnx(27029): /home/runner/work/sherpa-onnx/sherpa-onnx/sherpa-onnx/csrc/melo-tts-lexicon.cc:ConvertTextToTokenIds:120
06-06 00:24:20.593 W/sherpa-onnx(27029): Ignore OOV '；'
06-06 00:24:23.094 I/LiveCprCoachScreen(27029): ASR endpoint
06-06 00:24:23.313 D/TrafficStats( 3989): tagSocket(89) with statsTag=0x34000609, statsUid=10163
06-06 00:24:23.316 D/Linux   ( 3989): [Posix_connect Debug]Process com.google.android.gms.persistent :443 
06-06 00:24:23.532 W/ProcessState(27155): Extra binder thread started, but 0 threads requested. Do not use *startThreadPool when zero threads are requested.
06-06 00:24:23.555 I/DMABUFHEAPS(27155): Using DMA-BUF heap named: mtk_mm
06-06 00:24:23.555 I/DMABUFHEAPS(27155): Using DMA-BUF heap named: mtk_mm-uncached
06-06 00:24:23.555 I/DMABUFHEAPS(27155): Using DMA-BUF heap named: mtk_svp_region-aligned
06-06 00:24:23.555 I/DMABUFHEAPS(27155): Using DMA-BUF heap named: mtk_prot_region
06-06 00:24:23.555 I/DMABUFHEAPS(27155): Using DMA-BUF heap named: mtk_2d_fr_region
06-06 00:24:23.556 I/DMABUFHEAPS(27155): Using DMA-BUF heap named: mtk_wfd_region-aligned
06-06 00:24:23.556 D/OpenGLRenderer(27155): Bitmap::compress format:Png w:720 h:1612 quality:100 app_apk:screencap 
06-06 00:24:23.556 W/libc    (27155): Access denied finding property "vendor.vivo.imageencoder.dump"
06-06 00:24:23.684 W/RefBase (27155): RefBase: Explicit destruction, weak count = 0 (in 0x7814de9468). Use sp<> to manage this object.
06-06 00:24:23.694 D/RefBase (27155): #00 pc 000000000010cc18  /apex/com.android.runtime/lib64/bionic/libc.so (__cxa_finalize+280)
06-06 00:24:23.694 D/RefBase (27155): #01 pc 00000000000fee08  /apex/com.android.runtime/lib64/bionic/libc.so (exit+24)
06-06 00:24:23.694 D/RefBase (27155): #02 pc 00000000000927f4  /apex/com.android.runtime/lib64/bionic/libc.so (__libc_init+100)
06-06 00:24:23.877 E/appproc (27158): checkAndSetEnv get_baksize open file /data/dalvik-cache/classpath failed , error(Permission denied)
06-06 00:24:23.878 E/appproc (27158): checkAndSetEnv write_classpathbak open file failed:Permission denied
06-06 00:24:23.879 E/appproc (27158): checkAndSetEnv get_baksize open file /data/dalvik-cache/classpath2 failed , error(Permission denied)
06-06 00:24:23.879 E/appproc (27158): checkAndSetEnv write_classpathbak open file failed:Permission denied
06-06 00:24:23.880 E/appproc (27158): checkAndSetEnv get_baksize open file /data/dalvik-cache/classpath3 failed , error(Permission denied)
06-06 00:24:23.880 E/appproc (27158): checkAndSetEnv write_classpathbak open file failed:Permission denied
06-06 00:24:23.884 E/appproc (27158): checkAndSetEnv get_baksize open file /data/dalvik-cache/classpath4 failed , error(Permission denied)
06-06 00:24:23.884 E/appproc (27158): checkAndSetEnv write_classpathbak open file failed:Permission denied
06-06 00:24:23.884 D/AndroidRuntime(27158): >>>>>> START com.android.internal.os.RuntimeInit uid 2000 <<<<<<
06-06 00:24:23.914 I/AndroidRuntime(27158): Using default boot image
06-06 00:24:23.914 I/AndroidRuntime(27158): Leaving lock profiling enabled
06-06 00:24:23.917 W/app_process(27158): ART APEX data files are untrusted.
06-06 00:24:24.065 D/app_process(27158): Time zone APEX ICU file found: /apex/com.android.tzdata/etc/icu/icu_tzdata.dat
06-06 00:24:24.065 D/app_process(27158): I18n APEX ICU file found: /apex/com.android.i18n/etc/icu/icudt70l.dat
06-06 00:24:24.079 E/app_process(27158): No implementation found for long android.os.Trace.nativeGetEnabledTags() (tried Java_android_os_Trace_nativeGetEnabledTags and Java_android_os_Trace_nativeGetEnabledTags__)
06-06 00:24:24.079 E/app_process(27158): No implementation found for long android.os.Trace.nativeGetEnabledTags() (tried Java_android_os_Trace_nativeGetEnabledTags and Java_android_os_Trace_nativeGetEnabledTags__)
06-06 00:24:24.079 E/System  (27158): openDexFile load detect error
06-06 00:24:24.079 E/System  (27158): java.lang.reflect.InvocationTargetException
06-06 00:24:24.079 E/System  (27158): 	at java.lang.reflect.Method.invoke(Native Method)
06-06 00:24:24.079 E/System  (27158): 	at dalvik.system.DexFile.openDexFile(DexFile.java:387)
06-06 00:24:24.079 E/System  (27158): 	at dalvik.system.DexFile.<init>(DexFile.java:118)
06-06 00:24:24.079 E/System  (27158): 	at dalvik.system.DexFile.<init>(DexFile.java:91)
06-06 00:24:24.079 E/System  (27158): 	at dalvik.system.DexPathList.loadDexFile(DexPathList.java:438)
06-06 00:24:24.079 E/System  (27158): 	at dalvik.system.DexPathList.makeDexElements(DexPathList.java:397)
06-06 00:24:24.079 E/System  (27158): 	at dalvik.system.DexPathList.<init>(DexPathList.java:166)
06-06 00:24:24.079 E/System  (27158): 	at dalvik.system.BaseDexClassLoader.<init>(BaseDexClassLoader.java:160)
06-06 00:24:24.079 E/System  (27158): 	at dalvik.system.BaseDexClassLoader.<init>(BaseDexClassLoader.java:105)
06-06 00:24:24.079 E/System  (27158): 	at dalvik.system.PathClassLoader.<init>(PathClassLoader.java:71)
06-06 00:24:24.079 E/System  (27158): 	at java.lang.ClassLoader.createSystemClassLoader(ClassLoader.java:224)
06-06 00:24:24.079 E/System  (27158): 	at java.lang.ClassLoader.-$$Nest$smcreateSystemClassLoader(Unknown Source:0)
06-06 00:24:24.079 E/System  (27158): 	at java.lang.ClassLoader$SystemClassLoader.<clinit>(ClassLoader.java:183)
06-06 00:24:24.079 E/System  (27158): 	at java.lang.ClassLoader.getSystemClassLoader(ClassLoader.java:1098)
06-06 00:24:24.079 E/System  (27158): Caused by: java.lang.UnsatisfiedLinkError: No implementation found for long android.os.Trace.nativeGetEnabledTags() (tried Java_android_os_Trace_nativeGetEnabledTags and Java_android_os_Trace_nativeGetEnabledTags__)
06-06 00:24:24.079 E/System  (27158): 	at android.os.Trace.nativeGetEnabledTags(Native Method)
06-06 00:24:24.079 E/System  (27158): 	at android.os.Trace.isTagEnabled(Trace.java:163)
06-06 00:24:24.079 E/System  (27158): 	at android.os.Trace.endSection(Trace.java:398)
06-06 00:24:24.079 E/System  (27158): 	at com.vivo.framework.securitydetect.DynamicLoadDetectManager.reportDexLoaded(DynamicLoadDetectManager.java:156)
06-06 00:24:24.079 E/System  (27158): 	... 14 more
06-06 00:24:24.088 E/app_process(27158): No implementation found for long android.os.Trace.nativeGetEnabledTags() (tried Java_android_os_Trace_nativeGetEnabledTags and Java_android_os_Trace_nativeGetEnabledTags__)
06-06 00:24:24.089 E/app_process(27158): No implementation found for long android.os.Trace.nativeGetEnabledTags() (tried Java_android_os_Trace_nativeGetEnabledTags and Java_android_os_Trace_nativeGetEnabledTags__)
06-06 00:24:24.089 E/System  (27158): openDexFile load detect error
06-06 00:24:24.089 E/System  (27158): java.lang.reflect.InvocationTargetException
06-06 00:24:24.089 E/System  (27158): 	at java.lang.reflect.Method.invoke(Native Method)
06-06 00:24:24.089 E/System  (27158): 	at dalvik.system.DexFile.openDexFile(DexFile.java:387)
06-06 00:24:24.089 E/System  (27158): 	at dalvik.system.DexFile.<init>(DexFile.java:118)
06-06 00:24:24.089 E/System  (27158): 	at dalvik.system.DexFile.<init>(DexFile.java:91)
06-06 00:24:24.089 E/System  (27158): 	at dalvik.system.DexPathList.loadDexFile(DexPathList.java:438)
06-06 00:24:24.089 E/System  (27158): 	at dalvik.system.DexPathList.makeDexElements(DexPathList.java:397)
06-06 00:24:24.089 E/System  (27158): 	at dalvik.system.DexPathList.<init>(DexPathList.java:166)
06-06 00:24:24.089 E/System  (27158): 	at dalvik.system.BaseDexClassLoader.<init>(BaseDexClassLoader.java:160)
06-06 00:24:24.089 E/System  (27158): 	at dalvik.system.BaseDexClassLoader.<init>(BaseDexClassLoader.java:105)
06-06 00:24:24.089 E/System  (27158): 	at dalvik.system.PathClassLoader.<init>(PathClassLoader.java:71)
06-06 00:24:24.089 E/System  (27158): 	at java.lang.ClassLoader.createSystemClassLoader(ClassLoader.java:224)
06-06 00:24:24.089 E/System  (27158): 	at java.lang.ClassLoader.-$$Nest$smcreateSystemClassLoader(Unknown Source:0)
06-06 00:24:24.089 E/System  (27158): 	at java.lang.ClassLoader$SystemClassLoader.<clinit>(ClassLoader.java:183)
06-06 00:24:24.089 E/System  (27158): 	at java.lang.ClassLoader.getSystemClassLoader(ClassLoader.java:1098)
06-06 00:24:24.089 E/System  (27158): Caused by: java.lang.UnsatisfiedLinkError: No implementation found for long android.os.Trace.nativeGetEnabledTags() (tried Java_android_os_Trace_nativeGetEnabledTags and Java_android_os_Trace_nativeGetEnabledTags__)
06-06 00:24:24.089 E/System  (27158): 	at android.os.Trace.nativeGetEnabledTags(Native Method)
06-06 00:24:24.089 E/System  (27158): 	at android.os.Trace.isTagEnabled(Trace.java:163)
06-06 00:24:24.089 E/System  (27158): 	at android.os.Trace.endSection(Trace.java:398)
06-06 00:24:24.089 E/System  (27158): 	at com.vivo.framework.securitydetect.DynamicLoadDetectManager.reportDexLoaded(DynamicLoadDetectManager.java:156)
06-06 00:24:24.089 E/System  (27158): 	... 14 more
06-06 00:24:24.090 W/app_process(27158): ClassLoaderContext classpath size mismatch. expected=0, found=1 (PCL[] | PCL[/system/framework/android.test.runner.jar*2259575933])
06-06 00:24:24.100 I/VivoSystemFrameworkFactory(27158): Instance implClass com.vivo.VivoSystemFrameworkFactoryImpl
06-06 00:24:24.130 D/AndroidRuntime(27158): Calling main entry com.android.commands.uiautomator.Launcher
06-06 00:24:24.133 W/ziparchive(27158): Unable to open '/system/framework/mediatek-framework.dm': No such file or directory
06-06 00:24:24.133 W/ziparchive(27158): Unable to open '/system/framework/mediatek-framework.dm': No such file or directory
06-06 00:24:24.138 W/uiautomator(27158): type=1400 audit(0.0:3428053): avc: denied { read } for name="user_cpu_freq" dev="sysfs" ino=49317 scontext=u:r:shell:s0 tcontext=u:object_r:sysfs_user_cpu_freq:s0 tclass=file permissive=0
06-06 00:24:25.172 W/libc    (27158): Access denied finding property "qemu.sf.lcd_density"
06-06 00:24:25.172 W/libc    (27158): Access denied finding property "qemu.sf.lcd_density"
06-06 00:24:25.170 W/uiautomator(27158): type=1400 audit(0.0:3428054): avc: denied { read } for name="u:object_r:qemu_sf_lcd_density_prop:s0" dev="tmpfs" ino=280 scontext=u:r:shell:s0 tcontext=u:object_r:qemu_sf_lcd_density_prop:s0 tclass=file permissive=0
06-06 00:24:25.170 W/uiautomator(27158): type=1400 audit(0.0:3428055): avc: denied { read } for name="u:object_r:qemu_sf_lcd_density_prop:s0" dev="tmpfs" ino=280 scontext=u:r:shell:s0 tcontext=u:object_r:qemu_sf_lcd_density_prop:s0 tclass=file permissive=0
06-06 00:24:25.187 W/AccessibilityNodeInfoDumper(27158): Fetch time: 12ms
06-06 00:24:25.221 D/AndroidRuntime(27158): Shutting down VM
06-06 00:24:25.741 I/LiveCprCoachScreen(27029): ASR endpoint
06-06 00:24:26.052 W/RefBase (27158): RefBase: Explicit destruction, weak count = 0 (in 0x7c0fdc8468). Use sp<> to manage this object.
06-06 00:24:26.058 D/RefBase (27158): #00 pc 000000000010cc18  /apex/com.android.runtime/lib64/bionic/libc.so (__cxa_finalize+280)
06-06 00:24:26.058 D/RefBase (27158): #01 pc 00000000000fee08  /apex/com.android.runtime/lib64/bionic/libc.so (exit+24)
06-06 00:24:26.058 D/RefBase (27158): #02 pc 00000000000927f4  /apex/com.android.runtime/lib64/bionic/libc.so (__libc_init+100)
06-06 00:24:28.211 I/LiveCprCoachScreen(27029): ASR endpoint
06-06 00:24:30.778 I/LiveCprCoachScreen(27029): ASR endpoint
06-06 00:24:33.338 I/LiveCprCoachScreen(27029): ASR endpoint
06-06 00:24:34.844 I/SherpaSpeechEngine(27029): TTS generate done
06-06 00:24:34.846 I/SherpaSpeechEngine(27029): TTS save done bytes=307244
06-06 00:24:34.848 I/EdgeTextToSpeech(27029): Sherpa TTS background cached '开始录制，先确认周围安全；安全后' in 14256ms
06-06 00:24:35.889 I/LiveCprCoachScreen(27029): ASR endpoint
06-06 00:24:38.431 I/LiveCprCoachScreen(27029): ASR endpoint
06-06 00:24:41.000 I/LiveCprCoachScreen(27029): ASR endpoint
06-06 00:24:41.747 D/TrafficStats( 3989): tagSocket(88) with statsTag=0x34000609, statsUid=10163
06-06 00:24:41.750 D/Linux   ( 3989): [Posix_connect Debug]Process com.google.android.gms.persistent :443 
06-06 00:24:43.550 I/LiveCprCoachScreen(27029): ASR endpoint
06-06 00:24:46.114 I/LiveCprCoachScreen(27029): ASR endpoint
06-06 00:24:48.571 D/BoundBrokerSvc( 5058): onUnbind: Intent { act=com.google.android.gms.common.BIND_SHARED_PREFS pkg=com.google.android.gms }
06-06 00:24:48.677 I/LiveCprCoachScreen(27029): ASR endpoint
06-06 00:24:51.242 I/LiveCprCoachScreen(27029): ASR endpoint
06-06 00:24:53.793 I/LiveCprCoachScreen(27029): ASR endpoint
06-06 00:24:56.362 I/LiveCprCoachScreen(27029): ASR endpoint
06-06 00:24:58.914 I/LiveCprCoachScreen(27029): ASR endpoint
06-06 00:25:01.483 I/LiveCprCoachScreen(27029): ASR endpoint
06-06 00:25:04.031 I/LiveCprCoachScreen(27029): ASR endpoint
06-06 00:25:06.590 I/LiveCprCoachScreen(27029): ASR endpoint
06-06 00:25:09.053 W/ProcessState(27209): Extra binder thread started, but 0 threads requested. Do not use *startThreadPool when zero threads are requested.
06-06 00:25:09.090 I/DMABUFHEAPS(27209): Using DMA-BUF heap named: mtk_mm
06-06 00:25:09.090 I/DMABUFHEAPS(27209): Using DMA-BUF heap named: mtk_mm-uncached
06-06 00:25:09.090 I/DMABUFHEAPS(27209): Using DMA-BUF heap named: mtk_svp_region-aligned
06-06 00:25:09.090 I/DMABUFHEAPS(27209): Using DMA-BUF heap named: mtk_prot_region
06-06 00:25:09.090 I/DMABUFHEAPS(27209): Using DMA-BUF heap named: mtk_2d_fr_region
06-06 00:25:09.090 I/DMABUFHEAPS(27209): Using DMA-BUF heap named: mtk_wfd_region-aligned
06-06 00:25:09.090 D/OpenGLRenderer(27209): Bitmap::compress format:Png w:720 h:1612 quality:100 app_apk:screencap 
06-06 00:25:09.090 W/libc    (27209): Access denied finding property "vendor.vivo.imageencoder.dump"
06-06 00:25:09.174 I/LiveCprCoachScreen(27029): ASR endpoint
06-06 00:25:09.211 W/RefBase (27209): RefBase: Explicit destruction, weak count = 0 (in 0x75e719a468). Use sp<> to manage this object.
06-06 00:25:09.216 D/RefBase (27209): #00 pc 000000000010cc18  /apex/com.android.runtime/lib64/bionic/libc.so (__cxa_finalize+280)
06-06 00:25:09.216 D/RefBase (27209): #01 pc 00000000000fee08  /apex/com.android.runtime/lib64/bionic/libc.so (exit+24)
06-06 00:25:09.216 D/RefBase (27209): #02 pc 00000000000927f4  /apex/com.android.runtime/lib64/bionic/libc.so (__libc_init+100)
06-06 00:25:09.358 E/appproc (27212): checkAndSetEnv get_baksize open file /data/dalvik-cache/classpath failed , error(Permission denied)
06-06 00:25:09.358 E/appproc (27212): checkAndSetEnv write_classpathbak open file failed:Permission denied
06-06 00:25:09.358 E/appproc (27212): checkAndSetEnv get_baksize open file /data/dalvik-cache/classpath2 failed , error(Permission denied)
06-06 00:25:09.358 E/appproc (27212): checkAndSetEnv write_classpathbak open file failed:Permission denied
06-06 00:25:09.358 E/appproc (27212): checkAndSetEnv get_baksize open file /data/dalvik-cache/classpath3 failed , error(Permission denied)
06-06 00:25:09.358 E/appproc (27212): checkAndSetEnv write_classpathbak open file failed:Permission denied
06-06 00:25:09.358 E/appproc (27212): checkAndSetEnv get_baksize open file /data/dalvik-cache/classpath4 failed , error(Permission denied)
06-06 00:25:09.358 E/appproc (27212): checkAndSetEnv write_classpathbak open file failed:Permission denied
06-06 00:25:09.358 D/AndroidRuntime(27212): >>>>>> START com.android.internal.os.RuntimeInit uid 2000 <<<<<<
06-06 00:25:09.362 I/AndroidRuntime(27212): Using default boot image
06-06 00:25:09.362 I/AndroidRuntime(27212): Leaving lock profiling enabled
06-06 00:25:09.365 W/app_process(27212): ART APEX data files are untrusted.
06-06 00:25:09.493 D/app_process(27212): Time zone APEX ICU file found: /apex/com.android.tzdata/etc/icu/icu_tzdata.dat
06-06 00:25:09.494 D/app_process(27212): I18n APEX ICU file found: /apex/com.android.i18n/etc/icu/icudt70l.dat
06-06 00:25:09.502 E/app_process(27212): No implementation found for long android.os.Trace.nativeGetEnabledTags() (tried Java_android_os_Trace_nativeGetEnabledTags and Java_android_os_Trace_nativeGetEnabledTags__)
06-06 00:25:09.503 E/app_process(27212): No implementation found for long android.os.Trace.nativeGetEnabledTags() (tried Java_android_os_Trace_nativeGetEnabledTags and Java_android_os_Trace_nativeGetEnabledTags__)
06-06 00:25:09.503 E/System  (27212): openDexFile load detect error
06-06 00:25:09.503 E/System  (27212): java.lang.reflect.InvocationTargetException
06-06 00:25:09.503 E/System  (27212): 	at java.lang.reflect.Method.invoke(Native Method)
06-06 00:25:09.503 E/System  (27212): 	at dalvik.system.DexFile.openDexFile(DexFile.java:387)
06-06 00:25:09.503 E/System  (27212): 	at dalvik.system.DexFile.<init>(DexFile.java:118)
06-06 00:25:09.503 E/System  (27212): 	at dalvik.system.DexFile.<init>(DexFile.java:91)
06-06 00:25:09.503 E/System  (27212): 	at dalvik.system.DexPathList.loadDexFile(DexPathList.java:438)
06-06 00:25:09.503 E/System  (27212): 	at dalvik.system.DexPathList.makeDexElements(DexPathList.java:397)
06-06 00:25:09.503 E/System  (27212): 	at dalvik.system.DexPathList.<init>(DexPathList.java:166)
06-06 00:25:09.503 E/System  (27212): 	at dalvik.system.BaseDexClassLoader.<init>(BaseDexClassLoader.java:160)
06-06 00:25:09.503 E/System  (27212): 	at dalvik.system.BaseDexClassLoader.<init>(BaseDexClassLoader.java:105)
06-06 00:25:09.503 E/System  (27212): 	at dalvik.system.PathClassLoader.<init>(PathClassLoader.java:71)
06-06 00:25:09.503 E/System  (27212): 	at java.lang.ClassLoader.createSystemClassLoader(ClassLoader.java:224)
06-06 00:25:09.503 E/System  (27212): 	at java.lang.ClassLoader.-$$Nest$smcreateSystemClassLoader(Unknown Source:0)
06-06 00:25:09.503 E/System  (27212): 	at java.lang.ClassLoader$SystemClassLoader.<clinit>(ClassLoader.java:183)
06-06 00:25:09.503 E/System  (27212): 	at java.lang.ClassLoader.getSystemClassLoader(ClassLoader.java:1098)
06-06 00:25:09.503 E/System  (27212): Caused by: java.lang.UnsatisfiedLinkError: No implementation found for long android.os.Trace.nativeGetEnabledTags() (tried Java_android_os_Trace_nativeGetEnabledTags and Java_android_os_Trace_nativeGetEnabledTags__)
06-06 00:25:09.503 E/System  (27212): 	at android.os.Trace.nativeGetEnabledTags(Native Method)
06-06 00:25:09.503 E/System  (27212): 	at android.os.Trace.isTagEnabled(Trace.java:163)
06-06 00:25:09.503 E/System  (27212): 	at android.os.Trace.endSection(Trace.java:398)
06-06 00:25:09.503 E/System  (27212): 	at com.vivo.framework.securitydetect.DynamicLoadDetectManager.reportDexLoaded(DynamicLoadDetectManager.java:156)
06-06 00:25:09.503 E/System  (27212): 	... 14 more
06-06 00:25:09.504 E/app_process(27212): No implementation found for long android.os.Trace.nativeGetEnabledTags() (tried Java_android_os_Trace_nativeGetEnabledTags and Java_android_os_Trace_nativeGetEnabledTags__)
06-06 00:25:09.505 E/app_process(27212): No implementation found for long android.os.Trace.nativeGetEnabledTags() (tried Java_android_os_Trace_nativeGetEnabledTags and Java_android_os_Trace_nativeGetEnabledTags__)
06-06 00:25:09.505 E/System  (27212): openDexFile load detect error
06-06 00:25:09.505 E/System  (27212): java.lang.reflect.InvocationTargetException
06-06 00:25:09.505 E/System  (27212): 	at java.lang.reflect.Method.invoke(Native Method)
06-06 00:25:09.505 E/System  (27212): 	at dalvik.system.DexFile.openDexFile(DexFile.java:387)
06-06 00:25:09.505 E/System  (27212): 	at dalvik.system.DexFile.<init>(DexFile.java:118)
06-06 00:25:09.505 E/System  (27212): 	at dalvik.system.DexFile.<init>(DexFile.java:91)
06-06 00:25:09.505 E/System  (27212): 	at dalvik.system.DexPathList.loadDexFile(DexPathList.java:438)
06-06 00:25:09.505 E/System  (27212): 	at dalvik.system.DexPathList.makeDexElements(DexPathList.java:397)
06-06 00:25:09.505 E/System  (27212): 	at dalvik.system.DexPathList.<init>(DexPathList.java:166)
06-06 00:25:09.505 E/System  (27212): 	at dalvik.system.BaseDexClassLoader.<init>(BaseDexClassLoader.java:160)
06-06 00:25:09.505 E/System  (27212): 	at dalvik.system.BaseDexClassLoader.<init>(BaseDexClassLoader.java:105)
06-06 00:25:09.505 E/System  (27212): 	at dalvik.system.PathClassLoader.<init>(PathClassLoader.java:71)
06-06 00:25:09.505 E/System  (27212): 	at java.lang.ClassLoader.createSystemClassLoader(ClassLoader.java:224)
06-06 00:25:09.505 E/System  (27212): 	at java.lang.ClassLoader.-$$Nest$smcreateSystemClassLoader(Unknown Source:0)
06-06 00:25:09.505 E/System  (27212): 	at java.lang.ClassLoader$SystemClassLoader.<clinit>(ClassLoader.java:183)
06-06 00:25:09.505 E/System  (27212): 	at java.lang.ClassLoader.getSystemClassLoader(ClassLoader.java:1098)
06-06 00:25:09.505 E/System  (27212): Caused by: java.lang.UnsatisfiedLinkError: No implementation found for long android.os.Trace.nativeGetEnabledTags() (tried Java_android_os_Trace_nativeGetEnabledTags and Java_android_os_Trace_nativeGetEnabledTags__)
06-06 00:25:09.505 E/System  (27212): 	at android.os.Trace.nativeGetEnabledTags(Native Method)
06-06 00:25:09.505 E/System  (27212): 	at android.os.Trace.isTagEnabled(Trace.java:163)
06-06 00:25:09.505 E/System  (27212): 	at android.os.Trace.endSection(Trace.java:398)
06-06 00:25:09.505 E/System  (27212): 	at com.vivo.framework.securitydetect.DynamicLoadDetectManager.reportDexLoaded(DynamicLoadDetectManager.java:156)
06-06 00:25:09.505 E/System  (27212): 	... 14 more
06-06 00:25:09.506 W/app_process(27212): ClassLoaderContext classpath size mismatch. expected=0, found=1 (PCL[] | PCL[/system/framework/android.test.runner.jar*2259575933])
06-06 00:25:09.512 I/VivoSystemFrameworkFactory(27212): Instance implClass com.vivo.VivoSystemFrameworkFactoryImpl
06-06 00:25:09.536 D/AndroidRuntime(27212): Calling main entry com.android.commands.uiautomator.Launcher
06-06 00:25:09.539 W/ziparchive(27212): Unable to open '/system/framework/mediatek-framework.dm': No such file or directory
06-06 00:25:09.539 W/ziparchive(27212): Unable to open '/system/framework/mediatek-framework.dm': No such file or directory
06-06 00:25:09.546 W/uiautomator(27212): type=1400 audit(0.0:3428056): avc: denied { read } for name="user_cpu_freq" dev="sysfs" ino=49317 scontext=u:r:shell:s0 tcontext=u:object_r:sysfs_user_cpu_freq:s0 tclass=file permissive=0
06-06 00:25:10.579 W/libc    (27212): Access denied finding property "qemu.sf.lcd_density"
06-06 00:25:10.578 W/uiautomator(27212): type=1400 audit(0.0:3428057): avc: denied { read } for name="u:object_r:qemu_sf_lcd_density_prop:s0" dev="tmpfs" ino=280 scontext=u:r:shell:s0 tcontext=u:object_r:qemu_sf_lcd_density_prop:s0 tclass=file permissive=0
06-06 00:25:10.578 W/uiautomator(27212): type=1400 audit(0.0:3428058): avc: denied { read } for name="u:object_r:qemu_sf_lcd_density_prop:s0" dev="tmpfs" ino=280 scontext=u:r:shell:s0 tcontext=u:object_r:qemu_sf_lcd_density_prop:s0 tclass=file permissive=0
06-06 00:25:10.579 W/libc    (27212): Access denied finding property "qemu.sf.lcd_density"
06-06 00:25:10.594 W/AccessibilityNodeInfoDumper(27212): Fetch time: 8ms
06-06 00:25:10.640 D/AndroidRuntime(27212): Shutting down VM
06-06 00:25:11.479 W/RefBase (27212): RefBase: Explicit destruction, weak count = 0 (in 0x785a9e2468). Use sp<> to manage this object.
06-06 00:25:11.485 D/RefBase (27212): #00 pc 000000000010cc18  /apex/com.android.runtime/lib64/bionic/libc.so (__cxa_finalize+280)
06-06 00:25:11.485 D/RefBase (27212): #01 pc 00000000000fee08  /apex/com.android.runtime/lib64/bionic/libc.so (exit+24)
06-06 00:25:11.485 D/RefBase (27212): #02 pc 00000000000927f4  /apex/com.android.runtime/lib64/bionic/libc.so (__libc_init+100)
06-06 00:25:11.726 I/LiveCprCoachScreen(27029): ASR endpoint
06-06 00:25:14.276 I/LiveCprCoachScreen(27029): ASR endpoint
06-06 00:25:15.570 I/LiveAudioCapture(27029): Local utterance committed bytes=32000 voicedMs=320
06-06 00:25:15.570 I/LiveCprCoachScreen(27029): Utterance callback bytes=32000 streaming=true whole=false
06-06 00:25:15.573 I/LiveCprCoachScreen(27029): ASR endpoint
06-06 00:25:18.074 I/LiveCprCoachScreen(27029): ASR endpoint
06-06 00:25:20.631 I/LiveCprCoachScreen(27029): ASR endpoint
06-06 00:25:23.209 I/LiveCprCoachScreen(27029): ASR endpoint
06-06 00:25:25.759 I/LiveCprCoachScreen(27029): ASR endpoint
06-06 00:25:28.311 I/LiveCprCoachScreen(27029): ASR endpoint
06-06 00:25:30.883 I/LiveCprCoachScreen(27029): ASR endpoint
06-06 00:25:33.453 I/LiveCprCoachScreen(27029): ASR endpoint
06-06 00:25:35.992 I/LiveCprCoachScreen(27029): ASR endpoint
06-06 00:25:38.554 I/LiveCprCoachScreen(27029): ASR endpoint
06-06 00:25:40.803 I/LiveAudioCapture(27029): Local utterance committed bytes=51200 voicedMs=680
06-06 00:25:40.803 I/LiveCprCoachScreen(27029): Utterance callback bytes=51200 streaming=true whole=false
06-06 00:25:40.804 I/LiveCprCoachScreen(27029): ASR endpoint
06-06 00:25:41.826 I/LiveAudioCapture(27029): Local utterance committed bytes=32000 voicedMs=320
06-06 00:25:41.827 I/LiveCprCoachScreen(27029): Utterance callback bytes=32000 streaming=true whole=false
06-06 00:25:41.832 I/LiveCprCoachScreen(27029): ASR endpoint
06-06 00:25:43.765 I/LiveAudioCapture(27029): Local utterance committed bytes=61440 voicedMs=600
06-06 00:25:43.765 I/LiveCprCoachScreen(27029): Utterance callback bytes=61440 streaming=true whole=false
06-06 00:25:43.766 I/LiveCprCoachScreen(27029): ASR endpoint
06-06 00:25:45.064 W/SystemServiceRegistry( 3989): No service published for: wifirtt
06-06 00:25:46.243 I/LiveCprCoachScreen(27029): ASR endpoint
06-06 00:25:46.509 I/GlsClientGrpc( 3989): Voilatile gRPC network failure [CONTEXT service_id=6 ]
06-06 00:25:46.523 W/AlarmManager( 3989): alarm window unlikely to be respected [CONTEXT service_id=231 ]
06-06 00:25:46.523 W/AlarmManager( 3989): java.lang.IllegalArgumentException: alarm "NetworkLocationLocator" has short window length
06-06 00:25:46.523 W/AlarmManager( 3989): 	at bojx.c(:com.google.android.gms@243137038@24.31.37 (190400-662270918):46)
06-06 00:25:46.523 W/AlarmManager( 3989): 	at bojw.b(:com.google.android.gms@243137038@24.31.37 (190400-662270918):22)
06-06 00:25:46.523 W/AlarmManager( 3989): 	at eiuh.e(:com.google.android.gms@243137038@24.31.37 (190400-662270918):143)
06-06 00:25:46.523 W/AlarmManager( 3989): 	at eiqu.r(:com.google.android.gms@243137038@24.31.37 (190400-662270918):104)
06-06 00:25:46.523 W/AlarmManager( 3989): 	at eiqu.f(:com.google.android.gms@243137038@24.31.37 (190400-662270918):14)
06-06 00:25:46.523 W/AlarmManager( 3989): 	at eiqq.apply(:com.google.android.gms@243137038@24.31.37 (190400-662270918):19)
06-06 00:25:46.523 W/AlarmManager( 3989): 	at evws.d(:com.google.android.gms@243137038@24.31.37 (190400-662270918):3)
06-06 00:25:46.523 W/AlarmManager( 3989): 	at evwt.run(:com.google.android.gms@243137038@24.31.37 (190400-662270918):42)
06-06 00:25:46.523 W/AlarmManager( 3989): 	at android.os.Handler.handleCallback(Handler.java:942)
06-06 00:25:46.523 W/AlarmManager( 3989): 	at android.os.Handler.dispatchMessage(Handler.java:99)
06-06 00:25:46.523 W/AlarmManager( 3989): 	at bpsq.ma(:com.google.android.gms@243137038@24.31.37 (190400-662270918):1)
06-06 00:25:46.523 W/AlarmManager( 3989): 	at bpsq.dispatchMessage(:com.google.android.gms@243137038@24.31.37 (190400-662270918):138)
06-06 00:25:46.523 W/AlarmManager( 3989): 	at android.os.Looper.loopOnce(Looper.java:223)
06-06 00:25:46.523 W/AlarmManager( 3989): 	at android.os.Looper.loop(Looper.java:324)
06-06 00:25:46.523 W/AlarmManager( 3989): 	at android.os.HandlerThread.run(HandlerThread.java:67)
06-06 00:25:48.792 I/LiveCprCoachScreen(27029): ASR endpoint
06-06 00:25:51.360 I/LiveCprCoachScreen(27029): ASR endpoint
06-06 00:25:53.851 W/ProcessState(27261): Extra binder thread started, but 0 threads requested. Do not use *startThreadPool when zero threads are requested.
06-06 00:25:53.896 I/DMABUFHEAPS(27261): Using DMA-BUF heap named: mtk_mm
06-06 00:25:53.896 I/DMABUFHEAPS(27261): Using DMA-BUF heap named: mtk_mm-uncached
06-06 00:25:53.896 I/DMABUFHEAPS(27261): Using DMA-BUF heap named: mtk_svp_region-aligned
06-06 00:25:53.896 I/DMABUFHEAPS(27261): Using DMA-BUF heap named: mtk_prot_region
06-06 00:25:53.896 I/DMABUFHEAPS(27261): Using DMA-BUF heap named: mtk_2d_fr_region
06-06 00:25:53.896 I/DMABUFHEAPS(27261): Using DMA-BUF heap named: mtk_wfd_region-aligned
06-06 00:25:53.897 D/OpenGLRenderer(27261): Bitmap::compress format:Png w:720 h:1612 quality:100 app_apk:screencap 
06-06 00:25:53.897 W/libc    (27261): Access denied finding property "vendor.vivo.imageencoder.dump"
06-06 00:25:53.957 I/LiveCprCoachScreen(27029): ASR endpoint
06-06 00:25:54.026 W/RefBase (27261): RefBase: Explicit destruction, weak count = 0 (in 0x73bd7e2468). Use sp<> to manage this object.
06-06 00:25:54.031 D/RefBase (27261): #00 pc 000000000010cc18  /apex/com.android.runtime/lib64/bionic/libc.so (__cxa_finalize+280)
06-06 00:25:54.031 D/RefBase (27261): #01 pc 00000000000fee08  /apex/com.android.runtime/lib64/bionic/libc.so (exit+24)
06-06 00:25:54.031 D/RefBase (27261): #02 pc 00000000000927f4  /apex/com.android.runtime/lib64/bionic/libc.so (__libc_init+100)
06-06 00:25:54.188 E/appproc (27264): checkAndSetEnv get_baksize open file /data/dalvik-cache/classpath failed , error(Permission denied)
06-06 00:25:54.188 E/appproc (27264): checkAndSetEnv write_classpathbak open file failed:Permission denied
06-06 00:25:54.188 E/appproc (27264): checkAndSetEnv get_baksize open file /data/dalvik-cache/classpath2 failed , error(Permission denied)
06-06 00:25:54.188 E/appproc (27264): checkAndSetEnv write_classpathbak open file failed:Permission denied
06-06 00:25:54.188 E/appproc (27264): checkAndSetEnv get_baksize open file /data/dalvik-cache/classpath3 failed , error(Permission denied)
06-06 00:25:54.188 E/appproc (27264): checkAndSetEnv write_classpathbak open file failed:Permission denied
06-06 00:25:54.188 E/appproc (27264): checkAndSetEnv get_baksize open file /data/dalvik-cache/classpath4 failed , error(Permission denied)
06-06 00:25:54.188 E/appproc (27264): checkAndSetEnv write_classpathbak open file failed:Permission denied
06-06 00:25:54.188 D/AndroidRuntime(27264): >>>>>> START com.android.internal.os.RuntimeInit uid 2000 <<<<<<
06-06 00:25:54.192 I/AndroidRuntime(27264): Using default boot image
06-06 00:25:54.192 I/AndroidRuntime(27264): Leaving lock profiling enabled
06-06 00:25:54.195 W/app_process(27264): ART APEX data files are untrusted.
06-06 00:25:54.314 D/app_process(27264): Time zone APEX ICU file found: /apex/com.android.tzdata/etc/icu/icu_tzdata.dat
06-06 00:25:54.315 D/app_process(27264): I18n APEX ICU file found: /apex/com.android.i18n/etc/icu/icudt70l.dat
06-06 00:25:54.323 E/app_process(27264): No implementation found for long android.os.Trace.nativeGetEnabledTags() (tried Java_android_os_Trace_nativeGetEnabledTags and Java_android_os_Trace_nativeGetEnabledTags__)
06-06 00:25:54.323 E/app_process(27264): No implementation found for long android.os.Trace.nativeGetEnabledTags() (tried Java_android_os_Trace_nativeGetEnabledTags and Java_android_os_Trace_nativeGetEnabledTags__)
06-06 00:25:54.324 E/System  (27264): openDexFile load detect error
06-06 00:25:54.324 E/System  (27264): java.lang.reflect.InvocationTargetException
06-06 00:25:54.324 E/System  (27264): 	at java.lang.reflect.Method.invoke(Native Method)
06-06 00:25:54.324 E/System  (27264): 	at dalvik.system.DexFile.openDexFile(DexFile.java:387)
06-06 00:25:54.324 E/System  (27264): 	at dalvik.system.DexFile.<init>(DexFile.java:118)
06-06 00:25:54.324 E/System  (27264): 	at dalvik.system.DexFile.<init>(DexFile.java:91)
06-06 00:25:54.324 E/System  (27264): 	at dalvik.system.DexPathList.loadDexFile(DexPathList.java:438)
06-06 00:25:54.324 E/System  (27264): 	at dalvik.system.DexPathList.makeDexElements(DexPathList.java:397)
06-06 00:25:54.324 E/System  (27264): 	at dalvik.system.DexPathList.<init>(DexPathList.java:166)
06-06 00:25:54.324 E/System  (27264): 	at dalvik.system.BaseDexClassLoader.<init>(BaseDexClassLoader.java:160)
