06-06 00:45:50.316 I/WebSocketAgentChannel(29365): Received live text {"type":"guidance","session_id":"android_live_548ddc3f","turn_seq":9,"action":{"action_id":"act_mq15ob2r_00cp_b54f884c4848","session_id":"android_live_548ddc3f","timestamp":"2026-06-05T16:45:49.201Z","stage":"S7_CPR_LOOP","intent":"continue_cpr_loop","priority":"normal","source":"state_machine","rea
06-06 00:45:50.320 I/WebSocketAgentChannel(29365): Received live text {"type":"state","session_id":"android_live_548ddc3f","turn_seq":9,"current_stage":"S7_CPR_LOOP","state":{"schema_version":"session_state.v0.1","session_id":"android_live_548ddc3f","mode":"demo_assisted","current_stage":"S7_CPR_LOOP","previous_stage":"S7_CPR_LOOP","started_at":"2026-06-05T16:45:49.20
06-06 00:45:50.360 D/AudioTrack(29365): INSP: type=audio,case=1,set=0xb4000076609e7600,stream_type=-1,sample_rate=44100,format=0x1,channel_mask=0x1,frame_count=3528,flags=0x0,notification_frames=0,session_id=0,transfer_type=3,uid=-1,pid=-1
06-06 00:45:50.360 D/AudioTrack(29365): INSP: type=audio,case=1,attributes=1,content_type=4,usage=1,source=-1,flags=0x800
06-06 00:45:50.360 D/AudioTrack(29365): getpackName client name com.firstaid.copilot.debug(29365)
06-06 00:45:50.360 D/AudioSystem(29365): getpackName client name com.firstaid.copilot.debug(29365)
06-06 00:45:50.360 D/AudioTrack(29365): getpackName client name com.firstaid.copilot.debug(29365)
06-06 00:45:50.360 D/AudioTrack(29365): set(): Building AudioTrack with attributes: usage=1 content=4 flags=0x800 tags=[]
06-06 00:45:50.360 D/AudioSystem(29365): getpackName client name com.firstaid.copilot.debug(29365)
06-06 00:45:50.361 D/AudioTrack(29365): getpackName client name com.firstaid.copilot.debug(29365)
06-06 00:45:50.361 D/AudioSystem(29365): +setParameters(): PlaybackCaptureProtectSupport=com.firstaid.copilot.debug 
06-06 00:45:50.361 D/AudioTrack(29365): getpackName client name com.firstaid.copilot.debug(29365)
06-06 00:45:50.361 D/AudioTrack(29365): set(): Building AudioTrack with attributes: usage = 1, content = 4, flags = 0x800, tags = []
06-06 00:45:50.361 D/AudioTrack(29365): want to change usage for game mode
06-06 00:45:50.361 D/AudioTrack(29365): get APPSharePck NULL
06-06 00:45:50.361 D/AudioTrack(29365): getpackName client name com.firstaid.copilot.debug(29365)
06-06 00:45:50.361 D/AudioTrack(29365): set(): 0xb4000076609e7600, Create AudioTrackThread, tid = 29679
06-06 00:45:50.382 D/AudioTrack(29365): createTrack_l(284): 0xb4000076609e7600, mCblk = 0x78063e1980, mLatency = 170, mAfLatency = 85, frameCount = 3770, mSampleRate = 44100, mFlags = 0x8, mReqFrameCount = 3770, mNotificationFramesAct = 1256
06-06 00:45:50.382 D/AudioTrack(29365): setVolumeLR:  track set volome = (-536813568)
06-06 00:45:50.382 D/AudioTrack(29365): getpackName client name com.firstaid.copilot.debug(29365)
06-06 00:45:50.385 D/AudioTrack(29365): setVolume(284): 0xb4000076609e7600, left = 1.000000, right = 1.000000
06-06 00:45:50.385 D/AudioTrack(29365): getpackName client name com.firstaid.copilot.debug(29365)
06-06 00:45:50.385 D/AudioTrack(29365): setVolumeLR:  track set volome = (-536813568)
06-06 00:45:50.386 D/AudioTrack(29365): start(284): 0xb4000076609e7600, prior state:STATE_STOPPED
06-06 00:45:50.386 D/AudioTrack(29365): start(portId:284, sessionId:1953): prior state:STATE_STOPPED
06-06 00:45:50.386 D/AudioTrack(29365): getpackName client name com.firstaid.copilot.debug(29365)
06-06 00:45:50.389 D/AudioManager( 9621): dispatching onPlaybackConfigChanged()
06-06 00:45:50.389 D/AudioManager( 9607): dispatching onPlaybackConfigChanged()
06-06 00:45:50.396 D/AudioTrack(29365): setVolume(284): 0xb4000076609e7600, left = 1.000000, right = 1.000000
06-06 00:45:50.396 D/AudioTrack(29365): getpackName client name com.firstaid.copilot.debug(29365)
06-06 00:45:50.396 D/AudioTrack(29365): setVolumeLR:  track set volome = (-536813568)
06-06 00:45:50.403 D/AudioManager( 9621): dispatching onPlaybackConfigChanged()
06-06 00:45:50.403 D/AudioManager( 9607): dispatching onPlaybackConfigChanged()
06-06 00:45:50.405 I/EdgeTextToSpeech(29365): Android TTS fast path for '继续保持这个节奏。'
06-06 00:45:50.453 D/AudioTrack(29365): setVolume(284): 0xb4000076609e7600, left = 0.300000, right = 0.300000
06-06 00:45:50.453 D/AudioTrack(29365): getpackName client name com.firstaid.copilot.debug(29365)
06-06 00:45:50.453 D/AudioTrack(29365): setVolumeLR:  track set volome = (-1503222170)
06-06 00:45:50.456 I/SherpaSpeechEngine(29365): TTS generate start chars=9
06-06 00:45:50.457 I/AndroidTextToSpeech(29365): Android TTS onStart latency=5ms
06-06 00:45:50.540 D/AudioManager( 9607): dispatching onPlaybackConfigChanged()
06-06 00:45:50.540 D/AudioManager( 9621): dispatching onPlaybackConfigChanged()
06-06 00:45:50.569 D/AudioManager( 9607): dispatching onPlaybackConfigChanged()
06-06 00:45:50.570 D/AudioManager( 9621): dispatching onPlaybackConfigChanged()
06-06 00:45:50.967 I/WebSocketAgentChannel(29365): Received live text {"type":"audio_begin","session_id":"android_live_548ddc3f","turn_seq":9,"action_id":"act_mq15ob2r_00cp_b54f884c4848","format":"pcm16","sample_rate":44100,"channels":1,"bits_per_sample":16}
06-06 00:45:50.978 I/WebSocketAgentChannel(29365): Received live audio bytes=141312
06-06 00:45:50.979 I/WebSocketAgentChannel(29365): Received live text {"type":"audio_end","session_id":"android_live_548ddc3f","turn_seq":9,"action_id":"act_mq15ob2r_00cp_b54f884c4848"}
06-06 00:45:51.486 W/AudioTrack(29365): restartIfDisabled(284): releaseBuffer() track 0xb4000076609e7600 disabled due to previous underrun, restarting
06-06 00:45:52.539 D/AudioManager( 9607): dispatching onPlaybackConfigChanged()
06-06 00:45:52.541 D/AudioManager( 9621): dispatching onPlaybackConfigChanged()
06-06 00:45:52.541 D/AudioManager( 9607): dispatching onPlaybackConfigChanged()
06-06 00:45:52.541 D/AudioManager( 9621): dispatching onPlaybackConfigChanged()
06-06 00:45:52.542 D/AudioTrack(29365): setVolume(284): 0xb4000076609e7600, left = 1.000000, right = 1.000000
06-06 00:45:52.542 D/AudioTrack(29365): getpackName client name com.firstaid.copilot.debug(29365)
06-06 00:45:52.542 D/AudioTrack(29365): setVolumeLR:  track set volome = (-536813568)
06-06 00:45:52.702 I/LiveCprCoachScreen(29365): ASR partial='还要继续按'
06-06 00:45:52.998 I/LiveCprCoachScreen(29365): ASR partial='还要继续按吗'
06-06 00:45:52.999 I/LiveAudioCapture(29365): Local utterance committed bytes=39680 voicedMs=560
06-06 00:45:52.999 I/LiveCprCoachScreen(29365): Utterance callback bytes=39680 streaming=true whole=false
06-06 00:45:53.000 I/LiveCprCoachScreen(29365): ASR final='还要继续按吗' intent= confidence=null
06-06 00:45:53.000 I/LiveAudioPlayer(29365): Live audio cancel with no active stream reason=new_turn
06-06 00:45:53.001 I/WebSocketAgentChannel(29365): Sent live JSON type=context ok=true payloadKeys=["sessionId"]
06-06 00:45:53.001 I/WebSocketAgentChannel(29365): Sent live JSON type=commit_text ok=true payloadKeys=
06-06 00:45:53.001 I/LiveCprCoachScreen(29365): ASR endpoint
06-06 00:45:53.046 I/WebSocketAgentChannel(29365): Received live text {"type":"thinking","session_id":"android_live_548ddc3f","turn_seq":10}
06-06 00:45:54.257 I/WebSocketAgentChannel(29365): Received live text {"type":"final","session_id":"android_live_548ddc3f","turn_seq":10,"text":"还要继续按吗","intent":"continue_cpr"}
06-06 00:45:54.258 I/WebSocketAgentChannel(29365): Received live text {"type":"guidance","session_id":"android_live_548ddc3f","turn_seq":10,"action":{"action_id":"act_mq15oe4e_00dg_61b0f1275cec","session_id":"android_live_548ddc3f","timestamp":"2026-06-05T16:45:53.148Z","stage":"S7_CPR_LOOP","intent":"continue_cpr_loop","priority":"normal","source":"state_machine","re
06-06 00:45:54.260 I/WebSocketAgentChannel(29365): Received live text {"type":"state","session_id":"android_live_548ddc3f","turn_seq":10,"current_stage":"S7_CPR_LOOP","state":{"schema_version":"session_state.v0.1","session_id":"android_live_548ddc3f","mode":"demo_assisted","current_stage":"S7_CPR_LOOP","previous_stage":"S7_CPR_LOOP","started_at":"2026-06-05T16:45:53.1
06-06 00:45:54.279 I/EdgeTextToSpeech(29365): Android TTS fast path for '继续保持这个节奏。'
06-06 00:45:54.330 D/AudioTrack(29365): setVolume(284): 0xb4000076609e7600, left = 0.300000, right = 0.300000
06-06 00:45:54.330 D/AudioTrack(29365): getpackName client name com.firstaid.copilot.debug(29365)
06-06 00:45:54.330 D/AudioTrack(29365): setVolumeLR:  track set volome = (-1503222170)
06-06 00:45:54.333 I/AndroidTextToSpeech(29365): Android TTS onStart latency=4ms
06-06 00:45:54.409 D/AudioManager( 9621): dispatching onPlaybackConfigChanged()
06-06 00:45:54.409 D/AudioManager( 9607): dispatching onPlaybackConfigChanged()
06-06 00:45:54.436 D/AudioManager( 9621): dispatching onPlaybackConfigChanged()
06-06 00:45:54.437 D/AudioManager( 9607): dispatching onPlaybackConfigChanged()
06-06 00:45:55.065 I/WebSocketAgentChannel(29365): Received live text {"type":"audio_begin","session_id":"android_live_548ddc3f","turn_seq":10,"action_id":"act_mq15oe4e_00dg_61b0f1275cec","format":"pcm16","sample_rate":44100,"channels":1,"bits_per_sample":16}
06-06 00:45:55.077 I/WebSocketAgentChannel(29365): Received live audio bytes=141312
06-06 00:45:55.078 I/WebSocketAgentChannel(29365): Received live text {"type":"audio_end","session_id":"android_live_548ddc3f","turn_seq":10,"action_id":"act_mq15oe4e_00dg_61b0f1275cec"}
06-06 00:45:56.377 D/AudioManager( 9621): dispatching onPlaybackConfigChanged()
06-06 00:45:56.377 D/AudioManager( 9607): dispatching onPlaybackConfigChanged()
06-06 00:45:56.379 D/AudioManager( 9621): dispatching onPlaybackConfigChanged()
06-06 00:45:56.380 D/AudioManager( 9607): dispatching onPlaybackConfigChanged()
06-06 00:45:56.383 D/AudioTrack(29365): setVolume(284): 0xb4000076609e7600, left = 1.000000, right = 1.000000
06-06 00:45:56.383 D/AudioTrack(29365): getpackName client name com.firstaid.copilot.debug(29365)
06-06 00:45:56.384 D/AudioTrack(29365): setVolumeLR:  track set volome = (-536813568)
06-06 00:45:57.597 I/LiveCprCoachScreen(29365): ASR endpoint
06-06 00:45:57.667 I/SherpaSpeechEngine(29365): TTS generate done
06-06 00:45:57.670 I/SherpaSpeechEngine(29365): TTS save done bytes=146476
06-06 00:45:57.671 I/EdgeTextToSpeech(29365): Sherpa TTS background cached '继续保持这个节奏。' in 7214ms
06-06 00:45:57.673 I/SherpaSpeechEngine(29365): TTS generate start chars=9
06-06 00:45:59.070 I/WebSocketAgentChannel(29365): Received live text {"type":"thinking","session_id":"android_live_548ddc3f","turn_seq":11}
06-06 00:45:59.074 I/WebSocketAgentChannel(29365): Received live text {"type":"final","session_id":"android_live_548ddc3f","turn_seq":11,"text":"","intent":null}
06-06 00:45:59.075 I/WebSocketAgentChannel(29365): Received live text {"type":"guidance","session_id":"android_live_548ddc3f","turn_seq":11,"action":{"action_id":"act_mq15oirq_00e9_46dc6860487b","session_id":"android_live_548ddc3f","timestamp":"2026-06-05T16:45:59.171Z","stage":"S7_CPR_LOOP","intent":"encourage_rescuer","priority":"normal","source":"rule_feedback","re
06-06 00:45:59.077 I/WebSocketAgentChannel(29365): Received live text {"type":"state","session_id":"android_live_548ddc3f","turn_seq":11,"current_stage":"S7_CPR_LOOP","state":{"schema_version":"session_state.v0.1","session_id":"android_live_548ddc3f","mode":"demo_assisted","current_stage":"S7_CPR_LOOP","previous_stage":"S7_CPR_LOOP","started_at":"2026-06-05T16:45:59.1
06-06 00:45:59.121 D/AudioTrack(29365): pause(284): 0xb4000076609e7600, prior state:STATE_ACTIVE
06-06 00:45:59.121 D/AudioTrack(29365): getpackName client name com.firstaid.copilot.debug(29365)
06-06 00:45:59.122 D/AudioTrackShared(29365): this(0xb400007600e487b0), mCblk(0x78063e1980), front(28224), mIsOut 1, interrupt() FUTEX_WAKE
06-06 00:45:59.166 D/AudioTrack(29365): flush(284): 0xb4000076609e7600, prior state:STATE_PAUSED
06-06 00:45:59.166 D/AudioTrack(29365): stop(portId:284, sessionId:1953): prior state:STATE_FLUSHED
