--------- beginning of main
06-06 00:32:49.384 I/d.copilot.debug(28635): Late-enabling -Xcheck:jni
--------- beginning of system
06-06 00:32:49.470 V/ActivityThread(28635): updateVmProcessStateForGc sceneId =1 state=197376
06-06 00:32:49.471 I/d.copilot.debug(28635): Open vivo delay for GC JIT .
06-06 00:32:49.476 D/CompatibilityChangeReporter(28635): Compat change id reported: 171979766; UID 10299; state: ENABLED
06-06 00:32:49.489 W/ziparchive(28635): Unable to open '/data/app/~~gptfdjMpSsxutdN8HcoZEw==/com.firstaid.copilot.debug-dZZxcahZBtpoifI4GJk8VA==/base.dm': No such file or directory
06-06 00:32:49.489 W/ziparchive(28635): Unable to open '/data/app/~~gptfdjMpSsxutdN8HcoZEw==/com.firstaid.copilot.debug-dZZxcahZBtpoifI4GJk8VA==/base.dm': No such file or directory
06-06 00:32:49.936 V/GraphicsEnvironment(28635): ANGLE Developer option for 'com.firstaid.copilot.debug' set to: 'default'
06-06 00:32:49.937 V/GraphicsEnvironment(28635): ANGLE GameManagerService for com.firstaid.copilot.debug: false
06-06 00:32:49.937 V/GraphicsEnvironment(28635): App is not on the allowlist for updatable production driver.
06-06 00:32:49.942 D/NetworkSecurityConfig(28635): Using Network Security Config from resource network_security_config debugBuild: true
06-06 00:32:49.944 D/NetworkSecurityConfig(28635): Using Network Security Config from resource network_security_config debugBuild: true
06-06 00:32:49.969 W/libc    (28635): Access denied finding property "ro.vendor.perf.scroll_opt.heavy_app"
06-06 00:32:49.978 I/MSYNC3-VariableRefreshRate(28635): Variable refreshrate is disabled
06-06 00:32:49.980 I/PowerHalWrapper(28635): PowerHalWrapper.getInstance 
06-06 00:32:49.985 D/VivoConfigStore(28635): init begin
06-06 00:32:49.991 D/VivoConfigStore(28635): key:vivo.software.nightmode isCached is true and value is true
06-06 00:32:50.013 D/VivoConfigStore(28635): key:vivo.software.multilandscape isCached is true and value is true
06-06 00:32:50.015 D/VivoConfigStore(28635): key:vivo.software.ml.freedrag isCached is false and normal value is false
06-06 00:32:50.015 D/VivoConfigStore(28635): key:vivo.software.virtualmultilands isCached is true and value is true
06-06 00:32:50.017 D/VivoConfigStore(28635): key:vivo.software.multiwindowresidentbar isCached is false and normal value is false
06-06 00:32:50.018 D/VivoConfigStore(28635): key:vivo.software.hovermode isCached is false and normal value is false
06-06 00:32:50.036 D/VivoConfigStore(28635): key:vivo.software.multiwindow isCached is true and value is true
06-06 00:32:50.036 D/VivoConfigStore(28635): key:vivo.software.freeform isCached is true and value is true
06-06 00:32:50.113 D/VivoConfigStore(28635): key:vivo.software.immersive isCached is false and normal value is false
06-06 00:32:50.114 D/VivoConfigStore(28635): key:vivo.software.multiwindow isCached is true and value is true
06-06 00:32:50.535 I/TextToSpeech(28635): Connected to TTS engine
06-06 00:32:50.546 I/TextToSpeech(28635): Setting up the connection to TTS engine...
06-06 00:32:50.553 I/EdgeTextToSpeech(28635): Bundled TTS cache ready: 0/48 phrases (Asset)
06-06 00:32:50.570 W/d.copilot.debug(28635): Method boolean androidx.compose.runtime.snapshots.SnapshotStateList.conditionalUpdate(boolean, kotlin.jvm.functions.Function1) failed lock verification and will run slower.
06-06 00:32:50.570 W/d.copilot.debug(28635): Common causes for lock verification issues are non-optimized dex code
06-06 00:32:50.570 W/d.copilot.debug(28635): and incorrect proguard optimizations.
06-06 00:32:50.570 W/d.copilot.debug(28635): Method boolean androidx.compose.runtime.snapshots.SnapshotStateList.conditionalUpdate$default(androidx.compose.runtime.snapshots.SnapshotStateList, boolean, kotlin.jvm.functions.Function1, int, java.lang.Object) failed lock verification and will run slower.
06-06 00:32:50.570 W/d.copilot.debug(28635): Method java.lang.Object androidx.compose.runtime.snapshots.SnapshotStateList.mutate(kotlin.jvm.functions.Function1) failed lock verification and will run slower.
06-06 00:32:50.570 W/d.copilot.debug(28635): Method void androidx.compose.runtime.snapshots.SnapshotStateList.update(boolean, kotlin.jvm.functions.Function1) failed lock verification and will run slower.
06-06 00:32:50.570 W/d.copilot.debug(28635): Method void androidx.compose.runtime.snapshots.SnapshotStateList.update$default(androidx.compose.runtime.snapshots.SnapshotStateList, boolean, kotlin.jvm.functions.Function1, int, java.lang.Object) failed lock verification and will run slower.
06-06 00:32:50.666 D/BufferQueueConsumer(28635): [](id:6fdb00000000,api:0,p:-1,c:28635) connect: controlledByApp=false
06-06 00:32:50.668 E/FBI     (28635): Can't load library: dlopen failed: library "libmagtsync.so" not found
06-06 00:32:50.689 D/skia    (28635): GrGLMakeAssembledInterface verStr OpenGL ES 3.2 v1.r32p1-01eac0.0a0b917d9265b4c01be9925306306139
06-06 00:32:50.689 D/skia    (28635): GrGLMakeAssembledGLESInterface verStr OpenGL ES 3.2 v1.r32p1-01eac0.0a0b917d9265b4c01be9925306306139
06-06 00:32:50.689 D/skia    (28635): extensions init verString=OpenGL ES 3.2 v1.r32p1-01eac0.0a0b917d9265b4c01be9925306306139
06-06 00:32:50.698 I/BLASTBufferQueue(28635): QoSAllocBuff Successful. Ret 0 
06-06 00:32:50.726 I/mali    (28635): [DebugProp] GPU Debug-Mechanism Disable !
06-06 00:32:50.795 D/BLASTBufferQueue(28635): [VRI[MainActivity]#0](f:0,a:1) acquireNextBufferLocked size=720x1612 mFrameNumber=1 applyTransaction=true mTimestamp=51804728607318(auto) mPendingTransactions.size=0 graphicBufferId=122986388520965 transform=0
06-06 00:32:50.798 W/Parcel  (28635): Expecting binder but got null!
06-06 00:32:50.811 I/ActivityTaskManager( 1553): Displayed com.firstaid.copilot.debug/com.firstaid.copilot.MainActivity: +1s488ms
06-06 00:32:50.813 I/OpenGLRenderer(28635): Davey! duration=824ms; Flags=1, FrameTimelineVsyncId=21956928, IntendedVsync=51803905842231, Vsync=51804038798567, InputEventId=0, HandleInputStart=51804050082087, AnimationStart=51804050088856, PerformTraversalsStart=51804050283395, DrawStart=51804631862087, FrameDeadline=51803925842231, FrameInterval=51804050011010, FrameStartTime=16619542, SyncQueued=51804643354164, SyncStart=51804643443318, IssueDrawCommandsStart=51804643763318, SwapBuffers=51804725557779, FrameCompleted=51804730412625, DequeueBufferDuration=15000, QueueBufferDuration=417231, GpuCompleted=51804730412625, SwapBuffersCompleted=51804729353164, DisplayPresentTime=14310831033587, CommandSubmissionCompleted=51804725557779, 
06-06 00:32:50.827 I/WebSocketAgentChannel(28635): Connecting live WebSocket url=ws://127.0.0.1:8787/ws/live session=android_live_e45a27fd mode=demo_assisted
06-06 00:32:50.837 W/libc    (28635): Access denied finding property "ro.hardware.chipname"
06-06 00:32:50.845 D/TrafficStats(28635): tagSocket(135) with statsTag=0xffffffff, statsUid=-1
06-06 00:32:50.845 D/TrafficStats(28635): tagSocket(139) with statsTag=0xffffffff, statsUid=-1
06-06 00:32:50.845 D/Linux   (28635): [Posix_connect Debug]Process com.firstaid.copilot.debug :8787 
06-06 00:32:50.845 D/Linux   (28635): [Posix_connect Debug]Process com.firstaid.copilot.debug :8787 
06-06 00:32:50.867 I/WebSocketAgentChannel(28635): Live WebSocket opened code=101
06-06 00:32:50.867 I/WebSocketAgentChannel(28635): Sent live JSON type=start ok=true payloadKeys=
06-06 00:32:50.868 I/WebSocketAgentChannel(28635): Received live text {"type":"state","session_id":"voice_live_mq157ml8_005d_d86b9f0484ef","live":true,"status":"connected","stt_mode":"pending"}
06-06 00:32:50.870 I/WebSocketAgentChannel(28635): Received live text {"type":"state","session_id":"android_live_e45a27fd","live":true,"status":"connected","stt_mode":"pending"}
06-06 00:32:50.898 I/SherpaSpeechEngine(28635): ASR create start modelDir=/storage/emulated/0/Android/media/com.firstaid.copilot.debug/models/speech/stt-stream/sherpa-onnx-streaming-zipformer-bilingual-zh-en-2023-02-20
06-06 00:32:50.915 V/ImeFocusController(28635): onWindowFocus: DecorView@3974861[MainActivity] softInputMode=STATE_UNSPECIFIED|ADJUST_PAN|IS_FORWARD_NAVIGATION
06-06 00:32:50.915 V/ImeFocusController(28635): Restarting due to isRestartOnNextWindowFocus as true
06-06 00:32:50.915 D/ImeFocusController(28635): onViewFocusChanged, view=DecorView@3974861[MainActivity], mServedView=null
06-06 00:32:50.916 V/ImeFocusController(28635): checkFocus: view=null next=DecorView@3974861[MainActivity] immDelegate=delegate{2dc1b8e displayId=0} force=true package=<none>
06-06 00:32:50.922 I/FontLog ( 3989): (REDACTED) Received query %s, URI %s
06-06 00:32:50.922 I/FontLog ( 3989): (REDACTED) Query [%s] resolved to %s
06-06 00:32:50.924 I/FontLog ( 3989): (REDACTED) Fetch %s end status %s
06-06 00:32:50.932 I/FontLog ( 3989): (REDACTED) Pulling font file for id = %d, cache size = %d
06-06 00:32:50.942 I/FontLog ( 3989): (REDACTED) Pulling font file for id = %d, cache size = %d
06-06 00:32:50.969 V/ActivityThread(28635): updateVmProcessStateForGc sceneId =1 state=196608
06-06 00:32:50.969 I/d.copilot.debug(28635): Close vivo delay for GC JIT .
06-06 00:32:51.655 I/d.copilot.debug(28635): Compiler allocated 5703KB to compile void android.view.ViewRootImpl.performTraversals()
06-06 00:32:53.099 I/SherpaSpeechEngine(28635): ASR create done
06-06 00:32:53.102 I/SherpaSpeechEngine(28635): ASR accept waveform samples=3200
06-06 00:32:53.103 I/SherpaSpeechEngine(28635): ASR decode done iterations=0
06-06 00:32:53.133 I/SherpaSpeechEngine(28635): ASR create start modelDir=/storage/emulated/0/Android/media/com.firstaid.copilot.debug/models/speech/stt-stream/sherpa-onnx-streaming-zipformer-bilingual-zh-en-2023-02-20
06-06 00:32:55.063 I/SherpaSpeechEngine(28635): ASR create done
06-06 00:32:55.071 I/SherpaSpeechEngine(28635): TTS create start model=/storage/emulated/0/Android/media/com.firstaid.copilot.debug/models/speech/tts/model.int8.onnx
06-06 00:32:55.085 W/sherpa-onnx(28635): /home/runner/work/sherpa-onnx/sherpa-onnx/sherpa-onnx/jni/offline-tts.cc:operator():481
06-06 00:32:55.085 W/sherpa-onnx(28635): config:
06-06 00:32:55.085 W/sherpa-onnx(28635): OfflineTtsConfig(model=OfflineTtsModelConfig(vits=OfflineTtsVitsModelConfig(model="/storage/emulated/0/Android/media/com.firstaid.copilot.debug/models/speech/tts/model.int8.onnx", lexicon="/storage/emulated/0/Android/media/com.firstaid.copilot.debug/models/speech/tts/lexicon.txt", tokens="/storage/emulated/0/Android/media/com.firstaid.copilot.debug/models/speech/tts/tokens.txt", data_dir="", noise_scale=0.667, noise_scale_w=0.8, length_scale=1), matcha=OfflineTtsMatchaModelConfig(acoustic_model="", vocoder="", lexicon="", tokens="", data_dir="", noise_scale=1, length_scale=1), kokoro=OfflineTtsKokoroModelConfig(model="", voices="", tokens="", lexicon="", data_dir="", length_scale=1, lang=""), zipvoice=OfflineTtsZipvoiceModelConfig(tokens="", encoder="", decoder="", vocoder="", data_dir="", lexicon="", feat_scale=0.1, t_shift=0.5, target_rms=0.1, guidance_scale=1), kitten=OfflineTtsKittenModelConfig(model="", voices="", tokens="", data_dir="", length_scale=1), pocket=OfflineTtsPocketModelConfig(lm_flo
06-06 00:32:55.554 D/ProfileInstaller(28635): Installing profile for com.firstaid.copilot.debug
06-06 00:32:59.486 I/LiveAudioPlayer(28635): Live audio cancel with no active stream reason=new_turn
06-06 00:32:59.488 I/WebSocketAgentChannel(28635): Sent live JSON type=turn ok=true payloadKeys=["sessionId","eventSource","eventType","deviceState","metadata"]
06-06 00:32:59.489 I/WebSocketAgentChannel(28635): Sent live JSON type=context ok=true payloadKeys=["sessionId"]
06-06 00:32:59.491 I/WebSocketAgentChannel(28635): Received live text {"type":"thinking","session_id":"android_live_e45a27fd","turn_seq":1}
06-06 00:32:59.492 I/WebSocketAgentChannel(28635): Received live text {"type":"final","session_id":"android_live_e45a27fd","turn_seq":1,"text":"","intent":null}
06-06 00:32:59.494 I/WebSocketAgentChannel(28635): Received live text {"type":"guidance","session_id":"android_live_e45a27fd","turn_seq":1,"action":{"action_id":"act_mq157t92_005i_b9cf4db3f53f","session_id":"android_live_e45a27fd","timestamp":"2026-06-05T16:32:59.605Z","stage":"S1_SCENE_SAFE","intent":"ensure_scene_safe","priority":"normal","source":"state_machine","r
06-06 00:32:59.497 I/WebSocketAgentChannel(28635): Received live text {"type":"state","session_id":"android_live_e45a27fd","turn_seq":1,"current_stage":"S1_SCENE_SAFE","state":{"schema_version":"session_state.v0.1","session_id":"android_live_e45a27fd","mode":"demo_assisted","current_stage":"S1_SCENE_SAFE","previous_stage":"S1_SCENE_SAFE","started_at":"2026-06-05T16:32
06-06 00:32:59.498 V/VivoAudioPolicyProxyNative(28635): VivoAudioPolicyProxy getInstanceInter: binding to vivoaudiopolicy service success!
06-06 00:32:59.498 D/AudioRecord(28635): set(): 0xb400007660946d70, inputSource 6, sampleRate 16000, format 0x1, channelMask 0x10, frameCount 2560, notificationFrames 0, sessionId 0, transferType 0, flags 0, attributionSource AttributionSourceState{pid: -1, uid: 10299, packageName: com.firstaid.copilot.debug, attributionTag: (null), token: , renouncedPermissions: [], next: []} uid -1, pid -1, latency 200
06-06 00:32:59.499 D/AudioSystem(28635): getpackName client name com.firstaid.copilot.debug(28635)
06-06 00:32:59.501 I/AudioRecord(28635): set(): getPolicyInputSourceForVoip mAttributes input source= 6,flags:0
06-06 00:32:59.501 D/AudioRecord(28635): getpackName client name com.firstaid.copilot.debug(28635)
06-06 00:32:59.502 D/AudioRecord(28635): getpackName client name com.firstaid.copilot.debug(28635)
06-06 00:32:59.502 D/AudioRecord(28635): getpackName client name com.firstaid.copilot.debug(28635)
06-06 00:32:59.523 D/AudioRecord(28635): openRecord_l: 0xb400007660946d70, mCblk = 0x780e4ca000
06-06 00:32:59.532 I/AudioEffect(28635): queryNumberEffects(): *numEffects = 25, ret = 0
06-06 00:32:59.544 I/AudioEffect(28635): set 0xb4000076306bb980 uuid: 0x74b9801510 timeLow 7b491460
06-06 00:32:59.550 I/AudioEffect(28635): set() 0xb4000076306bb980 OK effect: Acoustic Echo Canceler id: 395 status 0 enabled 0 pid 28635
06-06 00:32:59.551 I/AudioEffect(28635): enable 0xb4000076306bb980
06-06 00:32:59.552 I/AudioEffect(28635): queryNumberEffects(): *numEffects = 25, ret = 0
06-06 00:32:59.564 I/AudioEffect(28635): set 0xb4000076306baba0 uuid: 0x74b9801510 timeLow 58b4b260
06-06 00:32:59.569 I/AudioEffect(28635): set() 0xb4000076306baba0 OK effect: Noise Suppression id: 403 status 0 enabled 0 pid 28635
06-06 00:32:59.569 I/AudioEffect(28635): enable 0xb4000076306baba0
06-06 00:32:59.573 D/AudioRecord(28635): start(260): 0xb400007660946d70, sync event 0 trigger session 0
06-06 00:32:59.573 D/AudioRecord(28635): getpackName client name com.firstaid.copilot.debug(28635)
06-06 00:32:59.578 W/vivo.PerfThread(28635): type=1400 audit(0.0:3428270): avc: denied { read } for name="thermal" dev="sysfs" ino=10150 scontext=u:r:untrusted_app:s0:c43,c257,c512,c768 tcontext=u:object_r:sysfs_thermal:s0 tclass=dir permissive=0 app=com.firstaid.copilot.debug
06-06 00:32:59.593 D/AudioRecord(28635): start(260): return status 0
06-06 00:32:59.597 I/EdgeTextToSpeech(28635): Android TTS fast path for '开始录制，先确认周围安全；安全后'
06-06 00:32:59.691 I/AndroidTextToSpeech(28635): Android TTS onStart latency=4ms
06-06 00:32:59.808 D/AudioManager( 9621): dispatching onPlaybackConfigChanged()
06-06 00:32:59.808 D/AudioManager( 9607): dispatching onPlaybackConfigChanged()
06-06 00:32:59.825 D/AudioManager( 9621): dispatching onPlaybackConfigChanged()
06-06 00:32:59.825 D/AudioManager( 9607): dispatching onPlaybackConfigChanged()
06-06 00:33:00.087 I/d.copilot.debug(28635): Compiler allocated 4515KB to compile void com.firstaid.copilot.live.ui.LiveCprCoachScreenKt.LiveCprCoachScreen(com.firstaid.copilot.live.LiveSessionViewModel, kotlin.jvm.functions.Function0, androidx.compose.runtime.Composer, int, int)
06-06 00:33:00.981 I/SherpaSpeechEngine(28635): TTS create done
06-06 00:33:00.981 I/SherpaSpeechEngine(28635): TTS generate start chars=4
06-06 00:33:02.297 I/WebSocketAgentChannel(28635): Received live text {"type":"audio_begin","session_id":"android_live_e45a27fd","turn_seq":1,"action_id":"act_mq157t92_005i_b9cf4db3f53f","format":"pcm16","sample_rate":44100,"channels":1,"bits_per_sample":16}
06-06 00:33:02.350 I/WebSocketAgentChannel(28635): Received live audio bytes=73728
06-06 00:33:02.700 I/WebSocketAgentChannel(28635): Received live audio bytes=105472
06-06 00:33:03.177 I/WebSocketAgentChannel(28635): Received live audio bytes=138240
06-06 00:33:03.180 I/WebSocketAgentChannel(28635): Received live text {"type":"audio_end","session_id":"android_live_e45a27fd","turn_seq":1,"action_id":"act_mq157t92_005i_b9cf4db3f53f"}
06-06 00:33:04.582 D/AudioManager( 9621): dispatching onPlaybackConfigChanged()
06-06 00:33:04.582 D/AudioManager( 9607): dispatching onPlaybackConfigChanged()
06-06 00:33:04.586 D/AudioManager( 9607): dispatching onPlaybackConfigChanged()
06-06 00:33:04.586 D/AudioManager( 9621): dispatching onPlaybackConfigChanged()
06-06 00:33:04.711 I/SherpaSpeechEngine(28635): TTS generate done
06-06 00:33:04.717 I/SherpaSpeechEngine(28635): TTS save done bytes=71724
06-06 00:33:04.719 I/EdgeTextToSpeech(28635): Sherpa TTS cached '继续按压' in 9648ms
06-06 00:33:04.721 I/SherpaSpeechEngine(28635): TTS generate start chars=21
06-06 00:33:04.723 W/sherpa-onnx(28635): /home/runner/work/sherpa-onnx/sherpa-onnx/sherpa-onnx/csrc/melo-tts-lexicon.cc:ConvertTextToTokenIds:120
06-06 00:33:04.723 W/sherpa-onnx(28635): Ignore OOV '；'
06-06 00:33:06.686 W/ProcessState(28759): Extra binder thread started, but 0 threads requested. Do not use *startThreadPool when zero threads are requested.
06-06 00:33:06.708 I/DMABUFHEAPS(28759): Using DMA-BUF heap named: mtk_mm
06-06 00:33:06.708 I/DMABUFHEAPS(28759): Using DMA-BUF heap named: mtk_mm-uncached
06-06 00:33:06.708 I/DMABUFHEAPS(28759): Using DMA-BUF heap named: mtk_svp_region-aligned
06-06 00:33:06.708 I/DMABUFHEAPS(28759): Using DMA-BUF heap named: mtk_prot_region
06-06 00:33:06.708 I/DMABUFHEAPS(28759): Using DMA-BUF heap named: mtk_2d_fr_region
06-06 00:33:06.708 I/DMABUFHEAPS(28759): Using DMA-BUF heap named: mtk_wfd_region-aligned
06-06 00:33:06.709 D/OpenGLRenderer(28759): Bitmap::compress format:Png w:720 h:1612 quality:100 app_apk:screencap 
06-06 00:33:06.709 W/libc    (28759): Access denied finding property "vendor.vivo.imageencoder.dump"
06-06 00:33:06.843 W/RefBase (28759): RefBase: Explicit destruction, weak count = 0 (in 0x75759e6468). Use sp<> to manage this object.
06-06 00:33:06.848 D/RefBase (28759): #00 pc 000000000010cc18  /apex/com.android.runtime/lib64/bionic/libc.so (__cxa_finalize+280)
06-06 00:33:06.848 D/RefBase (28759): #01 pc 00000000000fee08  /apex/com.android.runtime/lib64/bionic/libc.so (exit+24)
06-06 00:33:06.848 D/RefBase (28759): #02 pc 00000000000927f4  /apex/com.android.runtime/lib64/bionic/libc.so (__libc_init+100)
06-06 00:33:07.061 E/appproc (28762): checkAndSetEnv get_baksize open file /data/dalvik-cache/classpath failed , error(Permission denied)
06-06 00:33:07.062 E/appproc (28762): checkAndSetEnv write_classpathbak open file failed:Permission denied
06-06 00:33:07.062 E/appproc (28762): checkAndSetEnv get_baksize open file /data/dalvik-cache/classpath2 failed , error(Permission denied)
06-06 00:33:07.063 E/appproc (28762): checkAndSetEnv write_classpathbak open file failed:Permission denied
06-06 00:33:07.063 E/appproc (28762): checkAndSetEnv get_baksize open file /data/dalvik-cache/classpath3 failed , error(Permission denied)
06-06 00:33:07.063 E/appproc (28762): checkAndSetEnv write_classpathbak open file failed:Permission denied
06-06 00:33:07.063 E/appproc (28762): checkAndSetEnv get_baksize open file /data/dalvik-cache/classpath4 failed , error(Permission denied)
06-06 00:33:07.063 E/appproc (28762): checkAndSetEnv write_classpathbak open file failed:Permission denied
06-06 00:33:07.063 D/AndroidRuntime(28762): >>>>>> START com.android.internal.os.RuntimeInit uid 2000 <<<<<<
06-06 00:33:07.068 I/AndroidRuntime(28762): Using default boot image
06-06 00:33:07.068 I/AndroidRuntime(28762): Leaving lock profiling enabled
06-06 00:33:07.071 W/app_process(28762): ART APEX data files are untrusted.
06-06 00:33:07.208 D/app_process(28762): Time zone APEX ICU file found: /apex/com.android.tzdata/etc/icu/icu_tzdata.dat
06-06 00:33:07.208 D/app_process(28762): I18n APEX ICU file found: /apex/com.android.i18n/etc/icu/icudt70l.dat
06-06 00:33:07.219 E/app_process(28762): No implementation found for long android.os.Trace.nativeGetEnabledTags() (tried Java_android_os_Trace_nativeGetEnabledTags and Java_android_os_Trace_nativeGetEnabledTags__)
06-06 00:33:07.220 E/app_process(28762): No implementation found for long android.os.Trace.nativeGetEnabledTags() (tried Java_android_os_Trace_nativeGetEnabledTags and Java_android_os_Trace_nativeGetEnabledTags__)
06-06 00:33:07.220 E/System  (28762): openDexFile load detect error
06-06 00:33:07.220 E/System  (28762): java.lang.reflect.InvocationTargetException
06-06 00:33:07.220 E/System  (28762): 	at java.lang.reflect.Method.invoke(Native Method)
06-06 00:33:07.220 E/System  (28762): 	at dalvik.system.DexFile.openDexFile(DexFile.java:387)
06-06 00:33:07.220 E/System  (28762): 	at dalvik.system.DexFile.<init>(DexFile.java:118)
06-06 00:33:07.220 E/System  (28762): 	at dalvik.system.DexFile.<init>(DexFile.java:91)
06-06 00:33:07.220 E/System  (28762): 	at dalvik.system.DexPathList.loadDexFile(DexPathList.java:438)
06-06 00:33:07.220 E/System  (28762): 	at dalvik.system.DexPathList.makeDexElements(DexPathList.java:397)
06-06 00:33:07.220 E/System  (28762): 	at dalvik.system.DexPathList.<init>(DexPathList.java:166)
06-06 00:33:07.220 E/System  (28762): 	at dalvik.system.BaseDexClassLoader.<init>(BaseDexClassLoader.java:160)
06-06 00:33:07.220 E/System  (28762): 	at dalvik.system.BaseDexClassLoader.<init>(BaseDexClassLoader.java:105)
06-06 00:33:07.220 E/System  (28762): 	at dalvik.system.PathClassLoader.<init>(PathClassLoader.java:71)
06-06 00:33:07.220 E/System  (28762): 	at java.lang.ClassLoader.createSystemClassLoader(ClassLoader.java:224)
06-06 00:33:07.220 E/System  (28762): 	at java.lang.ClassLoader.-$$Nest$smcreateSystemClassLoader(Unknown Source:0)
06-06 00:33:07.220 E/System  (28762): 	at java.lang.ClassLoader$SystemClassLoader.<clinit>(ClassLoader.java:183)
06-06 00:33:07.220 E/System  (28762): 	at java.lang.ClassLoader.getSystemClassLoader(ClassLoader.java:1098)
06-06 00:33:07.220 E/System  (28762): Caused by: java.lang.UnsatisfiedLinkError: No implementation found for long android.os.Trace.nativeGetEnabledTags() (tried Java_android_os_Trace_nativeGetEnabledTags and Java_android_os_Trace_nativeGetEnabledTags__)
06-06 00:33:07.220 E/System  (28762): 	at android.os.Trace.nativeGetEnabledTags(Native Method)
06-06 00:33:07.220 E/System  (28762): 	at android.os.Trace.isTagEnabled(Trace.java:163)
06-06 00:33:07.220 E/System  (28762): 	at android.os.Trace.endSection(Trace.java:398)
06-06 00:33:07.220 E/System  (28762): 	at com.vivo.framework.securitydetect.DynamicLoadDetectManager.reportDexLoaded(DynamicLoadDetectManager.java:156)
06-06 00:33:07.220 E/System  (28762): 	... 14 more
06-06 00:33:07.224 E/app_process(28762): No implementation found for long android.os.Trace.nativeGetEnabledTags() (tried Java_android_os_Trace_nativeGetEnabledTags and Java_android_os_Trace_nativeGetEnabledTags__)
06-06 00:33:07.224 E/app_process(28762): No implementation found for long android.os.Trace.nativeGetEnabledTags() (tried Java_android_os_Trace_nativeGetEnabledTags and Java_android_os_Trace_nativeGetEnabledTags__)
06-06 00:33:07.224 E/System  (28762): openDexFile load detect error
06-06 00:33:07.224 E/System  (28762): java.lang.reflect.InvocationTargetException
06-06 00:33:07.224 E/System  (28762): 	at java.lang.reflect.Method.invoke(Native Method)
06-06 00:33:07.224 E/System  (28762): 	at dalvik.system.DexFile.openDexFile(DexFile.java:387)
06-06 00:33:07.224 E/System  (28762): 	at dalvik.system.DexFile.<init>(DexFile.java:118)
06-06 00:33:07.224 E/System  (28762): 	at dalvik.system.DexFile.<init>(DexFile.java:91)
06-06 00:33:07.224 E/System  (28762): 	at dalvik.system.DexPathList.loadDexFile(DexPathList.java:438)
06-06 00:33:07.224 E/System  (28762): 	at dalvik.system.DexPathList.makeDexElements(DexPathList.java:397)
06-06 00:33:07.224 E/System  (28762): 	at dalvik.system.DexPathList.<init>(DexPathList.java:166)
06-06 00:33:07.224 E/System  (28762): 	at dalvik.system.BaseDexClassLoader.<init>(BaseDexClassLoader.java:160)
06-06 00:33:07.224 E/System  (28762): 	at dalvik.system.BaseDexClassLoader.<init>(BaseDexClassLoader.java:105)
06-06 00:33:07.224 E/System  (28762): 	at dalvik.system.PathClassLoader.<init>(PathClassLoader.java:71)
06-06 00:33:07.224 E/System  (28762): 	at java.lang.ClassLoader.createSystemClassLoader(ClassLoader.java:224)
06-06 00:33:07.224 E/System  (28762): 	at java.lang.ClassLoader.-$$Nest$smcreateSystemClassLoader(Unknown Source:0)
06-06 00:33:07.224 E/System  (28762): 	at java.lang.ClassLoader$SystemClassLoader.<clinit>(ClassLoader.java:183)
06-06 00:33:07.224 E/System  (28762): 	at java.lang.ClassLoader.getSystemClassLoader(ClassLoader.java:1098)
06-06 00:33:07.224 E/System  (28762): Caused by: java.lang.UnsatisfiedLinkError: No implementation found for long android.os.Trace.nativeGetEnabledTags() (tried Java_android_os_Trace_nativeGetEnabledTags and Java_android_os_Trace_nativeGetEnabledTags__)
06-06 00:33:07.224 E/System  (28762): 	at android.os.Trace.nativeGetEnabledTags(Native Method)
06-06 00:33:07.224 E/System  (28762): 	at android.os.Trace.isTagEnabled(Trace.java:163)
06-06 00:33:07.224 E/System  (28762): 	at android.os.Trace.endSection(Trace.java:398)
06-06 00:33:07.224 E/System  (28762): 	at com.vivo.framework.securitydetect.DynamicLoadDetectManager.reportDexLoaded(DynamicLoadDetectManager.java:156)
06-06 00:33:07.224 E/System  (28762): 	... 14 more
06-06 00:33:07.225 W/app_process(28762): ClassLoaderContext classpath size mismatch. expected=0, found=1 (PCL[] | PCL[/system/framework/android.test.runner.jar*2259575933])
06-06 00:33:07.230 I/VivoSystemFrameworkFactory(28762): Instance implClass com.vivo.VivoSystemFrameworkFactoryImpl
06-06 00:33:07.253 D/AndroidRuntime(28762): Calling main entry com.android.commands.uiautomator.Launcher
06-06 00:33:07.257 W/ziparchive(28762): Unable to open '/system/framework/mediatek-framework.dm': No such file or directory
06-06 00:33:07.257 W/ziparchive(28762): Unable to open '/system/framework/mediatek-framework.dm': No such file or directory
06-06 00:33:07.270 W/uiautomator(28762): type=1400 audit(0.0:3428273): avc: denied { read } for name="user_cpu_freq" dev="sysfs" ino=49317 scontext=u:r:shell:s0 tcontext=u:object_r:sysfs_user_cpu_freq:s0 tclass=file permissive=0
06-06 00:33:07.345 I/LiveCprCoachScreen(28635): ASR endpoint
06-06 00:33:07.602 D/TrafficStats( 3989): tagSocket(104) with statsTag=0x34000609, statsUid=10163
06-06 00:33:07.605 D/Linux   ( 3989): [Posix_connect Debug]Process com.google.android.gms.persistent :443 
06-06 00:33:07.640 D/TrafficStats( 3989): tagSocket(89) with statsTag=0x34000609, statsUid=10163
06-06 00:33:07.645 D/Linux   ( 3989): [Posix_connect Debug]Process com.google.android.gms.persistent :443 
06-06 00:33:08.191 D/BatteryStatsService( 1553): notePemWifiState  id: 60,type: 0, name: {"startTime":"60274228","pkgName":"com.amap.android.location"}
06-06 00:33:09.621 D/BatteryStatsService( 1553): notePemWifiState  id: 60,type: 1, name: {"stopTime":"60275658","pkgName":"com.amap.android.location"}
06-06 00:33:09.914 I/LiveCprCoachScreen(28635): ASR endpoint
06-06 00:33:10.040 W/libc    (28762): Access denied finding property "qemu.sf.lcd_density"
06-06 00:33:10.038 W/uiautomator(28762): type=1400 audit(0.0:3428274): avc: denied { read } for name="u:object_r:qemu_sf_lcd_density_prop:s0" dev="tmpfs" ino=280 scontext=u:r:shell:s0 tcontext=u:object_r:qemu_sf_lcd_density_prop:s0 tclass=file permissive=0
06-06 00:33:10.040 W/libc    (28762): Access denied finding property "qemu.sf.lcd_density"
06-06 00:33:10.038 W/uiautomator(28762): type=1400 audit(0.0:3428275): avc: denied { read } for name="u:object_r:qemu_sf_lcd_density_prop:s0" dev="tmpfs" ino=280 scontext=u:r:shell:s0 tcontext=u:object_r:qemu_sf_lcd_density_prop:s0 tclass=file permissive=0
06-06 00:33:10.059 W/AccessibilityNodeInfoDumper(28762): Fetch time: 15ms
06-06 00:33:10.108 D/AndroidRuntime(28762): Shutting down VM
06-06 00:33:10.943 W/RefBase (28762): RefBase: Explicit destruction, weak count = 0 (in 0x7cc3bc3468). Use sp<> to manage this object.
06-06 00:33:10.948 D/RefBase (28762): #00 pc 000000000010cc18  /apex/com.android.runtime/lib64/bionic/libc.so (__cxa_finalize+280)
06-06 00:33:10.948 D/RefBase (28762): #01 pc 00000000000fee08  /apex/com.android.runtime/lib64/bionic/libc.so (exit+24)
06-06 00:33:10.948 D/RefBase (28762): #02 pc 00000000000927f4  /apex/com.android.runtime/lib64/bionic/libc.so (__libc_init+100)
06-06 00:33:12.429 I/LiveCprCoachScreen(28635): ASR endpoint
06-06 00:33:15.006 I/LiveCprCoachScreen(28635): ASR endpoint
06-06 00:33:17.575 I/LiveCprCoachScreen(28635): ASR endpoint
06-06 00:33:17.881 I/LiveCprCoachScreen(28635): ASR partial='小组'
06-06 00:33:18.174 I/LiveCprCoachScreen(28635): ASR partial='小组间'
06-06 00:33:18.962 I/SherpaSpeechEngine(28635): TTS generate done
06-06 00:33:18.967 I/SherpaSpeechEngine(28635): TTS save done bytes=307244
06-06 00:33:18.968 I/EdgeTextToSpeech(28635): Sherpa TTS background cached '开始录制，先确认周围安全；安全后' in 14246ms
06-06 00:33:19.481 I/LiveCprCoachScreen(28635): ASR final='小组间' intent= confidence=null
06-06 00:33:19.486 I/LiveAudioPlayer(28635): Live audio cancel with no active stream reason=new_turn
06-06 00:33:19.487 I/WebSocketAgentChannel(28635): Sent live JSON type=context ok=true payloadKeys=["sessionId"]
06-06 00:33:19.488 I/WebSocketAgentChannel(28635): Sent live JSON type=commit_text ok=true payloadKeys=
06-06 00:33:19.489 I/LiveCprCoachScreen(28635): ASR endpoint
06-06 00:33:19.538 I/WebSocketAgentChannel(28635): Received live text {"type":"thinking","session_id":"android_live_e45a27fd","turn_seq":2}
06-06 00:33:19.540 I/WebSocketAgentChannel(28635): Received live text {"type":"final","session_id":"android_live_e45a27fd","turn_seq":2,"text":"小组间","intent":null}
06-06 00:33:19.540 I/WebSocketAgentChannel(28635): Received live text {"type":"guidance","session_id":"android_live_e45a27fd","turn_seq":2,"action":{"action_id":"act_mq1588pw_005p_fdd76aad6a62","session_id":"android_live_e45a27fd","timestamp":"2026-06-05T16:33:19.652Z","stage":"S1_SCENE_SAFE","intent":"ensure_scene_safe","priority":"normal","source":"state_machine","r
06-06 00:33:19.543 I/WebSocketAgentChannel(28635): Received live text {"type":"state","session_id":"android_live_e45a27fd","turn_seq":2,"current_stage":"S1_SCENE_SAFE","state":{"schema_version":"session_state.v0.1","session_id":"android_live_e45a27fd","mode":"demo_assisted","current_stage":"S1_SCENE_SAFE","previous_stage":"S1_SCENE_SAFE","started_at":"2026-06-05T16:33
06-06 00:33:19.563 I/EdgeTextToSpeech(28635): Android TTS fast path for '先确认周围安全，再靠近患者。'
06-06 00:33:19.658 I/SherpaSpeechEngine(28635): TTS generate start chars=14
06-06 00:33:19.658 I/AndroidTextToSpeech(28635): Android TTS onStart latency=4ms
06-06 00:33:19.724 D/AudioManager( 9607): dispatching onPlaybackConfigChanged()
06-06 00:33:19.726 D/AudioManager( 9621): dispatching onPlaybackConfigChanged()
06-06 00:33:19.742 D/AudioManager( 9621): dispatching onPlaybackConfigChanged()
06-06 00:33:19.743 D/AudioManager( 9607): dispatching onPlaybackConfigChanged()
06-06 00:33:20.015 I/WebSocketAgentChannel(28635): Received live text {"type":"audio_begin","session_id":"android_live_e45a27fd","turn_seq":2,"action_id":"act_mq1588pw_005p_fdd76aad6a62","format":"pcm16","sample_rate":44100,"channels":1,"bits_per_sample":16}
06-06 00:33:20.025 I/WebSocketAgentChannel(28635): Received live audio bytes=118784
06-06 00:33:20.413 I/WebSocketAgentChannel(28635): Received live audio bytes=111616
06-06 00:33:20.414 I/WebSocketAgentChannel(28635): Received live text {"type":"audio_end","session_id":"android_live_e45a27fd","turn_seq":2,"action_id":"act_mq1588pw_005p_fdd76aad6a62"}
06-06 00:33:22.953 D/AudioManager( 9621): dispatching onPlaybackConfigChanged()
06-06 00:33:22.954 D/AudioManager( 9607): dispatching onPlaybackConfigChanged()
06-06 00:33:22.954 D/AudioManager( 9621): dispatching onPlaybackConfigChanged()
06-06 00:33:22.954 D/AudioManager( 9607): dispatching onPlaybackConfigChanged()
06-06 00:33:23.147 I/LiveCprCoachScreen(28635): ASR partial='你好我是'
06-06 00:33:23.435 I/LiveCprCoachScreen(28635): ASR partial='你好我是会'
06-06 00:33:24.700 I/LiveCprCoachScreen(28635): ASR final='你好我是会' intent= confidence=null
06-06 00:33:24.701 I/LiveAudioPlayer(28635): Live audio cancel with no active stream reason=new_turn
06-06 00:33:24.701 I/WebSocketAgentChannel(28635): Sent live JSON type=context ok=true payloadKeys=["sessionId"]
06-06 00:33:24.702 I/WebSocketAgentChannel(28635): Sent live JSON type=commit_text ok=true payloadKeys=
06-06 00:33:24.702 I/LiveCprCoachScreen(28635): ASR endpoint
06-06 00:33:24.746 I/WebSocketAgentChannel(28635): Received live text {"type":"thinking","session_id":"android_live_e45a27fd","turn_seq":3}
06-06 00:33:24.747 I/WebSocketAgentChannel(28635): Received live text {"type":"final","session_id":"android_live_e45a27fd","turn_seq":3,"text":"你好我是会","intent":null}
06-06 00:33:24.748 I/WebSocketAgentChannel(28635): Received live text {"type":"guidance","session_id":"android_live_e45a27fd","turn_seq":3,"action":{"action_id":"act_mq158cqj_005y_4a55efefcb9d","session_id":"android_live_e45a27fd","timestamp":"2026-06-05T16:33:24.859Z","stage":"S1_SCENE_SAFE","intent":"ensure_scene_safe","priority":"normal","source":"state_machine","r
06-06 00:33:24.751 I/WebSocketAgentChannel(28635): Received live text {"type":"state","session_id":"android_live_e45a27fd","turn_seq":3,"current_stage":"S1_SCENE_SAFE","state":{"schema_version":"session_state.v0.1","session_id":"android_live_e45a27fd","mode":"demo_assisted","current_stage":"S1_SCENE_SAFE","previous_stage":"S1_SCENE_SAFE","started_at":"2026-06-05T16:33
06-06 00:33:24.760 I/EdgeTextToSpeech(28635): Android TTS fast path for '先确认周围安全，再靠近患者。'
06-06 00:33:24.817 I/AndroidTextToSpeech(28635): Android TTS onStart latency=2ms
06-06 00:33:24.857 D/AudioManager( 9607): dispatching onPlaybackConfigChanged()
06-06 00:33:24.859 D/AudioManager( 9621): dispatching onPlaybackConfigChanged()
06-06 00:33:24.876 D/AudioManager( 9621): dispatching onPlaybackConfigChanged()
06-06 00:33:24.876 D/AudioManager( 9607): dispatching onPlaybackConfigChanged()
06-06 00:33:24.965 D/BoundBrokerSvc( 5058): onUnbind: Intent { act=com.google.android.gms.common.BIND_SHARED_PREFS pkg=com.google.android.gms }
06-06 00:33:25.162 I/WebSocketAgentChannel(28635): Received live text {"type":"audio_begin","session_id":"android_live_e45a27fd","turn_seq":3,"action_id":"act_mq158cqj_005y_4a55efefcb9d","format":"pcm16","sample_rate":44100,"channels":1,"bits_per_sample":16}
06-06 00:33:25.173 I/WebSocketAgentChannel(28635): Received live audio bytes=118784
06-06 00:33:25.595 I/WebSocketAgentChannel(28635): Received live audio bytes=111616
06-06 00:33:25.596 I/WebSocketAgentChannel(28635): Received live text {"type":"audio_end","session_id":"android_live_e45a27fd","turn_seq":3,"action_id":"act_mq158cqj_005y_4a55efefcb9d"}
06-06 00:33:26.035 D/TrafficStats( 3989): tagSocket(88) with statsTag=0x34000609, statsUid=10163
06-06 00:33:26.038 D/Linux   ( 3989): [Posix_connect Debug]Process com.google.android.gms.persistent :443 
06-06 00:33:28.082 D/AudioManager( 9621): dispatching onPlaybackConfigChanged()
06-06 00:33:28.085 D/AudioManager( 9607): dispatching onPlaybackConfigChanged()
06-06 00:33:28.085 D/AudioManager( 9607): dispatching onPlaybackConfigChanged()
06-06 00:33:28.085 D/AudioManager( 9621): dispatching onPlaybackConfigChanged()
06-06 00:33:29.824 I/SherpaSpeechEngine(28635): TTS generate done
06-06 00:33:29.829 I/SherpaSpeechEngine(28635): TTS save done bytes=212012
06-06 00:33:29.836 I/EdgeTextToSpeech(28635): Sherpa TTS background cached '先确认周围安全，再靠近患者。' in 10171ms
06-06 00:33:29.842 I/SherpaSpeechEngine(28635): TTS generate start chars=14
06-06 00:33:30.535 I/LiveCprCoachScreen(28635): ASR endpoint
06-06 00:33:31.198 I/LiveCprCoachScreen(28635): ASR partial='看见'
06-06 00:33:31.516 I/LiveCprCoachScreen(28635): ASR partial='看见了'
06-06 00:33:32.162 I/LiveCprCoachScreen(28635): ASR partial='看见了就'
06-06 00:33:32.444 I/LiveCprCoachScreen(28635): ASR partial='看见了就是你'
06-06 00:33:33.753 I/LiveCprCoachScreen(28635): ASR final='看见了就是你' intent= confidence=null
06-06 00:33:33.754 I/LiveAudioPlayer(28635): Live audio cancel with no active stream reason=new_turn
06-06 00:33:33.754 I/WebSocketAgentChannel(28635): Sent live JSON type=context ok=true payloadKeys=["sessionId"]
06-06 00:33:33.755 I/WebSocketAgentChannel(28635): Sent live JSON type=commit_text ok=true payloadKeys=
06-06 00:33:33.756 I/LiveCprCoachScreen(28635): ASR endpoint
06-06 00:33:33.802 I/WebSocketAgentChannel(28635): Received live text {"type":"thinking","session_id":"android_live_e45a27fd","turn_seq":4}
06-06 00:33:33.804 I/WebSocketAgentChannel(28635): Received live text {"type":"final","session_id":"android_live_e45a27fd","turn_seq":4,"text":"看见了就是你","intent":null}
06-06 00:33:33.806 I/WebSocketAgentChannel(28635): Received live text {"type":"guidance","session_id":"android_live_e45a27fd","turn_seq":4,"action":{"action_id":"act_mq158jq4_0069_9a306ed1db8d","session_id":"android_live_e45a27fd","timestamp":"2026-06-05T16:33:33.915Z","stage":"S1_SCENE_SAFE","intent":"ensure_scene_safe","priority":"normal","source":"state_machine","r
06-06 00:33:33.808 I/WebSocketAgentChannel(28635): Received live text {"type":"state","session_id":"android_live_e45a27fd","turn_seq":4,"current_stage":"S1_SCENE_SAFE","state":{"schema_version":"session_state.v0.1","session_id":"android_live_e45a27fd","mode":"demo_assisted","current_stage":"S1_SCENE_SAFE","previous_stage":"S1_SCENE_SAFE","started_at":"2026-06-05T16:33
06-06 00:33:33.840 I/EdgeTextToSpeech(28635): Sherpa TTS cache hit 212012 bytes for '先确认周围安全，再靠近患者。'
06-06 00:33:33.842 V/MediaPlayerNative(28635): constructor,0xb400007630725ae0
06-06 00:33:33.843 V/MediaPlayerNative(28635): setListener
06-06 00:33:33.848 D/VivoConfigStore(28635): key:vivo.software.audiozenmode isCached is true and value is true
06-06 00:33:33.859 V/MediaPlayerNative(28635): setDataSource(96, 0, 576460752303423487)
06-06 00:33:33.876 V/MediaPlayerNative(28635): setVideoSurfaceTexture
06-06 00:33:33.876 V/MediaPlayerNative(28635): prepare
06-06 00:33:33.891 V/MediaPlayerNative(28635): message received msg=1, ext1=0, ext2=0
06-06 00:33:33.891 V/MediaPlayerNative(28635): MediaPlayer::notify() prepared
06-06 00:33:33.891 V/MediaPlayerNative(28635): signal application thread
06-06 00:33:33.891 V/MediaPlayerNative(28635): callback application
06-06 00:33:33.892 V/MediaPlayerNative(28635): prepare complete - status=0
06-06 00:33:33.892 V/MediaPlayerNative(28635): back from callback
06-06 00:33:33.895 V/MediaPlayerNative(28635): invoke 76
06-06 00:33:33.900 D/MediaPlayer(28635): MediaPlayer start called
06-06 00:33:33.904 V/MediaPlayerNative(28635): start
06-06 00:33:33.905 D/AudioManager( 9607): dispatching onPlaybackConfigChanged()
06-06 00:33:33.905 D/AudioManager( 9621): dispatching onPlaybackConfigChanged()
06-06 00:33:33.905 D/MediaPlayer(28635): MediaPlayer start end
06-06 00:33:33.917 V/MediaPlayerNative(28635): invoke 76
06-06 00:33:34.007 V/MediaPlayerNative(28635): message received msg=10000, ext1=21, ext2=3
06-06 00:33:34.007 V/MediaPlayerNative(28635): unrecognized message: (10000, 21, 3)
06-06 00:33:34.007 V/MediaPlayerNative(28635): callback application
06-06 00:33:34.007 V/MediaPlayerNative(28635): back from callback
06-06 00:33:34.009 V/MediaPlayerNative(28635): message received msg=6, ext1=0, ext2=0
06-06 00:33:34.009 V/MediaPlayerNative(28635): Received media started message
06-06 00:33:34.009 V/MediaPlayerNative(28635): callback application
06-06 00:33:34.009 V/MediaPlayerNative(28635): back from callback
06-06 00:33:34.023 D/MTP     (28635): onPaused: false
06-06 00:33:34.024 D/AudioManager( 9607): dispatching onPlaybackConfigChanged()
06-06 00:33:34.024 D/AudioManager( 9621): dispatching onPlaybackConfigChanged()
06-06 00:33:34.027 D/MTP     (28635): onSeekComplete at 0
06-06 00:33:34.215 I/WebSocketAgentChannel(28635): Received live text {"type":"audio_begin","session_id":"android_live_e45a27fd","turn_seq":4,"action_id":"act_mq158jq4_0069_9a306ed1db8d","format":"pcm16","sample_rate":44100,"channels":1,"bits_per_sample":16}
06-06 00:33:34.224 I/WebSocketAgentChannel(28635): Received live audio bytes=118784
06-06 00:33:34.226 V/MediaPlayerNative(28635): message received msg=211, ext1=0, ext2=0
06-06 00:33:34.226 V/MediaPlayerNative(28635): unrecognized message: (211, 0, 0)
06-06 00:33:34.226 V/MediaPlayerNative(28635): callback application
06-06 00:33:34.226 V/MediaPlayerNative(28635): back from callback
06-06 00:33:34.612 I/WebSocketAgentChannel(28635): Received live audio bytes=111616
06-06 00:33:34.612 I/WebSocketAgentChannel(28635): Received live text {"type":"audio_end","session_id":"android_live_e45a27fd","turn_seq":4,"action_id":"act_mq158jq4_0069_9a306ed1db8d"}
06-06 00:33:36.500 V/MediaPlayerNative(28635): message received msg=2, ext1=0, ext2=0
06-06 00:33:36.500 V/MediaPlayerNative(28635): playback complete
06-06 00:33:36.500 V/MediaPlayerNative(28635): callback application
06-06 00:33:36.500 V/MediaPlayerNative(28635): back from callback
06-06 00:33:36.500 V/MediaPlayerNative(28635): message received msg=211, ext1=0, ext2=0
06-06 00:33:36.501 V/MediaPlayerNative(28635): unrecognized message: (211, 0, 0)
06-06 00:33:36.501 V/MediaPlayerNative(28635): callback application
06-06 00:33:36.501 V/MediaPlayerNative(28635): back from callback
06-06 00:33:36.502 V/MediaPlayerNative(28635): stop
06-06 00:33:36.502 V/MediaPlayerNative(28635): message received msg=8, ext1=0, ext2=0
06-06 00:33:36.502 V/MediaPlayerNative(28635): unrecognized message: (8, 0, 0)
06-06 00:33:36.502 V/MediaPlayerNative(28635): callback application
06-06 00:33:36.502 V/MediaPlayerNative(28635): back from callback
06-06 00:33:36.503 D/AudioManager( 9621): dispatching onPlaybackConfigChanged()
06-06 00:33:36.505 V/MediaPlayer(28635): resetDrmState:  mDrmInfo=null mDrmProvisioningThread=null mPrepareDrmInProgress=false mActiveDrmScheme=false
06-06 00:33:36.505 V/MediaPlayer(28635): cleanDrmObj: mDrmObj=null mDrmSessionId=null
06-06 00:33:36.505 D/MediaPlayer(28635): _release native called
06-06 00:33:36.505 D/AudioManager( 9621): dispatching onPlaybackConfigChanged()
06-06 00:33:36.505 V/MediaPlayerNative(28635): setListener
06-06 00:33:36.505 D/AudioManager( 9607): dispatching onPlaybackConfigChanged()
06-06 00:33:36.505 V/MediaPlayerNative(28635): disconnect
06-06 00:33:36.505 D/AudioManager( 9607): dispatching onPlaybackConfigChanged()
06-06 00:33:36.519 V/MediaPlayerNative(28635): destructor,0xb400007630725ae0
06-06 00:33:36.520 V/MediaPlayerNative(28635): disconnect
06-06 00:33:36.520 D/MediaPlayer(28635): _release native finished
06-06 00:33:36.520 W/MediaPlayer(28635): mediaplayer went away with unhandled events
06-06 00:33:36.520 W/MediaPlayer(28635): mediaplayer went away with unhandled events
06-06 00:33:38.253 I/LiveCprCoachScreen(28635): ASR partial='自己'
06-06 00:33:38.584 I/LiveCprCoachScreen(28635): ASR partial='自己的'
06-06 00:33:38.745 D/MediaPlayer(28635): finalize() native_finalize called
06-06 00:33:38.745 D/MediaPlayer(28635): finalize() native_finalize finished
06-06 00:33:40.133 I/SherpaSpeechEngine(28635): TTS generate done
06-06 00:33:40.137 I/SherpaSpeechEngine(28635): TTS save done bytes=212012
06-06 00:33:40.140 I/EdgeTextToSpeech(28635): Sherpa TTS background cached '先确认周围安全，再靠近患者。' in 10295ms
06-06 00:33:40.166 I/LiveCprCoachScreen(28635): ASR partial='自己的非常的'
06-06 00:33:40.465 I/LiveCprCoachScreen(28635): ASR partial='自己的非常的惊艳'
06-06 00:33:40.775 I/LiveCprCoachScreen(28635): ASR partial='自己的非常的惊艳她'
06-06 00:33:41.127 I/LiveCprCoachScreen(28635): ASR partial='自己的非常的惊艳她爸爸是'
06-06 00:33:41.433 I/LiveCprCoachScreen(28635): ASR partial='自己的非常的惊艳她爸爸是私人'
06-06 00:33:41.730 I/LiveCprCoachScreen(28635): ASR partial='自己的非常的惊艳她爸爸是私人家'
06-06 00:33:42.082 I/LiveCprCoachScreen(28635): ASR partial='自己的非常的惊艳她爸爸是私人家根本'
06-06 00:33:42.387 I/LiveCprCoachScreen(28635): ASR partial='自己的非常的惊艳她爸爸是私人家根本不是'
06-06 00:33:42.690 I/LiveCprCoachScreen(28635): ASR partial='自己的非常的惊艳她爸爸是私人家根本不是受不了'
06-06 00:33:43.024 I/LiveCprCoachScreen(28635): ASR partial='自己的非常的惊艳她爸爸是私人家根本不是受不了三十'
06-06 00:33:44.292 I/LiveCprCoachScreen(28635): ASR partial='自己的非常的惊艳她爸爸是私人家根本不是受不了三十多年'
06-06 00:33:45.097 I/CodexTest(28843): ROUND1_SCENE_SAFE_PROMPT_START
06-06 00:33:45.565 I/LiveCprCoachScreen(28635): ASR partial='自己的非常的惊艳她爸爸是私人家根本不是受不了三十多年对'
06-06 00:33:46.231 I/LiveCprCoachScreen(28635): ASR partial='自己的非常的惊艳她爸爸是私人家根本不是受不了三十多年对那种'
06-06 00:33:47.505 I/LiveCprCoachScreen(28635): ASR partial='自己的非常的惊艳她爸爸是私人家根本不是受不了三十多年对那种我'
06-06 00:33:47.831 I/LiveCprCoachScreen(28635): ASR partial='自己的非常的惊艳她爸爸是私人家根本不是受不了三十多年对那种我太太您好'
06-06 00:33:48.459 I/LiveCprCoachScreen(28635): ASR partial='自己的非常的惊艳她爸爸是私人家根本不是受不了三十多年对那种我太太您好太太好'
06-06 00:33:48.798 I/LiveCprCoachScreen(28635): ASR partial='自己的非常的惊艳她爸爸是私人家根本不是受不了三十多年对那种我太太您好太太好我'
06-06 00:33:49.129 I/LiveCprCoachScreen(28635): ASR partial='自己的非常的惊艳她爸爸是私人家根本不是受不了三十多年对那种我太太您好太太好我是你'
06-06 00:33:49.433 I/LiveCprCoachScreen(28635): ASR partial='自己的非常的惊艳她爸爸是私人家根本不是受不了三十多年对那种我太太您好太太好我是你现在'
06-06 00:33:49.747 I/LiveCprCoachScreen(28635): ASR partial='自己的非常的惊艳她爸爸是私人家根本不是受不了三十多年对那种我太太您好太太好我是你现在的'
06-06 00:33:50.079 I/LiveCprCoachScreen(28635): ASR partial='自己的非常的惊艳她爸爸是私人家根本不是受不了三十多年对那种我太太您好太太好我是你现在的副店长'
06-06 00:33:50.708 I/LiveCprCoachScreen(28635): ASR partial='自己的非常的惊艳她爸爸是私人家根本不是受不了三十多年对那种我太太您好太太好我是你现在的副店长我们'
06-06 00:33:51.027 I/LiveCprCoachScreen(28635): ASR partial='自己的非常的惊艳她爸爸是私人家根本不是受不了三十多年对那种我太太您好太太好我是你现在的副店长我们店长'
06-06 00:33:51.331 I/LiveCprCoachScreen(28635): ASR partial='自己的非常的惊艳她爸爸是私人家根本不是受不了三十多年对那种我太太您好太太好我是你现在的副店长我们店长特意'
06-06 00:33:51.666 I/LiveCprCoachScreen(28635): ASR partial='自己的非常的惊艳她爸爸是私人家根本不是受不了三十多年对那种我太太您好太太好我是你现在的副店长我们店长特意交代'
06-06 00:33:52.301 I/LiveCprCoachScreen(28635): ASR partial='自己的非常的惊艳她爸爸是私人家根本不是受不了三十多年对那种我太太您好太太好我是你现在的副店长我们店长特意交代您是'
06-06 00:33:52.627 I/LiveCprCoachScreen(28635): ASR partial='自己的非常的惊艳她爸爸是私人家根本不是受不了三十多年对那种我太太您好太太好我是你现在的副店长我们店长特意交代您是我们'
06-06 00:33:52.955 I/LiveCprCoachScreen(28635): ASR partial='自己的非常的惊艳她爸爸是私人家根本不是受不了三十多年对那种我太太您好太太好我是你现在的副店长我们店长特意交代您是我们店最'
06-06 00:33:53.259 I/LiveCprCoachScreen(28635): ASR partial='自己的非常的惊艳她爸爸是私人家根本不是受不了三十多年对那种我太太您好太太好我是你现在的副店长我们店长特意交代您是我们店最尊贵的'
06-06 00:33:54.856 I/LiveCprCoachScreen(28635): ASR final='自己的非常的惊艳她爸爸是私人家根本不是受不了三十多年对那种我太太您好太太好我是你现在的副店长我们店长特意交代您是我们店最尊贵的' intent= confidence=null
06-06 00:33:54.857 I/LiveAudioPlayer(28635): Live audio cancel with no active stream reason=new_turn
06-06 00:33:54.858 I/WebSocketAgentChannel(28635): Sent live JSON type=context ok=true payloadKeys=["sessionId"]
06-06 00:33:54.859 I/WebSocketAgentChannel(28635): Sent live JSON type=commit_text ok=true payloadKeys=
06-06 00:33:54.859 I/LiveCprCoachScreen(28635): ASR endpoint
06-06 00:33:54.908 I/WebSocketAgentChannel(28635): Received live text {"type":"thinking","session_id":"android_live_e45a27fd","turn_seq":5}
06-06 00:33:54.911 I/WebSocketAgentChannel(28635): Received live text {"type":"final","session_id":"android_live_e45a27fd","turn_seq":5,"text":"自己的非常的惊艳她爸爸是私人家根本不是受不了三十多年对那种我太太您好太太好我是你现在的副店长我们店长特意交代您是我们店最尊贵的","intent":null}
06-06 00:33:54.912 I/WebSocketAgentChannel(28635): Received live text {"type":"guidance","session_id":"android_live_e45a27fd","turn_seq":5,"action":{"action_id":"act_mq15900c_006m_f5fd069c1f97","session_id":"android_live_e45a27fd","timestamp":"2026-06-05T16:33:55.020Z","stage":"S1_SCENE_SAFE","intent":"ensure_scene_safe","priority":"normal","source":"state_machine","r
06-06 00:33:54.915 I/WebSocketAgentChannel(28635): Received live text {"type":"state","session_id":"android_live_e45a27fd","turn_seq":5,"current_stage":"S1_SCENE_SAFE","state":{"schema_version":"session_state.v0.1","session_id":"android_live_e45a27fd","mode":"demo_assisted","current_stage":"S1_SCENE_SAFE","previous_stage":"S1_SCENE_SAFE","started_at":"2026-06-05T16:33
06-06 00:33:54.923 I/EdgeTextToSpeech(28635): Sherpa TTS cache hit 212012 bytes for '先确认周围安全，再靠近患者。'
06-06 00:33:54.924 V/MediaPlayerNative(28635): constructor,0xb400007630707790
06-06 00:33:54.925 V/MediaPlayerNative(28635): setListener
06-06 00:33:54.929 D/VivoConfigStore(28635): key:vivo.software.audiozenmode isCached is true and value is true
06-06 00:33:54.936 V/MediaPlayerNative(28635): setDataSource(98, 0, 576460752303423487)
06-06 00:33:54.951 V/MediaPlayerNative(28635): setVideoSurfaceTexture
06-06 00:33:54.951 V/MediaPlayerNative(28635): prepare
06-06 00:33:54.968 V/MediaPlayerNative(28635): message received msg=1, ext1=0, ext2=0
06-06 00:33:54.968 V/MediaPlayerNative(28635): MediaPlayer::notify() prepared
06-06 00:33:54.968 V/MediaPlayerNative(28635): signal application thread
06-06 00:33:54.968 V/MediaPlayerNative(28635): callback application
06-06 00:33:54.968 V/MediaPlayerNative(28635): back from callback
06-06 00:33:54.968 V/MediaPlayerNative(28635): prepare complete - status=0
06-06 00:33:54.970 V/MediaPlayerNative(28635): invoke 76
06-06 00:33:54.971 D/MediaPlayer(28635): MediaPlayer start called
06-06 00:33:54.977 D/AudioManager( 9621): dispatching onPlaybackConfigChanged()
06-06 00:33:54.977 D/AudioManager( 9607): dispatching onPlaybackConfigChanged()
06-06 00:33:54.978 V/MediaPlayerNative(28635): start
06-06 00:33:54.979 D/MediaPlayer(28635): MediaPlayer start end
06-06 00:33:54.988 V/MediaPlayerNative(28635): invoke 76
