--------- beginning of main
06-06 00:01:58.604 E/.android.camera(22829): Not starting debugger since process cannot load the jdwp agent.
06-06 00:01:58.635 I/.gms.persistent( 3989): Background concurrent copying GC freed 211105(11MB) AllocSpace objects, 7(204KB) LOS objects, 49% free, 14MB(RS:12MB + LOS:1896KB)/28MB, paused 261us,67us total 521.525ms
06-06 00:01:58.635 W/.gms.persistent( 3989): Reducing the number of considered missed Gc histogram windows from 130 to 100
06-06 00:01:58.665 W/gle.android.gms( 5058): Reducing the number of considered missed Gc histogram windows from 128 to 100
06-06 00:01:58.717 I/Fitness ( 3989): (REDACTED) FitCleanupIntentOperation received Intent %s
06-06 00:01:58.739 I/ProximityAuth( 3989): [RecentAppsMediator] Package added: (user=UserHandle{0}) com.firstaid.copilot.debug
06-06 00:01:58.750 I/Auth    ( 5058): [SupervisedAccountIntentOperation] onHandleIntent(): android.intent.action.PACKAGE_ADDED
06-06 00:01:58.782 I/FontLog ( 3989): (REDACTED) Package %s has no metadata
06-06 00:01:58.787 D/BoundBrokerSvc( 5058): onBind: Intent { act=com.google.android.gms.common.BIND_SHARED_PREFS pkg=com.google.android.gms }
06-06 00:01:58.787 D/BoundBrokerSvc( 5058): Loading bound service for intent: Intent { act=com.google.android.gms.common.BIND_SHARED_PREFS pkg=com.google.android.gms }
06-06 00:01:58.850 W/SQLiteLog( 5058): (28) double-quoted string literal: "com.firstaid.copilot.debug"
06-06 00:01:58.887 V/GraphicsEnvironment(22829): ANGLE Developer option for 'com.android.camera' set to: 'default'
06-06 00:01:58.892 V/GraphicsEnvironment(22829): ANGLE GameManagerService for com.android.camera: false
06-06 00:01:58.899 D/NetworkSecurityConfig(22829): No Network Security Config specified, using platform default
06-06 00:01:58.900 D/NetworkSecurityConfig(22829): No Network Security Config specified, using platform default
06-06 00:01:59.046 I/Icing   ( 5058): IndexChimeraService.getServiceInterface callingPackage=com.google.android.gms componentName=AppsCorpus serviceId=36
06-06 00:01:59.048 W/System.err(22829): java.io.FileNotFoundException: vendor/etc/camera/jsons/PD2318/camera_temp_strategy.config: open failed: ENOENT (No such file or directory)
06-06 00:01:59.048 W/System.err(22829): 	at libcore.io.IoBridge.open(IoBridge.java:574)
06-06 00:01:59.048 W/System.err(22829): 	at java.io.FileInputStream.<init>(FileInputStream.java:160)
06-06 00:01:59.048 W/System.err(22829): 	at com.android.camera.utils.Utils.getString(Utils.java:1927)
06-06 00:01:59.048 W/System.err(22829): 	at com.android.camera.platformconfig.PlatformManager.lambda$LoadPlatformConfig$0$PlatformManager(PlatformManager.java:72)
06-06 00:01:59.048 W/System.err(22829): 	at com.android.camera.platformconfig.-$$Lambda$PlatformManager$CdBHt36q_P8glhC94b-58kwjX_o.run(Unknown Source:4)
06-06 00:01:59.049 W/System.err(22829): 	at android.os.Handler.handleCallback(Handler.java:942)
06-06 00:01:59.049 W/System.err(22829): 	at android.os.Handler.dispatchMessage(Handler.java:99)
06-06 00:01:59.049 W/System.err(22829): 	at android.os.Looper.loopOnce(Looper.java:223)
06-06 00:01:59.049 W/System.err(22829): 	at android.os.Looper.loop(Looper.java:324)
06-06 00:01:59.049 W/System.err(22829): 	at android.os.HandlerThread.run(HandlerThread.java:67)
06-06 00:01:59.049 W/System.err(22829): Caused by: android.system.ErrnoException: open failed: ENOENT (No such file or directory)
06-06 00:01:59.049 W/System.err(22829): 	at libcore.io.Linux.open(Native Method)
06-06 00:01:59.049 W/System.err(22829): 	at libcore.io.ForwardingOs.open(ForwardingOs.java:563)
06-06 00:01:59.049 W/System.err(22829): 	at libcore.io.BlockGuardOs.open(BlockGuardOs.java:274)
06-06 00:01:59.049 W/System.err(22829): 	at libcore.io.ForwardingOs.open(ForwardingOs.java:563)
06-06 00:01:59.049 W/System.err(22829): 	at android.app.ActivityThread$AndroidOs.open(ActivityThread.java:8586)
06-06 00:01:59.049 W/System.err(22829): 	at libcore.io.IoBridge.open(IoBridge.java:560)
06-06 00:01:59.049 W/System.err(22829): 	... 9 more
06-06 00:01:59.049 W/System.err(22829): java.lang.NoSuchMethodException: android.hardware.vivocamera.VivoCameraDevice.GetConfigInfoSize [class java.lang.String]
06-06 00:01:59.049 W/System.err(22829): 	at java.lang.Class.getMethod(Class.java:2103)
06-06 00:01:59.049 W/System.err(22829): 	at java.lang.Class.getDeclaredMethod(Class.java:2081)
06-06 00:01:59.049 W/System.err(22829): 	at com.android.camera.utils.debug.ReflectUtils.getMethod(ReflectUtils.java:585)
06-06 00:01:59.049 W/System.err(22829): 	at com.android.camera.platformconfig.PlatformManager.getConfigFromProvider(PlatformManager.java:100)
06-06 00:01:59.049 W/System.err(22829): 	at com.android.camera.platformconfig.PlatformManager.lambda$LoadPlatformConfig$0$PlatformManager(PlatformManager.java:78)
06-06 00:01:59.049 W/System.err(22829): 	at com.android.camera.platformconfig.-$$Lambda$PlatformManager$CdBHt36q_P8glhC94b-58kwjX_o.run(Unknown Source:4)
06-06 00:01:59.049 W/System.err(22829): 	at android.os.Handler.handleCallback(Handler.java:942)
06-06 00:01:59.049 W/System.err(22829): 	at android.os.Handler.dispatchMessage(Handler.java:99)
06-06 00:01:59.050 W/System.err(22829): 	at android.os.Looper.loopOnce(Looper.java:223)
06-06 00:01:59.050 W/System.err(22829): 	at android.os.Looper.loop(Looper.java:324)
06-06 00:01:59.050 W/System.err(22829): 	at android.os.HandlerThread.run(HandlerThread.java:67)
06-06 00:01:59.050 W/System.err(22829): java.lang.NoSuchMethodException: android.hardware.vivocamera.VivoCameraDevice.GetConfigInfo [class android.os.ParcelFileDescriptor, class java.lang.String]
06-06 00:01:59.050 W/System.err(22829): 	at java.lang.Class.getMethod(Class.java:2103)
06-06 00:01:59.050 W/System.err(22829): 	at java.lang.Class.getDeclaredMethod(Class.java:2081)
06-06 00:01:59.050 W/System.err(22829): 	at com.android.camera.utils.debug.ReflectUtils.getMethod(ReflectUtils.java:585)
06-06 00:01:59.050 W/System.err(22829): 	at com.android.camera.platformconfig.PlatformManager.getConfigFromProvider(PlatformManager.java:101)
06-06 00:01:59.050 W/System.err(22829): 	at com.android.camera.platformconfig.PlatformManager.lambda$LoadPlatformConfig$0$PlatformManager(PlatformManager.java:78)
06-06 00:01:59.050 W/System.err(22829): 	at com.android.camera.platformconfig.-$$Lambda$PlatformManager$CdBHt36q_P8glhC94b-58kwjX_o.run(Unknown Source:4)
06-06 00:01:59.050 W/System.err(22829): 	at android.os.Handler.handleCallback(Handler.java:942)
06-06 00:01:59.050 W/System.err(22829): 	at android.os.Handler.dispatchMessage(Handler.java:99)
06-06 00:01:59.050 W/System.err(22829): 	at android.os.Looper.loopOnce(Looper.java:223)
06-06 00:01:59.050 W/System.err(22829): 	at android.os.Looper.loop(Looper.java:324)
06-06 00:01:59.050 W/System.err(22829): 	at android.os.HandlerThread.run(HandlerThread.java:67)
06-06 00:01:59.050 W/System.err(22829): java.lang.IllegalArgumentException: method null
06-06 00:01:59.050 W/System.err(22829): 	at com.android.camera.utils.debug.ReflectUtils.invokeMethod(ReflectUtils.java:647)
06-06 00:01:59.050 W/System.err(22829): 	at com.android.camera.platformconfig.PlatformManager.getConfigFromProvider(PlatformManager.java:103)
06-06 00:01:59.050 W/System.err(22829): 	at com.android.camera.platformconfig.PlatformManager.lambda$LoadPlatformConfig$0$PlatformManager(PlatformManager.java:78)
06-06 00:01:59.050 W/System.err(22829): 	at com.android.camera.platformconfig.-$$Lambda$PlatformManager$CdBHt36q_P8glhC94b-58kwjX_o.run(Unknown Source:4)
06-06 00:01:59.050 W/System.err(22829): 	at android.os.Handler.handleCallback(Handler.java:942)
06-06 00:01:59.050 W/System.err(22829): 	at android.os.Handler.dispatchMessage(Handler.java:99)
06-06 00:01:59.050 W/System.err(22829): 	at android.os.Looper.loopOnce(Looper.java:223)
06-06 00:01:59.050 W/System.err(22829): 	at android.os.Looper.loop(Looper.java:324)
06-06 00:01:59.056 D/BoundBrokerSvc( 5058): onBind: Intent { act=com.google.android.gms.feedback.internal.IFeedbackService dat=chimera-action:/... cmp=com.google.android.gms/.chimera.GmsBoundBrokerService }
06-06 00:01:59.056 D/BoundBrokerSvc( 5058): Loading bound service for intent: Intent { act=com.google.android.gms.feedback.internal.IFeedbackService dat=chimera-action:/... cmp=com.google.android.gms/.chimera.GmsBoundBrokerService }
06-06 00:01:59.069 W/System.err(22829): 	at android.os.HandlerThread.run(HandlerThread.java:67)
06-06 00:01:59.073 E/appproc (22934): checkAndSetEnv get_baksize open file /data/dalvik-cache/classpath failed , error(Permission denied)
06-06 00:01:59.073 E/appproc (22934): checkAndSetEnv write_classpathbak open file failed:Permission denied
06-06 00:01:59.074 E/appproc (22934): checkAndSetEnv get_baksize open file /data/dalvik-cache/classpath2 failed , error(Permission denied)
06-06 00:01:59.074 D/BoundBrokerSvc( 3989): onBind: Intent { act=com.google.android.gms.icing.LIGHTWEIGHT_INDEX_SERVICE dat=chimera-action:/... cmp=com.google.android.gms/.chimera.PersistentApiService }
06-06 00:01:59.074 E/appproc (22934): checkAndSetEnv write_classpathbak open file failed:Permission denied
06-06 00:01:59.074 D/BoundBrokerSvc( 3989): Loading bound service for intent: Intent { act=com.google.android.gms.icing.LIGHTWEIGHT_INDEX_SERVICE dat=chimera-action:/... cmp=com.google.android.gms/.chimera.PersistentApiService }
06-06 00:01:59.074 E/appproc (22934): checkAndSetEnv get_baksize open file /data/dalvik-cache/classpath3 failed , error(Permission denied)
06-06 00:01:59.074 E/appproc (22934): checkAndSetEnv write_classpathbak open file failed:Permission denied
06-06 00:01:59.074 E/appproc (22934): checkAndSetEnv get_baksize open file /data/dalvik-cache/classpath4 failed , error(Permission denied)
06-06 00:01:59.074 E/appproc (22934): checkAndSetEnv write_classpathbak open file failed:Permission denied
06-06 00:01:59.075 D/AndroidRuntime(22934): >>>>>> START com.android.internal.os.RuntimeInit uid 2000 <<<<<<
06-06 00:01:59.080 I/AndroidRuntime(22934): Using default boot image
06-06 00:01:59.080 I/AndroidRuntime(22934): Leaving lock profiling enabled
06-06 00:01:59.083 W/app_process(22934): ART APEX data files are untrusted.
06-06 00:01:59.134 I/Icing   ( 5058): Usage reports ok 2, Failed Usage reports 0, indexed 0, rejected 0
06-06 00:01:59.157 I/Icing   ( 5058): IndexChimeraService.getServiceInterface callingPackage=com.google.android.gms componentName=null serviceId=30
06-06 00:01:59.217 D/app_process(22934): Time zone APEX ICU file found: /apex/com.android.tzdata/etc/icu/icu_tzdata.dat
06-06 00:01:59.217 D/app_process(22934): I18n APEX ICU file found: /apex/com.android.i18n/etc/icu/icudt70l.dat
06-06 00:01:59.234 I/Icing   ( 5058): Usage reports ok 0, Failed Usage reports 0, indexed 0, rejected 0
06-06 00:01:59.235 E/app_process(22934): No implementation found for long android.os.Trace.nativeGetEnabledTags() (tried Java_android_os_Trace_nativeGetEnabledTags and Java_android_os_Trace_nativeGetEnabledTags__)
06-06 00:01:59.235 E/app_process(22934): No implementation found for long android.os.Trace.nativeGetEnabledTags() (tried Java_android_os_Trace_nativeGetEnabledTags and Java_android_os_Trace_nativeGetEnabledTags__)
06-06 00:01:59.235 E/System  (22934): openDexFile load detect error
06-06 00:01:59.236 E/System  (22934): java.lang.reflect.InvocationTargetException
06-06 00:01:59.236 E/System  (22934): 	at java.lang.reflect.Method.invoke(Native Method)
06-06 00:01:59.236 E/System  (22934): 	at dalvik.system.DexFile.openDexFile(DexFile.java:387)
06-06 00:01:59.236 E/System  (22934): 	at dalvik.system.DexFile.<init>(DexFile.java:118)
06-06 00:01:59.236 E/System  (22934): 	at dalvik.system.DexFile.<init>(DexFile.java:91)
06-06 00:01:59.236 E/System  (22934): 	at dalvik.system.DexPathList.loadDexFile(DexPathList.java:438)
06-06 00:01:59.236 E/System  (22934): 	at dalvik.system.DexPathList.makeDexElements(DexPathList.java:397)
06-06 00:01:59.236 E/System  (22934): 	at dalvik.system.DexPathList.<init>(DexPathList.java:166)
06-06 00:01:59.236 E/System  (22934): 	at dalvik.system.BaseDexClassLoader.<init>(BaseDexClassLoader.java:160)
06-06 00:01:59.236 E/System  (22934): 	at dalvik.system.BaseDexClassLoader.<init>(BaseDexClassLoader.java:105)
06-06 00:01:59.236 E/System  (22934): 	at dalvik.system.PathClassLoader.<init>(PathClassLoader.java:71)
06-06 00:01:59.236 E/System  (22934): 	at java.lang.ClassLoader.createSystemClassLoader(ClassLoader.java:224)
06-06 00:01:59.236 E/System  (22934): 	at java.lang.ClassLoader.-$$Nest$smcreateSystemClassLoader(Unknown Source:0)
06-06 00:01:59.236 E/System  (22934): 	at java.lang.ClassLoader$SystemClassLoader.<clinit>(ClassLoader.java:183)
06-06 00:01:59.236 E/System  (22934): 	at java.lang.ClassLoader.getSystemClassLoader(ClassLoader.java:1098)
06-06 00:01:59.236 E/System  (22934): Caused by: java.lang.UnsatisfiedLinkError: No implementation found for long android.os.Trace.nativeGetEnabledTags() (tried Java_android_os_Trace_nativeGetEnabledTags and Java_android_os_Trace_nativeGetEnabledTags__)
06-06 00:01:59.236 E/System  (22934): 	at android.os.Trace.nativeGetEnabledTags(Native Method)
06-06 00:01:59.236 E/System  (22934): 	at android.os.Trace.isTagEnabled(Trace.java:163)
06-06 00:01:59.236 E/System  (22934): 	at android.os.Trace.endSection(Trace.java:398)
06-06 00:01:59.236 E/System  (22934): 	at com.vivo.framework.securitydetect.DynamicLoadDetectManager.reportDexLoaded(DynamicLoadDetectManager.java:156)
06-06 00:01:59.236 E/System  (22934): 	... 14 more
06-06 00:01:59.249 I/CameraManagerGlobal(22829): Connecting to camera service
06-06 00:01:59.249 I/VivoSystemFrameworkFactory(22934): Instance implClass com.vivo.VivoSystemFrameworkFactoryImpl
06-06 00:01:59.266 I/Icing   ( 5058): Indexing com.google.android.gms-apps from com.google.android.gms
06-06 00:01:59.280 D/AndroidRuntime(22934): Calling main entry com.android.commands.monkey.Monkey
06-06 00:01:59.281 W/Monkey  (22934): args: [-p, com.firstaid.copilot.debug, 1]
06-06 00:01:59.282 W/Monkey  (22934):  arg: "-p"
06-06 00:01:59.282 W/Monkey  (22934):  arg: "com.firstaid.copilot.debug"
06-06 00:01:59.282 W/Monkey  (22934):  arg: "1"
06-06 00:01:59.282 W/Monkey  (22934): data="com.firstaid.copilot.debug"
06-06 00:01:59.304 W/ziparchive(22934): Unable to open '/system/framework/mediatek-framework.dm': No such file or directory
06-06 00:01:59.305 W/ziparchive(22934): Unable to open '/system/framework/mediatek-framework.dm': No such file or directory
06-06 00:01:59.313 I/android_os_HwBinder(22829): HwBinder: Starting thread pool for getting: vendor.mediatek.hardware.camera.bgservice@1.1::IBGService/internal/0
06-06 00:01:59.320 V/SettingManager(22829): load local = zh_CN
06-06 00:01:59.334 D/VivoConfigStore(22934): init begin
06-06 00:01:59.342 D/VivoConfigStore(22934): key:vivo.software.globaltheme isCached is true and value is true
06-06 00:01:59.343 D/VivoConfigStore(22934): key:vivo.software.globaltheme isCached is true and value is true
06-06 00:01:59.354 I/Icing   ( 5058): Indexing done com.google.android.gms-apps
06-06 00:01:59.409 I/Monkey  (22934): Events injected: 1
06-06 00:01:59.449 I/d.copilot.debug(22993): Late-enabling -Xcheck:jni
06-06 00:01:59.457 I/Monkey  (22934): ## Network stats: elapsed time=92ms (0ms mobile, 0ms wifi, 92ms not connected)
06-06 00:01:59.463 I/app_process(22934): System.exit called, status: 0
06-06 00:01:59.463 I/AndroidRuntime(22934): VM exiting with result code 0.
--------- beginning of system
06-06 00:01:59.514 D/BatteryStatsService( 1553): notePemWifiState  id: 60,type: 1, name: {"stopTime":"58405551","pkgName":"com.vivo.connbase"}
06-06 00:01:59.537 D/CompatibilityChangeReporter(22993): Compat change id reported: 171979766; UID 10299; state: ENABLED
06-06 00:01:59.538 V/ActivityThread(22993): updateVmProcessStateForGc sceneId =1 state=197376
06-06 00:01:59.538 I/d.copilot.debug(22993): Open vivo delay for GC JIT .
06-06 00:01:59.552 W/ziparchive(22993): Unable to open '/data/app/~~gVg2deNiRUYzQ3dRtwUALw==/com.firstaid.copilot.debug-tEMQZOMx9d3DeFoOIuvugA==/base.dm': No such file or directory
06-06 00:01:59.552 W/ziparchive(22993): Unable to open '/data/app/~~gVg2deNiRUYzQ3dRtwUALw==/com.firstaid.copilot.debug-tEMQZOMx9d3DeFoOIuvugA==/base.dm': No such file or directory
06-06 00:01:59.728 I/SuperProcessSdk(22829): SuperSdk, curretnProcessName:com.android.camera
06-06 00:01:59.787 V/SoundPool::StreamManager(22829): StreamMap(2)
06-06 00:01:59.787 V/SoundPool::StreamManager(22829): StreamManager(2, 2, ...)
06-06 00:01:59.788 V/SoundPool(22829): SoundPool(maxStreams=2, attr={ content_type=4, usage=13, flags=0x801, tags= })
06-06 00:01:59.788 V/SoundPool(22829): setCallback(0x7527667a90, 0x0)
06-06 00:01:59.792 W/SoundPool(22829): Use of stream types is deprecated for operations other than volume control
06-06 00:01:59.792 W/SoundPool(22829): See the documentation of SoundPool() for what to use instead with android.media.AudioAttributes to qualify your playback use case
06-06 00:01:59.794 V/SoundPool(22829): load(fd=97, offset=0, length=16829, priority=1)
06-06 00:01:59.795 V/SoundPool(22829): load(fd=97, offset=0, length=11343, priority=1)
06-06 00:01:59.795 V/SoundPool(22829): load(fd=97, offset=0, length=24361, priority=1)
06-06 00:01:59.796 V/SoundPool(22829): load(fd=97, offset=0, length=28698, priority=1)
06-06 00:01:59.799 V/SoundPool(22829): load(fd=97, offset=0, length=42615, priority=1)
06-06 00:01:59.814 E/Camera_JNI_Utils(22829): getBufferDataSpace window is null return 0
06-06 00:01:59.823 D/TrafficStats( 3989): tagSocket(128) with statsTag=0x1065fff, statsUid=-1
06-06 00:01:59.830 D/TrafficStats( 3989): tagSocket(129) with statsTag=0x1065fff, statsUid=-1
06-06 00:01:59.834 D/TrafficStats( 3989): tagSocket(130) with statsTag=0x1065fff, statsUid=-1
06-06 00:01:59.839 D/TrafficStats( 3989): tagSocket(131) with statsTag=0x1065fff, statsUid=-1
06-06 00:01:59.847 D/MediaCodec(22829): CreateByType: pid -1(22829)
06-06 00:01:59.847 D/MediaCodec(22829): CreateByType: mime audio/vorbis, encoder 0 pid -1
06-06 00:01:59.847 D/MediaCodec(22829): get client pid:-1
06-06 00:01:59.847 D/MediaCodec(22829): can't get client name
06-06 00:01:59.850 D/MediaCodecList(22829): codecHandlesFormat: no format, so no extra checks
06-06 00:01:59.853 D/MediaCodec(22829): CreateByType: pid -1(22829)
06-06 00:01:59.853 D/MediaCodec(22829): CreateByType: mime audio/vorbis, encoder 0 pid -1
06-06 00:01:59.853 D/MediaCodec(22829): get client pid:-1
06-06 00:01:59.853 D/MediaCodec(22829): can't get client name
06-06 00:01:59.854 D/MediaCodecList(22829): codecHandlesFormat: no format, so no extra checks
06-06 00:01:59.854 D/MediaCodecList(22829): codecHandlesFormat: no format, so no extra checks
06-06 00:01:59.862 D/MediaCodecList(22829): codecHandlesFormat: no format, so no extra checks
06-06 00:01:59.869 D/CCodecBufferChannel(22829): mBufferCountDebug=0 mIsUserLoad=1
06-06 00:01:59.869 I/CCodecBufferChannel(22829): Constructor 0xb4000076608ab890
06-06 00:01:59.869 I/CCodecBufferChannel(22829): mIsVivoLogEnable = 0
06-06 00:01:59.869 D/MediaCodec(22829): [0xb4000076a06b6220] init: CCodec 0xb400007620aca990, CCodecBufferChannel 0xb4000076608ab890
06-06 00:01:59.869 W/MediaCodec(22829): (0xb4000076a06b6220)process Name is:com.android.camera
06-06 00:01:59.869 D/MediaCodec(22829): [0xb4000076a06b6220] setState: 1
06-06 00:01:59.870 D/CCodec  (22829): allocate(c2.android.vorbis.decoder)
06-06 00:01:59.874 I/Codec2Client(22829): Available Codec2 services: "default" "software" "vivocodec"
06-06 00:01:59.876 D/CCodecBufferChannel(22829): mBufferCountDebug=0 mIsUserLoad=1
06-06 00:01:59.876 I/CCodecBufferChannel(22829): Constructor 0xb4000076608a9ed0
06-06 00:01:59.876 I/CCodecBufferChannel(22829): mIsVivoLogEnable = 0
06-06 00:01:59.877 D/MediaCodec(22829): [0xb4000076a06b9250] init: CCodec 0xb400007620ad6310, CCodecBufferChannel 0xb4000076608a9ed0
06-06 00:01:59.877 W/MediaCodec(22829): (0xb4000076a06b9250)process Name is:com.android.camera
06-06 00:01:59.878 I/CCodec  (22829): setting up 'default' as default (vendor) store
06-06 00:01:59.878 D/MediaCodec(22829): [0xb4000076a06b9250] setState: 1
06-06 00:01:59.880 D/CCodec  (22829): allocate(c2.android.vorbis.decoder)
06-06 00:01:59.885 I/CCodec  (22829): setting up 'default' as default (vendor) store
06-06 00:01:59.890 I/CCodec  (22829): Created component [c2.android.vorbis.decoder]
06-06 00:01:59.890 D/CCodecBufferChannel(22829): [0xb4000076608ab890] setComponent: mName c2.android.vorbis.decoder#325, mPipelineWatcher 0xb4000076608abcf8
06-06 00:01:59.890 D/CCodecBufferChannel(22829): PipelineWatcher debug info [c2.android.vorbis.decoder#325] enable=0
06-06 00:01:59.891 D/CCodecConfig(22829): read media type: audio/vorbis
06-06 00:01:59.897 D/ReflectedParamUpdater(22829): extent() != 1 for single value type: algo.buffers.max-count.values
06-06 00:01:59.899 D/ReflectedParamUpdater(22829): extent() != 1 for single value type: output.subscribed-indices.values
06-06 00:01:59.899 D/ReflectedParamUpdater(22829): extent() != 1 for single value type: input.buffers.allocator-ids.values
06-06 00:01:59.900 D/ReflectedParamUpdater(22829): extent() != 1 for single value type: output.buffers.allocator-ids.values
06-06 00:01:59.900 D/ReflectedParamUpdater(22829): extent() != 1 for single value type: algo.buffers.allocator-ids.values
06-06 00:01:59.901 D/ReflectedParamUpdater(22829): extent() != 1 for single value type: output.buffers.pool-ids.values
06-06 00:01:59.901 D/ReflectedParamUpdater(22829): extent() != 1 for single value type: algo.buffers.pool-ids.values
06-06 00:01:59.904 I/CCodec  (22829): Created component [c2.android.vorbis.decoder]
06-06 00:01:59.904 D/CCodecBufferChannel(22829): [0xb4000076608a9ed0] setComponent: mName c2.android.vorbis.decoder#673, mPipelineWatcher 0xb4000076608aa338
06-06 00:01:59.904 D/CCodecBufferChannel(22829): PipelineWatcher debug info [c2.android.vorbis.decoder#673] enable=0
06-06 00:01:59.904 D/CCodecConfig(22829): read media type: audio/vorbis
06-06 00:01:59.905 I/CCodecConfig(22829): query failed after returning 7 values (BAD_INDEX)
06-06 00:01:59.905 D/CCodecConfig(22829): c2 config diff is Dict {
06-06 00:01:59.905 D/CCodecConfig(22829):   c2::u32 coded.bitrate.value = 64000
06-06 00:01:59.905 D/CCodecConfig(22829):   c2::u32 input.buffers.max-size.value = 32768
06-06 00:01:59.905 D/CCodecConfig(22829):   c2::u32 input.delay.value = 0
06-06 00:01:59.905 D/CCodecConfig(22829):   string input.media-type.value = "audio/vorbis"
06-06 00:01:59.905 D/CCodecConfig(22829):   string output.media-type.value = "audio/raw"
06-06 00:01:59.905 D/CCodecConfig(22829):   c2::u32 raw.channel-count.value = 1
06-06 00:01:59.905 D/CCodecConfig(22829):   c2::u32 raw.sample-rate.value = 48000
06-06 00:01:59.905 D/CCodecConfig(22829): }
06-06 00:01:59.906 D/MediaCodec(22829): [0xb4000076a06b6220] setState: 2
06-06 00:01:59.906 D/MediaCodec(22829): mInitName[c2.android.vorbis.decoder], mMediacodec[0xb4000076a06b6220], mCodec[0xb400007620aca990], mBufferChannel[0xb4000076608ab890]
06-06 00:01:59.906 D/MediaCodec(22829): [0xb4000076a06b6220] [c2.android.vorbis.decoder] configure
06-06 00:01:59.907 W/libc    (22829): Access denied finding property "media.resource.current.activity"
06-06 00:01:59.907 D/MediaCodec(22829): flushMediametrics
06-06 00:01:59.908 D/ReflectedParamUpdater(22829): extent() != 1 for single value type: algo.buffers.max-count.values
06-06 00:01:59.909 D/ReflectedParamUpdater(22829): extent() != 1 for single value type: output.subscribed-indices.values
06-06 00:01:59.909 D/MediaCodec(22829): [0xb4000076a06b6220] setState: 3
06-06 00:01:59.909 D/CCodec  (22829): [c2.android.vorbis.decoder] buffers are bound to CCodec for this session
06-06 00:01:59.910 D/CCodecConfig(22829): no c2 equivalents for durationUs
06-06 00:01:59.910 D/CCodecConfig(22829): no c2 equivalents for track-id
06-06 00:01:59.910 D/CCodecConfig(22829): no c2 equivalents for csd-1
06-06 00:01:59.910 D/CCodecConfig(22829): no c2 equivalents for flags
06-06 00:01:59.910 D/ReflectedParamUpdater(22829): extent() != 1 for single value type: input.buffers.allocator-ids.values
06-06 00:01:59.910 D/ReflectedParamUpdater(22829): extent() != 1 for single value type: output.buffers.allocator-ids.values
06-06 00:01:59.911 D/CCodecConfig(22829): c2 config diff is   c2::u32 coded.bitrate.value = 499821
06-06 00:01:59.911 D/CCodecConfig(22829):   c2::u32 raw.channel-count.value = 2
06-06 00:01:59.911 D/CCodecConfig(22829):   c2::u32 raw.sample-rate.value = 44100
06-06 00:01:59.912 W/Codec2Client(22829): query -- param skipped: index = 1107298332.
06-06 00:01:59.912 D/CCodec  (22829): encoding statistics level = 0
06-06 00:01:59.912 D/ReflectedParamUpdater(22829): extent() != 1 for single value type: algo.buffers.allocator-ids.values
06-06 00:01:59.912 D/CCodec  (22829): setup formats input: AMessage(what = 0x00000000) = {
06-06 00:01:59.912 D/CCodec  (22829):   int32_t bitrate = 499821
06-06 00:01:59.912 D/CCodec  (22829):   int32_t channel-count = 2
06-06 00:01:59.912 D/CCodec  (22829):   int32_t max-input-size = 32768
06-06 00:01:59.912 D/CCodec  (22829):   string mime = "audio/vorbis"
06-06 00:01:59.912 D/CCodec  (22829):   int32_t sample-rate = 44100
06-06 00:01:59.912 D/CCodec  (22829): }
06-06 00:01:59.912 D/CCodec  (22829): setup formats output: AMessage(what = 0x00000000) = {
06-06 00:01:59.912 D/CCodec  (22829):   int32_t channel-count = 2
06-06 00:01:59.912 D/CCodec  (22829):   string mime = "audio/raw"
06-06 00:01:59.912 D/CCodec  (22829):   int32_t sample-rate = 44100
06-06 00:01:59.912 D/CCodec  (22829):   int32_t channel-mask = 3
06-06 00:01:59.912 D/CCodec  (22829):   int32_t android._config-pcm-encoding = 2
06-06 00:01:59.912 D/CCodec  (22829): }
06-06 00:01:59.912 D/ReflectedParamUpdater(22829): extent() != 1 for single value type: output.buffers.pool-ids.values
06-06 00:01:59.912 I/CCodecConfig(22829): query failed after returning 7 values (BAD_INDEX)
06-06 00:01:59.912 D/MediaCodec(22829): [0xb4000076a06b6220] setState: 4
06-06 00:01:59.914 D/MediaCodec(22829): [0xb4000076a06b6220] setState: 5
06-06 00:01:59.917 W/Codec2Client(22829): query -- param skipped: index = 1342179345.
06-06 00:01:59.917 W/Codec2Client(22829): query -- param skipped: index = 2415921170.
06-06 00:01:59.917 I/CCodecBufferChannel(22829): mIsVivoLogEnable = 0
06-06 00:01:59.919 D/C2Store (22829): Using DMABUF Heaps
06-06 00:01:59.919 D/ReflectedParamUpdater(22829): extent() != 1 for single value type: algo.buffers.pool-ids.values
06-06 00:01:59.922 D/CCodecBufferChannel(22829): [c2.android.vorbis.decoder#325] Created input block pool with allocatorID 16 => poolID 17 - OK (0)
06-06 00:01:59.923 I/CCodecConfig(22829): query failed after returning 7 values (BAD_INDEX)
06-06 00:01:59.923 D/CCodecConfig(22829): c2 config diff is Dict {
06-06 00:01:59.923 D/CCodecConfig(22829):   c2::u32 coded.bitrate.value = 64000
06-06 00:01:59.923 D/CCodecConfig(22829):   c2::u32 input.buffers.max-size.value = 32768
06-06 00:01:59.923 D/CCodecConfig(22829):   c2::u32 input.delay.value = 0
06-06 00:01:59.923 D/CCodecConfig(22829):   string input.media-type.value = "audio/vorbis"
06-06 00:01:59.923 D/CCodecConfig(22829):   string output.media-type.value = "audio/raw"
06-06 00:01:59.923 D/CCodecConfig(22829):   c2::u32 raw.channel-count.value = 1
06-06 00:01:59.923 D/CCodecConfig(22829):   c2::u32 raw.sample-rate.value = 48000
06-06 00:01:59.923 D/CCodecConfig(22829): }
06-06 00:01:59.924 D/MediaCodec(22829): [0xb4000076a06b9250] setState: 2
06-06 00:01:59.925 I/CCodecBufferChannel(22829): [c2.android.vorbis.decoder#325] Created output block pool with allocatorID 16 => poolID 122 - OK
06-06 00:01:59.925 D/CCodecBufferChannel(22829): [c2.android.vorbis.decoder#325] Configured output block pool ids 122 => OK
06-06 00:01:59.925 D/CCodecBufferChannel(22829): [0xb4000076608ab890] [c2.android.vorbis.decoder#325] start: output->outputDelay 0, output->numSlots 4
06-06 00:01:59.925 D/MediaCodec(22829): mInitName[c2.android.vorbis.decoder], mMediacodec[0xb4000076a06b9250], mCodec[0xb400007620ad6310], mBufferChannel[0xb4000076608a9ed0]
06-06 00:01:59.926 D/MediaCodec(22829): [0xb4000076a06b9250] [c2.android.vorbis.decoder] configure
06-06 00:01:59.927 W/libc    (22829): Access denied finding property "media.resource.current.activity"
06-06 00:01:59.927 D/MediaCodec(22829): flushMediametrics
06-06 00:01:59.928 D/MediaCodec(22829): [0xb4000076a06b9250] setState: 3
06-06 00:01:59.928 D/CCodecBuffers(22829): [c2.android.vorbis.decoder#325:1D-Output.Impl[N]] converted 0 buffers to array mode of 4
06-06 00:01:59.928 D/CCodec  (22829): [c2.android.vorbis.decoder] buffers are bound to CCodec for this session
06-06 00:01:59.928 D/CCodecConfig(22829): no c2 equivalents for durationUs
06-06 00:01:59.928 D/CCodecBufferChannel(22829): [c2.android.vorbis.decoder#325] start: updating output delay 0
06-06 00:01:59.929 I/DMABUFHEAPS(22829): Using DMA-BUF heap named: mtk_mm
06-06 00:01:59.931 D/MediaCodec(22829): [0xb4000076a06b6220] setState: 6
06-06 00:01:59.933 D/CCodecConfig(22829): no c2 equivalents for track-id
06-06 00:01:59.933 D/CCodecConfig(22829): no c2 equivalents for csd-1
06-06 00:01:59.933 D/CCodecConfig(22829): no c2 equivalents for flags
06-06 00:01:59.938 D/CCodecConfig(22829): c2 config diff is   c2::u32 coded.bitrate.value = 499821
06-06 00:01:59.938 D/CCodecConfig(22829):   c2::u32 raw.channel-count.value = 2
06-06 00:01:59.938 D/CCodecConfig(22829):   c2::u32 raw.sample-rate.value = 44100
06-06 00:01:59.939 W/Codec2Client(22829): query -- param skipped: index = 1107298332.
06-06 00:01:59.939 D/CCodec  (22829): encoding statistics level = 0
06-06 00:01:59.940 D/CCodec  (22829): setup formats input: AMessage(what = 0x00000000) = {
06-06 00:01:59.940 D/CCodec  (22829):   int32_t bitrate = 499821
06-06 00:01:59.940 D/CCodec  (22829):   int32_t channel-count = 2
06-06 00:01:59.940 D/CCodec  (22829):   int32_t max-input-size = 32768
06-06 00:01:59.940 D/CCodec  (22829):   string mime = "audio/vorbis"
06-06 00:01:59.940 D/CCodec  (22829):   int32_t sample-rate = 44100
06-06 00:01:59.940 D/CCodec  (22829): }
06-06 00:01:59.940 D/CCodec  (22829): setup formats output: AMessage(what = 0x00000000) = {
06-06 00:01:59.940 D/CCodec  (22829):   int32_t channel-count = 2
06-06 00:01:59.940 D/CCodec  (22829):   string mime = "audio/raw"
06-06 00:01:59.940 D/CCodec  (22829):   int32_t sample-rate = 44100
06-06 00:01:59.940 D/CCodec  (22829):   int32_t channel-mask = 3
06-06 00:01:59.940 D/CCodec  (22829):   int32_t android._config-pcm-encoding = 2
06-06 00:01:59.940 D/CCodec  (22829): }
06-06 00:01:59.940 I/CCodecConfig(22829): query failed after returning 7 values (BAD_INDEX)
06-06 00:01:59.940 D/MediaCodec(22829): [0xb4000076a06b9250] setState: 4
06-06 00:01:59.944 D/MediaCodec(22829): [0xb4000076a06b9250] setState: 5
06-06 00:01:59.947 D/CCodecBuffers(22829): [c2.android.vorbis.decoder#325:1D-Input.Impl[N]] converted 4 buffers to array mode of 4
06-06 00:01:59.951 W/Codec2Client(22829): query -- param skipped: index = 1342179345.
06-06 00:01:59.951 W/Codec2Client(22829): query -- param skipped: index = 2415921170.
06-06 00:01:59.952 I/CCodecBufferChannel(22829): mIsVivoLogEnable = 0
06-06 00:01:59.955 D/CCodecBufferChannel(22829): [c2.android.vorbis.decoder#673] Created input block pool with allocatorID 16 => poolID 18 - OK (0)
06-06 00:01:59.957 I/CCodecBufferChannel(22829): [c2.android.vorbis.decoder#673] Created output block pool with allocatorID 16 => poolID 123 - OK
06-06 00:01:59.957 D/CCodecBufferChannel(22829): [c2.android.vorbis.decoder#673] Configured output block pool ids 123 => OK
06-06 00:01:59.957 D/CCodecBufferChannel(22829): [0xb4000076608a9ed0] [c2.android.vorbis.decoder#673] start: output->outputDelay 0, output->numSlots 4
06-06 00:01:59.958 D/CCodecBuffers(22829): [c2.android.vorbis.decoder#673:1D-Output.Impl[N]] converted 0 buffers to array mode of 4
06-06 00:01:59.958 D/CCodecBufferChannel(22829): [c2.android.vorbis.decoder#673] start: updating output delay 0
06-06 00:01:59.964 D/MediaCodec(22829): [0xb4000076a06b9250] setState: 6
06-06 00:01:59.975 D/CCodecBuffers(22829): [c2.android.vorbis.decoder#673:1D-Input.Impl[N]] converted 4 buffers to array mode of 4
06-06 00:01:59.979 I/MediaCodec(22829): [c2.android.vorbis.decoder] output format changed to: AMessage(what = 0x00000000) = {
06-06 00:01:59.979 I/MediaCodec(22829):       int32_t channel-count = 2
06-06 00:01:59.979 I/MediaCodec(22829):       string mime = "audio/raw"
06-06 00:01:59.979 I/MediaCodec(22829):       int32_t sample-rate = 44100
06-06 00:01:59.979 I/MediaCodec(22829):       int32_t channel-mask = 3
06-06 00:01:59.979 I/MediaCodec(22829):       int32_t android._config-pcm-encoding = 2
06-06 00:01:59.979 I/MediaCodec(22829):     }
06-06 00:01:59.979 D/MediaCodec(22829): get mPcmBytesMs = 176.399994
06-06 00:01:59.985 I/MediaCodec(22829): [c2.android.vorbis.decoder] output format changed to: AMessage(what = 0x00000000) = {
06-06 00:01:59.985 I/MediaCodec(22829):       int32_t channel-count = 2
06-06 00:01:59.985 I/MediaCodec(22829):       string mime = "audio/raw"
06-06 00:01:59.985 I/MediaCodec(22829):       int32_t sample-rate = 44100
06-06 00:01:59.985 I/MediaCodec(22829):       int32_t channel-mask = 3
06-06 00:01:59.985 I/MediaCodec(22829):       int32_t android._config-pcm-encoding = 2
06-06 00:01:59.985 I/MediaCodec(22829):     }
06-06 00:01:59.985 D/MediaCodec(22829): get mPcmBytesMs = 176.399994
06-06 00:02:00.023 D/CCodecBufferChannel(22829): [c2.android.vorbis.decoder#673] input EOS
06-06 00:02:00.026 D/MediaCodec(22829): [0xb4000076a06b9250] [c2.android.vorbis.decoder] stop
06-06 00:02:00.026 I/MediaCodec(22829): ++kWhatRelease   mState :6
06-06 00:02:00.026 D/MediaCodec(22829): [0xb4000076a06b9250] setState: 9
06-06 00:02:00.026 D/CCodecBufferChannel(22829): [c2.android.vorbis.decoder#673] MediaCodec discarded an unknown buffer
06-06 00:02:00.026 D/CCodecBufferChannel(22829): [c2.android.vorbis.decoder#673] MediaCodec discarded an unknown buffer
06-06 00:02:00.026 D/CCodecBufferChannel(22829): [c2.android.vorbis.decoder#673] MediaCodec discarded an unknown buffer
06-06 00:02:00.027 D/MediaCodec(22829): [0xb4000076a06b9250] [c2.android.vorbis.decoder] kWhatStopCompleted
06-06 00:02:00.027 D/MediaCodec(22829): [0xb4000076a06b9250] setState: 2
06-06 00:02:00.027 D/MediaCodec(22829): [0xb4000076a06b9250] [c2.android.vorbis.decoder] release
06-06 00:02:00.028 I/MediaCodec(22829): ++kWhatRelease   mState :2
06-06 00:02:00.029 D/MediaCodec(22829): [0xb4000076a06b9250] setState: 10
06-06 00:02:00.030 I/hw-BpHwBinder(22829): onLastStrongRef automatically unlinking death recipients
06-06 00:02:00.032 D/MediaCodec(22829): [0xb4000076a06b9250] [c2.android.vorbis.decoder] kWhatReleaseCompleted
06-06 00:02:00.032 D/MediaCodec(22829): [0xb4000076a06b9250] setState: 0
06-06 00:02:00.033 V/GraphicsEnvironment(22993): ANGLE Developer option for 'com.firstaid.copilot.debug' set to: 'default'
06-06 00:02:00.034 V/GraphicsEnvironment(22993): ANGLE GameManagerService for com.firstaid.copilot.debug: false
06-06 00:02:00.034 V/GraphicsEnvironment(22993): App is not on the allowlist for updatable production driver.
06-06 00:02:00.035 D/MediaCodec(22829): flushMediametrics
06-06 00:02:00.035 I/CCodecBufferChannel(22829): Destructor 0xb4000076608a9ed0
06-06 00:02:00.040 D/NetworkSecurityConfig(22993): Using Network Security Config from resource network_security_config debugBuild: true
06-06 00:02:00.042 D/NetworkSecurityConfig(22993): Using Network Security Config from resource network_security_config debugBuild: true
06-06 00:02:00.067 D/MediaCodec(22829): CreateByType: pid -1(22829)
06-06 00:02:00.067 D/MediaCodec(22829): CreateByType: mime audio/vorbis, encoder 0 pid -1
06-06 00:02:00.067 D/MediaCodec(22829): get client pid:-1
06-06 00:02:00.067 D/MediaCodec(22829): can't get client name
06-06 00:02:00.068 D/MediaCodecList(22829): codecHandlesFormat: no format, so no extra checks
06-06 00:02:00.068 D/MediaCodecList(22829): codecHandlesFormat: no format, so no extra checks
06-06 00:02:00.070 D/CCodecBufferChannel(22829): mBufferCountDebug=0 mIsUserLoad=1
06-06 00:02:00.071 I/CCodecBufferChannel(22829): Constructor 0xb4000076608a9ed0
06-06 00:02:00.071 I/CCodecBufferChannel(22829): mIsVivoLogEnable = 0
06-06 00:02:00.071 D/MediaCodec(22829): [0xb4000076a06bd290] init: CCodec 0xb400007620ad6310, CCodecBufferChannel 0xb4000076608a9ed0
06-06 00:02:00.071 W/MediaCodec(22829): (0xb4000076a06bd290)process Name is:com.android.camera
06-06 00:02:00.072 D/MediaCodec(22829): [0xb4000076a06bd290] setState: 1
06-06 00:02:00.072 D/CCodec  (22829): allocate(c2.android.vorbis.decoder)
06-06 00:02:00.072 W/libc    (22993): Access denied finding property "ro.vendor.perf.scroll_opt.heavy_app"
06-06 00:02:00.077 I/CCodec  (22829): setting up 'default' as default (vendor) store
06-06 00:02:00.079 I/CCodec  (22829): Created component [c2.android.vorbis.decoder]
06-06 00:02:00.079 D/CCodecBufferChannel(22829): [0xb4000076608a9ed0] setComponent: mName c2.android.vorbis.decoder#680, mPipelineWatcher 0xb4000076608aa338
06-06 00:02:00.079 D/CCodecBufferChannel(22829): PipelineWatcher debug info [c2.android.vorbis.decoder#680] enable=0
06-06 00:02:00.080 D/CCodecConfig(22829): read media type: audio/vorbis
06-06 00:02:00.085 D/ReflectedParamUpdater(22829): extent() != 1 for single value type: algo.buffers.max-count.values
06-06 00:02:00.086 D/ReflectedParamUpdater(22829): extent() != 1 for single value type: output.subscribed-indices.values
06-06 00:02:00.086 D/ReflectedParamUpdater(22829): extent() != 1 for single value type: input.buffers.allocator-ids.values
06-06 00:02:00.088 D/ReflectedParamUpdater(22829): extent() != 1 for single value type: output.buffers.allocator-ids.values
06-06 00:02:00.088 D/VivoConfigStore(22993): init begin
06-06 00:02:00.089 D/ReflectedParamUpdater(22829): extent() != 1 for single value type: algo.buffers.allocator-ids.values
06-06 00:02:00.090 D/ReflectedParamUpdater(22829): extent() != 1 for single value type: output.buffers.pool-ids.values
06-06 00:02:00.090 D/ReflectedParamUpdater(22829): extent() != 1 for single value type: algo.buffers.pool-ids.values
06-06 00:02:00.095 D/VivoConfigStore(22993): key:vivo.software.nightmode isCached is true and value is true
06-06 00:02:00.096 I/CCodecConfig(22829): query failed after returning 7 values (BAD_INDEX)
06-06 00:02:00.096 D/CCodecConfig(22829): c2 config diff is Dict {
06-06 00:02:00.096 D/CCodecConfig(22829):   c2::u32 coded.bitrate.value = 64000
06-06 00:02:00.096 D/CCodecConfig(22829):   c2::u32 input.buffers.max-size.value = 32768
06-06 00:02:00.096 D/CCodecConfig(22829):   c2::u32 input.delay.value = 0
06-06 00:02:00.096 D/CCodecConfig(22829):   string input.media-type.value = "audio/vorbis"
06-06 00:02:00.096 D/CCodecConfig(22829):   string output.media-type.value = "audio/raw"
06-06 00:02:00.096 D/CCodecConfig(22829):   c2::u32 raw.channel-count.value = 1
06-06 00:02:00.096 D/CCodecConfig(22829):   c2::u32 raw.sample-rate.value = 48000
06-06 00:02:00.096 D/CCodecConfig(22829): }
06-06 00:02:00.097 D/MediaCodec(22829): [0xb4000076a06bd290] setState: 2
06-06 00:02:00.097 D/MediaCodec(22829): mInitName[c2.android.vorbis.decoder], mMediacodec[0xb4000076a06bd290], mCodec[0xb400007620ad6310], mBufferChannel[0xb4000076608a9ed0]
06-06 00:02:00.097 D/MediaCodec(22829): [0xb4000076a06bd290] [c2.android.vorbis.decoder] configure
06-06 00:02:00.098 W/libc    (22829): Access denied finding property "media.resource.current.activity"
06-06 00:02:00.098 D/MediaCodec(22829): flushMediametrics
06-06 00:02:00.098 D/MediaCodec(22829): [0xb4000076a06bd290] setState: 3
06-06 00:02:00.098 D/CCodec  (22829): [c2.android.vorbis.decoder] buffers are bound to CCodec for this session
06-06 00:02:00.098 D/CCodecConfig(22829): no c2 equivalents for durationUs
06-06 00:02:00.098 D/CCodecConfig(22829): no c2 equivalents for track-id
06-06 00:02:00.098 D/CCodecConfig(22829): no c2 equivalents for csd-1
06-06 00:02:00.098 D/CCodecConfig(22829): no c2 equivalents for flags
06-06 00:02:00.099 D/CCodecConfig(22829): c2 config diff is   c2::u32 coded.bitrate.value = 499821
06-06 00:02:00.099 D/CCodecConfig(22829):   c2::u32 raw.channel-count.value = 2
06-06 00:02:00.099 D/CCodecConfig(22829):   c2::u32 raw.sample-rate.value = 44100
06-06 00:02:00.100 W/Codec2Client(22829): query -- param skipped: index = 1107298332.
06-06 00:02:00.100 D/CCodec  (22829): encoding statistics level = 0
06-06 00:02:00.101 D/CCodec  (22829): setup formats input: AMessage(what = 0x00000000) = {
06-06 00:02:00.101 D/CCodec  (22829):   int32_t bitrate = 499821
06-06 00:02:00.101 D/CCodec  (22829):   int32_t channel-count = 2
06-06 00:02:00.101 D/CCodec  (22829):   int32_t max-input-size = 32768
06-06 00:02:00.101 D/CCodec  (22829):   string mime = "audio/vorbis"
06-06 00:02:00.101 D/CCodec  (22829):   int32_t sample-rate = 44100
06-06 00:02:00.101 D/CCodec  (22829): }
06-06 00:02:00.101 D/CCodec  (22829): setup formats output: AMessage(what = 0x00000000) = {
06-06 00:02:00.101 D/CCodec  (22829):   int32_t channel-count = 2
06-06 00:02:00.101 D/CCodec  (22829):   string mime = "audio/raw"
06-06 00:02:00.101 D/CCodec  (22829):   int32_t sample-rate = 44100
06-06 00:02:00.101 D/CCodec  (22829):   int32_t channel-mask = 3
06-06 00:02:00.101 D/CCodec  (22829):   int32_t android._config-pcm-encoding = 2
06-06 00:02:00.101 D/CCodec  (22829): }
06-06 00:02:00.101 I/CCodecConfig(22829): query failed after returning 7 values (BAD_INDEX)
06-06 00:02:00.101 D/MediaCodec(22829): [0xb4000076a06bd290] setState: 4
06-06 00:02:00.102 D/MediaCodec(22829): [0xb4000076a06bd290] setState: 5
06-06 00:02:00.103 W/Codec2Client(22829): query -- param skipped: index = 1342179345.
06-06 00:02:00.103 W/Codec2Client(22829): query -- param skipped: index = 2415921170.
06-06 00:02:00.103 I/CCodecBufferChannel(22829): mIsVivoLogEnable = 0
06-06 00:02:00.104 D/CCodecBufferChannel(22829): [c2.android.vorbis.decoder#680] Created input block pool with allocatorID 16 => poolID 19 - OK (0)
06-06 00:02:00.107 I/CCodecBufferChannel(22829): [c2.android.vorbis.decoder#680] Created output block pool with allocatorID 16 => poolID 124 - OK
06-06 00:02:00.107 D/CCodecBufferChannel(22829): [c2.android.vorbis.decoder#680] Configured output block pool ids 124 => OK
06-06 00:02:00.107 D/CCodecBufferChannel(22829): [0xb4000076608a9ed0] [c2.android.vorbis.decoder#680] start: output->outputDelay 0, output->numSlots 4
06-06 00:02:00.108 D/CCodecBuffers(22829): [c2.android.vorbis.decoder#680:1D-Output.Impl[N]] converted 0 buffers to array mode of 4
06-06 00:02:00.108 D/CCodecBufferChannel(22829): [c2.android.vorbis.decoder#680] start: updating output delay 0
06-06 00:02:00.112 D/MediaCodec(22829): [0xb4000076a06bd290] setState: 6
06-06 00:02:00.114 D/CCodecBufferChannel(22829): [c2.android.vorbis.decoder#325] input EOS
06-06 00:02:00.117 D/MediaCodec(22829): [0xb4000076a06b6220] [c2.android.vorbis.decoder] stop
06-06 00:02:00.118 I/MediaCodec(22829): ++kWhatRelease   mState :6
06-06 00:02:00.118 D/MediaCodec(22829): [0xb4000076a06b6220] setState: 9
06-06 00:02:00.118 D/CCodecBufferChannel(22829): [c2.android.vorbis.decoder#325] MediaCodec discarded an unknown buffer
06-06 00:02:00.118 D/CCodecBufferChannel(22829): [c2.android.vorbis.decoder#325] MediaCodec discarded an unknown buffer
06-06 00:02:00.119 D/MediaCodec(22829): [0xb4000076a06b6220] [c2.android.vorbis.decoder] kWhatStopCompleted
06-06 00:02:00.119 D/MediaCodec(22829): [0xb4000076a06b6220] setState: 2
06-06 00:02:00.119 D/MediaCodec(22829): [0xb4000076a06b6220] [c2.android.vorbis.decoder] release
06-06 00:02:00.119 I/MediaCodec(22829): ++kWhatRelease   mState :2
06-06 00:02:00.119 D/MediaCodec(22829): [0xb4000076a06b6220] setState: 10
06-06 00:02:00.120 D/CCodecBuffers(22829): [c2.android.vorbis.decoder#680:1D-Input.Impl[N]] converted 4 buffers to array mode of 4
06-06 00:02:00.121 D/VivoConfigStore(22993): key:vivo.software.multilandscape isCached is true and value is true
06-06 00:02:00.123 D/MediaCodec(22829): [0xb4000076a06b6220] [c2.android.vorbis.decoder] kWhatReleaseCompleted
06-06 00:02:00.123 D/MediaCodec(22829): [0xb4000076a06b6220] setState: 0
06-06 00:02:00.123 I/hw-BpHwBinder(22829): onLastStrongRef automatically unlinking death recipients
06-06 00:02:00.124 D/MediaCodec(22829): flushMediametrics
06-06 00:02:00.124 D/VivoConfigStore(22993): key:vivo.software.ml.freedrag isCached is false and normal value is false
06-06 00:02:00.124 D/VivoConfigStore(22993): key:vivo.software.virtualmultilands isCached is true and value is true
06-06 00:02:00.126 D/VivoConfigStore(22993): key:vivo.software.multiwindowresidentbar isCached is false and normal value is false
06-06 00:02:00.126 I/CCodecBufferChannel(22829): Destructor 0xb4000076608ab890
06-06 00:02:00.128 D/VivoConfigStore(22993): key:vivo.software.hovermode isCached is false and normal value is false
06-06 00:02:00.134 I/MediaCodec(22829): [c2.android.vorbis.decoder] output format changed to: AMessage(what = 0x00000000) = {
06-06 00:02:00.134 I/MediaCodec(22829):       int32_t channel-count = 2
06-06 00:02:00.134 I/MediaCodec(22829):       string mime = "audio/raw"
06-06 00:02:00.134 I/MediaCodec(22829):       int32_t sample-rate = 44100
06-06 00:02:00.134 I/MediaCodec(22829):       int32_t channel-mask = 3
06-06 00:02:00.134 I/MediaCodec(22829):       int32_t android._config-pcm-encoding = 2
06-06 00:02:00.134 I/MediaCodec(22829):     }
06-06 00:02:00.134 D/MediaCodec(22829): get mPcmBytesMs = 176.399994
06-06 00:02:00.146 D/VivoConfigStore(22993): key:vivo.software.multiwindow isCached is true and value is true
06-06 00:02:00.146 D/VivoConfigStore(22993): key:vivo.software.freeform isCached is true and value is true
06-06 00:02:00.149 D/MediaCodec(22829): CreateByType: pid -1(22829)
06-06 00:02:00.149 D/MediaCodec(22829): CreateByType: mime audio/vorbis, encoder 0 pid -1
06-06 00:02:00.149 D/MediaCodec(22829): get client pid:-1
06-06 00:02:00.149 D/MediaCodec(22829): can't get client name
06-06 00:02:00.150 D/MediaCodecList(22829): codecHandlesFormat: no format, so no extra checks
06-06 00:02:00.150 D/MediaCodecList(22829): codecHandlesFormat: no format, so no extra checks
06-06 00:02:00.153 D/CCodecBufferChannel(22829): mBufferCountDebug=0 mIsUserLoad=1
06-06 00:02:00.153 I/CCodecBufferChannel(22829): Constructor 0xb4000076608ae5a0
06-06 00:02:00.153 I/CCodecBufferChannel(22829): mIsVivoLogEnable = 0
06-06 00:02:00.153 D/MediaCodec(22829): [0xb4000076a06c12d0] init: CCodec 0xb400007620ae1210, CCodecBufferChannel 0xb4000076608ae5a0
06-06 00:02:00.153 W/MediaCodec(22829): (0xb4000076a06c12d0)process Name is:com.android.camera
06-06 00:02:00.153 D/MediaCodec(22829): [0xb4000076a06c12d0] setState: 1
06-06 00:02:00.153 D/CCodec  (22829): allocate(c2.android.vorbis.decoder)
06-06 00:02:00.156 I/CCodec  (22829): setting up 'default' as default (vendor) store
06-06 00:02:00.158 I/CCodec  (22829): Created component [c2.android.vorbis.decoder]
06-06 00:02:00.158 D/CCodecBufferChannel(22829): [0xb4000076608ae5a0] setComponent: mName c2.android.vorbis.decoder#91, mPipelineWatcher 0xb4000076608aea08
06-06 00:02:00.158 D/CCodecBufferChannel(22829): PipelineWatcher debug info [c2.android.vorbis.decoder#91] enable=0
06-06 00:02:00.159 D/CCodecConfig(22829): read media type: audio/vorbis
06-06 00:02:00.163 D/ReflectedParamUpdater(22829): extent() != 1 for single value type: algo.buffers.max-count.values
06-06 00:02:00.164 D/ReflectedParamUpdater(22829): extent() != 1 for single value type: output.subscribed-indices.values
06-06 00:02:00.165 D/ReflectedParamUpdater(22829): extent() != 1 for single value type: input.buffers.allocator-ids.values
06-06 00:02:00.165 D/ReflectedParamUpdater(22829): extent() != 1 for single value type: output.buffers.allocator-ids.values
06-06 00:02:00.166 D/ReflectedParamUpdater(22829): extent() != 1 for single value type: algo.buffers.allocator-ids.values
06-06 00:02:00.166 D/ReflectedParamUpdater(22829): extent() != 1 for single value type: output.buffers.pool-ids.values
06-06 00:02:00.167 D/ReflectedParamUpdater(22829): extent() != 1 for single value type: algo.buffers.pool-ids.values
06-06 00:02:00.169 I/CCodecConfig(22829): query failed after returning 7 values (BAD_INDEX)
06-06 00:02:00.169 D/CCodecConfig(22829): c2 config diff is Dict {
06-06 00:02:00.169 D/CCodecConfig(22829):   c2::u32 coded.bitrate.value = 64000
06-06 00:02:00.169 D/CCodecConfig(22829):   c2::u32 input.buffers.max-size.value = 32768
06-06 00:02:00.169 D/CCodecConfig(22829):   c2::u32 input.delay.value = 0
06-06 00:02:00.169 D/CCodecConfig(22829):   string input.media-type.value = "audio/vorbis"
06-06 00:02:00.169 D/CCodecConfig(22829):   string output.media-type.value = "audio/raw"
06-06 00:02:00.169 D/CCodecConfig(22829):   c2::u32 raw.channel-count.value = 1
06-06 00:02:00.169 D/CCodecConfig(22829):   c2::u32 raw.sample-rate.value = 48000
06-06 00:02:00.169 D/CCodecConfig(22829): }
06-06 00:02:00.170 D/MediaCodec(22829): [0xb4000076a06c12d0] setState: 2
06-06 00:02:00.170 D/MediaCodec(22829): mInitName[c2.android.vorbis.decoder], mMediacodec[0xb4000076a06c12d0], mCodec[0xb400007620ae1210], mBufferChannel[0xb4000076608ae5a0]
06-06 00:02:00.170 D/MediaCodec(22829): [0xb4000076a06c12d0] [c2.android.vorbis.decoder] configure
06-06 00:02:00.170 W/libc    (22829): Access denied finding property "media.resource.current.activity"
06-06 00:02:00.171 D/MediaCodec(22829): flushMediametrics
06-06 00:02:00.172 D/MediaCodec(22829): [0xb4000076a06c12d0] setState: 3
06-06 00:02:00.172 D/CCodec  (22829): [c2.android.vorbis.decoder] buffers are bound to CCodec for this session
06-06 00:02:00.172 D/CCodecConfig(22829): no c2 equivalents for durationUs
06-06 00:02:00.172 D/CCodecConfig(22829): no c2 equivalents for track-id
06-06 00:02:00.172 D/CCodecConfig(22829): no c2 equivalents for csd-1
06-06 00:02:00.172 D/CCodecConfig(22829): no c2 equivalents for flags
