06-06 00:25:54.324 E/System  (27264): 	at dalvik.system.BaseDexClassLoader.<init>(BaseDexClassLoader.java:105)
06-06 00:25:54.324 E/System  (27264): 	at dalvik.system.PathClassLoader.<init>(PathClassLoader.java:71)
06-06 00:25:54.324 E/System  (27264): 	at java.lang.ClassLoader.createSystemClassLoader(ClassLoader.java:224)
06-06 00:25:54.324 E/System  (27264): 	at java.lang.ClassLoader.-$$Nest$smcreateSystemClassLoader(Unknown Source:0)
06-06 00:25:54.324 E/System  (27264): 	at java.lang.ClassLoader$SystemClassLoader.<clinit>(ClassLoader.java:183)
06-06 00:25:54.324 E/System  (27264): 	at java.lang.ClassLoader.getSystemClassLoader(ClassLoader.java:1098)
06-06 00:25:54.324 E/System  (27264): Caused by: java.lang.UnsatisfiedLinkError: No implementation found for long android.os.Trace.nativeGetEnabledTags() (tried Java_android_os_Trace_nativeGetEnabledTags and Java_android_os_Trace_nativeGetEnabledTags__)
06-06 00:25:54.324 E/System  (27264): 	at android.os.Trace.nativeGetEnabledTags(Native Method)
06-06 00:25:54.324 E/System  (27264): 	at android.os.Trace.isTagEnabled(Trace.java:163)
06-06 00:25:54.324 E/System  (27264): 	at android.os.Trace.endSection(Trace.java:398)
06-06 00:25:54.324 E/System  (27264): 	at com.vivo.framework.securitydetect.DynamicLoadDetectManager.reportDexLoaded(DynamicLoadDetectManager.java:156)
06-06 00:25:54.324 E/System  (27264): 	... 14 more
06-06 00:25:54.325 E/app_process(27264): No implementation found for long android.os.Trace.nativeGetEnabledTags() (tried Java_android_os_Trace_nativeGetEnabledTags and Java_android_os_Trace_nativeGetEnabledTags__)
06-06 00:25:54.325 E/app_process(27264): No implementation found for long android.os.Trace.nativeGetEnabledTags() (tried Java_android_os_Trace_nativeGetEnabledTags and Java_android_os_Trace_nativeGetEnabledTags__)
06-06 00:25:54.325 E/System  (27264): openDexFile load detect error
06-06 00:25:54.326 E/System  (27264): java.lang.reflect.InvocationTargetException
06-06 00:25:54.326 E/System  (27264): 	at java.lang.reflect.Method.invoke(Native Method)
06-06 00:25:54.326 E/System  (27264): 	at dalvik.system.DexFile.openDexFile(DexFile.java:387)
06-06 00:25:54.326 E/System  (27264): 	at dalvik.system.DexFile.<init>(DexFile.java:118)
06-06 00:25:54.326 E/System  (27264): 	at dalvik.system.DexFile.<init>(DexFile.java:91)
06-06 00:25:54.326 E/System  (27264): 	at dalvik.system.DexPathList.loadDexFile(DexPathList.java:438)
06-06 00:25:54.326 E/System  (27264): 	at dalvik.system.DexPathList.makeDexElements(DexPathList.java:397)
06-06 00:25:54.326 E/System  (27264): 	at dalvik.system.DexPathList.<init>(DexPathList.java:166)
06-06 00:25:54.326 E/System  (27264): 	at dalvik.system.BaseDexClassLoader.<init>(BaseDexClassLoader.java:160)
06-06 00:25:54.326 E/System  (27264): 	at dalvik.system.BaseDexClassLoader.<init>(BaseDexClassLoader.java:105)
06-06 00:25:54.326 E/System  (27264): 	at dalvik.system.PathClassLoader.<init>(PathClassLoader.java:71)
06-06 00:25:54.326 E/System  (27264): 	at java.lang.ClassLoader.createSystemClassLoader(ClassLoader.java:224)
06-06 00:25:54.326 E/System  (27264): 	at java.lang.ClassLoader.-$$Nest$smcreateSystemClassLoader(Unknown Source:0)
06-06 00:25:54.326 E/System  (27264): 	at java.lang.ClassLoader$SystemClassLoader.<clinit>(ClassLoader.java:183)
06-06 00:25:54.326 E/System  (27264): 	at java.lang.ClassLoader.getSystemClassLoader(ClassLoader.java:1098)
06-06 00:25:54.326 E/System  (27264): Caused by: java.lang.UnsatisfiedLinkError: No implementation found for long android.os.Trace.nativeGetEnabledTags() (tried Java_android_os_Trace_nativeGetEnabledTags and Java_android_os_Trace_nativeGetEnabledTags__)
06-06 00:25:54.326 E/System  (27264): 	at android.os.Trace.nativeGetEnabledTags(Native Method)
06-06 00:25:54.326 E/System  (27264): 	at android.os.Trace.isTagEnabled(Trace.java:163)
06-06 00:25:54.326 E/System  (27264): 	at android.os.Trace.endSection(Trace.java:398)
06-06 00:25:54.326 E/System  (27264): 	at com.vivo.framework.securitydetect.DynamicLoadDetectManager.reportDexLoaded(DynamicLoadDetectManager.java:156)
06-06 00:25:54.326 E/System  (27264): 	... 14 more
06-06 00:25:54.327 W/app_process(27264): ClassLoaderContext classpath size mismatch. expected=0, found=1 (PCL[] | PCL[/system/framework/android.test.runner.jar*2259575933])
06-06 00:25:54.331 I/VivoSystemFrameworkFactory(27264): Instance implClass com.vivo.VivoSystemFrameworkFactoryImpl
06-06 00:25:54.353 D/AndroidRuntime(27264): Calling main entry com.android.commands.uiautomator.Launcher
06-06 00:25:54.357 W/ziparchive(27264): Unable to open '/system/framework/mediatek-framework.dm': No such file or directory
06-06 00:25:54.357 W/ziparchive(27264): Unable to open '/system/framework/mediatek-framework.dm': No such file or directory
06-06 00:25:54.362 W/uiautomator(27264): type=1400 audit(0.0:3428059): avc: denied { read } for name="user_cpu_freq" dev="sysfs" ino=49317 scontext=u:r:shell:s0 tcontext=u:object_r:sysfs_user_cpu_freq:s0 tclass=file permissive=0
06-06 00:25:55.408 W/libc    (27264): Access denied finding property "qemu.sf.lcd_density"
06-06 00:25:55.406 W/uiautomator(27264): type=1400 audit(0.0:3428060): avc: denied { read } for name="u:object_r:qemu_sf_lcd_density_prop:s0" dev="tmpfs" ino=280 scontext=u:r:shell:s0 tcontext=u:object_r:qemu_sf_lcd_density_prop:s0 tclass=file permissive=0
06-06 00:25:55.408 W/libc    (27264): Access denied finding property "qemu.sf.lcd_density"
06-06 00:25:55.406 W/uiautomator(27264): type=1400 audit(0.0:3428061): avc: denied { read } for name="u:object_r:qemu_sf_lcd_density_prop:s0" dev="tmpfs" ino=280 scontext=u:r:shell:s0 tcontext=u:object_r:qemu_sf_lcd_density_prop:s0 tclass=file permissive=0
06-06 00:25:55.418 W/AccessibilityNodeInfoDumper(27264): Fetch time: 4ms
06-06 00:25:55.470 D/AndroidRuntime(27264): Shutting down VM
06-06 00:25:56.306 W/RefBase (27264): RefBase: Explicit destruction, weak count = 0 (in 0x7cf5bd3468). Use sp<> to manage this object.
06-06 00:25:56.311 D/RefBase (27264): #00 pc 000000000010cc18  /apex/com.android.runtime/lib64/bionic/libc.so (__cxa_finalize+280)
06-06 00:25:56.311 D/RefBase (27264): #01 pc 00000000000fee08  /apex/com.android.runtime/lib64/bionic/libc.so (exit+24)
06-06 00:25:56.311 D/RefBase (27264): #02 pc 00000000000927f4  /apex/com.android.runtime/lib64/bionic/libc.so (__libc_init+100)
06-06 00:25:56.491 I/LiveCprCoachScreen(27029): ASR endpoint
06-06 00:25:59.060 I/LiveCprCoachScreen(27029): ASR endpoint
06-06 00:25:59.426 I/LiveAudioCapture(27029): Local utterance committed bytes=34560 voicedMs=400
06-06 00:25:59.426 I/LiveCprCoachScreen(27029): Utterance callback bytes=34560 streaming=true whole=false
06-06 00:25:59.427 I/LiveCprCoachScreen(27029): ASR endpoint
06-06 00:26:01.921 I/LiveCprCoachScreen(27029): ASR endpoint
06-06 00:26:04.485 I/LiveCprCoachScreen(27029): ASR endpoint
06-06 00:26:05.442 I/LiveCprCoachScreen(27029): ASR partial='不'
06-06 00:26:05.776 I/LiveCprCoachScreen(27029): ASR partial='不成河'
06-06 00:26:06.070 I/LiveCprCoachScreen(27029): ASR partial='不成河到底'
06-06 00:26:06.421 I/LiveCprCoachScreen(27029): ASR partial='不成河到底在'
06-06 00:26:06.727 I/LiveCprCoachScreen(27029): ASR partial='不成河到底在哪里'
06-06 00:26:07.370 I/LiveCprCoachScreen(27029): ASR partial='不成河到底在哪里然后'
06-06 00:26:07.687 I/LiveCprCoachScreen(27029): ASR partial='不成河到底在哪里然后以及'
06-06 00:26:08.322 I/LiveCprCoachScreen(27029): ASR partial='不成河到底在哪里然后以及大家'
06-06 00:26:08.634 I/LiveCprCoachScreen(27029): ASR partial='不成河到底在哪里然后以及大家最'
06-06 00:26:08.969 I/LiveCprCoachScreen(27029): ASR partial='不成河到底在哪里然后以及大家最主要面'
06-06 00:26:09.290 I/LiveCprCoachScreen(27029): ASR partial='不成河到底在哪里然后以及大家最主要面对'
06-06 00:26:09.605 I/LiveCprCoachScreen(27029): ASR partial='不成河到底在哪里然后以及大家最主要面对的挑'
06-06 00:26:09.914 I/LiveCprCoachScreen(27029): ASR partial='不成河到底在哪里然后以及大家最主要面对的挑战'
06-06 00:26:10.230 I/LiveCprCoachScreen(27029): ASR partial='不成河到底在哪里然后以及大家最主要面对的挑战是'
06-06 00:26:10.879 I/LiveCprCoachScreen(27029): ASR partial='不成河到底在哪里然后以及大家最主要面对的挑战是什么'
06-06 00:26:11.193 I/LiveCprCoachScreen(27029): ASR partial='不成河到底在哪里然后以及大家最主要面对的挑战是什么嗯'
06-06 00:26:11.531 I/LiveCprCoachScreen(27029): ASR partial='不成河到底在哪里然后以及大家最主要面对的挑战是什么嗯我觉得其'
06-06 00:26:11.836 I/LiveCprCoachScreen(27029): ASR partial='不成河到底在哪里然后以及大家最主要面对的挑战是什么嗯我觉得其中最高'
06-06 00:26:12.165 I/LiveCprCoachScreen(27029): ASR partial='不成河到底在哪里然后以及大家最主要面对的挑战是什么嗯我觉得其中最高还是'
06-06 00:26:12.493 I/LiveCprCoachScreen(27029): ASR partial='不成河到底在哪里然后以及大家最主要面对的挑战是什么嗯我觉得其中最高还是挑战'
06-06 00:26:12.794 I/LiveCprCoachScreen(27029): ASR partial='不成河到底在哪里然后以及大家最主要面对的挑战是什么嗯我觉得其中最高还是挑战应该'
06-06 00:26:13.769 I/LiveCprCoachScreen(27029): ASR partial='不成河到底在哪里然后以及大家最主要面对的挑战是什么嗯我觉得其中最高还是挑战应该我就重要'
06-06 00:26:14.085 I/LiveCprCoachScreen(27029): ASR partial='不成河到底在哪里然后以及大家最主要面对的挑战是什么嗯我觉得其中最高还是挑战应该我就重要的一点'
06-06 00:26:14.427 I/LiveCprCoachScreen(27029): ASR partial='不成河到底在哪里然后以及大家最主要面对的挑战是什么嗯我觉得其中最高还是挑战应该我就重要的一点是'
06-06 00:26:15.056 I/LiveCprCoachScreen(27029): ASR partial='不成河到底在哪里然后以及大家最主要面对的挑战是什么嗯我觉得其中最高还是挑战应该我就重要的一点是呃'
06-06 00:26:15.368 I/LiveCprCoachScreen(27029): ASR partial='不成河到底在哪里然后以及大家最主要面对的挑战是什么嗯我觉得其中最高还是挑战应该我就重要的一点是呃如何'
06-06 00:26:15.673 I/LiveCprCoachScreen(27029): ASR partial='不成河到底在哪里然后以及大家最主要面对的挑战是什么嗯我觉得其中最高还是挑战应该我就重要的一点是呃如何在'
06-06 00:26:16.013 I/LiveCprCoachScreen(27029): ASR partial='不成河到底在哪里然后以及大家最主要面对的挑战是什么嗯我觉得其中最高还是挑战应该我就重要的一点是呃如何在就是'
06-06 00:26:16.315 I/LiveCprCoachScreen(27029): ASR partial='不成河到底在哪里然后以及大家最主要面对的挑战是什么嗯我觉得其中最高还是挑战应该我就重要的一点是呃如何在就是这样'
06-06 00:26:16.968 I/LiveCprCoachScreen(27029): ASR partial='不成河到底在哪里然后以及大家最主要面对的挑战是什么嗯我觉得其中最高还是挑战应该我就重要的一点是呃如何在就是这样的这样'
06-06 00:26:17.284 I/LiveCprCoachScreen(27029): ASR partial='不成河到底在哪里然后以及大家最主要面对的挑战是什么嗯我觉得其中最高还是挑战应该我就重要的一点是呃如何在就是这样的这样一个环境'
06-06 00:26:17.595 I/LiveCprCoachScreen(27029): ASR partial='不成河到底在哪里然后以及大家最主要面对的挑战是什么嗯我觉得其中最高还是挑战应该我就重要的一点是呃如何在就是这样的这样一个环境下'
06-06 00:26:18.572 I/LiveCprCoachScreen(27029): ASR partial='不成河到底在哪里然后以及大家最主要面对的挑战是什么嗯我觉得其中最高还是挑战应该我就重要的一点是呃如何在就是这样的这样一个环境下啊'
06-06 00:26:18.882 I/LiveCprCoachScreen(27029): ASR partial='不成河到底在哪里然后以及大家最主要面对的挑战是什么嗯我觉得其中最高还是挑战应该我就重要的一点是呃如何在就是这样的这样一个环境下啊能'
06-06 00:26:19.831 I/LiveCprCoachScreen(27029): ASR partial='不成河到底在哪里然后以及大家最主要面对的挑战是什么嗯我觉得其中最高还是挑战应该我就重要的一点是呃如何在就是这样的这样一个环境下啊能产生'
06-06 00:26:20.498 I/LiveCprCoachScreen(27029): ASR partial='不成河到底在哪里然后以及大家最主要面对的挑战是什么嗯我觉得其中最高还是挑战应该我就重要的一点是呃如何在就是这样的这样一个环境下啊能产生明显结果'
06-06 00:26:21.433 I/LiveCprCoachScreen(27029): ASR partial='不成河到底在哪里然后以及大家最主要面对的挑战是什么嗯我觉得其中最高还是挑战应该我就重要的一点是呃如何在就是这样的这样一个环境下啊能产生明显结果啊能'
06-06 00:26:21.767 I/LiveCprCoachScreen(27029): ASR partial='不成河到底在哪里然后以及大家最主要面对的挑战是什么嗯我觉得其中最高还是挑战应该我就重要的一点是呃如何在就是这样的这样一个环境下啊能产生明显结果啊能产生'
06-06 00:26:22.414 I/LiveCprCoachScreen(27029): ASR partial='不成河到底在哪里然后以及大家最主要面对的挑战是什么嗯我觉得其中最高还是挑战应该我就重要的一点是呃如何在就是这样的这样一个环境下啊能产生明显结果啊能产生一个很快'
06-06 00:26:22.711 I/LiveCprCoachScreen(27029): ASR partial='不成河到底在哪里然后以及大家最主要面对的挑战是什么嗯我觉得其中最高还是挑战应该我就重要的一点是呃如何在就是这样的这样一个环境下啊能产生明显结果啊能产生一个很快产'
06-06 00:26:23.042 I/LiveCprCoachScreen(27029): ASR partial='不成河到底在哪里然后以及大家最主要面对的挑战是什么嗯我觉得其中最高还是挑战应该我就重要的一点是呃如何在就是这样的这样一个环境下啊能产生明显结果啊能产生一个很快产'
06-06 00:26:23.382 I/LiveCprCoachScreen(27029): ASR partial='不成河到底在哪里然后以及大家最主要面对的挑战是什么嗯我觉得其中最高还是挑战应该我就重要的一点是呃如何在就是这样的这样一个环境下啊能产生明显结果啊能产生一个很快产'
06-06 00:26:23.569 I/LiveAudioCapture(27029): Local utterance committed bytes=606720 voicedMs=11840
06-06 00:26:23.569 I/LiveCprCoachScreen(27029): Utterance callback bytes=606720 streaming=true whole=false
06-06 00:26:23.579 I/LiveCprCoachScreen(27029): ASR final='不成河到底在哪里然后以及大家最主要面对的挑战是什么嗯我觉得其中最高还是挑战应该我就重要的一点是呃如何在就是这样的这样一个环境下啊能产生明显结果啊能产生一个很快产' intent= confidence=null
06-06 00:26:23.584 I/LiveAudioPlayer(27029): Live audio cancel with no active stream reason=new_turn
06-06 00:26:23.584 I/WebSocketAgentChannel(27029): Sent live JSON type=context ok=true payloadKeys=["sessionId"]
06-06 00:26:23.584 I/WebSocketAgentChannel(27029): Sent live JSON type=commit_text ok=true payloadKeys=
06-06 00:26:23.585 I/LiveCprCoachScreen(27029): ASR endpoint
06-06 00:26:23.635 I/WebSocketAgentChannel(27029): Received live text {"type":"thinking","session_id":"android_live_47b8beb1","turn_seq":2}
06-06 00:26:23.638 I/WebSocketAgentChannel(27029): Received live text {"type":"final","session_id":"android_live_47b8beb1","turn_seq":2,"text":"不成河到底在哪里然后以及大家最主要面对的挑战是什么嗯我觉得其中最高还是挑战应该我就重要的一点是呃如何在就是这样的这样一个环境下啊能产生明显结果啊能产生一个很快产生的博客","intent":null}
06-06 00:26:23.640 I/WebSocketAgentChannel(27029): Received live text {"type":"guidance","session_id":"android_live_47b8beb1","turn_seq":2,"action":{"action_id":"act_mq14zbt9_0010_2a3c57dfcad1","session_id":"android_live_47b8beb1","timestamp":"2026-06-05T16:26:23.756Z","stage":"S1_SCENE_SAFE","intent":"ensure_scene_safe","priority":"normal","source":"state_machine","r
06-06 00:26:23.641 I/WebSocketAgentChannel(27029): Received live text {"type":"state","session_id":"android_live_47b8beb1","turn_seq":2,"current_stage":"S1_SCENE_SAFE","state":{"schema_version":"session_state.v0.1","session_id":"android_live_47b8beb1","mode":"demo_assisted","current_stage":"S1_SCENE_SAFE","previous_stage":"S1_SCENE_SAFE","started_at":"2026-06-05T16:26
06-06 00:26:23.665 I/EdgeTextToSpeech(27029): Android TTS fast path for '先确认周围安全，再靠近患者。'
06-06 00:26:23.732 I/AndroidTextToSpeech(27029): Android TTS onStart latency=3ms
06-06 00:26:23.732 I/SherpaSpeechEngine(27029): TTS generate start chars=14
06-06 00:26:23.776 D/AudioManager( 9607): dispatching onPlaybackConfigChanged()
06-06 00:26:23.776 D/AudioManager( 9621): dispatching onPlaybackConfigChanged()
06-06 00:26:23.817 D/AudioManager( 9621): dispatching onPlaybackConfigChanged()
06-06 00:26:23.817 D/AudioManager( 9607): dispatching onPlaybackConfigChanged()
06-06 00:26:24.200 I/WebSocketAgentChannel(27029): Received live text {"type":"audio_begin","session_id":"android_live_47b8beb1","turn_seq":2,"action_id":"act_mq14zbt9_0010_2a3c57dfcad1","format":"pcm16","sample_rate":44100,"channels":1,"bits_per_sample":16}
06-06 00:26:24.217 I/WebSocketAgentChannel(27029): Received live audio bytes=118784
06-06 00:26:24.772 I/WebSocketAgentChannel(27029): Received live audio bytes=111616
06-06 00:26:24.774 I/WebSocketAgentChannel(27029): Received live text {"type":"audio_end","session_id":"android_live_47b8beb1","turn_seq":2,"action_id":"act_mq14zbt9_0010_2a3c57dfcad1"}
06-06 00:26:27.008 D/AudioManager( 9621): dispatching onPlaybackConfigChanged()
06-06 00:26:27.008 D/AudioManager( 9607): dispatching onPlaybackConfigChanged()
06-06 00:26:27.011 D/AudioManager( 9621): dispatching onPlaybackConfigChanged()
06-06 00:26:27.011 D/AudioManager( 9607): dispatching onPlaybackConfigChanged()
06-06 00:26:27.347 I/LiveCprCoachScreen(27029): ASR partial='这都'
06-06 00:26:27.625 I/LiveCprCoachScreen(27029): ASR partial='这都说是'
06-06 00:26:29.257 I/LiveCprCoachScreen(27029): ASR partial='这都说是吧'
06-06 00:26:29.873 I/LiveCprCoachScreen(27029): ASR partial='这都说是吧我们做实验'
06-06 00:26:30.515 I/LiveCprCoachScreen(27029): ASR partial='这都说是吧我们做实验我们就'
06-06 00:26:30.836 I/LiveCprCoachScreen(27029): ASR partial='这都说是吧我们做实验我们就把'
06-06 00:26:31.176 I/LiveCprCoachScreen(27029): ASR partial='这都说是吧我们做实验我们就把钱'
06-06 00:26:31.469 I/LiveCprCoachScreen(27029): ASR partial='这都说是吧我们做实验我们就把钱把实验做'
06-06 00:26:31.790 I/LiveCprCoachScreen(27029): ASR partial='这都说是吧我们做实验我们就把钱把实验做了'
06-06 00:26:32.124 I/LiveCprCoachScreen(27029): ASR partial='这都说是吧我们做实验我们就把钱把实验做了跟这个时间'
06-06 00:26:32.421 I/LiveCprCoachScreen(27029): ASR partial='这都说是吧我们做实验我们就把钱把实验做了跟这个时间花了'
06-06 00:26:32.734 I/LiveCprCoachScreen(27029): ASR partial='这都说是吧我们做实验我们就把钱把实验做了跟这个时间花了就有几百'
06-06 00:26:33.053 I/LiveCprCoachScreen(27029): ASR partial='这都说是吧我们做实验我们就把钱把实验做了跟这个时间花了就有几百块钱要'
06-06 00:26:33.362 I/LiveCprCoachScreen(27029): ASR partial='这都说是吧我们做实验我们就把钱把实验做了跟这个时间花了就有几百块钱要是有推荐'
06-06 00:26:33.673 I/SherpaSpeechEngine(27029): TTS generate done
06-06 00:26:33.680 I/SherpaSpeechEngine(27029): TTS save done bytes=212012
06-06 00:26:33.681 I/EdgeTextToSpeech(27029): Sherpa TTS background cached '先确认周围安全，再靠近患者。' in 9948ms
06-06 00:26:33.993 I/LiveCprCoachScreen(27029): ASR partial='这都说是吧我们做实验我们就把钱把实验做了跟这个时间花了就有几百块钱要是有推荐但是'
06-06 00:26:34.328 I/LiveCprCoachScreen(27029): ASR partial='这都说是吧我们做实验我们就把钱把实验做了跟这个时间花了就有几百块钱要是有推荐但是这就是'
06-06 00:26:34.387 D/TrafficStats( 3989): tagSocket(89) with statsTag=0x34000609, statsUid=10163
06-06 00:26:34.388 D/Linux   ( 3989): [Posix_connect Debug]Process com.google.android.gms.persistent :443 
06-06 00:26:34.634 I/LiveCprCoachScreen(27029): ASR partial='这都说是吧我们做实验我们就把钱把实验做了跟这个时间花了就有几百块钱要是有推荐但是这就是告诉'
06-06 00:26:35.300 I/LiveCprCoachScreen(27029): ASR partial='这都说是吧我们做实验我们就把钱把实验做了跟这个时间花了就有几百块钱要是有推荐但是这就是告诉你'
06-06 00:26:35.912 I/LiveCprCoachScreen(27029): ASR partial='这都说是吧我们做实验我们就把钱把实验做了跟这个时间花了就有几百块钱要是有推荐但是这就是告诉你也是'
06-06 00:26:36.561 I/LiveCprCoachScreen(27029): ASR partial='这都说是吧我们做实验我们就把钱把实验做了跟这个时间花了就有几百块钱要是有推荐但是这就是告诉你也是对于'
06-06 00:26:36.898 I/LiveCprCoachScreen(27029): ASR partial='这都说是吧我们做实验我们就把钱把实验做了跟这个时间花了就有几百块钱要是有推荐但是这就是告诉你也是对于应该说'
06-06 00:26:37.194 I/LiveCprCoachScreen(27029): ASR partial='这都说是吧我们做实验我们就把钱把实验做了跟这个时间花了就有几百块钱要是有推荐但是这就是告诉你也是对于应该说对于'
06-06 00:26:37.530 I/LiveCprCoachScreen(27029): ASR partial='这都说是吧我们做实验我们就把钱把实验做了跟这个时间花了就有几百块钱要是有推荐但是这就是告诉你也是对于应该说对于这样的'
06-06 00:26:37.844 I/LiveCprCoachScreen(27029): ASR partial='这都说是吧我们做实验我们就把钱把实验做了跟这个时间花了就有几百块钱要是有推荐但是这就是告诉你也是对于应该说对于这样的就是'
06-06 00:26:38.797 I/LiveCprCoachScreen(27029): ASR partial='这都说是吧我们做实验我们就把钱把实验做了跟这个时间花了就有几百块钱要是有推荐但是这就是告诉你也是对于应该说对于这样的就是清晨的'
06-06 00:26:39.131 I/LiveCprCoachScreen(27029): ASR partial='这都说是吧我们做实验我们就把钱把实验做了跟这个时间花了就有几百块钱要是有推荐但是这就是告诉你也是对于应该说对于这样的就是清晨的这样一个小'
06-06 00:26:39.454 I/LiveCprCoachScreen(27029): ASR partial='这都说是吧我们做实验我们就把钱把实验做了跟这个时间花了就有几百块钱要是有推荐但是这就是告诉你也是对于应该说对于这样的就是清晨的这样一个小公司来说'
06-06 00:26:39.770 I/LiveCprCoachScreen(27029): ASR partial='这都说是吧我们做实验我们就把钱把实验做了跟这个时间花了就有几百块钱要是有推荐但是这就是告诉你也是对于应该说对于这样的就是清晨的这样一个小公司来说就'
06-06 00:26:40.088 I/LiveCprCoachScreen(27029): ASR partial='这都说是吧我们做实验我们就把钱把实验做了跟这个时间花了就有几百块钱要是有推荐但是这就是告诉你也是对于应该说对于这样的就是清晨的这样一个小公司来说就是像'
06-06 00:26:40.394 I/LiveCprCoachScreen(27029): ASR partial='这都说是吧我们做实验我们就把钱把实验做了跟这个时间花了就有几百块钱要是有推荐但是这就是告诉你也是对于应该说对于这样的就是清晨的这样一个小公司来说就是像这样的'
06-06 00:26:40.725 I/LiveCprCoachScreen(27029): ASR partial='这都说是吧我们做实验我们就把钱把实验做了跟这个时间花了就有几百块钱要是有推荐但是这就是告诉你也是对于应该说对于这样的就是清晨的这样一个小公司来说就是像这样的这样'
06-06 00:26:41.057 I/LiveCprCoachScreen(27029): ASR partial='这都说是吧我们做实验我们就把钱把实验做了跟这个时间花了就有几百块钱要是有推荐但是这就是告诉你也是对于应该说对于这样的就是清晨的这样一个小公司来说就是像这样的这样'
06-06 00:26:41.393 I/LiveCprCoachScreen(27029): ASR partial='这都说是吧我们做实验我们就把钱把实验做了跟这个时间花了就有几百块钱要是有推荐但是这就是告诉你也是对于应该说对于这样的就是清晨的这样一个小公司来说就是像这样的这样'
06-06 00:26:41.681 I/LiveCprCoachScreen(27029): ASR partial='这都说是吧我们做实验我们就把钱把实验做了跟这个时间花了就有几百块钱要是有推荐但是这就是告诉你也是对于应该说对于这样的就是清晨的这样一个小公司来说就是像这样的这样'
06-06 00:26:42.318 I/LiveCprCoachScreen(27029): ASR partial='这都说是吧我们做实验我们就把钱把实验做了跟这个时间花了就有几百块钱要是有推荐但是这就是告诉你也是对于应该说对于这样的就是清晨的这样一个小公司来说就是像这样的这样'
06-06 00:26:42.631 I/LiveCprCoachScreen(27029): ASR partial='这都说是吧我们做实验我们就把钱把实验做了跟这个时间花了就有几百块钱要是有推荐但是这就是告诉你也是对于应该说对于这样的就是清晨的这样一个小公司来说就是像这样的这样'
06-06 00:26:42.972 I/LiveCprCoachScreen(27029): ASR partial='这都说是吧我们做实验我们就把钱把实验做了跟这个时间花了就有几百块钱要是有推荐但是这就是告诉你也是对于应该说对于这样的就是清晨的这样一个小公司来说就是像这样的这样'
06-06 00:26:43.279 I/LiveCprCoachScreen(27029): ASR partial='这都说是吧我们做实验我们就把钱把实验做了跟这个时间花了就有几百块钱要是有推荐但是这就是告诉你也是对于应该说对于这样的就是清晨的这样一个小公司来说就是像这样的这样'
06-06 00:26:43.626 I/LiveCprCoachScreen(27029): ASR partial='这都说是吧我们做实验我们就把钱把实验做了跟这个时间花了就有几百块钱要是有推荐但是这就是告诉你也是对于应该说对于这样的就是清晨的这样一个小公司来说就是像这样的这样'
06-06 00:26:43.925 I/LiveCprCoachScreen(27029): ASR partial='这都说是吧我们做实验我们就把钱把实验做了跟这个时间花了就有几百块钱要是有推荐但是这就是告诉你也是对于应该说对于这样的就是清晨的这样一个小公司来说就是像这样的这样'
06-06 00:26:44.247 I/LiveCprCoachScreen(27029): ASR partial='这都说是吧我们做实验我们就把钱把实验做了跟这个时间花了就有几百块钱要是有推荐但是这就是告诉你也是对于应该说对于这样的就是清晨的这样一个小公司来说就是像这样的这样'
06-06 00:26:44.556 I/LiveCprCoachScreen(27029): ASR partial='这都说是吧我们做实验我们就把钱把实验做了跟这个时间花了就有几百块钱要是有推荐但是这就是告诉你也是对于应该说对于这样的就是清晨的这样一个小公司来说就是像这样的这样'
06-06 00:26:44.887 I/LiveCprCoachScreen(27029): ASR partial='这都说是吧我们做实验我们就把钱把实验做了跟这个时间花了就有几百块钱要是有推荐但是这就是告诉你也是对于应该说对于这样的就是清晨的这样一个小公司来说就是像这样的这样'
06-06 00:26:45.205 I/LiveCprCoachScreen(27029): ASR partial='这都说是吧我们做实验我们就把钱把实验做了跟这个时间花了就有几百块钱要是有推荐但是这就是告诉你也是对于应该说对于这样的就是清晨的这样一个小公司来说就是像这样的这样'
06-06 00:26:45.529 I/LiveCprCoachScreen(27029): ASR partial='这都说是吧我们做实验我们就把钱把实验做了跟这个时间花了就有几百块钱要是有推荐但是这就是告诉你也是对于应该说对于这样的就是清晨的这样一个小公司来说就是像这样的这样'
06-06 00:26:45.845 I/LiveCprCoachScreen(27029): ASR partial='这都说是吧我们做实验我们就把钱把实验做了跟这个时间花了就有几百块钱要是有推荐但是这就是告诉你也是对于应该说对于这样的就是清晨的这样一个小公司来说就是像这样的这样'
06-06 00:26:46.155 I/LiveCprCoachScreen(27029): ASR partial='这都说是吧我们做实验我们就把钱把实验做了跟这个时间花了就有几百块钱要是有推荐但是这就是告诉你也是对于应该说对于这样的就是清晨的这样一个小公司来说就是像这样的这样'
06-06 00:26:46.493 I/LiveCprCoachScreen(27029): ASR partial='这都说是吧我们做实验我们就把钱把实验做了跟这个时间花了就有几百块钱要是有推荐但是这就是告诉你也是对于应该说对于这样的就是清晨的这样一个小公司来说就是像这样的这样'
06-06 00:26:46.797 I/LiveCprCoachScreen(27029): ASR final='这都说是吧我们做实验我们就把钱把实验做了跟这个时间花了就有几百块钱要是有推荐但是这就是告诉你也是对于应该说对于这样的就是清晨的这样一个小公司来说就是像这样的这样' intent= confidence=null
06-06 00:26:46.798 I/LiveAudioPlayer(27029): Live audio cancel with no active stream reason=new_turn
06-06 00:26:46.799 I/WebSocketAgentChannel(27029): Sent live JSON type=context ok=true payloadKeys=["sessionId"]
06-06 00:26:46.800 I/WebSocketAgentChannel(27029): Sent live JSON type=commit_text ok=true payloadKeys=
06-06 00:26:46.800 I/LiveCprCoachScreen(27029): ASR endpoint
06-06 00:26:46.846 I/WebSocketAgentChannel(27029): Received live text {"type":"thinking","session_id":"android_live_47b8beb1","turn_seq":3}
06-06 00:26:46.848 I/WebSocketAgentChannel(27029): Received live text {"type":"final","session_id":"android_live_47b8beb1","turn_seq":3,"text":"这都说是吧我们做实验我们就把钱把实验做了跟这个时间花了就有几百块钱要是有推荐但是这就是告诉你也是对于应该说对于这样的就是清晨的这样一个小公司来说就是像这样的这样赖不来说或者说呃效融资的这样的一个一个士气来说就是我们家做的想法就说我们怎么能让","intent":null}
06-06 00:26:46.849 I/WebSocketAgentChannel(27029): Received live text {"type":"guidance","session_id":"android_live_47b8beb1","turn_seq":3,"action":{"action_id":"act_mq14ztpy_0019_ddc6cab12ff3","session_id":"android_live_47b8beb1","timestamp":"2026-06-05T16:26:46.966Z","stage":"S1_SCENE_SAFE","intent":"ensure_scene_safe","priority":"normal","source":"state_machine","r
06-06 00:26:46.851 I/WebSocketAgentChannel(27029): Received live text {"type":"state","session_id":"android_live_47b8beb1","turn_seq":3,"current_stage":"S1_SCENE_SAFE","state":{"schema_version":"session_state.v0.1","session_id":"android_live_47b8beb1","mode":"demo_assisted","current_stage":"S1_SCENE_SAFE","previous_stage":"S1_SCENE_SAFE","started_at":"2026-06-05T16:26
06-06 00:26:46.860 I/EdgeTextToSpeech(27029): Sherpa TTS cache hit 212012 bytes for '先确认周围安全，再靠近患者。'
06-06 00:26:46.865 V/MediaPlayerNative(27029): constructor,0xb4000076306eee70
06-06 00:26:46.866 V/MediaPlayerNative(27029): setListener
06-06 00:26:46.871 D/VivoConfigStore(27029): key:vivo.software.audiozenmode isCached is true and value is true
06-06 00:26:46.883 V/MediaPlayerNative(27029): setDataSource(85, 0, 576460752303423487)
06-06 00:26:46.902 V/MediaPlayerNative(27029): setVideoSurfaceTexture
06-06 00:26:46.903 V/MediaPlayerNative(27029): prepare
06-06 00:26:46.913 V/MediaPlayerNative(27029): message received msg=1, ext1=0, ext2=0
06-06 00:26:46.913 V/MediaPlayerNative(27029): MediaPlayer::notify() prepared
06-06 00:26:46.913 V/MediaPlayerNative(27029): signal application thread
06-06 00:26:46.913 V/MediaPlayerNative(27029): callback application
06-06 00:26:46.913 V/MediaPlayerNative(27029): back from callback
06-06 00:26:46.913 V/MediaPlayerNative(27029): prepare complete - status=0
06-06 00:26:46.916 V/MediaPlayerNative(27029): invoke 76
06-06 00:26:46.920 D/MediaPlayer(27029): MediaPlayer start called
06-06 00:26:46.922 V/MediaPlayerNative(27029): start
06-06 00:26:46.923 D/MediaPlayer(27029): MediaPlayer start end
06-06 00:26:46.923 D/AudioManager( 9621): dispatching onPlaybackConfigChanged()
06-06 00:26:46.924 D/AudioManager( 9607): dispatching onPlaybackConfigChanged()
06-06 00:26:46.933 V/MediaPlayerNative(27029): invoke 76
06-06 00:26:47.011 V/MediaPlayerNative(27029): message received msg=10000, ext1=21, ext2=3
06-06 00:26:47.011 V/MediaPlayerNative(27029): unrecognized message: (10000, 21, 3)
06-06 00:26:47.011 V/MediaPlayerNative(27029): callback application
06-06 00:26:47.011 V/MediaPlayerNative(27029): back from callback
06-06 00:26:47.012 V/MediaPlayerNative(27029): message received msg=6, ext1=0, ext2=0
06-06 00:26:47.012 V/MediaPlayerNative(27029): Received media started message
06-06 00:26:47.012 V/MediaPlayerNative(27029): callback application
06-06 00:26:47.012 V/MediaPlayerNative(27029): back from callback
06-06 00:26:47.020 D/MTP     (27029): onPaused: false
06-06 00:26:47.021 D/AudioManager( 9607): dispatching onPlaybackConfigChanged()
06-06 00:26:47.021 D/AudioManager( 9621): dispatching onPlaybackConfigChanged()
06-06 00:26:47.024 D/MTP     (27029): onSeekComplete at 0
06-06 00:26:47.232 V/MediaPlayerNative(27029): message received msg=211, ext1=0, ext2=0
06-06 00:26:47.232 V/MediaPlayerNative(27029): unrecognized message: (211, 0, 0)
06-06 00:26:47.232 V/MediaPlayerNative(27029): callback application
06-06 00:26:47.232 V/MediaPlayerNative(27029): back from callback
06-06 00:26:47.682 I/WebSocketAgentChannel(27029): Received live text {"type":"audio_begin","session_id":"android_live_47b8beb1","turn_seq":3,"action_id":"act_mq14ztpy_0019_ddc6cab12ff3","format":"pcm16","sample_rate":44100,"channels":1,"bits_per_sample":16}
06-06 00:26:47.695 I/WebSocketAgentChannel(27029): Received live audio bytes=118784
06-06 00:26:48.506 I/WebSocketAgentChannel(27029): Received live audio bytes=111616
06-06 00:26:48.507 I/WebSocketAgentChannel(27029): Received live text {"type":"audio_end","session_id":"android_live_47b8beb1","turn_seq":3,"action_id":"act_mq14ztpy_0019_ddc6cab12ff3"}
06-06 00:26:49.506 V/MediaPlayerNative(27029): message received msg=2, ext1=0, ext2=0
06-06 00:26:49.506 V/MediaPlayerNative(27029): playback complete
06-06 00:26:49.506 V/MediaPlayerNative(27029): callback application
06-06 00:26:49.506 V/MediaPlayerNative(27029): back from callback
06-06 00:26:49.507 V/MediaPlayerNative(27029): message received msg=211, ext1=0, ext2=0
06-06 00:26:49.507 V/MediaPlayerNative(27029): unrecognized message: (211, 0, 0)
06-06 00:26:49.507 V/MediaPlayerNative(27029): callback application
06-06 00:26:49.507 V/MediaPlayerNative(27029): back from callback
06-06 00:26:49.508 V/MediaPlayerNative(27029): stop
06-06 00:26:49.508 V/MediaPlayerNative(27029): message received msg=8, ext1=0, ext2=0
06-06 00:26:49.508 V/MediaPlayerNative(27029): unrecognized message: (8, 0, 0)
06-06 00:26:49.508 V/MediaPlayerNative(27029): callback application
06-06 00:26:49.509 V/MediaPlayerNative(27029): back from callback
06-06 00:26:49.510 D/AudioManager( 9607): dispatching onPlaybackConfigChanged()
06-06 00:26:49.510 D/AudioManager( 9621): dispatching onPlaybackConfigChanged()
06-06 00:26:49.511 V/MediaPlayer(27029): resetDrmState:  mDrmInfo=null mDrmProvisioningThread=null mPrepareDrmInProgress=false mActiveDrmScheme=false
06-06 00:26:49.511 V/MediaPlayer(27029): cleanDrmObj: mDrmObj=null mDrmSessionId=null
06-06 00:26:49.511 D/MediaPlayer(27029): _release native called
06-06 00:26:49.511 V/MediaPlayerNative(27029): setListener
06-06 00:26:49.511 V/MediaPlayerNative(27029): disconnect
06-06 00:26:49.511 D/AudioManager( 9607): dispatching onPlaybackConfigChanged()
06-06 00:26:49.512 D/AudioManager( 9621): dispatching onPlaybackConfigChanged()
06-06 00:26:49.525 V/MediaPlayerNative(27029): destructor,0xb4000076306eee70
06-06 00:26:49.526 V/MediaPlayerNative(27029): disconnect
06-06 00:26:49.526 D/MediaPlayer(27029): _release native finished
06-06 00:26:49.527 W/MediaPlayer(27029): mediaplayer went away with unhandled events
06-06 00:26:49.527 W/MediaPlayer(27029): mediaplayer went away with unhandled events
06-06 00:26:49.731 I/LiveCprCoachScreen(27029): ASR partial='这个'
06-06 00:26:50.035 I/LiveCprCoachScreen(27029): ASR partial='这个整个'
06-06 00:26:50.695 I/LiveCprCoachScreen(27029): ASR partial='这个整个迭代过程'
06-06 00:26:50.994 I/LiveCprCoachScreen(27029): ASR partial='这个整个迭代过程啊'
06-06 00:26:51.322 I/LiveCprCoachScreen(27029): ASR partial='这个整个迭代过程啊然后整个'
06-06 00:26:51.647 I/LiveCprCoachScreen(27029): ASR partial='这个整个迭代过程啊然后整个整个'
06-06 00:26:52.280 I/LiveCprCoachScreen(27029): ASR partial='这个整个迭代过程啊然后整个整个流程'
06-06 00:26:52.612 I/LiveCprCoachScreen(27029): ASR partial='这个整个迭代过程啊然后整个整个流程啊'
06-06 00:26:52.820 D/TrafficStats( 3989): tagSocket(88) with statsTag=0x34000609, statsUid=10163
06-06 00:26:52.823 D/Linux   ( 3989): [Posix_connect Debug]Process com.google.android.gms.persistent :443 
06-06 00:26:52.925 I/LiveCprCoachScreen(27029): ASR partial='这个整个迭代过程啊然后整个整个流程啊跟'
06-06 00:26:53.236 I/LiveCprCoachScreen(27029): ASR partial='这个整个迭代过程啊然后整个整个流程啊跟人家有'
06-06 00:26:53.557 I/LiveCprCoachScreen(27029): ASR partial='这个整个迭代过程啊然后整个整个流程啊跟人家有一个意义'
06-06 00:26:53.889 I/LiveCprCoachScreen(27029): ASR partial='这个整个迭代过程啊然后整个整个流程啊跟人家有一个意义然后从'
06-06 00:26:54.202 I/LiveCprCoachScreen(27029): ASR partial='这个整个迭代过程啊然后整个整个流程啊跟人家有一个意义然后从事人'
06-06 00:26:54.534 I/LiveCprCoachScreen(27029): ASR partial='这个整个迭代过程啊然后整个整个流程啊跟人家有一个意义然后从事人发现'
06-06 00:26:55.480 I/LiveCprCoachScreen(27029): ASR partial='这个整个迭代过程啊然后整个整个流程啊跟人家有一个意义然后从事人发现这个'
06-06 00:26:55.814 I/LiveCprCoachScreen(27029): ASR partial='这个整个迭代过程啊然后整个整个流程啊跟人家有一个意义然后从事人发现这个其实是'
06-06 00:26:56.112 I/LiveCprCoachScreen(27029): ASR partial='这个整个迭代过程啊然后整个整个流程啊跟人家有一个意义然后从事人发现这个其实是一个很大的'
06-06 00:26:56.446 I/LiveCprCoachScreen(27029): ASR partial='这个整个迭代过程啊然后整个整个流程啊跟人家有一个意义然后从事人发现这个其实是一个很大的挑战'
06-06 00:26:56.753 I/LiveCprCoachScreen(27029): ASR partial='这个整个迭代过程啊然后整个整个流程啊跟人家有一个意义然后从事人发现这个其实是一个很大的挑战也'
06-06 00:26:57.077 I/LiveCprCoachScreen(27029): ASR partial='这个整个迭代过程啊然后整个整个流程啊跟人家有一个意义然后从事人发现这个其实是一个很大的挑战也是这样'
06-06 00:26:57.711 I/LiveCprCoachScreen(27029): ASR partial='这个整个迭代过程啊然后整个整个流程啊跟人家有一个意义然后从事人发现这个其实是一个很大的挑战也是这样所以其实'
06-06 00:26:58.048 I/LiveCprCoachScreen(27029): ASR partial='这个整个迭代过程啊然后整个整个流程啊跟人家有一个意义然后从事人发现这个其实是一个很大的挑战也是这样所以其实你说'
06-06 00:26:58.678 I/LiveCprCoachScreen(27029): ASR partial='这个整个迭代过程啊然后整个整个流程啊跟人家有一个意义然后从事人发现这个其实是一个很大的挑战也是这样所以其实你说我们是'
06-06 00:26:58.993 I/LiveCprCoachScreen(27029): ASR partial='这个整个迭代过程啊然后整个整个流程啊跟人家有一个意义然后从事人发现这个其实是一个很大的挑战也是这样所以其实你说我们是不是还会'
06-06 00:26:59.332 I/LiveCprCoachScreen(27029): ASR partial='这个整个迭代过程啊然后整个整个流程啊跟人家有一个意义然后从事人发现这个其实是一个很大的挑战也是这样所以其实你说我们是不是还会用传统'
06-06 00:26:59.970 I/LiveCprCoachScreen(27029): ASR partial='这个整个迭代过程啊然后整个整个流程啊跟人家有一个意义然后从事人发现这个其实是一个很大的挑战也是这样所以其实你说我们是不是还会用传统行动'
06-06 00:27:00.287 I/LiveCprCoachScreen(27029): ASR partial='这个整个迭代过程啊然后整个整个流程啊跟人家有一个意义然后从事人发现这个其实是一个很大的挑战也是这样所以其实你说我们是不是还会用传统行动来做'
06-06 00:27:00.611 I/LiveCprCoachScreen(27029): ASR partial='这个整个迭代过程啊然后整个整个流程啊跟人家有一个意义然后从事人发现这个其实是一个很大的挑战也是这样所以其实你说我们是不是还会用传统行动来做这个事情'
06-06 00:27:01.237 I/LiveCprCoachScreen(27029): ASR partial='这个整个迭代过程啊然后整个整个流程啊跟人家有一个意义然后从事人发现这个其实是一个很大的挑战也是这样所以其实你说我们是不是还会用传统行动来做这个事情啊这个其实'
06-06 00:27:01.567 I/LiveCprCoachScreen(27029): ASR partial='这个整个迭代过程啊然后整个整个流程啊跟人家有一个意义然后从事人发现这个其实是一个很大的挑战也是这样所以其实你说我们是不是还会用传统行动来做这个事情啊这个其实是'
06-06 00:27:01.886 I/LiveCprCoachScreen(27029): ASR partial='这个整个迭代过程啊然后整个整个流程啊跟人家有一个意义然后从事人发现这个其实是一个很大的挑战也是这样所以其实你说我们是不是还会用传统行动来做这个事情啊这个其实是需'
06-06 00:27:02.195 I/LiveCprCoachScreen(27029): ASR partial='这个整个迭代过程啊然后整个整个流程啊跟人家有一个意义然后从事人发现这个其实是一个很大的挑战也是这样所以其实你说我们是不是还会用传统行动来做这个事情啊这个其实是需'
06-06 00:27:02.521 I/LiveCprCoachScreen(27029): ASR partial='这个整个迭代过程啊然后整个整个流程啊跟人家有一个意义然后从事人发现这个其实是一个很大的挑战也是这样所以其实你说我们是不是还会用传统行动来做这个事情啊这个其实是需'
06-06 00:27:02.842 I/LiveCprCoachScreen(27029): ASR partial='这个整个迭代过程啊然后整个整个流程啊跟人家有一个意义然后从事人发现这个其实是一个很大的挑战也是这样所以其实你说我们是不是还会用传统行动来做这个事情啊这个其实是需'
06-06 00:27:03.167 I/LiveCprCoachScreen(27029): ASR partial='这个整个迭代过程啊然后整个整个流程啊跟人家有一个意义然后从事人发现这个其实是一个很大的挑战也是这样所以其实你说我们是不是还会用传统行动来做这个事情啊这个其实是需'
06-06 00:27:03.470 I/LiveCprCoachScreen(27029): ASR partial='这个整个迭代过程啊然后整个整个流程啊跟人家有一个意义然后从事人发现这个其实是一个很大的挑战也是这样所以其实你说我们是不是还会用传统行动来做这个事情啊这个其实是需'
06-06 00:27:03.819 I/LiveCprCoachScreen(27029): ASR partial='这个整个迭代过程啊然后整个整个流程啊跟人家有一个意义然后从事人发现这个其实是一个很大的挑战也是这样所以其实你说我们是不是还会用传统行动来做这个事情啊这个其实是需'
06-06 00:27:04.113 I/LiveCprCoachScreen(27029): ASR partial='这个整个迭代过程啊然后整个整个流程啊跟人家有一个意义然后从事人发现这个其实是一个很大的挑战也是这样所以其实你说我们是不是还会用传统行动来做这个事情啊这个其实是需'
06-06 00:27:04.447 I/LiveCprCoachScreen(27029): ASR partial='这个整个迭代过程啊然后整个整个流程啊跟人家有一个意义然后从事人发现这个其实是一个很大的挑战也是这样所以其实你说我们是不是还会用传统行动来做这个事情啊这个其实是需'
06-06 00:27:04.768 I/LiveCprCoachScreen(27029): ASR partial='这个整个迭代过程啊然后整个整个流程啊跟人家有一个意义然后从事人发现这个其实是一个很大的挑战也是这样所以其实你说我们是不是还会用传统行动来做这个事情啊这个其实是需'
06-06 00:27:05.077 I/LiveCprCoachScreen(27029): ASR partial='这个整个迭代过程啊然后整个整个流程啊跟人家有一个意义然后从事人发现这个其实是一个很大的挑战也是这样所以其实你说我们是不是还会用传统行动来做这个事情啊这个其实是需'
06-06 00:27:05.414 I/LiveCprCoachScreen(27029): ASR partial='这个整个迭代过程啊然后整个整个流程啊跟人家有一个意义然后从事人发现这个其实是一个很大的挑战也是这样所以其实你说我们是不是还会用传统行动来做这个事情啊这个其实是需'
06-06 00:27:06.056 I/LiveCprCoachScreen(27029): ASR partial='这个整个迭代过程啊然后整个整个流程啊跟人家有一个意义然后从事人发现这个其实是一个很大的挑战也是这样所以其实你说我们是不是还会用传统行动来做这个事情啊这个其实是需'
06-06 00:27:06.350 I/LiveCprCoachScreen(27029): ASR partial='这个整个迭代过程啊然后整个整个流程啊跟人家有一个意义然后从事人发现这个其实是一个很大的挑战也是这样所以其实你说我们是不是还会用传统行动来做这个事情啊这个其实是需'
06-06 00:27:06.686 I/LiveCprCoachScreen(27029): ASR partial='这个整个迭代过程啊然后整个整个流程啊跟人家有一个意义然后从事人发现这个其实是一个很大的挑战也是这样所以其实你说我们是不是还会用传统行动来做这个事情啊这个其实是需'
06-06 00:27:07.008 I/LiveCprCoachScreen(27029): ASR partial='这个整个迭代过程啊然后整个整个流程啊跟人家有一个意义然后从事人发现这个其实是一个很大的挑战也是这样所以其实你说我们是不是还会用传统行动来做这个事情啊这个其实是需'
06-06 00:27:07.312 I/LiveCprCoachScreen(27029): ASR partial='这个整个迭代过程啊然后整个整个流程啊跟人家有一个意义然后从事人发现这个其实是一个很大的挑战也是这样所以其实你说我们是不是还会用传统行动来做这个事情啊这个其实是需'
06-06 00:27:07.661 I/LiveCprCoachScreen(27029): ASR partial='这个整个迭代过程啊然后整个整个流程啊跟人家有一个意义然后从事人发现这个其实是一个很大的挑战也是这样所以其实你说我们是不是还会用传统行动来做这个事情啊这个其实是需'
06-06 00:27:07.957 I/LiveCprCoachScreen(27029): ASR partial='这个整个迭代过程啊然后整个整个流程啊跟人家有一个意义然后从事人发现这个其实是一个很大的挑战也是这样所以其实你说我们是不是还会用传统行动来做这个事情啊这个其实是需'
06-06 00:27:08.283 I/LiveCprCoachScreen(27029): ASR partial='这个整个迭代过程啊然后整个整个流程啊跟人家有一个意义然后从事人发现这个其实是一个很大的挑战也是这样所以其实你说我们是不是还会用传统行动来做这个事情啊这个其实是需'
06-06 00:27:08.605 I/LiveCprCoachScreen(27029): ASR partial='这个整个迭代过程啊然后整个整个流程啊跟人家有一个意义然后从事人发现这个其实是一个很大的挑战也是这样所以其实你说我们是不是还会用传统行动来做这个事情啊这个其实是需'
06-06 00:27:08.941 I/LiveCprCoachScreen(27029): ASR partial='这个整个迭代过程啊然后整个整个流程啊跟人家有一个意义然后从事人发现这个其实是一个很大的挑战也是这样所以其实你说我们是不是还会用传统行动来做这个事情啊这个其实是需'
06-06 00:27:09.242 I/LiveCprCoachScreen(27029): ASR partial='这个整个迭代过程啊然后整个整个流程啊跟人家有一个意义然后从事人发现这个其实是一个很大的挑战也是这样所以其实你说我们是不是还会用传统行动来做这个事情啊这个其实是需'
06-06 00:27:09.569 I/LiveCprCoachScreen(27029): ASR final='这个整个迭代过程啊然后整个整个流程啊跟人家有一个意义然后从事人发现这个其实是一个很大的挑战也是这样所以其实你说我们是不是还会用传统行动来做这个事情啊这个其实是需' intent= confidence=null
06-06 00:27:09.570 I/LiveAudioPlayer(27029): Live audio cancel with no active stream reason=new_turn
06-06 00:27:09.570 I/WebSocketAgentChannel(27029): Sent live JSON type=context ok=true payloadKeys=["sessionId"]
06-06 00:27:09.570 I/WebSocketAgentChannel(27029): Sent live JSON type=commit_text ok=true payloadKeys=
06-06 00:27:09.571 I/LiveCprCoachScreen(27029): ASR endpoint
06-06 00:27:09.622 I/WebSocketAgentChannel(27029): Received live text {"type":"thinking","session_id":"android_live_47b8beb1","turn_seq":4}
06-06 00:27:09.626 I/WebSocketAgentChannel(27029): Received live text {"type":"final","session_id":"android_live_47b8beb1","turn_seq":4,"text":"这个整个迭代过程啊然后整个整个流程啊跟人家有一个意义然后从事人发现这个其实是一个很大的挑战也是这样所以其实你说我们是不是还会用传统行动来做这个事情啊这个其实是需要考虑的啊对就比如说我们以前有朋友比如他们在大厂在一些最高的地方你对他们来说既然可以是无限的啊我说是相当","intent":"ask_cpr_quality"}
06-06 00:27:09.627 I/WebSocketAgentChannel(27029): Received live text {"type":"guidance","session_id":"android_live_47b8beb1","turn_seq":4,"action":{"action_id":"act_mq150ban_001m_2e10c466edab","session_id":"android_live_47b8beb1","timestamp":"2026-06-05T16:27:09.743Z","stage":"S1_SCENE_SAFE","intent":"ask_scene_safety","priority":"normal","source":"live_agent","reaso
06-06 00:27:09.631 I/WebSocketAgentChannel(27029): Received live text {"type":"state","session_id":"android_live_47b8beb1","turn_seq":4,"current_stage":"S1_SCENE_SAFE","state":{"schema_version":"session_state.v0.1","session_id":"android_live_47b8beb1","mode":"demo_assisted","current_stage":"S1_SCENE_SAFE","previous_stage":"S1_SCENE_SAFE","started_at":"2026-06-05T16:27
06-06 00:27:09.656 D/AudioTrack(27029): INSP: type=audio,case=1,set=0xb4000076609ce070,stream_type=-1,sample_rate=44100,format=0x1,channel_mask=0x1,frame_count=3528,flags=0x0,notification_frames=0,session_id=0,transfer_type=3,uid=-1,pid=-1
06-06 00:27:09.656 D/AudioTrack(27029): INSP: type=audio,case=1,attributes=1,content_type=4,usage=1,source=-1,flags=0x800
06-06 00:27:09.656 D/AudioTrack(27029): getpackName client name com.firstaid.copilot.debug(27029)
06-06 00:27:09.657 D/AudioSystem(27029): getpackName client name com.firstaid.copilot.debug(27029)
06-06 00:27:09.657 D/AudioTrack(27029): getpackName client name com.firstaid.copilot.debug(27029)
06-06 00:27:09.657 D/AudioTrack(27029): set(): Building AudioTrack with attributes: usage=1 content=4 flags=0x800 tags=[]
06-06 00:27:09.657 D/AudioSystem(27029): getpackName client name com.firstaid.copilot.debug(27029)
06-06 00:27:09.657 D/AudioTrack(27029): getpackName client name com.firstaid.copilot.debug(27029)
06-06 00:27:09.657 D/AudioSystem(27029): +setParameters(): PlaybackCaptureProtectSupport=com.firstaid.copilot.debug 
06-06 00:27:09.657 D/AudioTrack(27029): getpackName client name com.firstaid.copilot.debug(27029)
06-06 00:27:09.657 D/AudioTrack(27029): set(): Building AudioTrack with attributes: usage = 1, content = 4, flags = 0x800, tags = []
06-06 00:27:09.657 D/AudioTrack(27029): want to change usage for game mode
06-06 00:27:09.658 D/AudioTrack(27029): get APPSharePck NULL
06-06 00:27:09.658 D/AudioTrack(27029): getpackName client name com.firstaid.copilot.debug(27029)
06-06 00:27:09.658 D/AudioTrack(27029): set(): 0xb4000076609ce070, Create AudioTrackThread, tid = 27330
06-06 00:27:09.676 D/AudioTrack(27029): createTrack_l(240): 0xb4000076609ce070, mCblk = 0x780e4c6980, mLatency = 170, mAfLatency = 85, frameCount = 3770, mSampleRate = 44100, mFlags = 0x8, mReqFrameCount = 3770, mNotificationFramesAct = 1256
06-06 00:27:09.676 D/AudioTrack(27029): setVolumeLR:  track set volome = (-536813568)
06-06 00:27:09.677 D/AudioTrack(27029): getpackName client name com.firstaid.copilot.debug(27029)
06-06 00:27:09.681 D/AudioTrack(27029): setVolume(240): 0xb4000076609ce070, left = 1.000000, right = 1.000000
06-06 00:27:09.681 D/AudioTrack(27029): getpackName client name com.firstaid.copilot.debug(27029)
06-06 00:27:09.681 D/AudioTrack(27029): setVolumeLR:  track set volome = (-536813568)
06-06 00:27:09.688 D/AudioManager( 9621): dispatching onPlaybackConfigChanged()
06-06 00:27:09.688 D/AudioTrack(27029): start(240): 0xb4000076609ce070, prior state:STATE_STOPPED
06-06 00:27:09.688 D/AudioTrack(27029): start(portId:240, sessionId:1665): prior state:STATE_STOPPED
06-06 00:27:09.688 D/AudioTrack(27029): getpackName client name com.firstaid.copilot.debug(27029)
06-06 00:27:09.689 D/AudioManager( 9607): dispatching onPlaybackConfigChanged()
06-06 00:27:09.698 D/AudioTrack(27029): setVolume(240): 0xb4000076609ce070, left = 1.000000, right = 1.000000
06-06 00:27:09.698 D/AudioTrack(27029): getpackName client name com.firstaid.copilot.debug(27029)
06-06 00:27:09.698 D/AudioTrack(27029): setVolumeLR:  track set volome = (-536813568)
06-06 00:27:09.712 D/AudioManager( 9621): dispatching onPlaybackConfigChanged()
06-06 00:27:09.712 D/AudioManager( 9607): dispatching onPlaybackConfigChanged()
06-06 00:27:10.206 I/LiveCprCoachScreen(27029): ASR partial='啊'
06-06 00:27:10.441 I/WebSocketAgentChannel(27029): Received live text {"type":"audio_begin","session_id":"android_live_47b8beb1","turn_seq":4,"action_id":"act_mq150ban_001m_2e10c466edab","format":"pcm16","sample_rate":44100,"channels":1,"bits_per_sample":16}
06-06 00:27:10.456 I/WebSocketAgentChannel(27029): Received live audio bytes=153600
06-06 00:27:10.458 D/AudioTrack(27029): INSP: type=audio,case=1,set=0xb4000076609e9ca0,stream_type=-1,sample_rate=44100,format=0x1,channel_mask=0x1,frame_count=8820,flags=0x0,notification_frames=0,session_id=0,transfer_type=3,uid=-1,pid=-1
06-06 00:27:10.458 D/AudioTrack(27029): INSP: type=audio,case=1,attributes=1,content_type=1,usage=1,source=-1,flags=0x900
06-06 00:27:10.458 D/AudioTrack(27029): getpackName client name com.firstaid.copilot.debug(27029)
06-06 00:27:10.459 D/AudioSystem(27029): getpackName client name com.firstaid.copilot.debug(27029)
06-06 00:27:10.459 D/AudioTrack(27029): getpackName client name com.firstaid.copilot.debug(27029)
06-06 00:27:10.459 D/AudioTrack(27029): set(): Building AudioTrack with attributes: usage=1 content=1 flags=0x900 tags=[]
06-06 00:27:10.459 D/AudioTrack(27029): getpackName client name com.firstaid.copilot.debug(27029)
06-06 00:27:10.459 D/AudioSystem(27029): +setParameters(): PlaybackCaptureProtectSupport=com.firstaid.copilot.debug 
06-06 00:27:10.459 D/AudioTrack(27029): getpackName client name com.firstaid.copilot.debug(27029)
06-06 00:27:10.459 D/AudioTrack(27029): set(): Building AudioTrack with attributes: usage = 1, content = 1, flags = 0x900, tags = []
06-06 00:27:10.459 D/AudioTrack(27029): want to change usage for game mode
06-06 00:27:10.459 D/AudioTrack(27029): get APPSharePck NULL
06-06 00:27:10.459 D/AudioTrack(27029): getpackName client name com.firstaid.copilot.debug(27029)
06-06 00:27:10.460 D/AudioTrack(27029): set(): 0xb4000076609e9ca0, Create AudioTrackThread, tid = 27334
06-06 00:27:10.474 D/AudioTrack(27029): createTrack_l(241): 0xb4000076609e9ca0, mCblk = 0x753b207a80, mLatency = 242, mAfLatency = 42, frameCount = 8820, mSampleRate = 44100, mFlags = 0, mReqFrameCount = 8820, mNotificationFramesAct = 882
06-06 00:27:10.474 D/AudioTrack(27029): setVolumeLR:  track set volome = (-536813568)
06-06 00:27:10.474 D/AudioTrack(27029): getpackName client name com.firstaid.copilot.debug(27029)
06-06 00:27:10.481 D/AudioTrack(27029): start(241): 0xb4000076609e9ca0, prior state:STATE_STOPPED
06-06 00:27:10.481 D/AudioTrack(27029): start(portId:241, sessionId:1673): prior state:STATE_STOPPED
06-06 00:27:10.482 D/AudioTrack(27029): getpackName client name com.firstaid.copilot.debug(27029)
06-06 00:27:10.486 D/AudioManager( 9621): dispatching onPlaybackConfigChanged()
06-06 00:27:10.486 D/AudioManager( 9607): dispatching onPlaybackConfigChanged()
06-06 00:27:10.490 D/AudioTrack(27029): setVolume(240): 0xb4000076609ce070, left = 0.300000, right = 0.300000
06-06 00:27:10.490 D/AudioTrack(27029): getpackName client name com.firstaid.copilot.debug(27029)
06-06 00:27:10.490 D/AudioTrack(27029): setVolumeLR:  track set volome = (-1503222170)
06-06 00:27:10.507 D/AudioManager( 9621): dispatching onPlaybackConfigChanged()
06-06 00:27:10.507 D/AudioManager( 9607): dispatching onPlaybackConfigChanged()
06-06 00:27:10.527 I/LiveCprCoachScreen(27029): ASR partial='啊相当'
06-06 00:27:10.787 W/AudioTrack(27029): restartIfDisabled(240): releaseBuffer() track 0xb4000076609ce070 disabled due to previous underrun, restarting
06-06 00:27:11.750 I/WebSocketAgentChannel(27029): Received live audio bytes=203776
06-06 00:27:13.148 I/WebSocketAgentChannel(27029): Received live audio bytes=230400
06-06 00:27:13.699 I/WebSocketAgentChannel(27029): Received live audio bytes=111616
06-06 00:27:13.699 I/WebSocketAgentChannel(27029): Received live text {"type":"audio_end","session_id":"android_live_47b8beb1","turn_seq":4,"action_id":"act_mq150ban_001m_2e10c466edab"}
06-06 00:27:18.257 I/LiveAudioPlayer(27029): Live audio ended stream=act_mq150ban_001m_2e10c466edab
06-06 00:27:18.454 D/AudioTrack(27029): setVolume(240): 0xb4000076609ce070, left = 1.000000, right = 1.000000
06-06 00:27:18.454 D/AudioTrack(27029): getpackName client name com.firstaid.copilot.debug(27029)
06-06 00:27:18.454 D/AudioTrack(27029): setVolumeLR:  track set volome = (-536813568)
06-06 00:27:18.814 I/LiveCprCoachScreen(27029): ASR partial='啊相当冲动'
06-06 00:27:19.113 I/LiveCprCoachScreen(27029): ASR partial='啊相当冲动这样的'
06-06 00:27:19.344 D/MediaPlayer(27029): finalize() native_finalize called
06-06 00:27:19.344 D/MediaPlayer(27029): finalize() native_finalize finished
06-06 00:27:19.433 I/LiveCprCoachScreen(27029): ASR partial='啊相当冲动这样的那个'
06-06 00:27:20.079 I/LiveCprCoachScreen(27029): ASR partial='啊相当冲动这样的那个强调'
06-06 00:27:20.413 I/LiveCprCoachScreen(27029): ASR partial='啊相当冲动这样的那个强调的方法'
06-06 00:27:20.728 I/LiveCprCoachScreen(27029): ASR partial='啊相当冲动这样的那个强调的方法啊'
06-06 00:27:21.052 I/LiveCprCoachScreen(27029): ASR partial='啊相当冲动这样的那个强调的方法啊就要'
06-06 00:27:21.367 I/LiveCprCoachScreen(27029): ASR partial='啊相当冲动这样的那个强调的方法啊就要拍就是'
06-06 00:27:21.992 I/LiveCprCoachScreen(27029): ASR partial='啊相当冲动这样的那个强调的方法啊就要拍就是大量'
06-06 00:27:22.315 I/LiveCprCoachScreen(27029): ASR partial='啊相当冲动这样的那个强调的方法啊就要拍就是大量的计算机'
06-06 00:27:22.631 I/LiveCprCoachScreen(27029): ASR partial='啊相当冲动这样的那个强调的方法啊就要拍就是大量的计算机可能'
06-06 00:27:22.957 I/LiveCprCoachScreen(27029): ASR partial='啊相当冲动这样的那个强调的方法啊就要拍就是大量的计算机可能这个'
06-06 00:27:23.295 I/LiveAudioCapture(27029): Local utterance committed bytes=1464320 voicedMs=27520
06-06 00:27:23.295 I/LiveCprCoachScreen(27029): Utterance callback bytes=1464320 streaming=true whole=false
06-06 00:27:23.296 I/LiveCprCoachScreen(27029): ASR final='啊相当冲动这样的那个强调的方法啊就要拍就是大量的计算机可能这个' intent= confidence=null
06-06 00:27:23.297 D/AudioTrack(27029): pause(241): 0xb4000076609e9ca0, prior state:STATE_ACTIVE
06-06 00:27:23.298 D/AudioTrack(27029): getpackName client name com.firstaid.copilot.debug(27029)
06-06 00:27:23.299 D/AudioTrackShared(27029): this(0xb4000076008a7a30), mCblk(0x753b207a80), front(349696), mIsOut 1, interrupt() FUTEX_WAKE
06-06 00:27:23.301 D/AudioTrack(27029): flush(241): 0xb4000076609e9ca0, prior state:STATE_PAUSED
06-06 00:27:23.302 D/AudioManager( 9607): dispatching onPlaybackConfigChanged()
06-06 00:27:23.302 D/AudioManager( 9621): dispatching onPlaybackConfigChanged()
06-06 00:27:23.302 D/AudioTrack(27029): stop(portId:241, sessionId:1673): prior state:STATE_FLUSHED
06-06 00:27:23.304 D/AudioTrack(27029): stop(portId:241, sessionId:1673): prior state:STATE_FLUSHED
06-06 00:27:23.305 D/AudioManager( 9607): dispatching onPlaybackConfigChanged()
06-06 00:27:23.306 D/AudioManager( 9621): dispatching onPlaybackConfigChanged()
06-06 00:27:23.308 D/AudioTrack(27029): ~AudioTrack(241): 0xb4000076609e9ca0
06-06 00:27:23.308 D/AudioTrack(27029): getpackName client name com.firstaid.copilot.debug(27029)
06-06 00:27:23.308 D/AudioTrack(27029): stop(portId:241, sessionId:1673): prior state:STATE_FLUSHED
06-06 00:27:23.308 D/AudioTrack(27029): requestExitAndWait start
06-06 00:27:23.308 D/AudioTrack(27029): requestExitAndWait end
06-06 00:27:23.309 D/AudioTrack(27029): stopAndJoinCallbacks(241) done
06-06 00:27:23.309 D/AudioManager( 9607): dispatching onPlaybackConfigChanged()
06-06 00:27:23.309 D/AudioManager( 9621): dispatching onPlaybackConfigChanged()
06-06 00:27:23.310 I/LiveAudioPlayer(27029): Live audio cancel with no active stream reason=new_turn
06-06 00:27:23.311 I/WebSocketAgentChannel(27029): Sent live JSON type=context ok=true payloadKeys=["sessionId"]
06-06 00:27:23.311 I/WebSocketAgentChannel(27029): Sent live JSON type=commit_text ok=true payloadKeys=
06-06 00:27:23.312 I/LiveCprCoachScreen(27029): ASR endpoint
06-06 00:27:23.359 I/WebSocketAgentChannel(27029): Received live text {"type":"thinking","session_id":"android_live_47b8beb1","turn_seq":5}
06-06 00:27:23.363 I/WebSocketAgentChannel(27029): Received live text {"type":"final","session_id":"android_live_47b8beb1","turn_seq":5,"text":"啊相当冲动这样的那个强调的方法啊就要拍就是大量的计算机可能这个","intent":null}
06-06 00:27:23.365 I/WebSocketAgentChannel(27029): Received live text {"type":"guidance","session_id":"android_live_47b8beb1","turn_seq":5,"action":{"action_id":"act_mq150lw7_001z_5b6d2e3a7a97","session_id":"android_live_47b8beb1","timestamp":"2026-06-05T16:27:23.478Z","stage":"S1_SCENE_SAFE","intent":"ensure_scene_safe","priority":"normal","source":"state_machine","r
06-06 00:27:23.369 I/WebSocketAgentChannel(27029): Received live text {"type":"state","session_id":"android_live_47b8beb1","turn_seq":5,"current_stage":"S1_SCENE_SAFE","state":{"schema_version":"session_state.v0.1","session_id":"android_live_47b8beb1","mode":"demo_assisted","current_stage":"S1_SCENE_SAFE","previous_stage":"S1_SCENE_SAFE","started_at":"2026-06-05T16:27
06-06 00:27:23.398 D/AudioTrack(27029): pause(240): 0xb4000076609ce070, prior state:STATE_ACTIVE
06-06 00:27:23.398 D/AudioTrack(27029): getpackName client name com.firstaid.copilot.debug(27029)
06-06 00:27:23.399 D/AudioTrackShared(27029): this(0xb4000076008a99b0), mCblk(0x780e4c6980), front(45864), mIsOut 1, interrupt() FUTEX_WAKE
06-06 00:27:23.413 D/AudioTrack(27029): flush(240): 0xb4000076609ce070, prior state:STATE_PAUSED
06-06 00:27:23.414 D/AudioTrack(27029): stop(portId:240, sessionId:1665): prior state:STATE_FLUSHED
06-06 00:27:23.415 D/AudioTrack(27029): stop(portId:240, sessionId:1665): prior state:STATE_FLUSHED
06-06 00:27:23.415 D/AudioManager( 9621): dispatching onPlaybackConfigChanged()
06-06 00:27:23.415 D/AudioManager( 9607): dispatching onPlaybackConfigChanged()
06-06 00:27:23.417 D/AudioTrack(27029): ~AudioTrack(240): 0xb4000076609ce070
06-06 00:27:23.417 D/AudioTrack(27029): getpackName client name com.firstaid.copilot.debug(27029)
06-06 00:27:23.417 D/AudioTrack(27029): stop(portId:240, sessionId:1665): prior state:STATE_FLUSHED
06-06 00:27:23.418 D/AudioTrack(27029): requestExitAndWait start
06-06 00:27:23.418 D/AudioTrack(27029): requestExitAndWait end
06-06 00:27:23.418 D/AudioTrack(27029): stopAndJoinCallbacks(240) done
06-06 00:27:23.418 D/AudioManager( 9607): dispatching onPlaybackConfigChanged()
06-06 00:27:23.418 D/AudioManager( 9621): dispatching onPlaybackConfigChanged()
06-06 00:27:23.419 D/AudioManager( 9621): dispatching onPlaybackConfigChanged()
06-06 00:27:23.419 D/AudioManager( 9607): dispatching onPlaybackConfigChanged()
06-06 00:27:23.428 I/EdgeTextToSpeech(27029): Sherpa TTS cache hit 212012 bytes for '先确认周围安全，再靠近患者。'
06-06 00:27:23.429 V/MediaPlayerNative(27029): constructor,0xb4000076308005b0
06-06 00:27:23.430 V/MediaPlayerNative(27029): setListener
