06-06 00:34:42.845 E/appproc (29059): checkAndSetEnv get_baksize open file /data/dalvik-cache/classpath failed , error(Permission denied)
06-06 00:34:42.845 E/appproc (29059): checkAndSetEnv write_classpathbak open file failed:Permission denied
06-06 00:34:42.845 E/appproc (29059): checkAndSetEnv get_baksize open file /data/dalvik-cache/classpath2 failed , error(Permission denied)
06-06 00:34:42.845 E/appproc (29059): checkAndSetEnv write_classpathbak open file failed:Permission denied
06-06 00:34:42.845 E/appproc (29059): checkAndSetEnv get_baksize open file /data/dalvik-cache/classpath3 failed , error(Permission denied)
06-06 00:34:42.845 E/appproc (29059): checkAndSetEnv write_classpathbak open file failed:Permission denied
06-06 00:34:42.845 E/appproc (29059): checkAndSetEnv get_baksize open file /data/dalvik-cache/classpath4 failed , error(Permission denied)
06-06 00:34:42.845 E/appproc (29059): checkAndSetEnv write_classpathbak open file failed:Permission denied
06-06 00:34:42.845 D/AndroidRuntime(29059): >>>>>> START com.android.internal.os.RuntimeInit uid 2000 <<<<<<
06-06 00:34:42.850 I/AndroidRuntime(29059): Using default boot image
06-06 00:34:42.850 I/AndroidRuntime(29059): Leaving lock profiling enabled
06-06 00:34:42.853 W/app_process(29059): ART APEX data files are untrusted.
06-06 00:34:42.969 D/app_process(29059): Time zone APEX ICU file found: /apex/com.android.tzdata/etc/icu/icu_tzdata.dat
06-06 00:34:42.969 D/app_process(29059): I18n APEX ICU file found: /apex/com.android.i18n/etc/icu/icudt70l.dat
06-06 00:34:42.978 E/app_process(29059): No implementation found for long android.os.Trace.nativeGetEnabledTags() (tried Java_android_os_Trace_nativeGetEnabledTags and Java_android_os_Trace_nativeGetEnabledTags__)
06-06 00:34:42.978 E/app_process(29059): No implementation found for long android.os.Trace.nativeGetEnabledTags() (tried Java_android_os_Trace_nativeGetEnabledTags and Java_android_os_Trace_nativeGetEnabledTags__)
06-06 00:34:42.978 E/System  (29059): openDexFile load detect error
06-06 00:34:42.979 E/System  (29059): java.lang.reflect.InvocationTargetException
06-06 00:34:42.979 E/System  (29059): 	at java.lang.reflect.Method.invoke(Native Method)
06-06 00:34:42.979 E/System  (29059): 	at dalvik.system.DexFile.openDexFile(DexFile.java:387)
06-06 00:34:42.979 E/System  (29059): 	at dalvik.system.DexFile.<init>(DexFile.java:118)
06-06 00:34:42.979 E/System  (29059): 	at dalvik.system.DexFile.<init>(DexFile.java:91)
06-06 00:34:42.979 E/System  (29059): 	at dalvik.system.DexPathList.loadDexFile(DexPathList.java:438)
06-06 00:34:42.979 E/System  (29059): 	at dalvik.system.DexPathList.makeDexElements(DexPathList.java:397)
06-06 00:34:42.979 E/System  (29059): 	at dalvik.system.DexPathList.<init>(DexPathList.java:166)
06-06 00:34:42.979 E/System  (29059): 	at dalvik.system.BaseDexClassLoader.<init>(BaseDexClassLoader.java:160)
06-06 00:34:42.979 E/System  (29059): 	at dalvik.system.BaseDexClassLoader.<init>(BaseDexClassLoader.java:105)
06-06 00:34:42.979 E/System  (29059): 	at dalvik.system.PathClassLoader.<init>(PathClassLoader.java:71)
06-06 00:34:42.979 E/System  (29059): 	at java.lang.ClassLoader.createSystemClassLoader(ClassLoader.java:224)
06-06 00:34:42.979 E/System  (29059): 	at java.lang.ClassLoader.-$$Nest$smcreateSystemClassLoader(Unknown Source:0)
06-06 00:34:42.979 E/System  (29059): 	at java.lang.ClassLoader$SystemClassLoader.<clinit>(ClassLoader.java:183)
06-06 00:34:42.979 E/System  (29059): 	at java.lang.ClassLoader.getSystemClassLoader(ClassLoader.java:1098)
06-06 00:34:42.979 E/System  (29059): Caused by: java.lang.UnsatisfiedLinkError: No implementation found for long android.os.Trace.nativeGetEnabledTags() (tried Java_android_os_Trace_nativeGetEnabledTags and Java_android_os_Trace_nativeGetEnabledTags__)
06-06 00:34:42.979 E/System  (29059): 	at android.os.Trace.nativeGetEnabledTags(Native Method)
06-06 00:34:42.979 E/System  (29059): 	at android.os.Trace.isTagEnabled(Trace.java:163)
06-06 00:34:42.979 E/System  (29059): 	at android.os.Trace.endSection(Trace.java:398)
06-06 00:34:42.979 E/System  (29059): 	at com.vivo.framework.securitydetect.DynamicLoadDetectManager.reportDexLoaded(DynamicLoadDetectManager.java:156)
06-06 00:34:42.979 E/System  (29059): 	... 14 more
06-06 00:34:42.980 E/app_process(29059): No implementation found for long android.os.Trace.nativeGetEnabledTags() (tried Java_android_os_Trace_nativeGetEnabledTags and Java_android_os_Trace_nativeGetEnabledTags__)
06-06 00:34:42.980 E/app_process(29059): No implementation found for long android.os.Trace.nativeGetEnabledTags() (tried Java_android_os_Trace_nativeGetEnabledTags and Java_android_os_Trace_nativeGetEnabledTags__)
06-06 00:34:42.980 E/System  (29059): openDexFile load detect error
06-06 00:34:42.981 E/System  (29059): java.lang.reflect.InvocationTargetException
06-06 00:34:42.981 E/System  (29059): 	at java.lang.reflect.Method.invoke(Native Method)
06-06 00:34:42.981 E/System  (29059): 	at dalvik.system.DexFile.openDexFile(DexFile.java:387)
06-06 00:34:42.981 E/System  (29059): 	at dalvik.system.DexFile.<init>(DexFile.java:118)
06-06 00:34:42.981 E/System  (29059): 	at dalvik.system.DexFile.<init>(DexFile.java:91)
06-06 00:34:42.981 E/System  (29059): 	at dalvik.system.DexPathList.loadDexFile(DexPathList.java:438)
06-06 00:34:42.981 E/System  (29059): 	at dalvik.system.DexPathList.makeDexElements(DexPathList.java:397)
06-06 00:34:42.981 E/System  (29059): 	at dalvik.system.DexPathList.<init>(DexPathList.java:166)
06-06 00:34:42.981 E/System  (29059): 	at dalvik.system.BaseDexClassLoader.<init>(BaseDexClassLoader.java:160)
06-06 00:34:42.981 E/System  (29059): 	at dalvik.system.BaseDexClassLoader.<init>(BaseDexClassLoader.java:105)
06-06 00:34:42.981 E/System  (29059): 	at dalvik.system.PathClassLoader.<init>(PathClassLoader.java:71)
06-06 00:34:42.981 E/System  (29059): 	at java.lang.ClassLoader.createSystemClassLoader(ClassLoader.java:224)
06-06 00:34:42.981 E/System  (29059): 	at java.lang.ClassLoader.-$$Nest$smcreateSystemClassLoader(Unknown Source:0)
06-06 00:34:42.981 E/System  (29059): 	at java.lang.ClassLoader$SystemClassLoader.<clinit>(ClassLoader.java:183)
06-06 00:34:42.981 E/System  (29059): 	at java.lang.ClassLoader.getSystemClassLoader(ClassLoader.java:1098)
06-06 00:34:42.981 E/System  (29059): Caused by: java.lang.UnsatisfiedLinkError: No implementation found for long android.os.Trace.nativeGetEnabledTags() (tried Java_android_os_Trace_nativeGetEnabledTags and Java_android_os_Trace_nativeGetEnabledTags__)
06-06 00:34:42.981 E/System  (29059): 	at android.os.Trace.nativeGetEnabledTags(Native Method)
06-06 00:34:42.981 E/System  (29059): 	at android.os.Trace.isTagEnabled(Trace.java:163)
06-06 00:34:42.981 E/System  (29059): 	at android.os.Trace.endSection(Trace.java:398)
06-06 00:34:42.981 E/System  (29059): 	at com.vivo.framework.securitydetect.DynamicLoadDetectManager.reportDexLoaded(DynamicLoadDetectManager.java:156)
06-06 00:34:42.981 E/System  (29059): 	... 14 more
06-06 00:34:42.982 W/app_process(29059): ClassLoaderContext classpath size mismatch. expected=0, found=1 (PCL[] | PCL[/system/framework/android.test.runner.jar*2259575933])
06-06 00:34:42.986 I/VivoSystemFrameworkFactory(29059): Instance implClass com.vivo.VivoSystemFrameworkFactoryImpl
06-06 00:34:43.009 D/AndroidRuntime(29059): Calling main entry com.android.commands.uiautomator.Launcher
06-06 00:34:43.014 W/ziparchive(29059): Unable to open '/system/framework/mediatek-framework.dm': No such file or directory
06-06 00:34:43.014 W/ziparchive(29059): Unable to open '/system/framework/mediatek-framework.dm': No such file or directory
06-06 00:34:43.018 W/uiautomator(29059): type=1400 audit(0.0:3428345): avc: denied { read } for name="user_cpu_freq" dev="sysfs" ino=49317 scontext=u:r:shell:s0 tcontext=u:object_r:sysfs_user_cpu_freq:s0 tclass=file permissive=0
06-06 00:34:43.636 D/ProfileInstaller(28958): Installing profile for com.firstaid.copilot.debug
06-06 00:34:44.050 W/uiautomator(29059): type=1400 audit(0.0:3428346): avc: denied { read } for name="u:object_r:qemu_sf_lcd_density_prop:s0" dev="tmpfs" ino=280 scontext=u:r:shell:s0 tcontext=u:object_r:qemu_sf_lcd_density_prop:s0 tclass=file permissive=0
06-06 00:34:44.050 W/uiautomator(29059): type=1400 audit(0.0:3428347): avc: denied { read } for name="u:object_r:qemu_sf_lcd_density_prop:s0" dev="tmpfs" ino=280 scontext=u:r:shell:s0 tcontext=u:object_r:qemu_sf_lcd_density_prop:s0 tclass=file permissive=0
06-06 00:34:44.051 W/libc    (29059): Access denied finding property "qemu.sf.lcd_density"
06-06 00:34:44.052 W/libc    (29059): Access denied finding property "qemu.sf.lcd_density"
06-06 00:34:44.093 W/AccessibilityNodeInfoDumper(29059): Fetch time: 38ms
06-06 00:34:44.135 D/AndroidRuntime(29059): Shutting down VM
06-06 00:34:44.961 W/RefBase (29059): RefBase: Explicit destruction, weak count = 0 (in 0x778c38f468). Use sp<> to manage this object.
06-06 00:34:44.966 D/RefBase (29059): #00 pc 000000000010cc18  /apex/com.android.runtime/lib64/bionic/libc.so (__cxa_finalize+280)
06-06 00:34:44.966 D/RefBase (29059): #01 pc 00000000000fee08  /apex/com.android.runtime/lib64/bionic/libc.so (exit+24)
06-06 00:34:44.966 D/RefBase (29059): #02 pc 00000000000927f4  /apex/com.android.runtime/lib64/bionic/libc.so (__libc_init+100)
06-06 00:34:48.134 I/SherpaSpeechEngine(28958): TTS create done
06-06 00:34:48.134 I/SherpaSpeechEngine(28958): TTS generate start chars=4
06-06 00:34:52.040 I/SherpaSpeechEngine(28958): TTS generate done
06-06 00:34:52.042 I/SherpaSpeechEngine(28958): TTS save done bytes=71724
06-06 00:34:52.044 I/EdgeTextToSpeech(28958): Sherpa TTS cached '继续按压' in 9788ms
06-06 00:35:18.674 D/TrafficStats( 3989): tagSocket(89) with statsTag=0x34000609, statsUid=10163
06-06 00:35:18.677 D/Linux   ( 3989): [Posix_connect Debug]Process com.google.android.gms.persistent :443 
06-06 00:35:45.101 W/SystemServiceRegistry( 3989): No service published for: wifirtt
06-06 00:35:45.112 D/BatteryStatsService( 1553): notePemWifiState  id: 60,type: 0, name: {"startTime":"60431149","pkgName":"com.google.android.gsf"}
06-06 00:35:45.157 I/NetworkScheduler.Stats( 3989): (REDACTED) Task %s/%s started execution. cause:%s exec_start_elapsed_seconds: %s
06-06 00:35:45.164 I/ChimeraConfigurator( 5058): Starting update, reason: 2 urgentFeatures: 
06-06 00:35:45.182 D/BoundBrokerSvc( 3989): onBind: Intent { act=com.google.android.gms.phenotype.service.START dat=chimera-action:/... cmp=com.google.android.gms/.chimera.PersistentApiService }
06-06 00:35:45.182 D/BoundBrokerSvc( 3989): Loading bound service for intent: Intent { act=com.google.android.gms.phenotype.service.START dat=chimera-action:/... cmp=com.google.android.gms/.chimera.PersistentApiService }
06-06 00:35:45.189 I/GmsDebugLogger( 5058): [80] 
06-06 00:35:45.203 I/NetworkScheduler.Stats( 3989): (REDACTED) Task %s/%s finished executing. cause:%s result: %s elapsed_millis: %s uptime_millis: %s exec_start_elapsed_seconds: %s
06-06 00:35:45.294 I/NetworkScheduler.Stats( 3989): (REDACTED) Task %s/%s started execution. cause:%s exec_start_elapsed_seconds: %s
06-06 00:35:45.397 D/TrafficStats( 9218): tagSocket(85) with statsTag=0x1803, statsUid=10163
06-06 00:35:45.406 D/TrafficStats( 9218): tagSocket(89) with statsTag=0x1803, statsUid=10163
06-06 00:35:45.662 D/TrafficStats( 9218): tagSocket(98) with statsTag=0x1803, statsUid=10163
06-06 00:35:45.713 D/TrafficStats( 9218): tagSocket(99) with statsTag=0x1803, statsUid=10163
06-06 00:35:45.975 D/TrafficStats( 9218): tagSocket(101) with statsTag=0x1803, statsUid=10163
06-06 00:35:46.305 D/BatteryStatsService( 1553): notePemWifiState  id: 60,type: 1, name: {"stopTime":"60432341","pkgName":"com.google.android.gsf"}
06-06 00:35:46.375 D/TrafficStats( 3989): tagSocket(92) with statsTag=0x34000609, statsUid=10163
06-06 00:35:46.378 D/Linux   ( 3989): [Posix_connect Debug]Process com.google.android.gms.persistent :443 
06-06 00:35:50.095 W/AlarmManager( 3989): alarm window unlikely to be respected [CONTEXT service_id=231 ]
06-06 00:35:50.095 W/AlarmManager( 3989): java.lang.IllegalArgumentException: alarm "NetworkLocationLocator" has short window length
06-06 00:35:50.095 W/AlarmManager( 3989): 	at bojx.c(:com.google.android.gms@243137038@24.31.37 (190400-662270918):46)
06-06 00:35:50.095 W/AlarmManager( 3989): 	at bojw.b(:com.google.android.gms@243137038@24.31.37 (190400-662270918):22)
06-06 00:35:50.095 W/AlarmManager( 3989): 	at eiuh.e(:com.google.android.gms@243137038@24.31.37 (190400-662270918):143)
06-06 00:35:50.095 W/AlarmManager( 3989): 	at eiqu.r(:com.google.android.gms@243137038@24.31.37 (190400-662270918):104)
06-06 00:35:50.095 W/AlarmManager( 3989): 	at eiqu.k(:com.google.android.gms@243137038@24.31.37 (190400-662270918):1181)
06-06 00:35:50.095 W/AlarmManager( 3989): 	at ejct.b(:com.google.android.gms@243137038@24.31.37 (190400-662270918):87)
06-06 00:35:50.095 W/AlarmManager( 3989): 	at ejbx.b(:com.google.android.gms@243137038@24.31.37 (190400-662270918):22)
06-06 00:35:50.095 W/AlarmManager( 3989): 	at eiti.b(:com.google.android.gms@243137038@24.31.37 (190400-662270918):26)
06-06 00:35:50.095 W/AlarmManager( 3989): 	at eiue.run(:com.google.android.gms@243137038@24.31.37 (190400-662270918):9)
06-06 00:35:50.095 W/AlarmManager( 3989): 	at eitg.handleMessage(:com.google.android.gms@243137038@24.31.37 (190400-662270918):722)
06-06 00:35:50.095 W/AlarmManager( 3989): 	at android.os.Handler.dispatchMessage(Handler.java:106)
06-06 00:35:50.095 W/AlarmManager( 3989): 	at bpsq.ma(:com.google.android.gms@243137038@24.31.37 (190400-662270918):1)
06-06 00:35:50.095 W/AlarmManager( 3989): 	at bpsq.dispatchMessage(:com.google.android.gms@243137038@24.31.37 (190400-662270918):138)
06-06 00:35:50.095 W/AlarmManager( 3989): 	at android.os.Looper.loopOnce(Looper.java:223)
06-06 00:35:50.095 W/AlarmManager( 3989): 	at android.os.Looper.loop(Looper.java:324)
06-06 00:35:50.095 W/AlarmManager( 3989): 	at android.os.HandlerThread.run(HandlerThread.java:67)
06-06 00:36:00.250 D/BoundBrokerSvc( 3989): onUnbind: Intent { act=com.google.android.gms.phenotype.service.START dat=chimera-action:/... cmp=com.google.android.gms/.chimera.PersistentApiService }
06-06 00:36:16.317 I/GlsClientGrpc( 3989): Voilatile gRPC network failure [CONTEXT service_id=6 ]
06-06 00:36:16.335 W/AlarmManager( 3989): alarm window unlikely to be respected [CONTEXT service_id=231 ]
06-06 00:36:16.335 W/AlarmManager( 3989): java.lang.IllegalArgumentException: alarm "NetworkLocationLocator" has short window length
06-06 00:36:16.335 W/AlarmManager( 3989): 	at bojx.c(:com.google.android.gms@243137038@24.31.37 (190400-662270918):46)
06-06 00:36:16.335 W/AlarmManager( 3989): 	at bojw.b(:com.google.android.gms@243137038@24.31.37 (190400-662270918):22)
06-06 00:36:16.335 W/AlarmManager( 3989): 	at eiuh.e(:com.google.android.gms@243137038@24.31.37 (190400-662270918):143)
06-06 00:36:16.335 W/AlarmManager( 3989): 	at eiqu.r(:com.google.android.gms@243137038@24.31.37 (190400-662270918):104)
06-06 00:36:16.335 W/AlarmManager( 3989): 	at eiqu.f(:com.google.android.gms@243137038@24.31.37 (190400-662270918):14)
06-06 00:36:16.335 W/AlarmManager( 3989): 	at eiqq.apply(:com.google.android.gms@243137038@24.31.37 (190400-662270918):19)
06-06 00:36:16.335 W/AlarmManager( 3989): 	at evws.d(:com.google.android.gms@243137038@24.31.37 (190400-662270918):3)
06-06 00:36:16.335 W/AlarmManager( 3989): 	at evwt.run(:com.google.android.gms@243137038@24.31.37 (190400-662270918):42)
06-06 00:36:16.335 W/AlarmManager( 3989): 	at android.os.Handler.handleCallback(Handler.java:942)
06-06 00:36:16.335 W/AlarmManager( 3989): 	at android.os.Handler.dispatchMessage(Handler.java:99)
06-06 00:36:16.335 W/AlarmManager( 3989): 	at bpsq.ma(:com.google.android.gms@243137038@24.31.37 (190400-662270918):1)
06-06 00:36:16.335 W/AlarmManager( 3989): 	at bpsq.dispatchMessage(:com.google.android.gms@243137038@24.31.37 (190400-662270918):138)
06-06 00:36:16.335 W/AlarmManager( 3989): 	at android.os.Looper.loopOnce(Looper.java:223)
06-06 00:36:16.335 W/AlarmManager( 3989): 	at android.os.Looper.loop(Looper.java:324)
06-06 00:36:16.335 W/AlarmManager( 3989): 	at android.os.HandlerThread.run(HandlerThread.java:67)
06-06 00:36:45.332 D/TrafficStats( 5058): tagSocket(169) with statsTag=0x5500, statsUid=-1
06-06 00:36:45.338 D/TrafficStats( 5058): tagSocket(170) with statsTag=0x5500, statsUid=-1
06-06 00:36:45.604 D/TrafficStats( 5058): tagSocket(171) with statsTag=0x5500, statsUid=-1
06-06 00:36:45.649 D/TrafficStats( 5058): tagSocket(172) with statsTag=0x5500, statsUid=-1
06-06 00:36:45.920 D/TrafficStats( 5058): tagSocket(173) with statsTag=0x5500, statsUid=-1
06-06 00:37:29.751 D/TrafficStats( 3989): tagSocket(89) with statsTag=0x34000609, statsUid=10163
06-06 00:37:29.754 D/Linux   ( 3989): [Posix_connect Debug]Process com.google.android.gms.persistent :443 
06-06 00:37:56.368 D/TrafficStats( 9218): tagSocket(85) with statsTag=0x1803, statsUid=10163
06-06 00:37:56.372 D/TrafficStats( 3989): tagSocket(92) with statsTag=0x34000609, statsUid=10163
06-06 00:37:56.374 D/TrafficStats( 9218): tagSocket(89) with statsTag=0x1803, statsUid=10163
06-06 00:37:56.375 D/Linux   ( 3989): [Posix_connect Debug]Process com.google.android.gms.persistent :443 
06-06 00:37:56.380 D/TrafficStats( 9218): tagSocket(98) with statsTag=0x1803, statsUid=10163
06-06 00:37:56.385 D/TrafficStats( 9218): tagSocket(99) with statsTag=0x1803, statsUid=10163
06-06 00:38:55.256 E/WakeLock( 3989): *gms_scheduler*/com.google.android.gms/.gass.chimera.SchedulePeriodicTasksService ** IS FORCE-RELEASED ON TIMEOUT **
06-06 00:38:55.760 D/TrafficStats( 5058): tagSocket(169) with statsTag=0x5500, statsUid=-1
06-06 00:38:55.769 D/TrafficStats( 5058): tagSocket(170) with statsTag=0x5500, statsUid=-1
06-06 00:38:55.780 D/TrafficStats( 5058): tagSocket(172) with statsTag=0x5500, statsUid=-1
06-06 00:38:55.786 D/TrafficStats( 5058): tagSocket(171) with statsTag=0x5500, statsUid=-1
06-06 00:39:40.820 D/TrafficStats( 3989): tagSocket(89) with statsTag=0x34000609, statsUid=10163
06-06 00:39:40.822 D/Linux   ( 3989): [Posix_connect Debug]Process com.google.android.gms.persistent :443 
06-06 00:40:07.443 D/TrafficStats( 3989): tagSocket(92) with statsTag=0x34000609, statsUid=10163
06-06 00:40:07.448 D/Linux   ( 3989): [Posix_connect Debug]Process com.google.android.gms.persistent :443 
06-06 00:40:45.440 E/NetworkScheduler.ATC( 3989): Trying to release unacquired lock: com.google.android.gms/.gass.chimera.SchedulePeriodicTasksService [CONTEXT service_id=218 ]
06-06 00:40:45.448 I/NetworkScheduler.Stats( 3989): (REDACTED) Task %s/%s finished executing. cause:%s result: %s elapsed_millis: %s uptime_millis: %s exec_start_elapsed_seconds: %s
06-06 00:41:51.891 D/TrafficStats( 3989): tagSocket(89) with statsTag=0x34000609, statsUid=10163
06-06 00:41:51.894 D/Linux   ( 3989): [Posix_connect Debug]Process com.google.android.gms.persistent :443 
06-06 00:42:18.524 D/TrafficStats( 3989): tagSocket(92) with statsTag=0x34000609, statsUid=10163
06-06 00:42:18.529 D/Linux   ( 3989): [Posix_connect Debug]Process com.google.android.gms.persistent :443 
06-06 00:42:18.923 I/mars::stn( 9621): [longlink_connect_monitor.cc:536, OnHeartbeatAlarmReceived]:longlink_progress on_heartbeat_alarm, time: 60824960, is_noop_timeout:false
06-06 00:42:18.988 I/mars::stn( 9621): [longlink_connect_monitor.cc:530, OnHeartbeatAlarmSet]:longlink_progress on_heartbeat_set, time: 60825025, time interval:580000
06-06 00:42:18.996 I/mars::stn( 9621): [longlink_connect_monitor.cc:530, OnHeartbeatAlarmSet]:longlink_progress on_heartbeat_set, time: 60825034, time interval:580000
