--------- beginning of system
06-06 00:43:25.937 I/BatteryStatsImpl( 2497): ********** CLEARING HISTORY!
--------- beginning of main
06-06 00:43:26.919 I/d.copilot.debug(29365): Late-enabling -Xcheck:jni
06-06 00:43:26.981 V/ActivityThread(29365): updateVmProcessStateForGc sceneId =1 state=197376
06-06 00:43:26.981 I/d.copilot.debug(29365): Open vivo delay for GC JIT .
06-06 00:43:26.984 D/CompatibilityChangeReporter(29365): Compat change id reported: 171979766; UID 10299; state: ENABLED
06-06 00:43:27.013 V/GraphicsEnvironment(29365): ANGLE Developer option for 'com.firstaid.copilot.debug' set to: 'default'
06-06 00:43:27.014 V/GraphicsEnvironment(29365): ANGLE GameManagerService for com.firstaid.copilot.debug: false
06-06 00:43:27.014 V/GraphicsEnvironment(29365): App is not on the allowlist for updatable production driver.
06-06 00:43:27.019 D/NetworkSecurityConfig(29365): Using Network Security Config from resource network_security_config debugBuild: true
06-06 00:43:27.020 D/NetworkSecurityConfig(29365): Using Network Security Config from resource network_security_config debugBuild: true
06-06 00:43:27.030 W/libc    (29365): Access denied finding property "ro.vendor.perf.scroll_opt.heavy_app"
06-06 00:43:27.041 I/MSYNC3-VariableRefreshRate(29365): Variable refreshrate is disabled
06-06 00:43:27.042 I/PowerHalWrapper(29365): PowerHalWrapper.getInstance 
06-06 00:43:27.048 D/VivoConfigStore(29365): init begin
06-06 00:43:27.055 D/VivoConfigStore(29365): key:vivo.software.nightmode isCached is true and value is true
06-06 00:43:27.072 D/VivoConfigStore(29365): key:vivo.software.multilandscape isCached is true and value is true
06-06 00:43:27.074 D/VivoConfigStore(29365): key:vivo.software.ml.freedrag isCached is false and normal value is false
06-06 00:43:27.075 D/VivoConfigStore(29365): key:vivo.software.virtualmultilands isCached is true and value is true
06-06 00:43:27.076 D/VivoConfigStore(29365): key:vivo.software.multiwindowresidentbar isCached is false and normal value is false
06-06 00:43:27.077 D/VivoConfigStore(29365): key:vivo.software.hovermode isCached is false and normal value is false
06-06 00:43:27.090 D/VivoConfigStore(29365): key:vivo.software.multiwindow isCached is true and value is true
06-06 00:43:27.090 D/VivoConfigStore(29365): key:vivo.software.freeform isCached is true and value is true
06-06 00:43:27.146 D/VivoConfigStore(29365): key:vivo.software.immersive isCached is false and normal value is false
06-06 00:43:27.146 D/VivoConfigStore(29365): key:vivo.software.multiwindow isCached is true and value is true
06-06 00:43:27.310 I/TextToSpeech(29365): Connected to TTS engine
06-06 00:43:27.313 I/TextToSpeech(29365): Setting up the connection to TTS engine...
06-06 00:43:27.325 W/d.copilot.debug(29365): Method boolean androidx.compose.runtime.snapshots.SnapshotStateList.conditionalUpdate(boolean, kotlin.jvm.functions.Function1) failed lock verification and will run slower.
06-06 00:43:27.325 W/d.copilot.debug(29365): Common causes for lock verification issues are non-optimized dex code
06-06 00:43:27.325 W/d.copilot.debug(29365): and incorrect proguard optimizations.
06-06 00:43:27.325 W/d.copilot.debug(29365): Method boolean androidx.compose.runtime.snapshots.SnapshotStateList.conditionalUpdate$default(androidx.compose.runtime.snapshots.SnapshotStateList, boolean, kotlin.jvm.functions.Function1, int, java.lang.Object) failed lock verification and will run slower.
06-06 00:43:27.325 W/d.copilot.debug(29365): Method java.lang.Object androidx.compose.runtime.snapshots.SnapshotStateList.mutate(kotlin.jvm.functions.Function1) failed lock verification and will run slower.
06-06 00:43:27.326 W/d.copilot.debug(29365): Method void androidx.compose.runtime.snapshots.SnapshotStateList.update(boolean, kotlin.jvm.functions.Function1) failed lock verification and will run slower.
06-06 00:43:27.326 W/d.copilot.debug(29365): Method void androidx.compose.runtime.snapshots.SnapshotStateList.update$default(androidx.compose.runtime.snapshots.SnapshotStateList, boolean, kotlin.jvm.functions.Function1, int, java.lang.Object) failed lock verification and will run slower.
06-06 00:43:27.329 I/EdgeTextToSpeech(29365): Bundled TTS cache ready: 0/48 phrases (Asset)
06-06 00:43:27.393 D/BufferQueueConsumer(29365): [](id:72b500000000,api:0,p:-1,c:29365) connect: controlledByApp=false
06-06 00:43:27.395 E/FBI     (29365): Can't load library: dlopen failed: library "libmagtsync.so" not found
06-06 00:43:27.409 D/skia    (29365): GrGLMakeAssembledInterface verStr OpenGL ES 3.2 v1.r32p1-01eac0.0a0b917d9265b4c01be9925306306139
06-06 00:43:27.409 D/skia    (29365): GrGLMakeAssembledGLESInterface verStr OpenGL ES 3.2 v1.r32p1-01eac0.0a0b917d9265b4c01be9925306306139
06-06 00:43:27.409 D/skia    (29365): extensions init verString=OpenGL ES 3.2 v1.r32p1-01eac0.0a0b917d9265b4c01be9925306306139
06-06 00:43:27.418 I/BLASTBufferQueue(29365): QoSAllocBuff Successful. Ret 0 
06-06 00:43:27.448 D/BLASTBufferQueue(29365): [VRI[MainActivity]#0](f:0,a:1) acquireNextBufferLocked size=720x1612 mFrameNumber=1 applyTransaction=true mTimestamp=52441381363433(auto) mPendingTransactions.size=0 graphicBufferId=126121714647045 transform=0
06-06 00:43:27.450 W/Parcel  (29365): Expecting binder but got null!
06-06 00:43:27.466 I/ActivityTaskManager( 1553): Displayed com.firstaid.copilot.debug/com.firstaid.copilot.MainActivity: +615ms
06-06 00:43:27.470 I/WebSocketAgentChannel(29365): Connecting live WebSocket url=ws://127.0.0.1:8787/ws/live session=android_live_548ddc3f mode=demo_assisted
06-06 00:43:27.476 D/TrafficStats(29365): tagSocket(140) with statsTag=0xffffffff, statsUid=-1
06-06 00:43:27.476 D/TrafficStats(29365): tagSocket(141) with statsTag=0xffffffff, statsUid=-1
06-06 00:43:27.476 D/Linux   (29365): [Posix_connect Debug]Process com.firstaid.copilot.debug :8787 
06-06 00:43:27.476 D/Linux   (29365): [Posix_connect Debug]Process com.firstaid.copilot.debug :8787 
06-06 00:43:27.477 W/libc    (29365): Access denied finding property "ro.hardware.chipname"
06-06 00:43:27.487 I/WebSocketAgentChannel(29365): Live WebSocket opened code=101
06-06 00:43:27.488 I/WebSocketAgentChannel(29365): Sent live JSON type=start ok=true payloadKeys=
06-06 00:43:27.489 I/WebSocketAgentChannel(29365): Received live text {"type":"state","session_id":"voice_live_mq15l9t3_0084_e5969ee7d6e6","live":true,"status":"connected","stt_mode":"pending"}
06-06 00:43:27.491 I/WebSocketAgentChannel(29365): Received live text {"type":"state","session_id":"android_live_548ddc3f","live":true,"status":"connected","stt_mode":"pending"}
06-06 00:43:27.537 I/SherpaSpeechEngine(29365): ASR create start modelDir=/storage/emulated/0/Android/media/com.firstaid.copilot.debug/models/speech/stt-stream/sherpa-onnx-streaming-zipformer-bilingual-zh-en-2023-02-20
06-06 00:43:27.552 V/ImeFocusController(29365): onWindowFocus: DecorView@3974861[MainActivity] softInputMode=STATE_UNSPECIFIED|ADJUST_PAN|IS_FORWARD_NAVIGATION
06-06 00:43:27.552 V/ImeFocusController(29365): Restarting due to isRestartOnNextWindowFocus as true
06-06 00:43:27.552 D/ImeFocusController(29365): onViewFocusChanged, view=DecorView@3974861[MainActivity], mServedView=null
06-06 00:43:27.552 V/ImeFocusController(29365): checkFocus: view=null next=DecorView@3974861[MainActivity] immDelegate=delegate{5f12faf displayId=0} force=true package=<none>
06-06 00:43:27.594 V/ActivityThread(29365): updateVmProcessStateForGc sceneId =1 state=196608
06-06 00:43:27.594 I/d.copilot.debug(29365): Close vivo delay for GC JIT .
06-06 00:43:27.633 I/FontLog ( 3989): (REDACTED) Received query %s, URI %s
06-06 00:43:27.633 I/FontLog ( 3989): (REDACTED) Query [%s] resolved to %s
06-06 00:43:27.635 I/FontLog ( 3989): (REDACTED) Fetch %s end status %s
06-06 00:43:27.640 I/FontLog ( 3989): (REDACTED) Pulling font file for id = %d, cache size = %d
06-06 00:43:27.645 I/FontLog ( 3989): (REDACTED) Pulling font file for id = %d, cache size = %d
06-06 00:43:28.259 I/d.copilot.debug(29365): Compiler allocated 5703KB to compile void android.view.ViewRootImpl.performTraversals()
06-06 00:43:29.664 I/SherpaSpeechEngine(29365): ASR create done
06-06 00:43:29.667 I/SherpaSpeechEngine(29365): ASR accept waveform samples=3200
06-06 00:43:29.668 I/SherpaSpeechEngine(29365): ASR decode done iterations=0
06-06 00:43:29.702 I/SherpaSpeechEngine(29365): ASR create start modelDir=/storage/emulated/0/Android/media/com.firstaid.copilot.debug/models/speech/stt-stream/sherpa-onnx-streaming-zipformer-bilingual-zh-en-2023-02-20
06-06 00:43:31.552 I/SherpaSpeechEngine(29365): ASR create done
06-06 00:43:31.560 I/SherpaSpeechEngine(29365): TTS create start model=/storage/emulated/0/Android/media/com.firstaid.copilot.debug/models/speech/tts/model.int8.onnx
06-06 00:43:31.566 W/sherpa-onnx(29365): /home/runner/work/sherpa-onnx/sherpa-onnx/sherpa-onnx/jni/offline-tts.cc:operator():481
06-06 00:43:31.566 W/sherpa-onnx(29365): config:
06-06 00:43:31.566 W/sherpa-onnx(29365): OfflineTtsConfig(model=OfflineTtsModelConfig(vits=OfflineTtsVitsModelConfig(model="/storage/emulated/0/Android/media/com.firstaid.copilot.debug/models/speech/tts/model.int8.onnx", lexicon="/storage/emulated/0/Android/media/com.firstaid.copilot.debug/models/speech/tts/lexicon.txt", tokens="/storage/emulated/0/Android/media/com.firstaid.copilot.debug/models/speech/tts/tokens.txt", data_dir="", noise_scale=0.667, noise_scale_w=0.8, length_scale=1), matcha=OfflineTtsMatchaModelConfig(acoustic_model="", vocoder="", lexicon="", tokens="", data_dir="", noise_scale=1, length_scale=1), kokoro=OfflineTtsKokoroModelConfig(model="", voices="", tokens="", lexicon="", data_dir="", length_scale=1, lang=""), zipvoice=OfflineTtsZipvoiceModelConfig(tokens="", encoder="", decoder="", vocoder="", data_dir="", lexicon="", feat_scale=0.1, t_shift=0.5, target_rms=0.1, guidance_scale=1), kitten=OfflineTtsKittenModelConfig(model="", voices="", tokens="", data_dir="", length_scale=1), pocket=OfflineTtsPocketModelConfig(lm_flo
06-06 00:43:33.097 D/ProfileInstaller(29365): Installing profile for com.firstaid.copilot.debug
06-06 00:43:33.980 I/LiveAudioPlayer(29365): Live audio cancel with no active stream reason=new_turn
06-06 00:43:33.981 I/WebSocketAgentChannel(29365): Sent live JSON type=turn ok=true payloadKeys=["sessionId","eventSource","eventType","deviceState","metadata"]
06-06 00:43:33.982 I/WebSocketAgentChannel(29365): Sent live JSON type=context ok=true payloadKeys=["sessionId"]
06-06 00:43:33.988 I/WebSocketAgentChannel(29365): Received live text {"type":"thinking","session_id":"android_live_548ddc3f","turn_seq":1}
06-06 00:43:33.990 I/WebSocketAgentChannel(29365): Received live text {"type":"final","session_id":"android_live_548ddc3f","turn_seq":1,"text":"","intent":null}
06-06 00:43:33.990 I/WebSocketAgentChannel(29365): Received live text {"type":"guidance","session_id":"android_live_548ddc3f","turn_seq":1,"action":{"action_id":"act_mq15letn_0089_9a848ae58ed8","session_id":"android_live_548ddc3f","timestamp":"2026-06-05T16:43:34.091Z","stage":"S1_SCENE_SAFE","intent":"ensure_scene_safe","priority":"normal","source":"state_machine","r
06-06 00:43:33.992 V/VivoAudioPolicyProxyNative(29365): VivoAudioPolicyProxy getInstanceInter: binding to vivoaudiopolicy service success!
06-06 00:43:33.992 D/AudioRecord(29365): set(): 0xb4000076609c6620, inputSource 6, sampleRate 16000, format 0x1, channelMask 0x10, frameCount 2560, notificationFrames 0, sessionId 0, transferType 0, flags 0, attributionSource AttributionSourceState{pid: -1, uid: 10299, packageName: com.firstaid.copilot.debug, attributionTag: (null), token: , renouncedPermissions: [], next: []} uid -1, pid -1, latency 200
06-06 00:43:33.993 D/AudioSystem(29365): getpackName client name com.firstaid.copilot.debug(29365)
06-06 00:43:33.994 I/WebSocketAgentChannel(29365): Received live text {"type":"state","session_id":"android_live_548ddc3f","turn_seq":1,"current_stage":"S1_SCENE_SAFE","state":{"schema_version":"session_state.v0.1","session_id":"android_live_548ddc3f","mode":"demo_assisted","current_stage":"S1_SCENE_SAFE","previous_stage":"S1_SCENE_SAFE","started_at":"2026-06-05T16:43
06-06 00:43:33.995 I/AudioRecord(29365): set(): getPolicyInputSourceForVoip mAttributes input source= 6,flags:0
06-06 00:43:33.995 D/AudioRecord(29365): getpackName client name com.firstaid.copilot.debug(29365)
06-06 00:43:33.995 D/AudioRecord(29365): getpackName client name com.firstaid.copilot.debug(29365)
06-06 00:43:33.995 D/AudioRecord(29365): getpackName client name com.firstaid.copilot.debug(29365)
06-06 00:43:34.017 D/AudioRecord(29365): openRecord_l: 0xb4000076609c6620, mCblk = 0x780e4ce000
06-06 00:43:34.031 I/AudioEffect(29365): queryNumberEffects(): *numEffects = 25, ret = 0
06-06 00:43:34.041 I/AudioEffect(29365): set 0xb400007630a82a70 uuid: 0x74b989a510 timeLow 7b491460
06-06 00:43:34.047 I/AudioEffect(29365): set() 0xb400007630a82a70 OK effect: Acoustic Echo Canceler id: 411 status 0 enabled 0 pid 29365
06-06 00:43:34.048 I/AudioEffect(29365): enable 0xb400007630a82a70
06-06 00:43:34.050 I/AudioEffect(29365): queryNumberEffects(): *numEffects = 25, ret = 0
06-06 00:43:34.057 I/EdgeTextToSpeech(29365): Android TTS fast path for '开始录制，先确认周围安全；安全后'
06-06 00:43:34.061 I/AudioEffect(29365): set 0xb400007630a35790 uuid: 0x74b989a510 timeLow 58b4b260
06-06 00:43:34.067 I/AudioEffect(29365): set() 0xb400007630a35790 OK effect: Noise Suppression id: 419 status 0 enabled 0 pid 29365
06-06 00:43:34.068 I/AudioEffect(29365): enable 0xb400007630a35790
06-06 00:43:34.072 D/AudioRecord(29365): start(271): 0xb4000076609c6620, sync event 0 trigger session 0
06-06 00:43:34.072 D/AudioRecord(29365): getpackName client name com.firstaid.copilot.debug(29365)
06-06 00:43:34.094 D/AudioRecord(29365): start(271): return status 0
06-06 00:43:34.148 I/AndroidTextToSpeech(29365): Android TTS onStart latency=4ms
06-06 00:43:34.265 D/AudioManager( 9621): dispatching onPlaybackConfigChanged()
06-06 00:43:34.266 D/AudioManager( 9607): dispatching onPlaybackConfigChanged()
06-06 00:43:34.300 D/AudioManager( 9607): dispatching onPlaybackConfigChanged()
06-06 00:43:34.301 D/AudioManager( 9621): dispatching onPlaybackConfigChanged()
06-06 00:43:34.598 I/d.copilot.debug(29365): Compiler allocated 4546KB to compile void com.firstaid.copilot.live.ui.LiveCprCoachScreenKt.LiveCprCoachScreen(com.firstaid.copilot.live.LiveSessionViewModel, kotlin.jvm.functions.Function0, androidx.compose.runtime.Composer, int, int)
06-06 00:43:36.647 I/WebSocketAgentChannel(29365): Received live text {"type":"audio_begin","session_id":"android_live_548ddc3f","turn_seq":1,"action_id":"act_mq15letn_0089_9a848ae58ed8","format":"pcm16","sample_rate":44100,"channels":1,"bits_per_sample":16}
06-06 00:43:36.695 I/WebSocketAgentChannel(29365): Received live audio bytes=73728
06-06 00:43:37.010 I/WebSocketAgentChannel(29365): Received live audio bytes=105472
06-06 00:43:37.191 I/SherpaSpeechEngine(29365): TTS create done
06-06 00:43:37.191 I/SherpaSpeechEngine(29365): TTS generate start chars=4
06-06 00:43:37.768 I/WebSocketAgentChannel(29365): Received live audio bytes=138240
06-06 00:43:37.769 I/WebSocketAgentChannel(29365): Received live text {"type":"audio_end","session_id":"android_live_548ddc3f","turn_seq":1,"action_id":"act_mq15letn_0089_9a848ae58ed8"}
06-06 00:43:39.045 D/AudioManager( 9607): dispatching onPlaybackConfigChanged()
06-06 00:43:39.046 D/AudioManager( 9607): dispatching onPlaybackConfigChanged()
06-06 00:43:39.046 D/AudioManager( 9621): dispatching onPlaybackConfigChanged()
06-06 00:43:39.046 D/AudioManager( 9621): dispatching onPlaybackConfigChanged()
06-06 00:43:40.984 I/SherpaSpeechEngine(29365): TTS generate done
06-06 00:43:40.989 I/SherpaSpeechEngine(29365): TTS save done bytes=71724
06-06 00:43:41.000 I/EdgeTextToSpeech(29365): Sherpa TTS cached '继续按压' in 9431ms
06-06 00:43:41.002 I/SherpaSpeechEngine(29365): TTS generate start chars=21
06-06 00:43:41.005 W/sherpa-onnx(29365): /home/runner/work/sherpa-onnx/sherpa-onnx/sherpa-onnx/csrc/melo-tts-lexicon.cc:ConvertTextToTokenIds:120
06-06 00:43:41.005 W/sherpa-onnx(29365): Ignore OOV '；'
06-06 00:43:41.816 I/LiveCprCoachScreen(29365): ASR endpoint
06-06 00:43:42.063 I/CodexTest(29469): CLEAN_ROUND_READY_FOR_SCENE_SAFE
06-06 00:43:42.257 W/ProcessState(29473): Extra binder thread started, but 0 threads requested. Do not use *startThreadPool when zero threads are requested.
06-06 00:43:42.298 I/DMABUFHEAPS(29473): Using DMA-BUF heap named: mtk_mm
06-06 00:43:42.298 I/DMABUFHEAPS(29473): Using DMA-BUF heap named: mtk_mm-uncached
06-06 00:43:42.298 I/DMABUFHEAPS(29473): Using DMA-BUF heap named: mtk_svp_region-aligned
06-06 00:43:42.298 I/DMABUFHEAPS(29473): Using DMA-BUF heap named: mtk_prot_region
06-06 00:43:42.298 I/DMABUFHEAPS(29473): Using DMA-BUF heap named: mtk_2d_fr_region
06-06 00:43:42.298 I/DMABUFHEAPS(29473): Using DMA-BUF heap named: mtk_wfd_region-aligned
06-06 00:43:42.298 D/OpenGLRenderer(29473): Bitmap::compress format:Png w:720 h:1612 quality:100 app_apk:screencap 
06-06 00:43:42.299 W/libc    (29473): Access denied finding property "vendor.vivo.imageencoder.dump"
06-06 00:43:42.461 W/RefBase (29473): RefBase: Explicit destruction, weak count = 0 (in 0x7bc2be1468). Use sp<> to manage this object.
06-06 00:43:42.466 D/RefBase (29473): #00 pc 000000000010cc18  /apex/com.android.runtime/lib64/bionic/libc.so (__cxa_finalize+280)
06-06 00:43:42.466 D/RefBase (29473): #01 pc 00000000000fee08  /apex/com.android.runtime/lib64/bionic/libc.so (exit+24)
06-06 00:43:42.466 D/RefBase (29473): #02 pc 00000000000927f4  /apex/com.android.runtime/lib64/bionic/libc.so (__libc_init+100)
06-06 00:43:42.633 E/appproc (29476): checkAndSetEnv get_baksize open file /data/dalvik-cache/classpath failed , error(Permission denied)
06-06 00:43:42.633 E/appproc (29476): checkAndSetEnv write_classpathbak open file failed:Permission denied
06-06 00:43:42.634 E/appproc (29476): checkAndSetEnv get_baksize open file /data/dalvik-cache/classpath2 failed , error(Permission denied)
06-06 00:43:42.634 E/appproc (29476): checkAndSetEnv write_classpathbak open file failed:Permission denied
06-06 00:43:42.634 E/appproc (29476): checkAndSetEnv get_baksize open file /data/dalvik-cache/classpath3 failed , error(Permission denied)
06-06 00:43:42.634 E/appproc (29476): checkAndSetEnv write_classpathbak open file failed:Permission denied
06-06 00:43:42.635 E/appproc (29476): checkAndSetEnv get_baksize open file /data/dalvik-cache/classpath4 failed , error(Permission denied)
06-06 00:43:42.635 E/appproc (29476): checkAndSetEnv write_classpathbak open file failed:Permission denied
06-06 00:43:42.635 D/AndroidRuntime(29476): >>>>>> START com.android.internal.os.RuntimeInit uid 2000 <<<<<<
06-06 00:43:42.639 I/AndroidRuntime(29476): Using default boot image
06-06 00:43:42.639 I/AndroidRuntime(29476): Leaving lock profiling enabled
06-06 00:43:42.642 W/app_process(29476): ART APEX data files are untrusted.
06-06 00:43:42.829 D/app_process(29476): Time zone APEX ICU file found: /apex/com.android.tzdata/etc/icu/icu_tzdata.dat
06-06 00:43:42.830 D/app_process(29476): I18n APEX ICU file found: /apex/com.android.i18n/etc/icu/icudt70l.dat
06-06 00:43:42.845 E/app_process(29476): No implementation found for long android.os.Trace.nativeGetEnabledTags() (tried Java_android_os_Trace_nativeGetEnabledTags and Java_android_os_Trace_nativeGetEnabledTags__)
06-06 00:43:42.845 E/app_process(29476): No implementation found for long android.os.Trace.nativeGetEnabledTags() (tried Java_android_os_Trace_nativeGetEnabledTags and Java_android_os_Trace_nativeGetEnabledTags__)
06-06 00:43:42.845 E/System  (29476): openDexFile load detect error
06-06 00:43:42.846 E/System  (29476): java.lang.reflect.InvocationTargetException
06-06 00:43:42.846 E/System  (29476): 	at java.lang.reflect.Method.invoke(Native Method)
06-06 00:43:42.846 E/System  (29476): 	at dalvik.system.DexFile.openDexFile(DexFile.java:387)
06-06 00:43:42.846 E/System  (29476): 	at dalvik.system.DexFile.<init>(DexFile.java:118)
06-06 00:43:42.846 E/System  (29476): 	at dalvik.system.DexFile.<init>(DexFile.java:91)
06-06 00:43:42.846 E/System  (29476): 	at dalvik.system.DexPathList.loadDexFile(DexPathList.java:438)
06-06 00:43:42.846 E/System  (29476): 	at dalvik.system.DexPathList.makeDexElements(DexPathList.java:397)
06-06 00:43:42.846 E/System  (29476): 	at dalvik.system.DexPathList.<init>(DexPathList.java:166)
06-06 00:43:42.846 E/System  (29476): 	at dalvik.system.BaseDexClassLoader.<init>(BaseDexClassLoader.java:160)
06-06 00:43:42.846 E/System  (29476): 	at dalvik.system.BaseDexClassLoader.<init>(BaseDexClassLoader.java:105)
06-06 00:43:42.846 E/System  (29476): 	at dalvik.system.PathClassLoader.<init>(PathClassLoader.java:71)
06-06 00:43:42.846 E/System  (29476): 	at java.lang.ClassLoader.createSystemClassLoader(ClassLoader.java:224)
06-06 00:43:42.846 E/System  (29476): 	at java.lang.ClassLoader.-$$Nest$smcreateSystemClassLoader(Unknown Source:0)
06-06 00:43:42.846 E/System  (29476): 	at java.lang.ClassLoader$SystemClassLoader.<clinit>(ClassLoader.java:183)
06-06 00:43:42.846 E/System  (29476): 	at java.lang.ClassLoader.getSystemClassLoader(ClassLoader.java:1098)
06-06 00:43:42.846 E/System  (29476): Caused by: java.lang.UnsatisfiedLinkError: No implementation found for long android.os.Trace.nativeGetEnabledTags() (tried Java_android_os_Trace_nativeGetEnabledTags and Java_android_os_Trace_nativeGetEnabledTags__)
06-06 00:43:42.846 E/System  (29476): 	at android.os.Trace.nativeGetEnabledTags(Native Method)
06-06 00:43:42.846 E/System  (29476): 	at android.os.Trace.isTagEnabled(Trace.java:163)
06-06 00:43:42.846 E/System  (29476): 	at android.os.Trace.endSection(Trace.java:398)
06-06 00:43:42.846 E/System  (29476): 	at com.vivo.framework.securitydetect.DynamicLoadDetectManager.reportDexLoaded(DynamicLoadDetectManager.java:156)
06-06 00:43:42.846 E/System  (29476): 	... 14 more
06-06 00:43:42.850 E/app_process(29476): No implementation found for long android.os.Trace.nativeGetEnabledTags() (tried Java_android_os_Trace_nativeGetEnabledTags and Java_android_os_Trace_nativeGetEnabledTags__)
06-06 00:43:42.850 E/app_process(29476): No implementation found for long android.os.Trace.nativeGetEnabledTags() (tried Java_android_os_Trace_nativeGetEnabledTags and Java_android_os_Trace_nativeGetEnabledTags__)
06-06 00:43:42.850 E/System  (29476): openDexFile load detect error
06-06 00:43:42.851 E/System  (29476): java.lang.reflect.InvocationTargetException
06-06 00:43:42.851 E/System  (29476): 	at java.lang.reflect.Method.invoke(Native Method)
06-06 00:43:42.851 E/System  (29476): 	at dalvik.system.DexFile.openDexFile(DexFile.java:387)
06-06 00:43:42.851 E/System  (29476): 	at dalvik.system.DexFile.<init>(DexFile.java:118)
06-06 00:43:42.851 E/System  (29476): 	at dalvik.system.DexFile.<init>(DexFile.java:91)
06-06 00:43:42.851 E/System  (29476): 	at dalvik.system.DexPathList.loadDexFile(DexPathList.java:438)
06-06 00:43:42.851 E/System  (29476): 	at dalvik.system.DexPathList.makeDexElements(DexPathList.java:397)
06-06 00:43:42.851 E/System  (29476): 	at dalvik.system.DexPathList.<init>(DexPathList.java:166)
06-06 00:43:42.851 E/System  (29476): 	at dalvik.system.BaseDexClassLoader.<init>(BaseDexClassLoader.java:160)
06-06 00:43:42.851 E/System  (29476): 	at dalvik.system.BaseDexClassLoader.<init>(BaseDexClassLoader.java:105)
06-06 00:43:42.851 E/System  (29476): 	at dalvik.system.PathClassLoader.<init>(PathClassLoader.java:71)
06-06 00:43:42.851 E/System  (29476): 	at java.lang.ClassLoader.createSystemClassLoader(ClassLoader.java:224)
06-06 00:43:42.851 E/System  (29476): 	at java.lang.ClassLoader.-$$Nest$smcreateSystemClassLoader(Unknown Source:0)
06-06 00:43:42.851 E/System  (29476): 	at java.lang.ClassLoader$SystemClassLoader.<clinit>(ClassLoader.java:183)
06-06 00:43:42.851 E/System  (29476): 	at java.lang.ClassLoader.getSystemClassLoader(ClassLoader.java:1098)
06-06 00:43:42.851 E/System  (29476): Caused by: java.lang.UnsatisfiedLinkError: No implementation found for long android.os.Trace.nativeGetEnabledTags() (tried Java_android_os_Trace_nativeGetEnabledTags and Java_android_os_Trace_nativeGetEnabledTags__)
06-06 00:43:42.851 E/System  (29476): 	at android.os.Trace.nativeGetEnabledTags(Native Method)
06-06 00:43:42.851 E/System  (29476): 	at android.os.Trace.isTagEnabled(Trace.java:163)
06-06 00:43:42.851 E/System  (29476): 	at android.os.Trace.endSection(Trace.java:398)
06-06 00:43:42.851 E/System  (29476): 	at com.vivo.framework.securitydetect.DynamicLoadDetectManager.reportDexLoaded(DynamicLoadDetectManager.java:156)
06-06 00:43:42.851 E/System  (29476): 	... 14 more
06-06 00:43:42.852 W/app_process(29476): ClassLoaderContext classpath size mismatch. expected=0, found=1 (PCL[] | PCL[/system/framework/android.test.runner.jar*2259575933])
06-06 00:43:42.856 I/VivoSystemFrameworkFactory(29476): Instance implClass com.vivo.VivoSystemFrameworkFactoryImpl
06-06 00:43:42.877 D/AndroidRuntime(29476): Calling main entry com.android.commands.uiautomator.Launcher
06-06 00:43:42.881 W/ziparchive(29476): Unable to open '/system/framework/mediatek-framework.dm': No such file or directory
06-06 00:43:42.881 W/ziparchive(29476): Unable to open '/system/framework/mediatek-framework.dm': No such file or directory
06-06 00:43:42.890 W/uiautomator(29476): type=1400 audit(0.0:3428401): avc: denied { read } for name="user_cpu_freq" dev="sysfs" ino=49317 scontext=u:r:shell:s0 tcontext=u:object_r:sysfs_user_cpu_freq:s0 tclass=file permissive=0
06-06 00:43:43.910 W/uiautomator(29476): type=1400 audit(0.0:3428402): avc: denied { read } for name="u:object_r:qemu_sf_lcd_density_prop:s0" dev="tmpfs" ino=280 scontext=u:r:shell:s0 tcontext=u:object_r:qemu_sf_lcd_density_prop:s0 tclass=file permissive=0
06-06 00:43:43.910 W/uiautomator(29476): type=1400 audit(0.0:3428403): avc: denied { read } for name="u:object_r:qemu_sf_lcd_density_prop:s0" dev="tmpfs" ino=280 scontext=u:r:shell:s0 tcontext=u:object_r:qemu_sf_lcd_density_prop:s0 tclass=file permissive=0
06-06 00:43:43.914 W/libc    (29476): Access denied finding property "qemu.sf.lcd_density"
06-06 00:43:43.914 W/libc    (29476): Access denied finding property "qemu.sf.lcd_density"
06-06 00:43:43.950 W/AccessibilityNodeInfoDumper(29476): Fetch time: 31ms
06-06 00:43:44.008 D/AndroidRuntime(29476): Shutting down VM
06-06 00:43:44.349 I/LiveCprCoachScreen(29365): ASR endpoint
06-06 00:43:44.834 W/RefBase (29476): RefBase: Explicit destruction, weak count = 0 (in 0x7409fea468). Use sp<> to manage this object.
06-06 00:43:44.839 D/RefBase (29476): #00 pc 000000000010cc18  /apex/com.android.runtime/lib64/bionic/libc.so (__cxa_finalize+280)
06-06 00:43:44.839 D/RefBase (29476): #01 pc 00000000000fee08  /apex/com.android.runtime/lib64/bionic/libc.so (exit+24)
06-06 00:43:44.839 D/RefBase (29476): #02 pc 00000000000927f4  /apex/com.android.runtime/lib64/bionic/libc.so (__libc_init+100)
06-06 00:43:46.898 I/LiveCprCoachScreen(29365): ASR endpoint
06-06 00:43:49.476 I/LiveCprCoachScreen(29365): ASR endpoint
06-06 00:43:52.001 I/LiveCprCoachScreen(29365): ASR endpoint
06-06 00:43:54.559 I/LiveCprCoachScreen(29365): ASR endpoint
06-06 00:43:54.626 I/SherpaSpeechEngine(29365): TTS generate done
06-06 00:43:54.631 I/SherpaSpeechEngine(29365): TTS save done bytes=307244
06-06 00:43:54.640 I/EdgeTextToSpeech(29365): Sherpa TTS background cached '开始录制，先确认周围安全；安全后' in 13629ms
06-06 00:43:57.101 I/LiveCprCoachScreen(29365): ASR endpoint
06-06 00:43:59.683 I/LiveCprCoachScreen(29365): ASR endpoint
06-06 00:44:02.239 I/LiveCprCoachScreen(29365): ASR endpoint
06-06 00:44:02.964 D/TrafficStats( 3989): tagSocket(89) with statsTag=0x34000609, statsUid=10163
06-06 00:44:02.966 D/Linux   ( 3989): [Posix_connect Debug]Process com.google.android.gms.persistent :443 
06-06 00:44:04.788 I/LiveCprCoachScreen(29365): ASR endpoint
06-06 00:44:07.340 I/LiveCprCoachScreen(29365): ASR endpoint
06-06 00:44:09.905 I/LiveCprCoachScreen(29365): ASR endpoint
06-06 00:44:12.479 I/LiveCprCoachScreen(29365): ASR endpoint
06-06 00:44:14.577 I/LiveAudioCapture(29365): Local utterance committed bytes=32000 voicedMs=320
06-06 00:44:14.577 I/LiveCprCoachScreen(29365): Utterance callback bytes=32000 streaming=true whole=false
06-06 00:44:14.579 I/LiveCprCoachScreen(29365): ASR endpoint
06-06 00:44:14.579 I/LiveCprCoachScreen(29365): Streaming ASR produced no final text; running whole-utterance fallback
06-06 00:44:14.589 I/SherpaSpeechEngine(29365): ASR accept waveform samples=16000
06-06 00:44:14.727 I/SherpaSpeechEngine(29365): ASR decode done iterations=2
06-06 00:44:14.729 I/LiveCprCoachScreen(29365): Whole-utterance ASR fallback ok=true text='' latency=143ms
06-06 00:44:16.898 I/LiveCprCoachScreen(29365): ASR endpoint
06-06 00:44:17.141 I/LiveAudioCapture(29365): Local utterance committed bytes=32000 voicedMs=320
06-06 00:44:17.141 I/LiveCprCoachScreen(29365): Utterance callback bytes=32000 streaming=true whole=false
06-06 00:44:17.143 I/LiveCprCoachScreen(29365): ASR endpoint
06-06 00:44:17.144 I/LiveCprCoachScreen(29365): Streaming ASR produced no final text; running whole-utterance fallback
06-06 00:44:17.152 I/SherpaSpeechEngine(29365): ASR accept waveform samples=16000
06-06 00:44:17.274 I/SherpaSpeechEngine(29365): ASR decode done iterations=2
06-06 00:44:17.275 I/LiveCprCoachScreen(29365): Whole-utterance ASR fallback ok=true text='' latency=125ms
06-06 00:44:18.501 I/LiveCprCoachScreen(29365): ASR partial='现场'
06-06 00:44:18.820 I/LiveCprCoachScreen(29365): ASR partial='现场安全'
06-06 00:44:19.175 I/LiveCprCoachScreen(29365): ASR partial='现场安全了'
06-06 00:44:19.465 I/LiveCprCoachScreen(29365): ASR partial='现场安全了我'
06-06 00:44:19.685 I/CodexTest(29515): CLEAN_R1_SCENE_SAFE_USER_SPEAK_START
06-06 00:44:19.807 I/LiveCprCoachScreen(29365): ASR partial='现场安全了我在'
06-06 00:44:20.111 I/LiveCprCoachScreen(29365): ASR partial='现场安全了我在患者'
06-06 00:44:20.437 I/LiveCprCoachScreen(29365): ASR partial='现场安全了我在患者旁'
06-06 00:44:20.438 I/LiveAudioCapture(29365): Local utterance committed bytes=83200 voicedMs=1160
06-06 00:44:20.438 I/LiveCprCoachScreen(29365): Utterance callback bytes=83200 streaming=true whole=false
06-06 00:44:20.438 I/LiveCprCoachScreen(29365): ASR final='现场安全了我在患者旁' intent= confidence=null
06-06 00:44:20.445 I/LiveAudioPlayer(29365): Live audio cancel with no active stream reason=new_turn
06-06 00:44:20.447 I/WebSocketAgentChannel(29365): Sent live JSON type=context ok=true payloadKeys=["sessionId"]
06-06 00:44:20.447 I/WebSocketAgentChannel(29365): Sent live JSON type=commit_text ok=true payloadKeys=
06-06 00:44:20.449 I/LiveCprCoachScreen(29365): ASR endpoint
06-06 00:44:20.495 I/WebSocketAgentChannel(29365): Received live text {"type":"thinking","session_id":"android_live_548ddc3f","turn_seq":2}
06-06 00:44:20.497 I/WebSocketAgentChannel(29365): Received live text {"type":"final","session_id":"android_live_548ddc3f","turn_seq":2,"text":"现场安全了我在患者旁","intent":"scene_safe"}
06-06 00:44:20.498 I/WebSocketAgentChannel(29365): Received live text {"type":"guidance","session_id":"android_live_548ddc3f","turn_seq":2,"action":{"action_id":"act_mq15mepj_008g_1115d4394799","session_id":"android_live_548ddc3f","timestamp":"2026-06-05T16:44:20.599Z","stage":"S2_CHECK_RESPONSE","intent":"ask_response_check","priority":"normal","source":"state_machin
06-06 00:44:20.501 I/WebSocketAgentChannel(29365): Received live text {"type":"state","session_id":"android_live_548ddc3f","turn_seq":2,"current_stage":"S2_CHECK_RESPONSE","state":{"schema_version":"session_state.v0.1","session_id":"android_live_548ddc3f","mode":"demo_assisted","current_stage":"S2_CHECK_RESPONSE","previous_stage":"S1_SCENE_SAFE","started_at":"2026-06-
06-06 00:44:20.536 I/EdgeTextToSpeech(29365): Android TTS fast path for '请大声叫他，并轻拍双肩。'
06-06 00:44:20.605 I/AndroidTextToSpeech(29365): Android TTS onStart latency=3ms
06-06 00:44:20.605 I/SherpaSpeechEngine(29365): TTS generate start chars=12
06-06 00:44:20.715 D/AudioManager( 9607): dispatching onPlaybackConfigChanged()
06-06 00:44:20.716 D/AudioManager( 9621): dispatching onPlaybackConfigChanged()
06-06 00:44:20.748 D/AudioManager( 9607): dispatching onPlaybackConfigChanged()
06-06 00:44:20.755 D/AudioManager( 9621): dispatching onPlaybackConfigChanged()
06-06 00:44:21.032 I/WebSocketAgentChannel(29365): Received live text {"type":"audio_begin","session_id":"android_live_548ddc3f","turn_seq":2,"action_id":"act_mq15mepj_008g_1115d4394799","format":"pcm16","sample_rate":44100,"channels":1,"bits_per_sample":16}
06-06 00:44:21.040 I/WebSocketAgentChannel(29365): Received live audio bytes=93184
06-06 00:44:21.480 I/WebSocketAgentChannel(29365): Received live audio bytes=94208
06-06 00:44:21.480 I/WebSocketAgentChannel(29365): Received live text {"type":"audio_end","session_id":"android_live_548ddc3f","turn_seq":2,"action_id":"act_mq15mepj_008g_1115d4394799"}
06-06 00:44:23.584 D/AudioManager( 9607): dispatching onPlaybackConfigChanged()
06-06 00:44:23.586 D/AudioManager( 9621): dispatching onPlaybackConfigChanged()
06-06 00:44:23.586 D/AudioManager( 9621): dispatching onPlaybackConfigChanged()
06-06 00:44:23.586 D/AudioManager( 9607): dispatching onPlaybackConfigChanged()
06-06 00:44:26.014 I/LiveCprCoachScreen(29365): ASR endpoint
06-06 00:44:28.562 I/LiveCprCoachScreen(29365): ASR endpoint
06-06 00:44:29.266 I/SherpaSpeechEngine(29365): TTS generate done
06-06 00:44:29.267 I/SherpaSpeechEngine(29365): TTS save done bytes=192556
06-06 00:44:29.277 I/EdgeTextToSpeech(29365): Sherpa TTS background cached '请大声叫他，并轻拍双肩。' in 8663ms
06-06 00:44:29.589 D/TrafficStats( 3989): tagSocket(92) with statsTag=0x34000609, statsUid=10163
06-06 00:44:29.593 D/Linux   ( 3989): [Posix_connect Debug]Process com.google.android.gms.persistent :443 
06-06 00:44:31.076 I/LiveCprCoachScreen(29365): ASR endpoint
06-06 00:44:33.506 I/WebSocketAgentChannel(29365): Received live text {"type":"thinking","session_id":"android_live_548ddc3f","turn_seq":3}
06-06 00:44:33.508 I/WebSocketAgentChannel(29365): Received live text {"type":"final","session_id":"android_live_548ddc3f","turn_seq":3,"text":"","intent":null}
06-06 00:44:33.510 I/WebSocketAgentChannel(29365): Received live text {"type":"guidance","session_id":"android_live_548ddc3f","turn_seq":3,"action":{"action_id":"act_mq15moqw_008p_de7e614f1762","session_id":"android_live_548ddc3f","timestamp":"2026-06-05T16:44:33.608Z","stage":"S3_CHECK_BREATHING","intent":"ask_breathing_check","priority":"high","source":"state_machin
06-06 00:44:33.514 I/WebSocketAgentChannel(29365): Received live text {"type":"state","session_id":"android_live_548ddc3f","turn_seq":3,"current_stage":"S3_CHECK_BREATHING","state":{"schema_version":"session_state.v0.1","session_id":"android_live_548ddc3f","mode":"demo_assisted","current_stage":"S3_CHECK_BREATHING","previous_stage":"S2_CHECK_RESPONSE","started_at":"20
06-06 00:44:33.551 I/EdgeTextToSpeech(29365): Android TTS fast path for '看他的胸口。只是偶尔大口喘，或者'
06-06 00:44:33.597 I/AndroidTextToSpeech(29365): Android TTS onStart latency=2ms
06-06 00:44:33.648 D/AudioManager( 9621): dispatching onPlaybackConfigChanged()
06-06 00:44:33.650 D/AudioManager( 9607): dispatching onPlaybackConfigChanged()
06-06 00:44:33.673 I/LiveCprCoachScreen(29365): ASR endpoint
06-06 00:44:33.675 D/AudioManager( 9621): dispatching onPlaybackConfigChanged()
06-06 00:44:33.676 D/AudioManager( 9607): dispatching onPlaybackConfigChanged()
06-06 00:44:33.980 I/WebSocketAgentChannel(29365): Received live text {"type":"audio_begin","session_id":"android_live_548ddc3f","turn_seq":3,"action_id":"act_mq15moqw_008p_de7e614f1762","format":"pcm16","sample_rate":44100,"channels":1,"bits_per_sample":16}
06-06 00:44:33.989 I/WebSocketAgentChannel(29365): Received live audio bytes=91136
06-06 00:44:34.441 I/WebSocketAgentChannel(29365): Received live audio bytes=113664
06-06 00:44:34.832 W/ProcessState(29530): Extra binder thread started, but 0 threads requested. Do not use *startThreadPool when zero threads are requested.
06-06 00:44:34.866 I/DMABUFHEAPS(29530): Using DMA-BUF heap named: mtk_mm
06-06 00:44:34.866 I/DMABUFHEAPS(29530): Using DMA-BUF heap named: mtk_mm-uncached
06-06 00:44:34.866 I/DMABUFHEAPS(29530): Using DMA-BUF heap named: mtk_svp_region-aligned
06-06 00:44:34.866 I/DMABUFHEAPS(29530): Using DMA-BUF heap named: mtk_prot_region
06-06 00:44:34.866 I/DMABUFHEAPS(29530): Using DMA-BUF heap named: mtk_2d_fr_region
06-06 00:44:34.866 I/DMABUFHEAPS(29530): Using DMA-BUF heap named: mtk_wfd_region-aligned
06-06 00:44:34.867 D/OpenGLRenderer(29530): Bitmap::compress format:Png w:720 h:1612 quality:100 app_apk:screencap 
06-06 00:44:34.867 W/libc    (29530): Access denied finding property "vendor.vivo.imageencoder.dump"
06-06 00:44:34.926 I/WebSocketAgentChannel(29365): Received live audio bytes=102400
06-06 00:44:34.969 W/RefBase (29530): RefBase: Explicit destruction, weak count = 0 (in 0x7f213e6468). Use sp<> to manage this object.
06-06 00:44:34.974 D/RefBase (29530): #00 pc 000000000010cc18  /apex/com.android.runtime/lib64/bionic/libc.so (__cxa_finalize+280)
06-06 00:44:34.974 D/RefBase (29530): #01 pc 00000000000fee08  /apex/com.android.runtime/lib64/bionic/libc.so (exit+24)
06-06 00:44:34.974 D/RefBase (29530): #02 pc 00000000000927f4  /apex/com.android.runtime/lib64/bionic/libc.so (__libc_init+100)
06-06 00:44:35.109 E/appproc (29533): checkAndSetEnv get_baksize open file /data/dalvik-cache/classpath failed , error(Permission denied)
06-06 00:44:35.109 E/appproc (29533): checkAndSetEnv write_classpathbak open file failed:Permission denied
06-06 00:44:35.109 E/appproc (29533): checkAndSetEnv get_baksize open file /data/dalvik-cache/classpath2 failed , error(Permission denied)
06-06 00:44:35.109 E/appproc (29533): checkAndSetEnv write_classpathbak open file failed:Permission denied
06-06 00:44:35.109 E/appproc (29533): checkAndSetEnv get_baksize open file /data/dalvik-cache/classpath3 failed , error(Permission denied)
06-06 00:44:35.109 E/appproc (29533): checkAndSetEnv write_classpathbak open file failed:Permission denied
06-06 00:44:35.109 E/appproc (29533): checkAndSetEnv get_baksize open file /data/dalvik-cache/classpath4 failed , error(Permission denied)
06-06 00:44:35.109 E/appproc (29533): checkAndSetEnv write_classpathbak open file failed:Permission denied
06-06 00:44:35.109 D/AndroidRuntime(29533): >>>>>> START com.android.internal.os.RuntimeInit uid 2000 <<<<<<
06-06 00:44:35.114 I/AndroidRuntime(29533): Using default boot image
06-06 00:44:35.114 I/AndroidRuntime(29533): Leaving lock profiling enabled
06-06 00:44:35.116 W/app_process(29533): ART APEX data files are untrusted.
06-06 00:44:35.228 D/app_process(29533): Time zone APEX ICU file found: /apex/com.android.tzdata/etc/icu/icu_tzdata.dat
06-06 00:44:35.228 D/app_process(29533): I18n APEX ICU file found: /apex/com.android.i18n/etc/icu/icudt70l.dat
06-06 00:44:35.237 E/app_process(29533): No implementation found for long android.os.Trace.nativeGetEnabledTags() (tried Java_android_os_Trace_nativeGetEnabledTags and Java_android_os_Trace_nativeGetEnabledTags__)
06-06 00:44:35.238 E/app_process(29533): No implementation found for long android.os.Trace.nativeGetEnabledTags() (tried Java_android_os_Trace_nativeGetEnabledTags and Java_android_os_Trace_nativeGetEnabledTags__)
06-06 00:44:35.238 E/System  (29533): openDexFile load detect error
06-06 00:44:35.238 E/System  (29533): java.lang.reflect.InvocationTargetException
06-06 00:44:35.238 E/System  (29533): 	at java.lang.reflect.Method.invoke(Native Method)
06-06 00:44:35.238 E/System  (29533): 	at dalvik.system.DexFile.openDexFile(DexFile.java:387)
06-06 00:44:35.238 E/System  (29533): 	at dalvik.system.DexFile.<init>(DexFile.java:118)
06-06 00:44:35.238 E/System  (29533): 	at dalvik.system.DexFile.<init>(DexFile.java:91)
06-06 00:44:35.238 E/System  (29533): 	at dalvik.system.DexPathList.loadDexFile(DexPathList.java:438)
06-06 00:44:35.238 E/System  (29533): 	at dalvik.system.DexPathList.makeDexElements(DexPathList.java:397)
06-06 00:44:35.238 E/System  (29533): 	at dalvik.system.DexPathList.<init>(DexPathList.java:166)
06-06 00:44:35.238 E/System  (29533): 	at dalvik.system.BaseDexClassLoader.<init>(BaseDexClassLoader.java:160)
06-06 00:44:35.238 E/System  (29533): 	at dalvik.system.BaseDexClassLoader.<init>(BaseDexClassLoader.java:105)
06-06 00:44:35.238 E/System  (29533): 	at dalvik.system.PathClassLoader.<init>(PathClassLoader.java:71)
06-06 00:44:35.238 E/System  (29533): 	at java.lang.ClassLoader.createSystemClassLoader(ClassLoader.java:224)
06-06 00:44:35.238 E/System  (29533): 	at java.lang.ClassLoader.-$$Nest$smcreateSystemClassLoader(Unknown Source:0)
06-06 00:44:35.238 E/System  (29533): 	at java.lang.ClassLoader$SystemClassLoader.<clinit>(ClassLoader.java:183)
06-06 00:44:35.238 E/System  (29533): 	at java.lang.ClassLoader.getSystemClassLoader(ClassLoader.java:1098)
06-06 00:44:35.238 E/System  (29533): Caused by: java.lang.UnsatisfiedLinkError: No implementation found for long android.os.Trace.nativeGetEnabledTags() (tried Java_android_os_Trace_nativeGetEnabledTags and Java_android_os_Trace_nativeGetEnabledTags__)
06-06 00:44:35.238 E/System  (29533): 	at android.os.Trace.nativeGetEnabledTags(Native Method)
06-06 00:44:35.238 E/System  (29533): 	at android.os.Trace.isTagEnabled(Trace.java:163)
06-06 00:44:35.238 E/System  (29533): 	at android.os.Trace.endSection(Trace.java:398)
06-06 00:44:35.238 E/System  (29533): 	at com.vivo.framework.securitydetect.DynamicLoadDetectManager.reportDexLoaded(DynamicLoadDetectManager.java:156)
06-06 00:44:35.238 E/System  (29533): 	... 14 more
06-06 00:44:35.239 E/app_process(29533): No implementation found for long android.os.Trace.nativeGetEnabledTags() (tried Java_android_os_Trace_nativeGetEnabledTags and Java_android_os_Trace_nativeGetEnabledTags__)
06-06 00:44:35.240 E/app_process(29533): No implementation found for long android.os.Trace.nativeGetEnabledTags() (tried Java_android_os_Trace_nativeGetEnabledTags and Java_android_os_Trace_nativeGetEnabledTags__)
06-06 00:44:35.240 E/System  (29533): openDexFile load detect error
06-06 00:44:35.240 E/System  (29533): java.lang.reflect.InvocationTargetException
06-06 00:44:35.240 E/System  (29533): 	at java.lang.reflect.Method.invoke(Native Method)
06-06 00:44:35.240 E/System  (29533): 	at dalvik.system.DexFile.openDexFile(DexFile.java:387)
06-06 00:44:35.240 E/System  (29533): 	at dalvik.system.DexFile.<init>(DexFile.java:118)
06-06 00:44:35.240 E/System  (29533): 	at dalvik.system.DexFile.<init>(DexFile.java:91)
06-06 00:44:35.240 E/System  (29533): 	at dalvik.system.DexPathList.loadDexFile(DexPathList.java:438)
06-06 00:44:35.240 E/System  (29533): 	at dalvik.system.DexPathList.makeDexElements(DexPathList.java:397)
06-06 00:44:35.240 E/System  (29533): 	at dalvik.system.DexPathList.<init>(DexPathList.java:166)
06-06 00:44:35.240 E/System  (29533): 	at dalvik.system.BaseDexClassLoader.<init>(BaseDexClassLoader.java:160)
06-06 00:44:35.240 E/System  (29533): 	at dalvik.system.BaseDexClassLoader.<init>(BaseDexClassLoader.java:105)
06-06 00:44:35.240 E/System  (29533): 	at dalvik.system.PathClassLoader.<init>(PathClassLoader.java:71)
06-06 00:44:35.240 E/System  (29533): 	at java.lang.ClassLoader.createSystemClassLoader(ClassLoader.java:224)
06-06 00:44:35.240 E/System  (29533): 	at java.lang.ClassLoader.-$$Nest$smcreateSystemClassLoader(Unknown Source:0)
06-06 00:44:35.240 E/System  (29533): 	at java.lang.ClassLoader$SystemClassLoader.<clinit>(ClassLoader.java:183)
06-06 00:44:35.240 E/System  (29533): 	at java.lang.ClassLoader.getSystemClassLoader(ClassLoader.java:1098)
06-06 00:44:35.240 E/System  (29533): Caused by: java.lang.UnsatisfiedLinkError: No implementation found for long android.os.Trace.nativeGetEnabledTags() (tried Java_android_os_Trace_nativeGetEnabledTags and Java_android_os_Trace_nativeGetEnabledTags__)
06-06 00:44:35.240 E/System  (29533): 	at android.os.Trace.nativeGetEnabledTags(Native Method)
06-06 00:44:35.240 E/System  (29533): 	at android.os.Trace.isTagEnabled(Trace.java:163)
06-06 00:44:35.240 E/System  (29533): 	at android.os.Trace.endSection(Trace.java:398)
06-06 00:44:35.240 E/System  (29533): 	at com.vivo.framework.securitydetect.DynamicLoadDetectManager.reportDexLoaded(DynamicLoadDetectManager.java:156)
06-06 00:44:35.240 E/System  (29533): 	... 14 more
06-06 00:44:35.241 W/app_process(29533): ClassLoaderContext classpath size mismatch. expected=0, found=1 (PCL[] | PCL[/system/framework/android.test.runner.jar*2259575933])
06-06 00:44:35.245 I/VivoSystemFrameworkFactory(29533): Instance implClass com.vivo.VivoSystemFrameworkFactoryImpl
06-06 00:44:35.266 D/AndroidRuntime(29533): Calling main entry com.android.commands.uiautomator.Launcher
06-06 00:44:35.270 W/ziparchive(29533): Unable to open '/system/framework/mediatek-framework.dm': No such file or directory
06-06 00:44:35.270 W/ziparchive(29533): Unable to open '/system/framework/mediatek-framework.dm': No such file or directory
06-06 00:44:35.278 W/uiautomator(29533): type=1400 audit(0.0:3428429): avc: denied { read } for name="user_cpu_freq" dev="sysfs" ino=49317 scontext=u:r:shell:s0 tcontext=u:object_r:sysfs_user_cpu_freq:s0 tclass=file permissive=0
06-06 00:44:35.416 I/WebSocketAgentChannel(29365): Received live audio bytes=108544
06-06 00:44:35.417 I/WebSocketAgentChannel(29365): Received live text {"type":"audio_end","session_id":"android_live_548ddc3f","turn_seq":3,"action_id":"act_mq15moqw_008p_de7e614f1762"}
06-06 00:44:36.307 W/libc    (29533): Access denied finding property "qemu.sf.lcd_density"
06-06 00:44:36.307 W/libc    (29533): Access denied finding property "qemu.sf.lcd_density"
06-06 00:44:36.306 W/uiautomator(29533): type=1400 audit(0.0:3428430): avc: denied { read } for name="u:object_r:qemu_sf_lcd_density_prop:s0" dev="tmpfs" ino=280 scontext=u:r:shell:s0 tcontext=u:object_r:qemu_sf_lcd_density_prop:s0 tclass=file permissive=0
06-06 00:44:36.306 W/uiautomator(29533): type=1400 audit(0.0:3428431): avc: denied { read } for name="u:object_r:qemu_sf_lcd_density_prop:s0" dev="tmpfs" ino=280 scontext=u:r:shell:s0 tcontext=u:object_r:qemu_sf_lcd_density_prop:s0 tclass=file permissive=0
06-06 00:44:36.328 W/AccessibilityNodeInfoDumper(29533): Fetch time: 18ms
06-06 00:44:36.368 D/AndroidRuntime(29533): Shutting down VM
06-06 00:44:37.200 W/RefBase (29533): RefBase: Explicit destruction, weak count = 0 (in 0x76625f8468). Use sp<> to manage this object.
06-06 00:44:37.204 D/RefBase (29533): #00 pc 000000000010cc18  /apex/com.android.runtime/lib64/bionic/libc.so (__cxa_finalize+280)
06-06 00:44:37.205 D/RefBase (29533): #01 pc 00000000000fee08  /apex/com.android.runtime/lib64/bionic/libc.so (exit+24)
06-06 00:44:37.205 D/RefBase (29533): #02 pc 00000000000927f4  /apex/com.android.runtime/lib64/bionic/libc.so (__libc_init+100)
06-06 00:44:37.305 I/CodexTest(29552): CLEAN_R1_SCENE_SAFE_CAPTURE_DONE
06-06 00:44:39.568 D/AudioManager( 9607): dispatching onPlaybackConfigChanged()
06-06 00:44:39.568 D/AudioManager( 9607): dispatching onPlaybackConfigChanged()
06-06 00:44:39.568 D/AudioManager( 9621): dispatching onPlaybackConfigChanged()
06-06 00:44:39.569 D/AudioManager( 9621): dispatching onPlaybackConfigChanged()
06-06 00:44:40.552 I/LiveCprCoachScreen(29365): ASR partial='边'
06-06 00:44:42.139 I/LiveCprCoachScreen(29365): ASR final='边' intent= confidence=null
06-06 00:44:42.140 I/LiveAudioPlayer(29365): Live audio cancel with no active stream reason=new_turn
06-06 00:44:42.141 I/WebSocketAgentChannel(29365): Sent live JSON type=context ok=true payloadKeys=["sessionId"]
06-06 00:44:42.141 I/WebSocketAgentChannel(29365): Sent live JSON type=commit_text ok=true payloadKeys=
06-06 00:44:42.142 I/LiveCprCoachScreen(29365): ASR endpoint
06-06 00:44:42.193 I/WebSocketAgentChannel(29365): Received live text {"type":"thinking","session_id":"android_live_548ddc3f","turn_seq":4}
06-06 00:44:42.195 I/WebSocketAgentChannel(29365): Received live text {"type":"final","session_id":"android_live_548ddc3f","turn_seq":4,"text":"边","intent":null}
06-06 00:44:42.196 I/WebSocketAgentChannel(29365): Received live text {"type":"guidance","session_id":"android_live_548ddc3f","turn_seq":4,"action":{"action_id":"act_mq15mvg8_0090_de801a06a365","session_id":"android_live_548ddc3f","timestamp":"2026-06-05T16:44:42.296Z","stage":"S3_CHECK_BREATHING","intent":"ask_breathing_check","priority":"high","source":"state_machin
06-06 00:44:42.198 I/WebSocketAgentChannel(29365): Received live text {"type":"state","session_id":"android_live_548ddc3f","turn_seq":4,"current_stage":"S3_CHECK_BREATHING","state":{"schema_version":"session_state.v0.1","session_id":"android_live_548ddc3f","mode":"demo_assisted","current_stage":"S3_CHECK_BREATHING","previous_stage":"S3_CHECK_BREATHING","started_at":"2
06-06 00:44:42.220 I/EdgeTextToSpeech(29365): Android TTS fast path for '看他的胸口。只是偶尔大口喘，或者'
06-06 00:44:42.304 I/AndroidTextToSpeech(29365): Android TTS onStart latency=3ms
06-06 00:44:42.355 D/AudioManager( 9621): dispatching onPlaybackConfigChanged()
06-06 00:44:42.356 D/AudioManager( 9607): dispatching onPlaybackConfigChanged()
06-06 00:44:42.373 D/AudioManager( 9621): dispatching onPlaybackConfigChanged()
06-06 00:44:42.373 D/AudioManager( 9607): dispatching onPlaybackConfigChanged()
06-06 00:44:42.542 I/WebSocketAgentChannel(29365): Received live text {"type":"audio_begin","session_id":"android_live_548ddc3f","turn_seq":4,"action_id":"act_mq15mvg8_0090_de801a06a365","format":"pcm16","sample_rate":44100,"channels":1,"bits_per_sample":16}
06-06 00:44:42.544 I/WebSocketAgentChannel(29365): Received live audio bytes=91136
06-06 00:44:43.025 I/WebSocketAgentChannel(29365): Received live audio bytes=113664
06-06 00:44:43.551 I/WebSocketAgentChannel(29365): Received live audio bytes=102400
06-06 00:44:44.128 I/WebSocketAgentChannel(29365): Received live audio bytes=108544
