--------- beginning of main
06-06 00:29:20.068 I/SherpaSpeechEngine(27682): TTS generate done
06-06 00:29:20.073 I/SherpaSpeechEngine(27682): TTS save done bytes=71724
06-06 00:29:20.074 I/EdgeTextToSpeech(27682): Sherpa TTS cached '继续按压' in 3659ms
06-06 00:29:20.322 I/d.copilot.debug(27928): Late-enabling -Xcheck:jni
--------- beginning of system
06-06 00:29:20.381 V/ActivityThread(27928): updateVmProcessStateForGc sceneId =1 state=197376
06-06 00:29:20.382 I/d.copilot.debug(27928): Open vivo delay for GC JIT .
06-06 00:29:20.391 D/CompatibilityChangeReporter(27928): Compat change id reported: 171979766; UID 10299; state: ENABLED
06-06 00:29:20.428 V/GraphicsEnvironment(27928): ANGLE Developer option for 'com.firstaid.copilot.debug' set to: 'default'
06-06 00:29:20.428 V/GraphicsEnvironment(27928): ANGLE GameManagerService for com.firstaid.copilot.debug: false
06-06 00:29:20.429 V/GraphicsEnvironment(27928): App is not on the allowlist for updatable production driver.
06-06 00:29:20.435 D/NetworkSecurityConfig(27928): Using Network Security Config from resource network_security_config debugBuild: true
06-06 00:29:20.437 D/NetworkSecurityConfig(27928): Using Network Security Config from resource network_security_config debugBuild: true
06-06 00:29:20.449 W/libc    (27928): Access denied finding property "ro.vendor.perf.scroll_opt.heavy_app"
06-06 00:29:20.464 I/MSYNC3-VariableRefreshRate(27928): Variable refreshrate is disabled
06-06 00:29:20.464 I/PowerHalWrapper(27928): PowerHalWrapper.getInstance 
06-06 00:29:20.472 D/VivoConfigStore(27928): init begin
06-06 00:29:20.479 D/VivoConfigStore(27928): key:vivo.software.nightmode isCached is true and value is true
06-06 00:29:20.496 D/VivoConfigStore(27928): key:vivo.software.multilandscape isCached is true and value is true
06-06 00:29:20.498 D/VivoConfigStore(27928): key:vivo.software.ml.freedrag isCached is false and normal value is false
06-06 00:29:20.499 D/VivoConfigStore(27928): key:vivo.software.virtualmultilands isCached is true and value is true
06-06 00:29:20.500 D/VivoConfigStore(27928): key:vivo.software.multiwindowresidentbar isCached is false and normal value is false
06-06 00:29:20.503 D/VivoConfigStore(27928): key:vivo.software.hovermode isCached is false and normal value is false
06-06 00:29:20.515 D/VivoConfigStore(27928): key:vivo.software.multiwindow isCached is true and value is true
06-06 00:29:20.515 D/VivoConfigStore(27928): key:vivo.software.freeform isCached is true and value is true
06-06 00:29:20.576 D/VivoConfigStore(27928): key:vivo.software.immersive isCached is false and normal value is false
06-06 00:29:20.577 D/VivoConfigStore(27928): key:vivo.software.multiwindow isCached is true and value is true
06-06 00:29:20.757 I/TextToSpeech(27928): Connected to TTS engine
06-06 00:29:20.760 I/TextToSpeech(27928): Setting up the connection to TTS engine...
06-06 00:29:20.771 W/d.copilot.debug(27928): Method boolean androidx.compose.runtime.snapshots.SnapshotStateList.conditionalUpdate(boolean, kotlin.jvm.functions.Function1) failed lock verification and will run slower.
06-06 00:29:20.771 W/d.copilot.debug(27928): Common causes for lock verification issues are non-optimized dex code
06-06 00:29:20.771 W/d.copilot.debug(27928): and incorrect proguard optimizations.
06-06 00:29:20.771 W/d.copilot.debug(27928): Method boolean androidx.compose.runtime.snapshots.SnapshotStateList.conditionalUpdate$default(androidx.compose.runtime.snapshots.SnapshotStateList, boolean, kotlin.jvm.functions.Function1, int, java.lang.Object) failed lock verification and will run slower.
06-06 00:29:20.771 W/d.copilot.debug(27928): Method java.lang.Object androidx.compose.runtime.snapshots.SnapshotStateList.mutate(kotlin.jvm.functions.Function1) failed lock verification and will run slower.
06-06 00:29:20.771 W/d.copilot.debug(27928): Method void androidx.compose.runtime.snapshots.SnapshotStateList.update(boolean, kotlin.jvm.functions.Function1) failed lock verification and will run slower.
06-06 00:29:20.771 W/d.copilot.debug(27928): Method void androidx.compose.runtime.snapshots.SnapshotStateList.update$default(androidx.compose.runtime.snapshots.SnapshotStateList, boolean, kotlin.jvm.functions.Function1, int, java.lang.Object) failed lock verification and will run slower.
06-06 00:29:20.774 I/EdgeTextToSpeech(27928): Bundled TTS cache ready: 0/48 phrases (Asset)
06-06 00:29:20.842 D/BufferQueueConsumer(27928): [](id:6d1800000000,api:0,p:-1,c:27928) connect: controlledByApp=false
06-06 00:29:20.844 E/FBI     (27928): Can't load library: dlopen failed: library "libmagtsync.so" not found
06-06 00:29:20.868 D/skia    (27928): GrGLMakeAssembledInterface verStr OpenGL ES 3.2 v1.r32p1-01eac0.0a0b917d9265b4c01be9925306306139
06-06 00:29:20.868 D/skia    (27928): GrGLMakeAssembledGLESInterface verStr OpenGL ES 3.2 v1.r32p1-01eac0.0a0b917d9265b4c01be9925306306139
06-06 00:29:20.868 D/skia    (27928): extensions init verString=OpenGL ES 3.2 v1.r32p1-01eac0.0a0b917d9265b4c01be9925306306139
06-06 00:29:20.876 I/BLASTBufferQueue(27928): QoSAllocBuff Successful. Ret 0 
06-06 00:29:20.908 D/BLASTBufferQueue(27928): [VRI[MainActivity]#0](f:0,a:1) acquireNextBufferLocked size=720x1612 mFrameNumber=1 applyTransaction=true mTimestamp=51594841021844(auto) mPendingTransactions.size=0 graphicBufferId=119949846642693 transform=0
06-06 00:29:20.911 W/Parcel  (27928): Expecting binder but got null!
06-06 00:29:20.929 I/ActivityTaskManager( 1553): Displayed com.firstaid.copilot.debug/com.firstaid.copilot.MainActivity: +662ms
06-06 00:29:20.949 I/WebSocketAgentChannel(27928): Connecting live WebSocket url=ws://127.0.0.1:8787/ws/live session=android_live_986fc04d mode=demo_assisted
06-06 00:29:20.962 D/TrafficStats(27928): tagSocket(137) with statsTag=0xffffffff, statsUid=-1
06-06 00:29:20.963 D/TrafficStats(27928): tagSocket(140) with statsTag=0xffffffff, statsUid=-1
06-06 00:29:20.964 D/Linux   (27928): [Posix_connect Debug]Process com.firstaid.copilot.debug :8787 
06-06 00:29:20.964 D/Linux   (27928): [Posix_connect Debug]Process com.firstaid.copilot.debug :8787 
06-06 00:29:20.965 W/libc    (27928): Access denied finding property "ro.hardware.chipname"
06-06 00:29:20.977 I/WebSocketAgentChannel(27928): Live WebSocket opened code=101
06-06 00:29:20.977 I/WebSocketAgentChannel(27928): Sent live JSON type=start ok=true payloadKeys=
06-06 00:29:20.978 I/WebSocketAgentChannel(27928): Received live text {"type":"state","session_id":"voice_live_mq1534n7_002n_bb0d3fe31a43","live":true,"status":"connected","stt_mode":"pending"}
06-06 00:29:20.979 I/WebSocketAgentChannel(27928): Received live text {"type":"state","session_id":"android_live_986fc04d","live":true,"status":"connected","stt_mode":"pending"}
06-06 00:29:21.027 I/SherpaSpeechEngine(27928): ASR create start modelDir=/storage/emulated/0/Android/media/com.firstaid.copilot.debug/models/speech/stt-stream/sherpa-onnx-streaming-zipformer-bilingual-zh-en-2023-02-20
06-06 00:29:21.041 V/ImeFocusController(27928): onWindowFocus: DecorView@3974861[MainActivity] softInputMode=STATE_UNSPECIFIED|ADJUST_PAN|IS_FORWARD_NAVIGATION
06-06 00:29:21.041 V/ImeFocusController(27928): Restarting due to isRestartOnNextWindowFocus as true
06-06 00:29:21.041 D/ImeFocusController(27928): onViewFocusChanged, view=DecorView@3974861[MainActivity], mServedView=null
06-06 00:29:21.042 V/ImeFocusController(27928): checkFocus: view=null next=DecorView@3974861[MainActivity] immDelegate=delegate{5f12faf displayId=0} force=true package=<none>
06-06 00:29:21.078 I/FontLog ( 3989): (REDACTED) Received query %s, URI %s
06-06 00:29:21.078 I/FontLog ( 3989): (REDACTED) Query [%s] resolved to %s
06-06 00:29:21.080 I/FontLog ( 3989): (REDACTED) Fetch %s end status %s
06-06 00:29:21.085 I/FontLog ( 3989): (REDACTED) Pulling font file for id = %d, cache size = %d
06-06 00:29:21.094 I/FontLog ( 3989): (REDACTED) Pulling font file for id = %d, cache size = %d
06-06 00:29:21.097 V/ActivityThread(27928): updateVmProcessStateForGc sceneId =1 state=196608
06-06 00:29:21.097 I/d.copilot.debug(27928): Close vivo delay for GC JIT .
06-06 00:29:21.747 I/d.copilot.debug(27928): Compiler allocated 5703KB to compile void android.view.ViewRootImpl.performTraversals()
06-06 00:29:23.123 I/SherpaSpeechEngine(27928): ASR create done
06-06 00:29:23.125 I/SherpaSpeechEngine(27928): ASR accept waveform samples=3200
06-06 00:29:23.126 I/SherpaSpeechEngine(27928): ASR decode done iterations=0
06-06 00:29:23.158 I/SherpaSpeechEngine(27928): ASR create start modelDir=/storage/emulated/0/Android/media/com.firstaid.copilot.debug/models/speech/stt-stream/sherpa-onnx-streaming-zipformer-bilingual-zh-en-2023-02-20
06-06 00:29:25.091 I/SherpaSpeechEngine(27928): ASR create done
06-06 00:29:25.099 I/SherpaSpeechEngine(27928): TTS create start model=/storage/emulated/0/Android/media/com.firstaid.copilot.debug/models/speech/tts/model.int8.onnx
06-06 00:29:25.105 W/sherpa-onnx(27928): /home/runner/work/sherpa-onnx/sherpa-onnx/sherpa-onnx/jni/offline-tts.cc:operator():481
06-06 00:29:25.105 W/sherpa-onnx(27928): config:
06-06 00:29:25.105 W/sherpa-onnx(27928): OfflineTtsConfig(model=OfflineTtsModelConfig(vits=OfflineTtsVitsModelConfig(model="/storage/emulated/0/Android/media/com.firstaid.copilot.debug/models/speech/tts/model.int8.onnx", lexicon="/storage/emulated/0/Android/media/com.firstaid.copilot.debug/models/speech/tts/lexicon.txt", tokens="/storage/emulated/0/Android/media/com.firstaid.copilot.debug/models/speech/tts/tokens.txt", data_dir="", noise_scale=0.667, noise_scale_w=0.8, length_scale=1), matcha=OfflineTtsMatchaModelConfig(acoustic_model="", vocoder="", lexicon="", tokens="", data_dir="", noise_scale=1, length_scale=1), kokoro=OfflineTtsKokoroModelConfig(model="", voices="", tokens="", lexicon="", data_dir="", length_scale=1, lang=""), zipvoice=OfflineTtsZipvoiceModelConfig(tokens="", encoder="", decoder="", vocoder="", data_dir="", lexicon="", feat_scale=0.1, t_shift=0.5, target_rms=0.1, guidance_scale=1), kitten=OfflineTtsKittenModelConfig(model="", voices="", tokens="", data_dir="", length_scale=1), pocket=OfflineTtsPocketModelConfig(lm_flo
06-06 00:29:25.809 D/ProfileInstaller(27928): Installing profile for com.firstaid.copilot.debug
06-06 00:29:30.386 I/LiveAudioPlayer(27928): Live audio cancel with no active stream reason=new_turn
06-06 00:29:30.387 I/WebSocketAgentChannel(27928): Sent live JSON type=turn ok=true payloadKeys=["sessionId","eventSource","eventType","deviceState","metadata"]
06-06 00:29:30.388 I/WebSocketAgentChannel(27928): Sent live JSON type=context ok=true payloadKeys=["sessionId"]
06-06 00:29:30.391 I/WebSocketAgentChannel(27928): Received live text {"type":"thinking","session_id":"android_live_986fc04d","turn_seq":1}
06-06 00:29:30.396 I/WebSocketAgentChannel(27928): Received live text {"type":"final","session_id":"android_live_986fc04d","turn_seq":1,"text":"","intent":null}
06-06 00:29:30.396 I/WebSocketAgentChannel(27928): Received live text {"type":"guidance","session_id":"android_live_986fc04d","turn_seq":1,"action":{"action_id":"act_mq153bwt_002s_ee958e56fcf6","session_id":"android_live_986fc04d","timestamp":"2026-06-05T16:29:30.509Z","stage":"S1_SCENE_SAFE","intent":"ensure_scene_safe","priority":"normal","source":"state_machine","r
06-06 00:29:30.398 V/VivoAudioPolicyProxyNative(27928): VivoAudioPolicyProxy getInstanceInter: binding to vivoaudiopolicy service success!
06-06 00:29:30.398 D/AudioRecord(27928): set(): 0xb400007660936580, inputSource 6, sampleRate 16000, format 0x1, channelMask 0x10, frameCount 2560, notificationFrames 0, sessionId 0, transferType 0, flags 0, attributionSource AttributionSourceState{pid: -1, uid: 10299, packageName: com.firstaid.copilot.debug, attributionTag: (null), token: , renouncedPermissions: [], next: []} uid -1, pid -1, latency 200
06-06 00:29:30.400 D/AudioSystem(27928): getpackName client name com.firstaid.copilot.debug(27928)
06-06 00:29:30.401 I/AudioRecord(27928): set(): getPolicyInputSourceForVoip mAttributes input source= 6,flags:0
06-06 00:29:30.401 D/AudioRecord(27928): getpackName client name com.firstaid.copilot.debug(27928)
06-06 00:29:30.401 D/AudioRecord(27928): getpackName client name com.firstaid.copilot.debug(27928)
06-06 00:29:30.401 D/AudioRecord(27928): getpackName client name com.firstaid.copilot.debug(27928)
06-06 00:29:30.405 I/WebSocketAgentChannel(27928): Received live text {"type":"state","session_id":"android_live_986fc04d","turn_seq":1,"current_stage":"S1_SCENE_SAFE","state":{"schema_version":"session_state.v0.1","session_id":"android_live_986fc04d","mode":"demo_assisted","current_stage":"S1_SCENE_SAFE","previous_stage":"S1_SCENE_SAFE","started_at":"2026-06-05T16:29
06-06 00:29:30.420 D/AudioRecord(27928): openRecord_l: 0xb400007660936580, mCblk = 0x780e4c5000
06-06 00:29:30.430 I/AudioEffect(27928): queryNumberEffects(): *numEffects = 25, ret = 0
06-06 00:29:30.442 I/AudioEffect(27928): set 0xb4000076309d0720 uuid: 0x74b8499510 timeLow 7b491460
06-06 00:29:30.448 I/AudioEffect(27928): set() 0xb4000076309d0720 OK effect: Acoustic Echo Canceler id: 379 status 0 enabled 0 pid 27928
06-06 00:29:30.448 I/AudioEffect(27928): enable 0xb4000076309d0720
06-06 00:29:30.450 I/AudioEffect(27928): queryNumberEffects(): *numEffects = 25, ret = 0
06-06 00:29:30.459 I/EdgeTextToSpeech(27928): Android TTS fast path for '开始录制，先确认周围安全；安全后'
06-06 00:29:30.461 I/AudioEffect(27928): set 0xb400007630aea920 uuid: 0x74b8499510 timeLow 58b4b260
06-06 00:29:30.465 I/AudioEffect(27928): set() 0xb400007630aea920 OK effect: Noise Suppression id: 387 status 0 enabled 0 pid 27928
06-06 00:29:30.466 I/AudioEffect(27928): enable 0xb400007630aea920
06-06 00:29:30.470 D/AudioRecord(27928): start(249): 0xb400007660936580, sync event 0 trigger session 0
06-06 00:29:30.470 D/AudioRecord(27928): getpackName client name com.firstaid.copilot.debug(27928)
06-06 00:29:30.487 D/AudioRecord(27928): start(249): return status 0
06-06 00:29:30.551 I/AndroidTextToSpeech(27928): Android TTS onStart latency=2ms
06-06 00:29:30.639 D/AudioManager( 9607): dispatching onPlaybackConfigChanged()
06-06 00:29:30.639 D/AudioManager( 9621): dispatching onPlaybackConfigChanged()
06-06 00:29:30.657 D/AudioManager( 9607): dispatching onPlaybackConfigChanged()
06-06 00:29:30.657 D/AudioManager( 9621): dispatching onPlaybackConfigChanged()
06-06 00:29:30.848 I/SherpaSpeechEngine(27928): TTS create done
06-06 00:29:30.848 I/SherpaSpeechEngine(27928): TTS generate start chars=4
06-06 00:29:31.063 I/d.copilot.debug(27928): Compiler allocated 4546KB to compile void com.firstaid.copilot.live.ui.LiveCprCoachScreenKt.LiveCprCoachScreen(com.firstaid.copilot.live.LiveSessionViewModel, kotlin.jvm.functions.Function0, androidx.compose.runtime.Composer, int, int)
06-06 00:29:33.117 I/WebSocketAgentChannel(27928): Received live text {"type":"audio_begin","session_id":"android_live_986fc04d","turn_seq":1,"action_id":"act_mq153bwt_002s_ee958e56fcf6","format":"pcm16","sample_rate":44100,"channels":1,"bits_per_sample":16}
06-06 00:29:33.125 I/WebSocketAgentChannel(27928): Received live audio bytes=73728
06-06 00:29:33.493 I/WebSocketAgentChannel(27928): Received live audio bytes=105472
06-06 00:29:33.997 I/WebSocketAgentChannel(27928): Received live audio bytes=138240
06-06 00:29:33.998 I/WebSocketAgentChannel(27928): Received live text {"type":"audio_end","session_id":"android_live_986fc04d","turn_seq":1,"action_id":"act_mq153bwt_002s_ee958e56fcf6"}
06-06 00:29:34.694 I/SherpaSpeechEngine(27928): TTS generate done
06-06 00:29:34.695 I/SherpaSpeechEngine(27928): TTS save done bytes=71724
06-06 00:29:34.697 I/EdgeTextToSpeech(27928): Sherpa TTS cached '继续按压' in 9598ms
06-06 00:29:34.703 I/SherpaSpeechEngine(27928): TTS generate start chars=21
06-06 00:29:34.704 W/sherpa-onnx(27928): /home/runner/work/sherpa-onnx/sherpa-onnx/sherpa-onnx/csrc/melo-tts-lexicon.cc:ConvertTextToTokenIds:120
06-06 00:29:34.704 W/sherpa-onnx(27928): Ignore OOV '；'
06-06 00:29:35.411 D/AudioManager( 9621): dispatching onPlaybackConfigChanged()
06-06 00:29:35.412 D/AudioManager( 9607): dispatching onPlaybackConfigChanged()
06-06 00:29:35.412 D/AudioManager( 9621): dispatching onPlaybackConfigChanged()
06-06 00:29:35.413 D/AudioManager( 9607): dispatching onPlaybackConfigChanged()
06-06 00:29:37.179 I/LiveCprCoachScreen(27928): ASR partial='车型'
06-06 00:29:37.500 I/LiveCprCoachScreen(27928): ASR partial='车型买单'
06-06 00:29:37.788 I/LiveCprCoachScreen(27928): ASR partial='车型买单但是'
06-06 00:29:38.460 I/LiveCprCoachScreen(27928): ASR partial='车型买单但是你认真'
06-06 00:29:38.563 W/ProcessState(28043): Extra binder thread started, but 0 threads requested. Do not use *startThreadPool when zero threads are requested.
06-06 00:29:38.601 I/DMABUFHEAPS(28043): Using DMA-BUF heap named: mtk_mm
06-06 00:29:38.601 I/DMABUFHEAPS(28043): Using DMA-BUF heap named: mtk_mm-uncached
06-06 00:29:38.601 I/DMABUFHEAPS(28043): Using DMA-BUF heap named: mtk_svp_region-aligned
06-06 00:29:38.601 I/DMABUFHEAPS(28043): Using DMA-BUF heap named: mtk_prot_region
06-06 00:29:38.601 I/DMABUFHEAPS(28043): Using DMA-BUF heap named: mtk_2d_fr_region
06-06 00:29:38.601 I/DMABUFHEAPS(28043): Using DMA-BUF heap named: mtk_wfd_region-aligned
06-06 00:29:38.602 D/OpenGLRenderer(28043): Bitmap::compress format:Png w:720 h:1612 quality:100 app_apk:screencap 
06-06 00:29:38.602 W/libc    (28043): Access denied finding property "vendor.vivo.imageencoder.dump"
06-06 00:29:38.731 W/RefBase (28043): RefBase: Explicit destruction, weak count = 0 (in 0x76387e7468). Use sp<> to manage this object.
06-06 00:29:38.738 D/RefBase (28043): #00 pc 000000000010cc18  /apex/com.android.runtime/lib64/bionic/libc.so (__cxa_finalize+280)
06-06 00:29:38.738 D/RefBase (28043): #01 pc 00000000000fee08  /apex/com.android.runtime/lib64/bionic/libc.so (exit+24)
06-06 00:29:38.738 D/RefBase (28043): #02 pc 00000000000927f4  /apex/com.android.runtime/lib64/bionic/libc.so (__libc_init+100)
06-06 00:29:38.792 I/LiveCprCoachScreen(27928): ASR partial='车型买单但是你认真的看过'
06-06 00:29:38.904 E/appproc (28046): checkAndSetEnv get_baksize open file /data/dalvik-cache/classpath failed , error(Permission denied)
06-06 00:29:38.904 E/appproc (28046): checkAndSetEnv write_classpathbak open file failed:Permission denied
06-06 00:29:38.905 E/appproc (28046): checkAndSetEnv get_baksize open file /data/dalvik-cache/classpath2 failed , error(Permission denied)
06-06 00:29:38.905 E/appproc (28046): checkAndSetEnv write_classpathbak open file failed:Permission denied
06-06 00:29:38.905 E/appproc (28046): checkAndSetEnv get_baksize open file /data/dalvik-cache/classpath3 failed , error(Permission denied)
06-06 00:29:38.905 E/appproc (28046): checkAndSetEnv write_classpathbak open file failed:Permission denied
06-06 00:29:38.906 E/appproc (28046): checkAndSetEnv get_baksize open file /data/dalvik-cache/classpath4 failed , error(Permission denied)
06-06 00:29:38.906 E/appproc (28046): checkAndSetEnv write_classpathbak open file failed:Permission denied
06-06 00:29:38.906 D/AndroidRuntime(28046): >>>>>> START com.android.internal.os.RuntimeInit uid 2000 <<<<<<
06-06 00:29:38.912 I/AndroidRuntime(28046): Using default boot image
06-06 00:29:38.912 I/AndroidRuntime(28046): Leaving lock profiling enabled
06-06 00:29:38.914 W/app_process(28046): ART APEX data files are untrusted.
06-06 00:29:39.041 D/app_process(28046): Time zone APEX ICU file found: /apex/com.android.tzdata/etc/icu/icu_tzdata.dat
06-06 00:29:39.041 D/app_process(28046): I18n APEX ICU file found: /apex/com.android.i18n/etc/icu/icudt70l.dat
06-06 00:29:39.072 E/app_process(28046): No implementation found for long android.os.Trace.nativeGetEnabledTags() (tried Java_android_os_Trace_nativeGetEnabledTags and Java_android_os_Trace_nativeGetEnabledTags__)
06-06 00:29:39.072 E/app_process(28046): No implementation found for long android.os.Trace.nativeGetEnabledTags() (tried Java_android_os_Trace_nativeGetEnabledTags and Java_android_os_Trace_nativeGetEnabledTags__)
06-06 00:29:39.072 E/System  (28046): openDexFile load detect error
06-06 00:29:39.073 E/System  (28046): java.lang.reflect.InvocationTargetException
06-06 00:29:39.073 E/System  (28046): 	at java.lang.reflect.Method.invoke(Native Method)
06-06 00:29:39.073 E/System  (28046): 	at dalvik.system.DexFile.openDexFile(DexFile.java:387)
06-06 00:29:39.073 E/System  (28046): 	at dalvik.system.DexFile.<init>(DexFile.java:118)
06-06 00:29:39.073 E/System  (28046): 	at dalvik.system.DexFile.<init>(DexFile.java:91)
06-06 00:29:39.073 E/System  (28046): 	at dalvik.system.DexPathList.loadDexFile(DexPathList.java:438)
06-06 00:29:39.073 E/System  (28046): 	at dalvik.system.DexPathList.makeDexElements(DexPathList.java:397)
06-06 00:29:39.073 E/System  (28046): 	at dalvik.system.DexPathList.<init>(DexPathList.java:166)
06-06 00:29:39.073 E/System  (28046): 	at dalvik.system.BaseDexClassLoader.<init>(BaseDexClassLoader.java:160)
06-06 00:29:39.073 E/System  (28046): 	at dalvik.system.BaseDexClassLoader.<init>(BaseDexClassLoader.java:105)
06-06 00:29:39.073 E/System  (28046): 	at dalvik.system.PathClassLoader.<init>(PathClassLoader.java:71)
06-06 00:29:39.073 E/System  (28046): 	at java.lang.ClassLoader.createSystemClassLoader(ClassLoader.java:224)
06-06 00:29:39.073 E/System  (28046): 	at java.lang.ClassLoader.-$$Nest$smcreateSystemClassLoader(Unknown Source:0)
06-06 00:29:39.073 E/System  (28046): 	at java.lang.ClassLoader$SystemClassLoader.<clinit>(ClassLoader.java:183)
06-06 00:29:39.073 E/System  (28046): 	at java.lang.ClassLoader.getSystemClassLoader(ClassLoader.java:1098)
06-06 00:29:39.073 E/System  (28046): Caused by: java.lang.UnsatisfiedLinkError: No implementation found for long android.os.Trace.nativeGetEnabledTags() (tried Java_android_os_Trace_nativeGetEnabledTags and Java_android_os_Trace_nativeGetEnabledTags__)
06-06 00:29:39.073 E/System  (28046): 	at android.os.Trace.nativeGetEnabledTags(Native Method)
06-06 00:29:39.073 E/System  (28046): 	at android.os.Trace.isTagEnabled(Trace.java:163)
06-06 00:29:39.073 E/System  (28046): 	at android.os.Trace.endSection(Trace.java:398)
06-06 00:29:39.073 E/System  (28046): 	at com.vivo.framework.securitydetect.DynamicLoadDetectManager.reportDexLoaded(DynamicLoadDetectManager.java:156)
06-06 00:29:39.073 E/System  (28046): 	... 14 more
06-06 00:29:39.077 E/app_process(28046): No implementation found for long android.os.Trace.nativeGetEnabledTags() (tried Java_android_os_Trace_nativeGetEnabledTags and Java_android_os_Trace_nativeGetEnabledTags__)
06-06 00:29:39.077 E/app_process(28046): No implementation found for long android.os.Trace.nativeGetEnabledTags() (tried Java_android_os_Trace_nativeGetEnabledTags and Java_android_os_Trace_nativeGetEnabledTags__)
06-06 00:29:39.077 E/System  (28046): openDexFile load detect error
06-06 00:29:39.077 E/System  (28046): java.lang.reflect.InvocationTargetException
06-06 00:29:39.077 E/System  (28046): 	at java.lang.reflect.Method.invoke(Native Method)
06-06 00:29:39.077 E/System  (28046): 	at dalvik.system.DexFile.openDexFile(DexFile.java:387)
06-06 00:29:39.077 E/System  (28046): 	at dalvik.system.DexFile.<init>(DexFile.java:118)
06-06 00:29:39.077 E/System  (28046): 	at dalvik.system.DexFile.<init>(DexFile.java:91)
06-06 00:29:39.077 E/System  (28046): 	at dalvik.system.DexPathList.loadDexFile(DexPathList.java:438)
06-06 00:29:39.077 E/System  (28046): 	at dalvik.system.DexPathList.makeDexElements(DexPathList.java:397)
06-06 00:29:39.077 E/System  (28046): 	at dalvik.system.DexPathList.<init>(DexPathList.java:166)
06-06 00:29:39.077 E/System  (28046): 	at dalvik.system.BaseDexClassLoader.<init>(BaseDexClassLoader.java:160)
06-06 00:29:39.077 E/System  (28046): 	at dalvik.system.BaseDexClassLoader.<init>(BaseDexClassLoader.java:105)
06-06 00:29:39.077 E/System  (28046): 	at dalvik.system.PathClassLoader.<init>(PathClassLoader.java:71)
06-06 00:29:39.077 E/System  (28046): 	at java.lang.ClassLoader.createSystemClassLoader(ClassLoader.java:224)
06-06 00:29:39.077 E/System  (28046): 	at java.lang.ClassLoader.-$$Nest$smcreateSystemClassLoader(Unknown Source:0)
06-06 00:29:39.077 E/System  (28046): 	at java.lang.ClassLoader$SystemClassLoader.<clinit>(ClassLoader.java:183)
06-06 00:29:39.077 E/System  (28046): 	at java.lang.ClassLoader.getSystemClassLoader(ClassLoader.java:1098)
06-06 00:29:39.077 E/System  (28046): Caused by: java.lang.UnsatisfiedLinkError: No implementation found for long android.os.Trace.nativeGetEnabledTags() (tried Java_android_os_Trace_nativeGetEnabledTags and Java_android_os_Trace_nativeGetEnabledTags__)
06-06 00:29:39.077 E/System  (28046): 	at android.os.Trace.nativeGetEnabledTags(Native Method)
06-06 00:29:39.077 E/System  (28046): 	at android.os.Trace.isTagEnabled(Trace.java:163)
06-06 00:29:39.077 E/System  (28046): 	at android.os.Trace.endSection(Trace.java:398)
06-06 00:29:39.077 E/System  (28046): 	at com.vivo.framework.securitydetect.DynamicLoadDetectManager.reportDexLoaded(DynamicLoadDetectManager.java:156)
06-06 00:29:39.077 E/System  (28046): 	... 14 more
06-06 00:29:39.079 W/app_process(28046): ClassLoaderContext classpath size mismatch. expected=0, found=1 (PCL[] | PCL[/system/framework/android.test.runner.jar*2259575933])
06-06 00:29:39.086 I/VivoSystemFrameworkFactory(28046): Instance implClass com.vivo.VivoSystemFrameworkFactoryImpl
06-06 00:29:39.130 D/AndroidRuntime(28046): Calling main entry com.android.commands.uiautomator.Launcher
06-06 00:29:39.138 W/ziparchive(28046): Unable to open '/system/framework/mediatek-framework.dm': No such file or directory
06-06 00:29:39.138 W/ziparchive(28046): Unable to open '/system/framework/mediatek-framework.dm': No such file or directory
06-06 00:29:39.143 I/LiveCprCoachScreen(27928): ASR partial='车型买单但是你认真的看过那'
06-06 00:29:39.150 W/uiautomator(28046): type=1400 audit(0.0:3428175): avc: denied { read } for name="user_cpu_freq" dev="sysfs" ino=49317 scontext=u:r:shell:s0 tcontext=u:object_r:sysfs_user_cpu_freq:s0 tclass=file permissive=0
06-06 00:29:39.444 I/LiveCprCoachScreen(27928): ASR partial='车型买单但是你认真的看过那个密码'
06-06 00:29:39.731 I/LiveCprCoachScreen(27928): ASR partial='车型买单但是你认真的看过那个密码你才看到'
06-06 00:29:40.026 I/LiveCprCoachScreen(27928): ASR partial='车型买单但是你认真的看过那个密码你才看到他'
06-06 00:29:40.345 I/LiveCprCoachScreen(27928): ASR partial='车型买单但是你认真的看过那个密码你才看到他给你买'
06-06 00:29:40.693 I/LiveCprCoachScreen(27928): ASR partial='车型买单但是你认真的看过那个密码你才看到他给你买你不肯定有'
06-06 00:29:41.006 I/LiveCprCoachScreen(27928): ASR partial='车型买单但是你认真的看过那个密码你才看到他给你买你不肯定有关系都'
06-06 00:29:41.364 I/LiveCprCoachScreen(27928): ASR partial='车型买单但是你认真的看过那个密码你才看到他给你买你不肯定有关系都不像你的'
06-06 00:29:41.658 I/LiveCprCoachScreen(27928): ASR partial='车型买单但是你认真的看过那个密码你才看到他给你买你不肯定有关系都不像你的手环球'
06-06 00:29:42.001 I/LiveCprCoachScreen(27928): ASR partial='车型买单但是你认真的看过那个密码你才看到他给你买你不肯定有关系都不像你的手环球鞋第三'
06-06 00:29:42.279 I/LiveCprCoachScreen(27928): ASR partial='车型买单但是你认真的看过那个密码你才看到他给你买你不肯定有关系都不像你的手环球鞋第三题第八条'
06-06 00:29:42.606 I/LiveCprCoachScreen(27928): ASR partial='车型买单但是你认真的看过那个密码你才看到他给你买你不肯定有关系都不像你的手环球鞋第三题第八条一起看'
06-06 00:29:42.927 I/LiveCprCoachScreen(27928): ASR partial='车型买单但是你认真的看过那个密码你才看到他给你买你不肯定有关系都不像你的手环球鞋第三题第八条一起看直播间'
06-06 00:29:43.295 I/LiveCprCoachScreen(27928): ASR partial='车型买单但是你认真的看过那个密码你才看到他给你买你不肯定有关系都不像你的手环球鞋第三题第八条一起看直播间像历史'
06-06 00:29:43.559 I/LiveCprCoachScreen(27928): ASR partial='车型买单但是你认真的看过那个密码你才看到他给你买你不肯定有关系都不像你的手环球鞋第三题第八条一起看直播间像历史良心一'
06-06 00:29:43.883 I/LiveCprCoachScreen(27928): ASR partial='车型买单但是你认真的看过那个密码你才看到他给你买你不肯定有关系都不像你的手环球鞋第三题第八条一起看直播间像历史良心一家搜他'
06-06 00:29:44.213 I/LiveCprCoachScreen(27928): ASR partial='车型买单但是你认真的看过那个密码你才看到他给你买你不肯定有关系都不像你的手环球鞋第三题第八条一起看直播间像历史良心一家搜他版权限制'
06-06 00:29:44.525 I/LiveCprCoachScreen(27928): ASR partial='车型买单但是你认真的看过那个密码你才看到他给你买你不肯定有关系都不像你的手环球鞋第三题第八条一起看直播间像历史良心一家搜他版权限制品厂嘛'
06-06 00:29:44.886 I/LiveCprCoachScreen(27928): ASR partial='车型买单但是你认真的看过那个密码你才看到他给你买你不肯定有关系都不像你的手环球鞋第三题第八条一起看直播间像历史良心一家搜他版权限制品厂嘛这些公司'
06-06 00:29:45.164 I/LiveCprCoachScreen(27928): ASR partial='车型买单但是你认真的看过那个密码你才看到他给你买你不肯定有关系都不像你的手环球鞋第三题第八条一起看直播间像历史良心一家搜他版权限制品厂嘛这些公司给你往地上'
06-06 00:29:45.508 I/LiveCprCoachScreen(27928): ASR partial='车型买单但是你认真的看过那个密码你才看到他给你买你不肯定有关系都不像你的手环球鞋第三题第八条一起看直播间像历史良心一家搜他版权限制品厂嘛这些公司给你往地上来说'
06-06 00:29:45.858 I/LiveCprCoachScreen(27928): ASR partial='车型买单但是你认真的看过那个密码你才看到他给你买你不肯定有关系都不像你的手环球鞋第三题第八条一起看直播间像历史良心一家搜他版权限制品厂嘛这些公司给你往地上来说另'
06-06 00:29:46.178 I/LiveCprCoachScreen(27928): ASR partial='车型买单但是你认真的看过那个密码你才看到他给你买你不肯定有关系都不像你的手环球鞋第三题第八条一起看直播间像历史良心一家搜他版权限制品厂嘛这些公司给你往地上来说另'
06-06 00:29:46.449 I/LiveCprCoachScreen(27928): ASR partial='车型买单但是你认真的看过那个密码你才看到他给你买你不肯定有关系都不像你的手环球鞋第三题第八条一起看直播间像历史良心一家搜他版权限制品厂嘛这些公司给你往地上来说另'
06-06 00:29:46.799 I/LiveCprCoachScreen(27928): ASR partial='车型买单但是你认真的看过那个密码你才看到他给你买你不肯定有关系都不像你的手环球鞋第三题第八条一起看直播间像历史良心一家搜他版权限制品厂嘛这些公司给你往地上来说另'
06-06 00:29:47.098 I/LiveCprCoachScreen(27928): ASR partial='车型买单但是你认真的看过那个密码你才看到他给你买你不肯定有关系都不像你的手环球鞋第三题第八条一起看直播间像历史良心一家搜他版权限制品厂嘛这些公司给你往地上来说另'
06-06 00:29:47.427 I/LiveCprCoachScreen(27928): ASR partial='车型买单但是你认真的看过那个密码你才看到他给你买你不肯定有关系都不像你的手环球鞋第三题第八条一起看直播间像历史良心一家搜他版权限制品厂嘛这些公司给你往地上来说另'
06-06 00:29:47.749 I/LiveCprCoachScreen(27928): ASR partial='车型买单但是你认真的看过那个密码你才看到他给你买你不肯定有关系都不像你的手环球鞋第三题第八条一起看直播间像历史良心一家搜他版权限制品厂嘛这些公司给你往地上来说另'
06-06 00:29:48.086 I/LiveCprCoachScreen(27928): ASR partial='车型买单但是你认真的看过那个密码你才看到他给你买你不肯定有关系都不像你的手环球鞋第三题第八条一起看直播间像历史良心一家搜他版权限制品厂嘛这些公司给你往地上来说另'
06-06 00:29:48.376 I/LiveCprCoachScreen(27928): ASR partial='车型买单但是你认真的看过那个密码你才看到他给你买你不肯定有关系都不像你的手环球鞋第三题第八条一起看直播间像历史良心一家搜他版权限制品厂嘛这些公司给你往地上来说另'
06-06 00:29:48.684 I/LiveCprCoachScreen(27928): ASR partial='车型买单但是你认真的看过那个密码你才看到他给你买你不肯定有关系都不像你的手环球鞋第三题第八条一起看直播间像历史良心一家搜他版权限制品厂嘛这些公司给你往地上来说另'
06-06 00:29:48.956 I/SherpaSpeechEngine(27928): TTS generate done
06-06 00:29:48.960 I/SherpaSpeechEngine(27928): TTS save done bytes=307244
06-06 00:29:48.961 I/EdgeTextToSpeech(27928): Sherpa TTS background cached '开始录制，先确认周围安全；安全后' in 14257ms
06-06 00:29:48.996 I/LiveCprCoachScreen(27928): ASR partial='车型买单但是你认真的看过那个密码你才看到他给你买你不肯定有关系都不像你的手环球鞋第三题第八条一起看直播间像历史良心一家搜他版权限制品厂嘛这些公司给你往地上来说另'
06-06 00:29:49.301 D/AndroidRuntime(28046): Shutting down VM
06-06 00:29:49.323 I/LiveCprCoachScreen(27928): ASR partial='车型买单但是你认真的看过那个密码你才看到他给你买你不肯定有关系都不像你的手环球鞋第三题第八条一起看直播间像历史良心一家搜他版权限制品厂嘛这些公司给你往地上来说另'
06-06 00:29:49.623 I/LiveCprCoachScreen(27928): ASR partial='车型买单但是你认真的看过那个密码你才看到他给你买你不肯定有关系都不像你的手环球鞋第三题第八条一起看直播间像历史良心一家搜他版权限制品厂嘛这些公司给你往地上来说另'
06-06 00:29:49.948 I/LiveCprCoachScreen(27928): ASR partial='车型买单但是你认真的看过那个密码你才看到他给你买你不肯定有关系都不像你的手环球鞋第三题第八条一起看直播间像历史良心一家搜他版权限制品厂嘛这些公司给你往地上来说另'
06-06 00:29:50.164 W/RefBase (28046): RefBase: Explicit destruction, weak count = 0 (in 0x7ab1ddb468). Use sp<> to manage this object.
06-06 00:29:50.169 D/RefBase (28046): #00 pc 000000000010cc18  /apex/com.android.runtime/lib64/bionic/libc.so (__cxa_finalize+280)
06-06 00:29:50.169 D/RefBase (28046): #01 pc 00000000000fee08  /apex/com.android.runtime/lib64/bionic/libc.so (exit+24)
06-06 00:29:50.169 D/RefBase (28046): #02 pc 00000000000927f4  /apex/com.android.runtime/lib64/bionic/libc.so (__libc_init+100)
06-06 00:29:50.265 I/LiveCprCoachScreen(27928): ASR partial='车型买单但是你认真的看过那个密码你才看到他给你买你不肯定有关系都不像你的手环球鞋第三题第八条一起看直播间像历史良心一家搜他版权限制品厂嘛这些公司给你往地上来说另'
06-06 00:29:50.587 I/LiveCprCoachScreen(27928): ASR partial='车型买单但是你认真的看过那个密码你才看到他给你买你不肯定有关系都不像你的手环球鞋第三题第八条一起看直播间像历史良心一家搜他版权限制品厂嘛这些公司给你往地上来说另'
06-06 00:29:50.898 I/LiveCprCoachScreen(27928): ASR partial='车型买单但是你认真的看过那个密码你才看到他给你买你不肯定有关系都不像你的手环球鞋第三题第八条一起看直播间像历史良心一家搜他版权限制品厂嘛这些公司给你往地上来说另'
06-06 00:29:51.221 I/LiveCprCoachScreen(27928): ASR partial='车型买单但是你认真的看过那个密码你才看到他给你买你不肯定有关系都不像你的手环球鞋第三题第八条一起看直播间像历史良心一家搜他版权限制品厂嘛这些公司给你往地上来说另'
06-06 00:29:51.543 I/LiveCprCoachScreen(27928): ASR partial='车型买单但是你认真的看过那个密码你才看到他给你买你不肯定有关系都不像你的手环球鞋第三题第八条一起看直播间像历史良心一家搜他版权限制品厂嘛这些公司给你往地上来说另'
06-06 00:29:51.740 D/BoundBrokerSvc( 5058): onUnbind: Intent { act=com.google.android.gms.common.BIND_SHARED_PREFS pkg=com.google.android.gms }
06-06 00:29:51.877 I/LiveCprCoachScreen(27928): ASR partial='车型买单但是你认真的看过那个密码你才看到他给你买你不肯定有关系都不像你的手环球鞋第三题第八条一起看直播间像历史良心一家搜他版权限制品厂嘛这些公司给你往地上来说另'
06-06 00:29:52.179 I/LiveCprCoachScreen(27928): ASR partial='车型买单但是你认真的看过那个密码你才看到他给你买你不肯定有关系都不像你的手环球鞋第三题第八条一起看直播间像历史良心一家搜他版权限制品厂嘛这些公司给你往地上来说另'
06-06 00:29:52.505 I/LiveCprCoachScreen(27928): ASR partial='车型买单但是你认真的看过那个密码你才看到他给你买你不肯定有关系都不像你的手环球鞋第三题第八条一起看直播间像历史良心一家搜他版权限制品厂嘛这些公司给你往地上来说另'
06-06 00:29:52.818 I/LiveCprCoachScreen(27928): ASR partial='车型买单但是你认真的看过那个密码你才看到他给你买你不肯定有关系都不像你的手环球鞋第三题第八条一起看直播间像历史良心一家搜他版权限制品厂嘛这些公司给你往地上来说另'
06-06 00:29:53.142 I/LiveCprCoachScreen(27928): ASR partial='车型买单但是你认真的看过那个密码你才看到他给你买你不肯定有关系都不像你的手环球鞋第三题第八条一起看直播间像历史良心一家搜他版权限制品厂嘛这些公司给你往地上来说另'
06-06 00:29:53.479 I/LiveCprCoachScreen(27928): ASR partial='车型买单但是你认真的看过那个密码你才看到他给你买你不肯定有关系都不像你的手环球鞋第三题第八条一起看直播间像历史良心一家搜他版权限制品厂嘛这些公司给你往地上来说另'
06-06 00:29:53.781 I/LiveCprCoachScreen(27928): ASR partial='车型买单但是你认真的看过那个密码你才看到他给你买你不肯定有关系都不像你的手环球鞋第三题第八条一起看直播间像历史良心一家搜他版权限制品厂嘛这些公司给你往地上来说另'
06-06 00:29:54.119 I/LiveCprCoachScreen(27928): ASR partial='车型买单但是你认真的看过那个密码你才看到他给你买你不肯定有关系都不像你的手环球鞋第三题第八条一起看直播间像历史良心一家搜他版权限制品厂嘛这些公司给你往地上来说另'
06-06 00:29:54.439 I/LiveCprCoachScreen(27928): ASR partial='车型买单但是你认真的看过那个密码你才看到他给你买你不肯定有关系都不像你的手环球鞋第三题第八条一起看直播间像历史良心一家搜他版权限制品厂嘛这些公司给你往地上来说另'
06-06 00:29:54.739 I/LiveCprCoachScreen(27928): ASR partial='车型买单但是你认真的看过那个密码你才看到他给你买你不肯定有关系都不像你的手环球鞋第三题第八条一起看直播间像历史良心一家搜他版权限制品厂嘛这些公司给你往地上来说另'
06-06 00:29:55.079 I/LiveCprCoachScreen(27928): ASR partial='车型买单但是你认真的看过那个密码你才看到他给你买你不肯定有关系都不像你的手环球鞋第三题第八条一起看直播间像历史良心一家搜他版权限制品厂嘛这些公司给你往地上来说另'
06-06 00:29:55.398 I/LiveCprCoachScreen(27928): ASR partial='车型买单但是你认真的看过那个密码你才看到他给你买你不肯定有关系都不像你的手环球鞋第三题第八条一起看直播间像历史良心一家搜他版权限制品厂嘛这些公司给你往地上来说另'
06-06 00:29:55.724 I/LiveCprCoachScreen(27928): ASR final='车型买单但是你认真的看过那个密码你才看到他给你买你不肯定有关系都不像你的手环球鞋第三题第八条一起看直播间像历史良心一家搜他版权限制品厂嘛这些公司给你往地上来说另' intent= confidence=null
06-06 00:29:55.728 I/LiveAudioPlayer(27928): Live audio cancel with no active stream reason=new_turn
06-06 00:29:55.729 I/WebSocketAgentChannel(27928): Sent live JSON type=context ok=true payloadKeys=["sessionId"]
06-06 00:29:55.729 I/WebSocketAgentChannel(27928): Sent live JSON type=commit_text ok=true payloadKeys=
06-06 00:29:55.729 I/LiveCprCoachScreen(27928): ASR endpoint
06-06 00:29:55.774 I/WebSocketAgentChannel(27928): Received live text {"type":"thinking","session_id":"android_live_986fc04d","turn_seq":2}
06-06 00:29:55.776 I/WebSocketAgentChannel(27928): Received live text {"type":"final","session_id":"android_live_986fc04d","turn_seq":2,"text":"车型买单但是你认真的看过那个密码你才看到他给你买你不肯定有关系都不像你的手环球鞋第三题第八条一起看直播间像历史良心一家搜他版权限制品厂嘛这些公司给你往地上来说另外一个毛线都处于观众给你看清是什么可以拒绝配方设计上班长还可以说跟他去之所以你想要拿去下个零件的新的人民法的非常有些东西因为他们几个愿望确诊支持一切都可以直接送的车其实在我去保养金我也不让一个其他的","intent":null}
06-06 00:29:55.777 I/WebSocketAgentChannel(27928): Received live text {"type":"guidance","session_id":"android_live_986fc04d","turn_seq":2,"action":{"action_id":"act_mq153vhv_002z_2a274fe8fd2d","session_id":"android_live_986fc04d","timestamp":"2026-06-05T16:29:55.890Z","stage":"S1_SCENE_SAFE","intent":"ensure_scene_safe","priority":"normal","source":"state_machine","r
06-06 00:29:55.780 I/WebSocketAgentChannel(27928): Received live text {"type":"state","session_id":"android_live_986fc04d","turn_seq":2,"current_stage":"S1_SCENE_SAFE","state":{"schema_version":"session_state.v0.1","session_id":"android_live_986fc04d","mode":"demo_assisted","current_stage":"S1_SCENE_SAFE","previous_stage":"S1_SCENE_SAFE","started_at":"2026-06-05T16:29
06-06 00:29:55.799 I/EdgeTextToSpeech(27928): Android TTS fast path for '先确认周围安全，再靠近患者。'
06-06 00:29:55.893 I/AndroidTextToSpeech(27928): Android TTS onStart latency=3ms
06-06 00:29:55.893 I/SherpaSpeechEngine(27928): TTS generate start chars=14
06-06 00:29:55.986 D/AudioManager( 9621): dispatching onPlaybackConfigChanged()
06-06 00:29:55.986 D/AudioManager( 9607): dispatching onPlaybackConfigChanged()
06-06 00:29:56.021 D/AudioManager( 9621): dispatching onPlaybackConfigChanged()
06-06 00:29:56.021 D/AudioManager( 9607): dispatching onPlaybackConfigChanged()
06-06 00:29:56.190 I/WebSocketAgentChannel(27928): Received live text {"type":"audio_begin","session_id":"android_live_986fc04d","turn_seq":2,"action_id":"act_mq153vhv_002z_2a274fe8fd2d","format":"pcm16","sample_rate":44100,"channels":1,"bits_per_sample":16}
06-06 00:29:56.200 I/WebSocketAgentChannel(27928): Received live audio bytes=118784
06-06 00:29:56.581 I/WebSocketAgentChannel(27928): Received live audio bytes=111616
06-06 00:29:56.582 I/WebSocketAgentChannel(27928): Received live text {"type":"audio_end","session_id":"android_live_986fc04d","turn_seq":2,"action_id":"act_mq153vhv_002z_2a274fe8fd2d"}
06-06 00:29:59.224 D/AudioManager( 9607): dispatching onPlaybackConfigChanged()
06-06 00:29:59.224 D/AudioManager( 9621): dispatching onPlaybackConfigChanged()
06-06 00:29:59.225 D/AudioManager( 9607): dispatching onPlaybackConfigChanged()
06-06 00:29:59.225 D/AudioManager( 9621): dispatching onPlaybackConfigChanged()
06-06 00:29:59.471 I/LiveCprCoachScreen(27928): ASR partial='东西没'
06-06 00:29:59.712 I/LiveCprCoachScreen(27928): ASR partial='东西没问题'
06-06 00:30:00.071 I/LiveCprCoachScreen(27928): ASR partial='东西没问题摄像头'
06-06 00:30:00.136 I/LiveAudioCapture(27928): Local utterance committed bytes=678400 voicedMs=8560
06-06 00:30:00.136 I/LiveCprCoachScreen(27928): Utterance callback bytes=678400 streaming=true whole=false
06-06 00:30:00.138 I/LiveCprCoachScreen(27928): ASR final='东西没问题摄像头' intent= confidence=null
06-06 00:30:00.139 I/LiveAudioPlayer(27928): Live audio cancel with no active stream reason=new_turn
06-06 00:30:00.139 I/WebSocketAgentChannel(27928): Sent live JSON type=context ok=true payloadKeys=["sessionId"]
06-06 00:30:00.139 I/WebSocketAgentChannel(27928): Sent live JSON type=commit_text ok=true payloadKeys=
06-06 00:30:00.140 I/LiveCprCoachScreen(27928): ASR endpoint
06-06 00:30:00.193 I/WebSocketAgentChannel(27928): Received live text {"type":"thinking","session_id":"android_live_986fc04d","turn_seq":3}
06-06 00:30:00.194 I/WebSocketAgentChannel(27928): Received live text {"type":"final","session_id":"android_live_986fc04d","turn_seq":3,"text":"东西没问题摄像头","intent":null}
06-06 00:30:00.196 I/WebSocketAgentChannel(27928): Received live text {"type":"guidance","session_id":"android_live_986fc04d","turn_seq":3,"action":{"action_id":"act_mq153ywm_0038_86c831a2aee2","session_id":"android_live_986fc04d","timestamp":"2026-06-05T16:30:00.310Z","stage":"S1_SCENE_SAFE","intent":"ensure_scene_safe","priority":"normal","source":"state_machine","r
06-06 00:30:00.198 I/WebSocketAgentChannel(27928): Received live text {"type":"state","session_id":"android_live_986fc04d","turn_seq":3,"current_stage":"S1_SCENE_SAFE","state":{"schema_version":"session_state.v0.1","session_id":"android_live_986fc04d","mode":"demo_assisted","current_stage":"S1_SCENE_SAFE","previous_stage":"S1_SCENE_SAFE","started_at":"2026-06-05T16:30
06-06 00:30:00.211 I/EdgeTextToSpeech(27928): Android TTS fast path for '先确认周围安全，再靠近患者。'
06-06 00:30:00.308 I/AndroidTextToSpeech(27928): Android TTS onStart latency=2ms
06-06 00:30:00.359 I/LiveCprCoachScreen(27928): ASR partial='拍到'
06-06 00:30:00.391 D/AudioManager( 9621): dispatching onPlaybackConfigChanged()
06-06 00:30:00.391 D/AudioManager( 9607): dispatching onPlaybackConfigChanged()
06-06 00:30:00.408 D/AudioManager( 9607): dispatching onPlaybackConfigChanged()
06-06 00:30:00.410 D/AudioManager( 9621): dispatching onPlaybackConfigChanged()
06-06 00:30:00.652 I/WebSocketAgentChannel(27928): Received live text {"type":"audio_begin","session_id":"android_live_986fc04d","turn_seq":3,"action_id":"act_mq153ywm_0038_86c831a2aee2","format":"pcm16","sample_rate":44100,"channels":1,"bits_per_sample":16}
06-06 00:30:00.669 I/WebSocketAgentChannel(27928): Received live audio bytes=118784
06-06 00:30:01.058 I/WebSocketAgentChannel(27928): Received live audio bytes=111616
06-06 00:30:01.060 I/WebSocketAgentChannel(27928): Received live text {"type":"audio_end","session_id":"android_live_986fc04d","turn_seq":3,"action_id":"act_mq153ywm_0038_86c831a2aee2"}
06-06 00:30:03.611 D/AudioManager( 9607): dispatching onPlaybackConfigChanged()
06-06 00:30:03.611 D/AudioManager( 9607): dispatching onPlaybackConfigChanged()
06-06 00:30:03.611 D/AudioManager( 9621): dispatching onPlaybackConfigChanged()
06-06 00:30:03.611 D/AudioManager( 9621): dispatching onPlaybackConfigChanged()
06-06 00:30:04.015 I/LiveCprCoachScreen(27928): ASR partial='拍到你这个'
06-06 00:30:04.335 I/LiveCprCoachScreen(27928): ASR partial='拍到你这个是共产'
06-06 00:30:04.672 I/LiveCprCoachScreen(27928): ASR partial='拍到你这个是共产这个时间'
06-06 00:30:05.004 I/LiveCprCoachScreen(27928): ASR partial='拍到你这个是共产这个时间谢谢'
06-06 00:30:05.278 I/LiveCprCoachScreen(27928): ASR partial='拍到你这个是共产这个时间谢谢大声音客气了'
06-06 00:30:05.594 I/LiveCprCoachScreen(27928): ASR partial='拍到你这个是共产这个时间谢谢大声音客气了别说'
06-06 00:30:05.914 I/LiveCprCoachScreen(27928): ASR partial='拍到你这个是共产这个时间谢谢大声音客气了别说只是说我在'
06-06 00:30:06.238 I/LiveCprCoachScreen(27928): ASR partial='拍到你这个是共产这个时间谢谢大声音客气了别说只是说我在这些'
06-06 00:30:06.263 I/SherpaSpeechEngine(27928): TTS generate done
06-06 00:30:06.268 I/SherpaSpeechEngine(27928): TTS save done bytes=212012
06-06 00:30:06.269 I/EdgeTextToSpeech(27928): Sherpa TTS background cached '先确认周围安全，再靠近患者。' in 10375ms
06-06 00:30:06.270 I/SherpaSpeechEngine(27928): TTS generate start chars=14
06-06 00:30:06.692 I/LiveCprCoachScreen(27928): ASR partial='拍到你这个是共产这个时间谢谢大声音客气了别说只是说我在这些东西'
06-06 00:30:07.224 I/LiveCprCoachScreen(27928): ASR partial='拍到你这个是共产这个时间谢谢大声音客气了别说只是说我在这些东西是你接管'
06-06 00:30:07.547 I/LiveCprCoachScreen(27928): ASR partial='拍到你这个是共产这个时间谢谢大声音客气了别说只是说我在这些东西是你接管理能给你'
06-06 00:30:07.840 I/LiveCprCoachScreen(27928): ASR partial='拍到你这个是共产这个时间谢谢大声音客气了别说只是说我在这些东西是你接管理能给你过来'
06-06 00:30:08.823 I/LiveCprCoachScreen(27928): ASR partial='拍到你这个是共产这个时间谢谢大声音客气了别说只是说我在这些东西是你接管理能给你过来没这个问题'
06-06 00:30:09.141 I/LiveCprCoachScreen(27928): ASR partial='拍到你这个是共产这个时间谢谢大声音客气了别说只是说我在这些东西是你接管理能给你过来没这个问题那就是你'
06-06 00:30:09.470 I/LiveCprCoachScreen(27928): ASR partial='拍到你这个是共产这个时间谢谢大声音客气了别说只是说我在这些东西是你接管理能给你过来没这个问题那就是你的我不是'
06-06 00:30:09.768 I/LiveCprCoachScreen(27928): ASR partial='拍到你这个是共产这个时间谢谢大声音客气了别说只是说我在这些东西是你接管理能给你过来没这个问题那就是你的我不是在你身上'
06-06 00:30:10.107 I/LiveCprCoachScreen(27928): ASR partial='拍到你这个是共产这个时间谢谢大声音客气了别说只是说我在这些东西是你接管理能给你过来没这个问题那就是你的我不是在你身上就非常'
06-06 00:30:10.454 I/LiveCprCoachScreen(27928): ASR partial='拍到你这个是共产这个时间谢谢大声音客气了别说只是说我在这些东西是你接管理能给你过来没这个问题那就是你的我不是在你身上就非常精'
06-06 00:30:10.751 I/LiveCprCoachScreen(27928): ASR partial='拍到你这个是共产这个时间谢谢大声音客气了别说只是说我在这些东西是你接管理能给你过来没这个问题那就是你的我不是在你身上就非常精准'
06-06 00:30:11.033 I/LiveCprCoachScreen(27928): ASR partial='拍到你这个是共产这个时间谢谢大声音客气了别说只是说我在这些东西是你接管理能给你过来没这个问题那就是你的我不是在你身上就非常精准是个'
06-06 00:30:11.400 I/LiveCprCoachScreen(27928): ASR partial='拍到你这个是共产这个时间谢谢大声音客气了别说只是说我在这些东西是你接管理能给你过来没这个问题那就是你的我不是在你身上就非常精准是个场景超'
06-06 00:30:11.681 I/LiveCprCoachScreen(27928): ASR partial='拍到你这个是共产这个时间谢谢大声音客气了别说只是说我在这些东西是你接管理能给你过来没这个问题那就是你的我不是在你身上就非常精准是个场景超出了自己加'
06-06 00:30:12.041 I/LiveCprCoachScreen(27928): ASR partial='拍到你这个是共产这个时间谢谢大声音客气了别说只是说我在这些东西是你接管理能给你过来没这个问题那就是你的我不是在你身上就非常精准是个场景超出了自己加上零'
06-06 00:30:12.332 I/LiveCprCoachScreen(27928): ASR partial='拍到你这个是共产这个时间谢谢大声音客气了别说只是说我在这些东西是你接管理能给你过来没这个问题那就是你的我不是在你身上就非常精准是个场景超出了自己加上零三年最'
06-06 00:30:12.676 I/LiveCprCoachScreen(27928): ASR partial='拍到你这个是共产这个时间谢谢大声音客气了别说只是说我在这些东西是你接管理能给你过来没这个问题那就是你的我不是在你身上就非常精准是个场景超出了自己加上零三年最长出'
06-06 00:30:13.333 I/LiveCprCoachScreen(27928): ASR partial='拍到你这个是共产这个时间谢谢大声音客气了别说只是说我在这些东西是你接管理能给你过来没这个问题那就是你的我不是在你身上就非常精准是个场景超出了自己加上零三年最长出'
06-06 00:30:13.626 I/LiveCprCoachScreen(27928): ASR partial='拍到你这个是共产这个时间谢谢大声音客气了别说只是说我在这些东西是你接管理能给你过来没这个问题那就是你的我不是在你身上就非常精准是个场景超出了自己加上零三年最长出'
06-06 00:30:13.969 I/LiveCprCoachScreen(27928): ASR partial='拍到你这个是共产这个时间谢谢大声音客气了别说只是说我在这些东西是你接管理能给你过来没这个问题那就是你的我不是在你身上就非常精准是个场景超出了自己加上零三年最长出'
06-06 00:30:14.290 I/LiveCprCoachScreen(27928): ASR partial='拍到你这个是共产这个时间谢谢大声音客气了别说只是说我在这些东西是你接管理能给你过来没这个问题那就是你的我不是在你身上就非常精准是个场景超出了自己加上零三年最长出'
06-06 00:30:14.563 I/LiveCprCoachScreen(27928): ASR partial='拍到你这个是共产这个时间谢谢大声音客气了别说只是说我在这些东西是你接管理能给你过来没这个问题那就是你的我不是在你身上就非常精准是个场景超出了自己加上零三年最长出'
06-06 00:30:14.883 I/LiveCprCoachScreen(27928): ASR partial='拍到你这个是共产这个时间谢谢大声音客气了别说只是说我在这些东西是你接管理能给你过来没这个问题那就是你的我不是在你身上就非常精准是个场景超出了自己加上零三年最长出'
06-06 00:30:15.239 I/LiveCprCoachScreen(27928): ASR partial='拍到你这个是共产这个时间谢谢大声音客气了别说只是说我在这些东西是你接管理能给你过来没这个问题那就是你的我不是在你身上就非常精准是个场景超出了自己加上零三年最长出'
06-06 00:30:15.543 I/LiveCprCoachScreen(27928): ASR partial='拍到你这个是共产这个时间谢谢大声音客气了别说只是说我在这些东西是你接管理能给你过来没这个问题那就是你的我不是在你身上就非常精准是个场景超出了自己加上零三年最长出'
06-06 00:30:15.856 I/LiveCprCoachScreen(27928): ASR partial='拍到你这个是共产这个时间谢谢大声音客气了别说只是说我在这些东西是你接管理能给你过来没这个问题那就是你的我不是在你身上就非常精准是个场景超出了自己加上零三年最长出'
06-06 00:30:16.180 I/LiveCprCoachScreen(27928): ASR partial='拍到你这个是共产这个时间谢谢大声音客气了别说只是说我在这些东西是你接管理能给你过来没这个问题那就是你的我不是在你身上就非常精准是个场景超出了自己加上零三年最长出'
06-06 00:30:16.495 I/LiveCprCoachScreen(27928): ASR partial='拍到你这个是共产这个时间谢谢大声音客气了别说只是说我在这些东西是你接管理能给你过来没这个问题那就是你的我不是在你身上就非常精准是个场景超出了自己加上零三年最长出'
06-06 00:30:16.617 I/SherpaSpeechEngine(27928): TTS generate done
06-06 00:30:16.618 I/SherpaSpeechEngine(27928): TTS save done bytes=212012
06-06 00:30:16.619 I/EdgeTextToSpeech(27928): Sherpa TTS background cached '先确认周围安全，再靠近患者。' in 10348ms
06-06 00:30:16.782 I/LiveCprCoachScreen(27928): ASR partial='拍到你这个是共产这个时间谢谢大声音客气了别说只是说我在这些东西是你接管理能给你过来没这个问题那就是你的我不是在你身上就非常精准是个场景超出了自己加上零三年最长出'
06-06 00:30:17.110 I/LiveCprCoachScreen(27928): ASR partial='拍到你这个是共产这个时间谢谢大声音客气了别说只是说我在这些东西是你接管理能给你过来没这个问题那就是你的我不是在你身上就非常精准是个场景超出了自己加上零三年最长出'
06-06 00:30:18.061 I/LiveCprCoachScreen(27928): ASR partial='拍到你这个是共产这个时间谢谢大声音客气了别说只是说我在这些东西是你接管理能给你过来没这个问题那就是你的我不是在你身上就非常精准是个场景超出了自己加上零三年最长出'
06-06 00:30:18.381 I/LiveCprCoachScreen(27928): ASR partial='拍到你这个是共产这个时间谢谢大声音客气了别说只是说我在这些东西是你接管理能给你过来没这个问题那就是你的我不是在你身上就非常精准是个场景超出了自己加上零三年最长出'
06-06 00:30:18.718 I/LiveCprCoachScreen(27928): ASR partial='拍到你这个是共产这个时间谢谢大声音客气了别说只是说我在这些东西是你接管理能给你过来没这个问题那就是你的我不是在你身上就非常精准是个场景超出了自己加上零三年最长出'
06-06 00:30:19.414 I/LiveAudioCapture(27928): Local utterance committed bytes=476160 voicedMs=4200
06-06 00:30:19.414 I/LiveCprCoachScreen(27928): Utterance callback bytes=476160 streaming=true whole=false
06-06 00:30:19.416 I/LiveCprCoachScreen(27928): ASR final='拍到你这个是共产这个时间谢谢大声音客气了别说只是说我在这些东西是你接管理能给你过来没这个问题那就是你的我不是在你身上就非常精准是个场景超出了自己加上零三年最长出' intent= confidence=null
06-06 00:30:19.417 I/LiveAudioPlayer(27928): Live audio cancel with no active stream reason=new_turn
06-06 00:30:19.417 I/WebSocketAgentChannel(27928): Sent live JSON type=context ok=true payloadKeys=["sessionId"]
06-06 00:30:19.418 I/WebSocketAgentChannel(27928): Sent live JSON type=commit_text ok=true payloadKeys=
06-06 00:30:19.419 I/LiveCprCoachScreen(27928): ASR endpoint
06-06 00:30:19.467 I/WebSocketAgentChannel(27928): Received live text {"type":"thinking","session_id":"android_live_986fc04d","turn_seq":4}
06-06 00:30:19.469 I/WebSocketAgentChannel(27928): Received live text {"type":"final","session_id":"android_live_986fc04d","turn_seq":4,"text":"拍到你这个是共产这个时间谢谢大声音客气了别说只是说我在这些东西是你接管理能给你过来没这个问题那就是你的我不是在你身上就非常精准是个场景超出了自己加上零三年最长出来一个结果是不愿意就是加血管制作车不可能按住结果就是你好好开车技能里面好像负责对","intent":null}
06-06 00:30:19.470 I/WebSocketAgentChannel(27928): Received live text {"type":"guidance","session_id":"android_live_986fc04d","turn_seq":4,"action":{"action_id":"act_mq154drz_003j_fd43f0bca8d8","session_id":"android_live_986fc04d","timestamp":"2026-06-05T16:30:19.583Z","stage":"S1_SCENE_SAFE","intent":"ensure_scene_safe","priority":"normal","source":"state_machine","r
06-06 00:30:19.474 I/WebSocketAgentChannel(27928): Received live text {"type":"state","session_id":"android_live_986fc04d","turn_seq":4,"current_stage":"S1_SCENE_SAFE","state":{"schema_version":"session_state.v0.1","session_id":"android_live_986fc04d","mode":"demo_assisted","current_stage":"S1_SCENE_SAFE","previous_stage":"S1_SCENE_SAFE","started_at":"2026-06-05T16:30
06-06 00:30:19.492 I/EdgeTextToSpeech(27928): Sherpa TTS cache hit 212012 bytes for '先确认周围安全，再靠近患者。'
06-06 00:30:19.494 V/MediaPlayerNative(27928): constructor,0xb4000076306c0f10
06-06 00:30:19.498 V/MediaPlayerNative(27928): setListener
06-06 00:30:19.504 D/VivoConfigStore(27928): key:vivo.software.audiozenmode isCached is true and value is true
06-06 00:30:19.519 V/MediaPlayerNative(27928): setDataSource(96, 0, 576460752303423487)
06-06 00:30:19.534 V/MediaPlayerNative(27928): setVideoSurfaceTexture
06-06 00:30:19.534 V/MediaPlayerNative(27928): prepare
06-06 00:30:19.547 V/MediaPlayerNative(27928): message received msg=1, ext1=0, ext2=0
06-06 00:30:19.547 V/MediaPlayerNative(27928): MediaPlayer::notify() prepared
06-06 00:30:19.547 V/MediaPlayerNative(27928): signal application thread
06-06 00:30:19.547 V/MediaPlayerNative(27928): callback application
06-06 00:30:19.547 V/MediaPlayerNative(27928): prepare complete - status=0
06-06 00:30:19.547 V/MediaPlayerNative(27928): back from callback
06-06 00:30:19.550 V/MediaPlayerNative(27928): invoke 76
06-06 00:30:19.555 D/MediaPlayer(27928): MediaPlayer start called
06-06 00:30:19.558 V/MediaPlayerNative(27928): start
06-06 00:30:19.559 D/AudioManager( 9621): dispatching onPlaybackConfigChanged()
06-06 00:30:19.559 D/MediaPlayer(27928): MediaPlayer start end
06-06 00:30:19.559 D/AudioManager( 9607): dispatching onPlaybackConfigChanged()
06-06 00:30:19.570 V/MediaPlayerNative(27928): invoke 76
06-06 00:30:19.645 V/MediaPlayerNative(27928): message received msg=10000, ext1=21, ext2=3
06-06 00:30:19.645 V/MediaPlayerNative(27928): unrecognized message: (10000, 21, 3)
06-06 00:30:19.645 V/MediaPlayerNative(27928): callback application
06-06 00:30:19.645 V/MediaPlayerNative(27928): back from callback
06-06 00:30:19.645 V/MediaPlayerNative(27928): message received msg=6, ext1=0, ext2=0
06-06 00:30:19.645 V/MediaPlayerNative(27928): Received media started message
06-06 00:30:19.645 V/MediaPlayerNative(27928): callback application
06-06 00:30:19.645 V/MediaPlayerNative(27928): back from callback
06-06 00:30:19.653 D/MTP     (27928): onPaused: false
06-06 00:30:19.655 D/MTP     (27928): onSeekComplete at 0
