06-06 00:18:03.569 D/Linux   (26014): [Posix_connect Debug]Process com.firstaid.copilot.debug :8787 
06-06 00:18:03.569 D/Linux   (26014): [Posix_connect Debug]Process com.firstaid.copilot.debug :8787 
06-06 00:18:03.587 I/WebSocketAgentChannel(26014): Live WebSocket opened code=101
06-06 00:18:03.588 I/WebSocketAgentChannel(26014): Sent live JSON type=start ok=true payloadKeys=
06-06 00:18:03.588 I/WebSocketAgentChannel(26014): Received live text {"type":"state","session_id":"voice_live_mq14olz2_09sz_78d1577b7566","live":true,"status":"connected","stt_mode":"pending"}
06-06 00:18:03.594 I/WebSocketAgentChannel(26014): Received live text {"type":"state","session_id":"android_live_e191f488","live":true,"status":"connected","stt_mode":"pending"}
06-06 00:18:03.634 I/SherpaSpeechEngine(26014): ASR create start modelDir=/storage/emulated/0/Android/media/com.firstaid.copilot.debug/models/speech/stt-stream/sherpa-onnx-streaming-zipformer-bilingual-zh-en-2023-02-20
06-06 00:18:03.649 V/ImeFocusController(26014): onWindowFocus: DecorView@2b13fc8[MainActivity] softInputMode=STATE_UNSPECIFIED|ADJUST_PAN|IS_FORWARD_NAVIGATION
06-06 00:18:03.649 V/ImeFocusController(26014): Restarting due to isRestartOnNextWindowFocus as true
06-06 00:18:03.649 D/ImeFocusController(26014): onViewFocusChanged, view=DecorView@2b13fc8[MainActivity], mServedView=null
06-06 00:18:03.649 V/ImeFocusController(26014): checkFocus: view=null next=DecorView@2b13fc8[MainActivity] immDelegate=delegate{2dc1b8e displayId=0} force=true package=<none>
06-06 00:18:03.667 I/FontLog ( 3989): (REDACTED) Received query %s, URI %s
06-06 00:18:03.667 I/FontLog ( 3989): (REDACTED) Query [%s] resolved to %s
06-06 00:18:03.669 I/FontLog ( 3989): (REDACTED) Fetch %s end status %s
06-06 00:18:03.680 I/FontLog ( 3989): (REDACTED) Pulling font file for id = %d, cache size = %d
06-06 00:18:03.691 I/FontLog ( 3989): (REDACTED) Pulling font file for id = %d, cache size = %d
06-06 00:18:03.707 V/ActivityThread(26014): updateVmProcessStateForGc sceneId =1 state=196608
06-06 00:18:03.707 I/d.copilot.debug(26014): Close vivo delay for GC JIT .
06-06 00:18:04.354 I/d.copilot.debug(26014): Compiler allocated 5703KB to compile void android.view.ViewRootImpl.performTraversals()
06-06 00:18:05.342 W/ProcessState(26092): Extra binder thread started, but 0 threads requested. Do not use *startThreadPool when zero threads are requested.
06-06 00:18:05.366 I/DMABUFHEAPS(26092): Using DMA-BUF heap named: mtk_mm
06-06 00:18:05.366 I/DMABUFHEAPS(26092): Using DMA-BUF heap named: mtk_mm-uncached
06-06 00:18:05.366 I/DMABUFHEAPS(26092): Using DMA-BUF heap named: mtk_svp_region-aligned
06-06 00:18:05.366 I/DMABUFHEAPS(26092): Using DMA-BUF heap named: mtk_prot_region
06-06 00:18:05.366 I/DMABUFHEAPS(26092): Using DMA-BUF heap named: mtk_2d_fr_region
06-06 00:18:05.366 I/DMABUFHEAPS(26092): Using DMA-BUF heap named: mtk_wfd_region-aligned
06-06 00:18:05.366 D/OpenGLRenderer(26092): Bitmap::compress format:Png w:720 h:1612 quality:100 app_apk:screencap 
06-06 00:18:05.366 W/libc    (26092): Access denied finding property "vendor.vivo.imageencoder.dump"
06-06 00:18:05.464 W/RefBase (26092): RefBase: Explicit destruction, weak count = 0 (in 0x7841799468). Use sp<> to manage this object.
06-06 00:18:05.469 D/RefBase (26092): #00 pc 000000000010cc18  /apex/com.android.runtime/lib64/bionic/libc.so (__cxa_finalize+280)
06-06 00:18:05.469 D/RefBase (26092): #01 pc 00000000000fee08  /apex/com.android.runtime/lib64/bionic/libc.so (exit+24)
06-06 00:18:05.469 D/RefBase (26092): #02 pc 00000000000927f4  /apex/com.android.runtime/lib64/bionic/libc.so (__libc_init+100)
06-06 00:18:05.603 E/appproc (26095): checkAndSetEnv get_baksize open file /data/dalvik-cache/classpath failed , error(Permission denied)
06-06 00:18:05.603 E/appproc (26095): checkAndSetEnv write_classpathbak open file failed:Permission denied
06-06 00:18:05.603 E/appproc (26095): checkAndSetEnv get_baksize open file /data/dalvik-cache/classpath2 failed , error(Permission denied)
06-06 00:18:05.603 E/appproc (26095): checkAndSetEnv write_classpathbak open file failed:Permission denied
06-06 00:18:05.603 E/appproc (26095): checkAndSetEnv get_baksize open file /data/dalvik-cache/classpath3 failed , error(Permission denied)
06-06 00:18:05.603 E/appproc (26095): checkAndSetEnv write_classpathbak open file failed:Permission denied
06-06 00:18:05.603 E/appproc (26095): checkAndSetEnv get_baksize open file /data/dalvik-cache/classpath4 failed , error(Permission denied)
06-06 00:18:05.603 E/appproc (26095): checkAndSetEnv write_classpathbak open file failed:Permission denied
06-06 00:18:05.603 D/AndroidRuntime(26095): >>>>>> START com.android.internal.os.RuntimeInit uid 2000 <<<<<<
06-06 00:18:05.608 I/AndroidRuntime(26095): Using default boot image
06-06 00:18:05.608 I/AndroidRuntime(26095): Leaving lock profiling enabled
06-06 00:18:05.611 W/app_process(26095): ART APEX data files are untrusted.
06-06 00:18:05.719 I/SherpaSpeechEngine(26014): ASR create done
06-06 00:18:05.722 I/SherpaSpeechEngine(26014): ASR accept waveform samples=3200
06-06 00:18:05.723 I/SherpaSpeechEngine(26014): ASR decode done iterations=0
06-06 00:18:05.733 D/app_process(26095): Time zone APEX ICU file found: /apex/com.android.tzdata/etc/icu/icu_tzdata.dat
06-06 00:18:05.733 D/app_process(26095): I18n APEX ICU file found: /apex/com.android.i18n/etc/icu/icudt70l.dat
06-06 00:18:05.742 E/app_process(26095): No implementation found for long android.os.Trace.nativeGetEnabledTags() (tried Java_android_os_Trace_nativeGetEnabledTags and Java_android_os_Trace_nativeGetEnabledTags__)
06-06 00:18:05.743 E/app_process(26095): No implementation found for long android.os.Trace.nativeGetEnabledTags() (tried Java_android_os_Trace_nativeGetEnabledTags and Java_android_os_Trace_nativeGetEnabledTags__)
06-06 00:18:05.743 E/System  (26095): openDexFile load detect error
06-06 00:18:05.743 E/System  (26095): java.lang.reflect.InvocationTargetException
06-06 00:18:05.743 E/System  (26095): 	at java.lang.reflect.Method.invoke(Native Method)
06-06 00:18:05.743 E/System  (26095): 	at dalvik.system.DexFile.openDexFile(DexFile.java:387)
06-06 00:18:05.743 E/System  (26095): 	at dalvik.system.DexFile.<init>(DexFile.java:118)
06-06 00:18:05.743 E/System  (26095): 	at dalvik.system.DexFile.<init>(DexFile.java:91)
06-06 00:18:05.743 E/System  (26095): 	at dalvik.system.DexPathList.loadDexFile(DexPathList.java:438)
06-06 00:18:05.743 E/System  (26095): 	at dalvik.system.DexPathList.makeDexElements(DexPathList.java:397)
06-06 00:18:05.743 E/System  (26095): 	at dalvik.system.DexPathList.<init>(DexPathList.java:166)
06-06 00:18:05.743 E/System  (26095): 	at dalvik.system.BaseDexClassLoader.<init>(BaseDexClassLoader.java:160)
06-06 00:18:05.743 E/System  (26095): 	at dalvik.system.BaseDexClassLoader.<init>(BaseDexClassLoader.java:105)
06-06 00:18:05.743 E/System  (26095): 	at dalvik.system.PathClassLoader.<init>(PathClassLoader.java:71)
06-06 00:18:05.743 E/System  (26095): 	at java.lang.ClassLoader.createSystemClassLoader(ClassLoader.java:224)
06-06 00:18:05.743 E/System  (26095): 	at java.lang.ClassLoader.-$$Nest$smcreateSystemClassLoader(Unknown Source:0)
06-06 00:18:05.743 E/System  (26095): 	at java.lang.ClassLoader$SystemClassLoader.<clinit>(ClassLoader.java:183)
06-06 00:18:05.743 E/System  (26095): 	at java.lang.ClassLoader.getSystemClassLoader(ClassLoader.java:1098)
06-06 00:18:05.743 E/System  (26095): Caused by: java.lang.UnsatisfiedLinkError: No implementation found for long android.os.Trace.nativeGetEnabledTags() (tried Java_android_os_Trace_nativeGetEnabledTags and Java_android_os_Trace_nativeGetEnabledTags__)
06-06 00:18:05.743 E/System  (26095): 	at android.os.Trace.nativeGetEnabledTags(Native Method)
06-06 00:18:05.743 E/System  (26095): 	at android.os.Trace.isTagEnabled(Trace.java:163)
06-06 00:18:05.743 E/System  (26095): 	at android.os.Trace.endSection(Trace.java:398)
06-06 00:18:05.743 E/System  (26095): 	at com.vivo.framework.securitydetect.DynamicLoadDetectManager.reportDexLoaded(DynamicLoadDetectManager.java:156)
06-06 00:18:05.743 E/System  (26095): 	... 14 more
06-06 00:18:05.744 E/app_process(26095): No implementation found for long android.os.Trace.nativeGetEnabledTags() (tried Java_android_os_Trace_nativeGetEnabledTags and Java_android_os_Trace_nativeGetEnabledTags__)
06-06 00:18:05.745 E/app_process(26095): No implementation found for long android.os.Trace.nativeGetEnabledTags() (tried Java_android_os_Trace_nativeGetEnabledTags and Java_android_os_Trace_nativeGetEnabledTags__)
06-06 00:18:05.745 E/System  (26095): openDexFile load detect error
06-06 00:18:05.745 E/System  (26095): java.lang.reflect.InvocationTargetException
06-06 00:18:05.745 E/System  (26095): 	at java.lang.reflect.Method.invoke(Native Method)
06-06 00:18:05.745 E/System  (26095): 	at dalvik.system.DexFile.openDexFile(DexFile.java:387)
06-06 00:18:05.745 E/System  (26095): 	at dalvik.system.DexFile.<init>(DexFile.java:118)
06-06 00:18:05.745 E/System  (26095): 	at dalvik.system.DexFile.<init>(DexFile.java:91)
06-06 00:18:05.745 E/System  (26095): 	at dalvik.system.DexPathList.loadDexFile(DexPathList.java:438)
06-06 00:18:05.745 E/System  (26095): 	at dalvik.system.DexPathList.makeDexElements(DexPathList.java:397)
06-06 00:18:05.745 E/System  (26095): 	at dalvik.system.DexPathList.<init>(DexPathList.java:166)
06-06 00:18:05.745 E/System  (26095): 	at dalvik.system.BaseDexClassLoader.<init>(BaseDexClassLoader.java:160)
06-06 00:18:05.745 E/System  (26095): 	at dalvik.system.BaseDexClassLoader.<init>(BaseDexClassLoader.java:105)
06-06 00:18:05.745 E/System  (26095): 	at dalvik.system.PathClassLoader.<init>(PathClassLoader.java:71)
06-06 00:18:05.745 E/System  (26095): 	at java.lang.ClassLoader.createSystemClassLoader(ClassLoader.java:224)
06-06 00:18:05.745 E/System  (26095): 	at java.lang.ClassLoader.-$$Nest$smcreateSystemClassLoader(Unknown Source:0)
06-06 00:18:05.745 E/System  (26095): 	at java.lang.ClassLoader$SystemClassLoader.<clinit>(ClassLoader.java:183)
06-06 00:18:05.745 E/System  (26095): 	at java.lang.ClassLoader.getSystemClassLoader(ClassLoader.java:1098)
06-06 00:18:05.745 E/System  (26095): Caused by: java.lang.UnsatisfiedLinkError: No implementation found for long android.os.Trace.nativeGetEnabledTags() (tried Java_android_os_Trace_nativeGetEnabledTags and Java_android_os_Trace_nativeGetEnabledTags__)
06-06 00:18:05.745 E/System  (26095): 	at android.os.Trace.nativeGetEnabledTags(Native Method)
06-06 00:18:05.745 E/System  (26095): 	at android.os.Trace.isTagEnabled(Trace.java:163)
06-06 00:18:05.745 E/System  (26095): 	at android.os.Trace.endSection(Trace.java:398)
06-06 00:18:05.745 E/System  (26095): 	at com.vivo.framework.securitydetect.DynamicLoadDetectManager.reportDexLoaded(DynamicLoadDetectManager.java:156)
06-06 00:18:05.745 E/System  (26095): 	... 14 more
06-06 00:18:05.746 W/app_process(26095): ClassLoaderContext classpath size mismatch. expected=0, found=1 (PCL[] | PCL[/system/framework/android.test.runner.jar*2259575933])
06-06 00:18:05.750 I/VivoSystemFrameworkFactory(26095): Instance implClass com.vivo.VivoSystemFrameworkFactoryImpl
06-06 00:18:05.755 I/SherpaSpeechEngine(26014): ASR create start modelDir=/storage/emulated/0/Android/media/com.firstaid.copilot.debug/models/speech/stt-stream/sherpa-onnx-streaming-zipformer-bilingual-zh-en-2023-02-20
06-06 00:18:05.773 D/AndroidRuntime(26095): Calling main entry com.android.commands.uiautomator.Launcher
06-06 00:18:05.777 W/ziparchive(26095): Unable to open '/system/framework/mediatek-framework.dm': No such file or directory
06-06 00:18:05.777 W/ziparchive(26095): Unable to open '/system/framework/mediatek-framework.dm': No such file or directory
06-06 00:18:05.782 W/uiautomator(26095): type=1400 audit(0.0:3427926): avc: denied { read } for name="user_cpu_freq" dev="sysfs" ino=49317 scontext=u:r:shell:s0 tcontext=u:object_r:sysfs_user_cpu_freq:s0 tclass=file permissive=0
06-06 00:18:06.810 W/uiautomator(26095): type=1400 audit(0.0:3427927): avc: denied { read } for name="u:object_r:qemu_sf_lcd_density_prop:s0" dev="tmpfs" ino=280 scontext=u:r:shell:s0 tcontext=u:object_r:qemu_sf_lcd_density_prop:s0 tclass=file permissive=0
06-06 00:18:06.810 W/uiautomator(26095): type=1400 audit(0.0:3427928): avc: denied { read } for name="u:object_r:qemu_sf_lcd_density_prop:s0" dev="tmpfs" ino=280 scontext=u:r:shell:s0 tcontext=u:object_r:qemu_sf_lcd_density_prop:s0 tclass=file permissive=0
06-06 00:18:06.812 W/libc    (26095): Access denied finding property "qemu.sf.lcd_density"
06-06 00:18:06.812 W/libc    (26095): Access denied finding property "qemu.sf.lcd_density"
06-06 00:18:06.856 W/AccessibilityNodeInfoDumper(26095): Fetch time: 41ms
06-06 00:18:06.891 D/AndroidRuntime(26095): Shutting down VM
06-06 00:18:07.676 I/SherpaSpeechEngine(26014): ASR create done
06-06 00:18:07.681 I/SherpaSpeechEngine(26014): TTS create start model=/storage/emulated/0/Android/media/com.firstaid.copilot.debug/models/speech/tts/model.int8.onnx
06-06 00:18:07.691 W/sherpa-onnx(26014): /home/runner/work/sherpa-onnx/sherpa-onnx/sherpa-onnx/jni/offline-tts.cc:operator():481
06-06 00:18:07.691 W/sherpa-onnx(26014): config:
06-06 00:18:07.691 W/sherpa-onnx(26014): OfflineTtsConfig(model=OfflineTtsModelConfig(vits=OfflineTtsVitsModelConfig(model="/storage/emulated/0/Android/media/com.firstaid.copilot.debug/models/speech/tts/model.int8.onnx", lexicon="/storage/emulated/0/Android/media/com.firstaid.copilot.debug/models/speech/tts/lexicon.txt", tokens="/storage/emulated/0/Android/media/com.firstaid.copilot.debug/models/speech/tts/tokens.txt", data_dir="", noise_scale=0.667, noise_scale_w=0.8, length_scale=1), matcha=OfflineTtsMatchaModelConfig(acoustic_model="", vocoder="", lexicon="", tokens="", data_dir="", noise_scale=1, length_scale=1), kokoro=OfflineTtsKokoroModelConfig(model="", voices="", tokens="", lexicon="", data_dir="", length_scale=1, lang=""), zipvoice=OfflineTtsZipvoiceModelConfig(tokens="", encoder="", decoder="", vocoder="", data_dir="", lexicon="", feat_scale=0.1, t_shift=0.5, target_rms=0.1, guidance_scale=1), kitten=OfflineTtsKittenModelConfig(model="", voices="", tokens="", data_dir="", length_scale=1), pocket=OfflineTtsPocketModelConfig(lm_flo
06-06 00:18:07.720 W/RefBase (26095): RefBase: Explicit destruction, weak count = 0 (in 0x7ae2fcf468). Use sp<> to manage this object.
06-06 00:18:07.725 D/RefBase (26095): #00 pc 000000000010cc18  /apex/com.android.runtime/lib64/bionic/libc.so (__cxa_finalize+280)
06-06 00:18:07.725 D/RefBase (26095): #01 pc 00000000000fee08  /apex/com.android.runtime/lib64/bionic/libc.so (exit+24)
06-06 00:18:07.725 D/RefBase (26095): #02 pc 00000000000927f4  /apex/com.android.runtime/lib64/bionic/libc.so (__libc_init+100)
06-06 00:18:08.087 D/ProfileInstaller(26014): Installing profile for com.firstaid.copilot.debug
06-06 00:18:08.529 D/TrafficStats( 3989): tagSocket(88) with statsTag=0x34000609, statsUid=10163
06-06 00:18:08.531 D/Linux   ( 3989): [Posix_connect Debug]Process com.google.android.gms.persistent :443 
06-06 00:18:13.328 I/SherpaSpeechEngine(26014): TTS create done
06-06 00:18:13.328 I/SherpaSpeechEngine(26014): TTS generate start chars=4
06-06 00:18:13.843 D/BoundBrokerSvc( 5058): onUnbind: Intent { act=com.google.android.gms.feedback.internal.IFeedbackService dat=chimera-action:/... cmp=com.google.android.gms/.chimera.GmsBoundBrokerService }
06-06 00:18:13.859 D/BoundBrokerSvc( 3989): onUnbind: Intent { act=com.google.android.gms.icing.LIGHTWEIGHT_INDEX_SERVICE dat=chimera-action:/... cmp=com.google.android.gms/.chimera.PersistentApiService }
06-06 00:18:16.912 I/SherpaSpeechEngine(26014): TTS generate done
06-06 00:18:16.914 I/SherpaSpeechEngine(26014): TTS save done bytes=71724
06-06 00:18:16.915 I/EdgeTextToSpeech(26014): Sherpa TTS cached '继续按压' in 9235ms
06-06 00:18:16.924 E/d.copilot.debug(26014): No implementation found for void com.google.ai.edge.litertlm.NativeLibraryLoader.nativeCheckLoaded() (tried Java_com_google_ai_edge_litertlm_NativeLibraryLoader_nativeCheckLoaded and Java_com_google_ai_edge_litertlm_NativeLibraryLoader_nativeCheckLoaded__)
06-06 00:18:16.938 I/native  (26014): I0000 00:00:1780676296.938039   26045 litert_lm_loader.cc:183] LitertLmLoader::Initialize
06-06 00:18:16.938 I/native  (26014): I0000 00:00:1780676296.938352   26045 litert_lm_loader.cc:206] mmap_status is ok
06-06 00:18:16.938 I/native  (26014): I0000 00:00:1780676296.938676   26045 litert_lm_loader.cc:211] status: OK
06-06 00:18:16.938 I/native  (26014): I0000 00:00:1780676296.938722   26045 litert_lm_loader.cc:212] major_version: 1
06-06 00:18:16.938 I/native  (26014): I0000 00:00:1780676296.938799   26045 litert_lm_loader.cc:213] minor_version: 5
06-06 00:18:16.938 I/native  (26014): I0000 00:00:1780676296.938831   26045 litert_lm_loader.cc:214] patch_version: 0
06-06 00:18:16.938 I/native  (26014): I0000 00:00:1780676296.938888   26045 litert_lm_loader.cc:247] section_index: 0
06-06 00:18:16.938 I/native  (26014): I0000 00:00:1780676296.938907   26045 litert_lm_loader.cc:248] section_data_type: LlmMetadataProto
06-06 00:18:16.938 I/native  (26014): I0000 00:00:1780676296.938922   26045 litert_lm_loader.cc:250] section_begin_offset: 16384
06-06 00:18:16.938 I/native  (26014): I0000 00:00:1780676296.938971   26045 litert_lm_loader.cc:251] section_end_offset: 28576
06-06 00:18:16.939 I/native  (26014): I0000 00:00:1780676296.938995   26045 litert_lm_loader.cc:247] section_index: 1
06-06 00:18:16.939 I/native  (26014): I0000 00:00:1780676296.939011   26045 litert_lm_loader.cc:248] section_data_type: SP_Tokenizer
06-06 00:18:16.939 I/native  (26014): I0000 00:00:1780676296.939025   26045 litert_lm_loader.cc:250] section_begin_offset: 32768
06-06 00:18:16.939 I/native  (26014): I0000 00:00:1780676296.939039   26045 litert_lm_loader.cc:251] section_end_offset: 4721781
06-06 00:18:16.939 I/native  (26014): I0000 00:00:1780676296.939073   26045 litert_lm_loader.cc:100] model_type: tf_lite_embedder
06-06 00:18:16.939 I/native  (26014): I0000 00:00:1780676296.939092   26045 litert_lm_loader.cc:247] section_index: 2
06-06 00:18:16.939 I/native  (26014): I0000 00:00:1780676296.939107   26045 litert_lm_loader.cc:248] section_data_type: TFLiteModel
06-06 00:18:16.939 I/native  (26014): I0000 00:00:1780676296.939120   26045 litert_lm_loader.cc:250] section_begin_offset: 4734976
06-06 00:18:16.939 I/native  (26014): I0000 00:00:1780676296.939137   26045 litert_lm_loader.cc:251] section_end_offset: 108546696
06-06 00:18:16.939 I/native  (26014): I0000 00:00:1780676296.939155   26045 litert_lm_loader.cc:100] model_type: tf_lite_per_layer_embedder
06-06 00:18:16.939 I/native  (26014): I0000 00:00:1780676296.939173   26045 litert_lm_loader.cc:247] section_index: 3
06-06 00:18:16.939 I/native  (26014): I0000 00:00:1780676296.939191   26045 litert_lm_loader.cc:248] section_data_type: TFLiteModel
06-06 00:18:16.939 I/native  (26014): I0000 00:00:1780676296.939205   26045 litert_lm_loader.cc:250] section_begin_offset: 108560384
06-06 00:18:16.939 I/native  (26014): I0000 00:00:1780676296.939224   26045 litert_lm_loader.cc:251] section_end_offset: 1393078776
06-06 00:18:16.939 I/native  (26014): I0000 00:00:1780676296.939242   26045 litert_lm_loader.cc:100] model_type: tf_lite_audio_encoder_hw
06-06 00:18:16.939 I/native  (26014): I0000 00:00:1780676296.939258   26045 litert_lm_loader.cc:230] section_backend_constraint: cpu
06-06 00:18:16.939 I/native  (26014): I0000 00:00:1780676296.939273   26045 litert_lm_loader.cc:247] section_index: 4
06-06 00:18:16.939 I/native  (26014): I0000 00:00:1780676296.939289   26045 litert_lm_loader.cc:248] section_data_type: TFLiteModel
06-06 00:18:16.939 I/native  (26014): I0000 00:00:1780676296.939304   26045 litert_lm_loader.cc:250] section_begin_offset: 1393082368
06-06 00:18:16.939 I/native  (26014): I0000 00:00:1780676296.939322   26045 litert_lm_loader.cc:251] section_end_offset: 1487134648
06-06 00:18:16.939 I/native  (26014): I0000 00:00:1780676296.939340   26045 litert_lm_loader.cc:100] model_type: tf_lite_audio_adapter
06-06 00:18:16.939 I/native  (26014): I0000 00:00:1780676296.939357   26045 litert_lm_loader.cc:230] section_backend_constraint: cpu
06-06 00:18:16.939 I/native  (26014): I0000 00:00:1780676296.939374   26045 litert_lm_loader.cc:247] section_index: 5
06-06 00:18:16.939 I/native  (26014): I0000 00:00:1780676296.939391   26045 litert_lm_loader.cc:248] section_data_type: TFLiteModel
06-06 00:18:16.939 I/native  (26014): I0000 00:00:1780676296.939405   26045 litert_lm_loader.cc:250] section_begin_offset: 1487142912
06-06 00:18:16.939 I/native  (26014): I0000 00:00:1780676296.939455   26045 litert_lm_loader.cc:251] section_end_offset: 1496584156
06-06 00:18:16.939 I/native  (26014): I0000 00:00:1780676296.939476   26045 litert_lm_loader.cc:100] model_type: tf_lite_end_of_audio
06-06 00:18:16.939 I/native  (26014): I0000 00:00:1780676296.939492   26045 litert_lm_loader.cc:247] section_index: 6
06-06 00:18:16.939 I/native  (26014): I0000 00:00:1780676296.939509   26045 litert_lm_loader.cc:248] section_data_type: TFLiteModel
06-06 00:18:16.939 I/native  (26014): I0000 00:00:1780676296.939523   26045 litert_lm_loader.cc:250] section_begin_offset: 1496596480
06-06 00:18:16.939 I/native  (26014): I0000 00:00:1780676296.939538   26045 litert_lm_loader.cc:251] section_end_offset: 1496603252
06-06 00:18:16.939 I/native  (26014): I0000 00:00:1780676296.939554   26045 litert_lm_loader.cc:100] model_type: tf_lite_vision_encoder
06-06 00:18:16.939 I/native  (26014): I0000 00:00:1780676296.939571   26045 litert_lm_loader.cc:234] section_prefer_activation_type: fp16
06-06 00:18:16.939 I/native  (26014): I0000 00:00:1780676296.939588   26045 litert_lm_loader.cc:247] section_index: 7
06-06 00:18:16.939 I/native  (26014): I0000 00:00:1780676296.939605   26045 litert_lm_loader.cc:248] section_data_type: TFLiteModel
06-06 00:18:16.939 I/native  (26014): I0000 00:00:1780676296.939619   26045 litert_lm_loader.cc:250] section_begin_offset: 1496612864
06-06 00:18:16.939 I/native  (26014): I0000 00:00:1780676296.939636   26045 litert_lm_loader.cc:251] section_end_offset: 1720750800
06-06 00:18:16.939 I/native  (26014): I0000 00:00:1780676296.939658   26045 litert_lm_loader.cc:100] model_type: tf_lite_vision_adapter
06-06 00:18:16.939 I/native  (26014): I0000 00:00:1780676296.939674   26045 litert_lm_loader.cc:230] section_backend_constraint: cpu
06-06 00:18:16.939 I/native  (26014): I0000 00:00:1780676296.939689   26045 litert_lm_loader.cc:247] section_index: 8
06-06 00:18:16.939 I/native  (26014): I0000 00:00:1780676296.939707   26045 litert_lm_loader.cc:248] section_data_type: TFLiteModel
06-06 00:18:16.939 I/native  (26014): I0000 00:00:1780676296.939722   26045 litert_lm_loader.cc:250] section_begin_offset: 1720762368
06-06 00:18:16.939 I/native  (26014): I0000 00:00:1780676296.939741   26045 litert_lm_loader.cc:251] section_end_offset: 1725505296
06-06 00:18:16.939 I/native  (26014): I0000 00:00:1780676296.939758   26045 litert_lm_loader.cc:100] model_type: tf_lite_end_of_vision
06-06 00:18:16.939 I/native  (26014): I0000 00:00:1780676296.939776   26045 litert_lm_loader.cc:247] section_index: 9
06-06 00:18:16.939 I/native  (26014): I0000 00:00:1780676296.939792   26045 litert_lm_loader.cc:248] section_data_type: TFLiteModel
06-06 00:18:16.939 I/native  (26014): I0000 00:00:1780676296.939807   26045 litert_lm_loader.cc:250] section_begin_offset: 1725513728
06-06 00:18:16.939 I/native  (26014): I0000 00:00:1780676296.939822   26045 litert_lm_loader.cc:251] section_end_offset: 1725520500
06-06 00:18:16.939 I/native  (26014): I0000 00:00:1780676296.939838   26045 litert_lm_loader.cc:100] model_type: tf_lite_prefill_decode
06-06 00:18:16.939 I/native  (26014): I0000 00:00:1780676296.939853   26045 litert_lm_loader.cc:234] section_prefer_activation_type: fp16
06-06 00:18:16.939 I/native  (26014): I0000 00:00:1780676296.939868   26045 litert_lm_loader.cc:247] section_index: 10
06-06 00:18:16.939 I/native  (26014): I0000 00:00:1780676296.939883   26045 litert_lm_loader.cc:248] section_data_type: TFLiteModel
06-06 00:18:16.939 I/native  (26014): I0000 00:00:1780676296.939899   26045 litert_lm_loader.cc:250] section_begin_offset: 1725530112
06-06 00:18:16.939 I/native  (26014): I0000 00:00:1780676296.939915   26045 litert_lm_loader.cc:251] section_end_offset: 2543805296
06-06 00:18:16.939 I/native  (26014): I0000 00:00:1780676296.939932   26045 litert_lm_loader.cc:100] model_type: tf_lite_mtp_drafter
06-06 00:18:16.939 I/native  (26014): I0000 00:00:1780676296.939950   26045 litert_lm_loader.cc:247] section_index: 11
06-06 00:18:16.939 I/native  (26014): I0000 00:00:1780676296.939975   26045 litert_lm_loader.cc:248] section_data_type: TFLiteModel
06-06 00:18:16.940 I/native  (26014): I0000 00:00:1780676296.940008   26045 litert_lm_loader.cc:250] section_begin_offset: 2543812608
06-06 00:18:16.940 I/native  (26014): I0000 00:00:1780676296.940031   26045 litert_lm_loader.cc:251] section_end_offset: 2588138320
06-06 00:18:16.943 I/native  (26014): I0000 00:00:1780676296.943279   26045 litert_lm_loader.cc:183] LitertLmLoader::Initialize
06-06 00:18:16.943 I/native  (26014): I0000 00:00:1780676296.943381   26045 litert_lm_loader.cc:206] mmap_status is ok
06-06 00:18:16.943 I/native  (26014): I0000 00:00:1780676296.943439   26045 litert_lm_loader.cc:211] status: OK
06-06 00:18:16.943 I/native  (26014): I0000 00:00:1780676296.943461   26045 litert_lm_loader.cc:212] major_version: 1
06-06 00:18:16.943 I/native  (26014): I0000 00:00:1780676296.943518   26045 litert_lm_loader.cc:213] minor_version: 5
06-06 00:18:16.943 I/native  (26014): I0000 00:00:1780676296.943556   26045 litert_lm_loader.cc:214] patch_version: 0
06-06 00:18:16.943 I/native  (26014): I0000 00:00:1780676296.943585   26045 litert_lm_loader.cc:247] section_index: 0
06-06 00:18:16.943 I/native  (26014): I0000 00:00:1780676296.943606   26045 litert_lm_loader.cc:248] section_data_type: LlmMetadataProto
06-06 00:18:16.943 I/native  (26014): I0000 00:00:1780676296.943626   26045 litert_lm_loader.cc:250] section_begin_offset: 16384
06-06 00:18:16.943 I/native  (26014): I0000 00:00:1780676296.943646   26045 litert_lm_loader.cc:251] section_end_offset: 28576
06-06 00:18:16.943 I/native  (26014): I0000 00:00:1780676296.943667   26045 litert_lm_loader.cc:247] section_index: 1
06-06 00:18:16.943 I/native  (26014): I0000 00:00:1780676296.943686   26045 litert_lm_loader.cc:248] section_data_type: SP_Tokenizer
06-06 00:18:16.943 I/native  (26014): I0000 00:00:1780676296.943714   26045 litert_lm_loader.cc:250] section_begin_offset: 32768
06-06 00:18:16.943 I/native  (26014): I0000 00:00:1780676296.943733   26045 litert_lm_loader.cc:251] section_end_offset: 4721781
06-06 00:18:16.943 I/native  (26014): I0000 00:00:1780676296.943756   26045 litert_lm_loader.cc:100] model_type: tf_lite_embedder
06-06 00:18:16.943 I/native  (26014): I0000 00:00:1780676296.943777   26045 litert_lm_loader.cc:247] section_index: 2
06-06 00:18:16.943 I/native  (26014): I0000 00:00:1780676296.943809   26045 litert_lm_loader.cc:248] section_data_type: TFLiteModel
06-06 00:18:16.943 I/native  (26014): I0000 00:00:1780676296.943831   26045 litert_lm_loader.cc:250] section_begin_offset: 4734976
06-06 00:18:16.943 I/native  (26014): I0000 00:00:1780676296.943851   26045 litert_lm_loader.cc:251] section_end_offset: 108546696
06-06 00:18:16.943 I/native  (26014): I0000 00:00:1780676296.943873   26045 litert_lm_loader.cc:100] model_type: tf_lite_per_layer_embedder
06-06 00:18:16.943 I/native  (26014): I0000 00:00:1780676296.943893   26045 litert_lm_loader.cc:247] section_index: 3
06-06 00:18:16.943 I/native  (26014): I0000 00:00:1780676296.943912   26045 litert_lm_loader.cc:248] section_data_type: TFLiteModel
06-06 00:18:16.943 I/native  (26014): I0000 00:00:1780676296.943928   26045 litert_lm_loader.cc:250] section_begin_offset: 108560384
06-06 00:18:16.943 I/native  (26014): I0000 00:00:1780676296.943946   26045 litert_lm_loader.cc:251] section_end_offset: 1393078776
06-06 00:18:16.943 I/native  (26014): I0000 00:00:1780676296.943968   26045 litert_lm_loader.cc:100] model_type: tf_lite_audio_encoder_hw
06-06 00:18:16.943 I/native  (26014): I0000 00:00:1780676296.943987   26045 litert_lm_loader.cc:230] section_backend_constraint: cpu
06-06 00:18:16.944 I/native  (26014): I0000 00:00:1780676296.944007   26045 litert_lm_loader.cc:247] section_index: 4
06-06 00:18:16.944 I/native  (26014): I0000 00:00:1780676296.944026   26045 litert_lm_loader.cc:248] section_data_type: TFLiteModel
06-06 00:18:16.944 I/native  (26014): I0000 00:00:1780676296.944047   26045 litert_lm_loader.cc:250] section_begin_offset: 1393082368
06-06 00:18:16.944 I/native  (26014): I0000 00:00:1780676296.944068   26045 litert_lm_loader.cc:251] section_end_offset: 1487134648
06-06 00:18:16.944 I/native  (26014): I0000 00:00:1780676296.944091   26045 litert_lm_loader.cc:100] model_type: tf_lite_audio_adapter
06-06 00:18:16.944 I/native  (26014): I0000 00:00:1780676296.944113   26045 litert_lm_loader.cc:230] section_backend_constraint: cpu
06-06 00:18:16.944 I/native  (26014): I0000 00:00:1780676296.944133   26045 litert_lm_loader.cc:247] section_index: 5
06-06 00:18:16.944 I/native  (26014): I0000 00:00:1780676296.944154   26045 litert_lm_loader.cc:248] section_data_type: TFLiteModel
06-06 00:18:16.944 I/native  (26014): I0000 00:00:1780676296.944173   26045 litert_lm_loader.cc:250] section_begin_offset: 1487142912
06-06 00:18:16.944 I/native  (26014): I0000 00:00:1780676296.944195   26045 litert_lm_loader.cc:251] section_end_offset: 1496584156
06-06 00:18:16.944 I/native  (26014): I0000 00:00:1780676296.944217   26045 litert_lm_loader.cc:100] model_type: tf_lite_end_of_audio
06-06 00:18:16.944 I/native  (26014): I0000 00:00:1780676296.944239   26045 litert_lm_loader.cc:247] section_index: 6
06-06 00:18:16.944 I/native  (26014): I0000 00:00:1780676296.944259   26045 litert_lm_loader.cc:248] section_data_type: TFLiteModel
06-06 00:18:16.944 I/native  (26014): I0000 00:00:1780676296.944277   26045 litert_lm_loader.cc:250] section_begin_offset: 1496596480
06-06 00:18:16.944 I/native  (26014): I0000 00:00:1780676296.944296   26045 litert_lm_loader.cc:251] section_end_offset: 1496603252
06-06 00:18:16.944 I/native  (26014): I0000 00:00:1780676296.944318   26045 litert_lm_loader.cc:100] model_type: tf_lite_vision_encoder
06-06 00:18:16.944 I/native  (26014): I0000 00:00:1780676296.944338   26045 litert_lm_loader.cc:234] section_prefer_activation_type: fp16
06-06 00:18:16.944 I/native  (26014): I0000 00:00:1780676296.944356   26045 litert_lm_loader.cc:247] section_index: 7
06-06 00:18:16.944 I/native  (26014): I0000 00:00:1780676296.944375   26045 litert_lm_loader.cc:248] section_data_type: TFLiteModel
06-06 00:18:16.944 I/native  (26014): I0000 00:00:1780676296.944390   26045 litert_lm_loader.cc:250] section_begin_offset: 1496612864
06-06 00:18:16.944 I/native  (26014): I0000 00:00:1780676296.944406   26045 litert_lm_loader.cc:251] section_end_offset: 1720750800
06-06 00:18:16.944 I/native  (26014): I0000 00:00:1780676296.944428   26045 litert_lm_loader.cc:100] model_type: tf_lite_vision_adapter
06-06 00:18:16.944 I/native  (26014): I0000 00:00:1780676296.944446   26045 litert_lm_loader.cc:230] section_backend_constraint: cpu
06-06 00:18:16.944 I/native  (26014): I0000 00:00:1780676296.944464   26045 litert_lm_loader.cc:247] section_index: 8
06-06 00:18:16.944 I/native  (26014): I0000 00:00:1780676296.944482   26045 litert_lm_loader.cc:248] section_data_type: TFLiteModel
06-06 00:18:16.944 I/native  (26014): I0000 00:00:1780676296.944497   26045 litert_lm_loader.cc:250] section_begin_offset: 1720762368
06-06 00:18:16.944 I/native  (26014): I0000 00:00:1780676296.944513   26045 litert_lm_loader.cc:251] section_end_offset: 1725505296
06-06 00:18:16.944 I/native  (26014): I0000 00:00:1780676296.944532   26045 litert_lm_loader.cc:100] model_type: tf_lite_end_of_vision
06-06 00:18:16.944 I/native  (26014): I0000 00:00:1780676296.944549   26045 litert_lm_loader.cc:247] section_index: 9
06-06 00:18:16.944 I/native  (26014): I0000 00:00:1780676296.944567   26045 litert_lm_loader.cc:248] section_data_type: TFLiteModel
06-06 00:18:16.944 I/native  (26014): I0000 00:00:1780676296.944582   26045 litert_lm_loader.cc:250] section_begin_offset: 1725513728
06-06 00:18:16.944 I/native  (26014): I0000 00:00:1780676296.944598   26045 litert_lm_loader.cc:251] section_end_offset: 1725520500
06-06 00:18:16.944 I/native  (26014): I0000 00:00:1780676296.944616   26045 litert_lm_loader.cc:100] model_type: tf_lite_prefill_decode
06-06 00:18:16.944 I/native  (26014): I0000 00:00:1780676296.944634   26045 litert_lm_loader.cc:234] section_prefer_activation_type: fp16
06-06 00:18:16.944 I/native  (26014): I0000 00:00:1780676296.944649   26045 litert_lm_loader.cc:247] section_index: 10
06-06 00:18:16.944 I/native  (26014): I0000 00:00:1780676296.944667   26045 litert_lm_loader.cc:248] section_data_type: TFLiteModel
06-06 00:18:16.944 I/native  (26014): I0000 00:00:1780676296.944682   26045 litert_lm_loader.cc:250] section_begin_offset: 1725530112
06-06 00:18:16.944 I/native  (26014): I0000 00:00:1780676296.944698   26045 litert_lm_loader.cc:251] section_end_offset: 2543805296
06-06 00:18:16.944 I/native  (26014): I0000 00:00:1780676296.944717   26045 litert_lm_loader.cc:100] model_type: tf_lite_mtp_drafter
06-06 00:18:16.944 I/native  (26014): I0000 00:00:1780676296.944739   26045 litert_lm_loader.cc:247] section_index: 11
06-06 00:18:16.944 I/native  (26014): I0000 00:00:1780676296.944757   26045 litert_lm_loader.cc:248] section_data_type: TFLiteModel
06-06 00:18:16.944 I/native  (26014): I0000 00:00:1780676296.944773   26045 litert_lm_loader.cc:250] section_begin_offset: 2543812608
06-06 00:18:16.944 I/native  (26014): I0000 00:00:1780676296.944792   26045 litert_lm_loader.cc:251] section_end_offset: 2588138320
06-06 00:18:16.945 I/native  (26014): I0000 00:00:1780676296.945576   26045 engine_impl.cc:252] New model files have LlmModelType, loading tokenizer asynchronously
06-06 00:18:16.945 I/native  (26014): I0000 00:00:1780676296.945901   26045 engine_settings.cc:101] The Main backend constraint is not set.
06-06 00:18:16.946 I/native  (26014): I0000 00:00:1780676296.945957   26045 engine_settings.cc:436] The validated engine settings: EngineSettings: 
06-06 00:18:16.946 I/native  (26014):   MainExecutorSettings: backend: GPU
06-06 00:18:16.946 I/native  (26014): backend_config:
06-06 00:18:16.946 I/native  (26014): max_top_k: 1
06-06 00:18:16.946 I/native  (26014): 
06-06 00:18:16.946 I/native  (26014): max_tokens: 1536
06-06 00:18:16.946 I/native  (26014): activation_data_type: FLOAT16
06-06 00:18:16.946 I/native  (26014): max_num_images: 0
06-06 00:18:16.946 I/native  (26014): lora_rank: 0
06-06 00:18:16.946 I/native  (26014): cache_dir: /data/user/0/com.firstaid.copilot.debug/cache/litertlm
06-06 00:18:16.946 I/native  (26014): cache_file: Not set
06-06 00:18:16.946 I/native  (26014): litert_dispatch_lib_dir: Not set
06-06 00:18:16.946 I/native  (26014): model_assets: model_path: /storage/emulated/0/Android/media/com.firstaid.copilot.debug/models/gemma/gemma-4-E2B-it.litertlm
06-06 00:18:16.946 I/native  (26014): fake_weights_mode: FAKE_WEIGHTS_NONE
06-06 00:18:16.946 I/native  (26014): 
06-06 00:18:16.946 I/native  (26014): advanced_settings: prefill_batch_sizes: []
06-06 00:18:16.946 I/native  (26014): num_output_candidates: 1
06-06 00:18:16.946 I/native  (26014): configure_magic_numbers: true
06-06 00:18:16.946 I/native  (26014): verify_magic_numbers: false
06-06 00:18:16.946 I/native  (26014): clear_kv_cache_before_prefill: true
06-06 00:18:16.946 I/native  (26014): num_logits_to_print_after_decode: 0
06-06 00:18:16.946 I/native  (26014): gpu_madvise_original_shared_tensors: true
06-06 00:18:16.946 I/native  (26014): is_benchmark: true
06-06 00:18:16.946 I/native  (26014): preferred_device_substr: 
06-06 00:18:16.946 I/native  (26014): num_threads_to_upload: -1
06-06 00:18:16.946 I/native  (26014): num_threads_to_compile: -1
06-06 00:18:16.946 I/native  (26014): convert_weights_on_gpu: true
06-06 00:18:16.946 I/native  (26014): wait_for_weights_conversion_complete_in_benchmark: true
06-06 00:18:16.946 I/native  (26014): optimize_shader_compilation: true
06-06 00:18:16.946 I/native  (26014): cache_compiled_shaders_only: false
06-06 00:18:16.946 I/native  (26014): share_constant_tensors: true
06-06 00:18:16.946 I/native  (26014): sampler_handles_input: true
06-06 00:18:16.946 I/native  (26014): allow_src_quantized_fc_conv_ops: true
06-06 00:18:16.946 I/native  (26014): hint_waiting_for_completion: false
06-06 00:18:16.946 I/native  (26014): gpu_context_low_priority: Not set
06-06 00:18:16.946 I/native  (26014): enable_speculative_decoding: true
06-06 00:18:16.946 I/native  (26014): disable_delegate_clustering: true
06-06 00:18:16.946 I/native  (26014): hint_kernel_batch_size: Not set
06-06 00:18:16.946 I/native  (26014): 
06-06 00:18:16.946 I/native  (26014):   LlmMetadata: MessageLite at 0x74bbaf0238  BenchmarkParams: MessageLite at 0x74bbaf0210  VisionExecutorSettings: Not set
06-06 00:18:16.946 I/native  (26014):   AudioExecutorSettings: Not set
06-06 00:18:16.946 I/native  (26014):   ParallelFileSectionLoading: true
06-06 00:18:16.946 I/native  (26014):   SingleThreadedExecution: false
06-06 00:18:16.947 I/native  (26014): I0000 00:00:1780676296.947520   26045 model_resources_litert_lm.cc:67] model_type: TF_LITE_PREFILL_DECODE
06-06 00:18:16.947 I/native  (26014): I0000 00:00:1780676296.947581   26045 model_resources_litert_lm.cc:68] litert model size: 818275184
06-06 00:18:17.501 I/native  (26014): I0000 00:00:1780676297.501752   26045 litert_util.cc:93] Setting dispatch library path: /storage/emulated/0/Android/media/com.firstaid.copilot.debug/models/gemma
06-06 00:18:17.501 I/litert  (26014): [environment.cc:30] Creating LiteRT environment with options
06-06 00:18:17.501 I/litert  (26014): [accelerator_registry.cc:54] RegisterAccelerator: ptr=0xb4000075b1cbc860, name=NpuAccelerator
06-06 00:18:17.501 I/litert  (26014): [npu_registry.cc:30] NPU accelerator registered.
06-06 00:18:17.501 I/litert  (26014): [gpu_registry.cc:101] Loading GPU accelerator(libLiteRtGpuAccelerator.so).
06-06 00:18:17.503 I/litert  (26014): [gpu_registry.cc:101] Loading GPU accelerator(libLiteRtClGlAccelerator.so).
06-06 00:18:17.504 I/litert  (26014): [accelerator_registry.cc:54] RegisterAccelerator: ptr=0xb4000075b1f1bf70, name=LiteRT GPU
06-06 00:18:17.504 I/litert  (26014): [gpu_registry.cc:109] Dynamically loaded GPU accelerator(libLiteRtClGlAccelerator.so) registered.
06-06 00:18:17.504 I/litert  (26014): [accelerator_registry.cc:54] RegisterAccelerator: ptr=0xb4000075b099f8d0, name=CpuAccelerator
06-06 00:18:17.504 I/litert  (26014): [cpu_registry.cc:42] CPU accelerator registered.
06-06 00:18:17.506 I/native  (26014): I0000 00:00:1780676297.506570   26045 executor_settings_base.cc:397] File does not exist: /data/user/0/com.firstaid.copilot.debug/cache/litertlm/gemma-4-E2B-it.litertlm_1780335215_2588147712_mldrift_program_cache.bin Cleaning stale caches.
06-06 00:18:17.506 I/native  (26014): I0000 00:00:1780676297.506666   26045 executor_settings_base.cc:408] Deleted 0 stale cache files.
06-06 00:18:17.506 I/native  (26014): I0000 00:00:1780676297.506728   26045 llm_executor_settings_utils.cc:179] Setting serialization dir: /data/user/0/com.firstaid.copilot.debug/cache/litertlm
06-06 00:18:17.506 I/litert  (26014): [magic_number_utils.cc:97] Loaded: num_subgraphs=976, num_signatures=4
06-06 00:18:17.506 I/litert  (26014): [magic_number_utils.cc:105]   signature=decode, subgraph_index=0, num_tensors=2703, num_inputs=35, num_outputs=32, num_ops=2068
06-06 00:18:17.506 I/litert  (26014): [magic_number_utils.cc:105]   signature=prefill_1024, subgraph_index=1, num_tensors=1454, num_inputs=35, num_outputs=30, num_ops=1107
06-06 00:18:17.506 I/litert  (26014): [magic_number_utils.cc:105]   signature=prefill_128, subgraph_index=2, num_tensors=1454, num_inputs=35, num_outputs=30, num_ops=1107
06-06 00:18:17.506 I/litert  (26014): [magic_number_utils.cc:105]   signature=verify, subgraph_index=3, num_tensors=2887, num_inputs=35, num_outputs=32, num_ops=2243
06-06 00:18:17.506 I/litert  (26014): [magic_number_utils.cc:109] Magic number configs: num_configs=1
06-06 00:18:17.506 I/litert  (26014): [magic_number_utils.cc:116]   config[0]: magic_number=32003, target_number=1536, signature_prefix=null
06-06 00:18:17.508 I/litert  (26014): [magic_number_utils.cc:425] 439 tensors of signature decode have been updated for magic number  32003 to target number 1536
06-06 00:18:17.509 I/litert  (26014): [magic_number_utils.cc:425] 271 tensors of signature prefill_1024 have been updated for magic number  32003 to target number 1536
06-06 00:18:17.510 I/litert  (26014): [magic_number_utils.cc:425] 270 tensors of signature prefill_128 have been updated for magic number  32003 to target number 1536
06-06 00:18:17.512 I/litert  (26014): [magic_number_utils.cc:425] 444 tensors of signature verify have been updated for magic number  32003 to target number 1536
06-06 00:18:17.512 I/litert  (26014): [compiled_model.cc:733] Flatbuffer model initialized directly from incoming litert model.
06-06 00:18:17.513 I/tflite  (26014): Initialized TensorFlow Lite runtime.
06-06 00:18:17.551 W/libc    (26014): Access denied finding property "ro.hardware.chipname"
06-06 00:18:17.613 E/litert  (26014): [litert_dispatch.cc:113] No dispatch library found in /storage/emulated/0/Android/media/com.firstaid.copilot.debug/models/gemma
06-06 00:18:17.613 E/litert  (26014): [dispatch_delegate.cc:115] Failed to initialize Dispatch API: ERROR: [third_party/odml/litert/litert/runtime/dispatch/dispatch_delegate.cc:174]
06-06 00:18:17.618 E/litert  (26014): [litert_dispatch.cc:113] No dispatch library found in /storage/emulated/0/Android/media/com.firstaid.copilot.debug/models/gemma
06-06 00:18:17.618 E/litert  (26014): [dispatch_delegate.cc:115] Failed to initialize Dispatch API: ERROR: [third_party/odml/litert/litert/runtime/dispatch/dispatch_delegate.cc:174]
06-06 00:18:17.622 E/litert  (26014): [litert_dispatch.cc:113] No dispatch library found in /storage/emulated/0/Android/media/com.firstaid.copilot.debug/models/gemma
06-06 00:18:17.622 E/litert  (26014): [dispatch_delegate.cc:115] Failed to initialize Dispatch API: ERROR: [third_party/odml/litert/litert/runtime/dispatch/dispatch_delegate.cc:174]
06-06 00:18:17.627 E/litert  (26014): [litert_dispatch.cc:113] No dispatch library found in /storage/emulated/0/Android/media/com.firstaid.copilot.debug/models/gemma
06-06 00:18:17.627 E/litert  (26014): [dispatch_delegate.cc:115] Failed to initialize Dispatch API: ERROR: [third_party/odml/litert/litert/runtime/dispatch/dispatch_delegate.cc:174]
06-06 00:18:17.633 E/litert  (26014): [litert_dispatch.cc:113] No dispatch library found in /storage/emulated/0/Android/media/com.firstaid.copilot.debug/models/gemma
06-06 00:18:17.633 E/litert  (26014): [dispatch_delegate.cc:115] Failed to initialize Dispatch API: ERROR: [third_party/odml/litert/litert/runtime/dispatch/dispatch_delegate.cc:174]
06-06 00:18:17.638 E/litert  (26014): [litert_dispatch.cc:113] No dispatch library found in /storage/emulated/0/Android/media/com.firstaid.copilot.debug/models/gemma
06-06 00:18:17.638 E/litert  (26014): [dispatch_delegate.cc:115] Failed to initialize Dispatch API: ERROR: [third_party/odml/litert/litert/runtime/dispatch/dispatch_delegate.cc:174]
06-06 00:18:17.643 E/litert  (26014): [litert_dispatch.cc:113] No dispatch library found in /storage/emulated/0/Android/media/com.firstaid.copilot.debug/models/gemma
06-06 00:18:17.643 E/litert  (26014): [dispatch_delegate.cc:115] Failed to initialize Dispatch API: ERROR: [third_party/odml/litert/litert/runtime/dispatch/dispatch_delegate.cc:174]
06-06 00:18:17.647 E/litert  (26014): [litert_dispatch.cc:113] No dispatch library found in /storage/emulated/0/Android/media/com.firstaid.copilot.debug/models/gemma
06-06 00:18:17.647 E/litert  (26014): [dispatch_delegate.cc:115] Failed to initialize Dispatch API: ERROR: [third_party/odml/litert/litert/runtime/dispatch/dispatch_delegate.cc:174]
06-06 00:18:17.655 E/litert  (26014): [litert_dispatch.cc:113] No dispatch library found in /storage/emulated/0/Android/media/com.firstaid.copilot.debug/models/gemma
06-06 00:18:17.655 E/litert  (26014): [dispatch_delegate.cc:115] Failed to initialize Dispatch API: ERROR: [third_party/odml/litert/litert/runtime/dispatch/dispatch_delegate.cc:174]
06-06 00:18:17.663 E/litert  (26014): [litert_dispatch.cc:113] No dispatch library found in /storage/emulated/0/Android/media/com.firstaid.copilot.debug/models/gemma
06-06 00:18:17.663 E/litert  (26014): [dispatch_delegate.cc:115] Failed to initialize Dispatch API: ERROR: [third_party/odml/litert/litert/runtime/dispatch/dispatch_delegate.cc:174]
06-06 00:18:17.667 E/litert  (26014): [litert_dispatch.cc:113] No dispatch library found in /storage/emulated/0/Android/media/com.firstaid.copilot.debug/models/gemma
06-06 00:18:17.667 E/litert  (26014): [dispatch_delegate.cc:115] Failed to initialize Dispatch API: ERROR: [third_party/odml/litert/litert/runtime/dispatch/dispatch_delegate.cc:174]
06-06 00:18:17.671 E/litert  (26014): [litert_dispatch.cc:113] No dispatch library found in /storage/emulated/0/Android/media/com.firstaid.copilot.debug/models/gemma
06-06 00:18:17.672 E/litert  (26014): [dispatch_delegate.cc:115] Failed to initialize Dispatch API: ERROR: [third_party/odml/litert/litert/runtime/dispatch/dispatch_delegate.cc:174]
06-06 00:18:17.678 E/litert  (26014): [litert_dispatch.cc:113] No dispatch library found in /storage/emulated/0/Android/media/com.firstaid.copilot.debug/models/gemma
06-06 00:18:17.679 E/litert  (26014): [dispatch_delegate.cc:115] Failed to initialize Dispatch API: ERROR: [third_party/odml/litert/litert/runtime/dispatch/dispatch_delegate.cc:174]
06-06 00:18:17.684 E/litert  (26014): [litert_dispatch.cc:113] No dispatch library found in /storage/emulated/0/Android/media/com.firstaid.copilot.debug/models/gemma
06-06 00:18:17.684 E/litert  (26014): [dispatch_delegate.cc:115] Failed to initialize Dispatch API: ERROR: [third_party/odml/litert/litert/runtime/dispatch/dispatch_delegate.cc:174]
06-06 00:18:17.692 E/litert  (26014): [litert_dispatch.cc:113] No dispatch library found in /storage/emulated/0/Android/media/com.firstaid.copilot.debug/models/gemma
06-06 00:18:17.692 E/litert  (26014): [dispatch_delegate.cc:115] Failed to initialize Dispatch API: ERROR: [third_party/odml/litert/litert/runtime/dispatch/dispatch_delegate.cc:174]
06-06 00:18:17.700 E/litert  (26014): [litert_dispatch.cc:113] No dispatch library found in /storage/emulated/0/Android/media/com.firstaid.copilot.debug/models/gemma
06-06 00:18:17.700 E/litert  (26014): [dispatch_delegate.cc:115] Failed to initialize Dispatch API: ERROR: [third_party/odml/litert/litert/runtime/dispatch/dispatch_delegate.cc:174]
06-06 00:18:17.708 E/litert  (26014): [litert_dispatch.cc:113] No dispatch library found in /storage/emulated/0/Android/media/com.firstaid.copilot.debug/models/gemma
06-06 00:18:17.708 E/litert  (26014): [dispatch_delegate.cc:115] Failed to initialize Dispatch API: ERROR: [third_party/odml/litert/litert/runtime/dispatch/dispatch_delegate.cc:174]
06-06 00:18:17.716 E/litert  (26014): [litert_dispatch.cc:113] No dispatch library found in /storage/emulated/0/Android/media/com.firstaid.copilot.debug/models/gemma
06-06 00:18:17.716 E/litert  (26014): [dispatch_delegate.cc:115] Failed to initialize Dispatch API: ERROR: [third_party/odml/litert/litert/runtime/dispatch/dispatch_delegate.cc:174]
06-06 00:18:17.725 E/litert  (26014): [litert_dispatch.cc:113] No dispatch library found in /storage/emulated/0/Android/media/com.firstaid.copilot.debug/models/gemma
06-06 00:18:17.725 E/litert  (26014): [dispatch_delegate.cc:115] Failed to initialize Dispatch API: ERROR: [third_party/odml/litert/litert/runtime/dispatch/dispatch_delegate.cc:174]
06-06 00:18:17.730 E/litert  (26014): [litert_dispatch.cc:113] No dispatch library found in /storage/emulated/0/Android/media/com.firstaid.copilot.debug/models/gemma
06-06 00:18:17.730 E/litert  (26014): [dispatch_delegate.cc:115] Failed to initialize Dispatch API: ERROR: [third_party/odml/litert/litert/runtime/dispatch/dispatch_delegate.cc:174]
06-06 00:18:17.742 E/litert  (26014): [litert_dispatch.cc:113] No dispatch library found in /storage/emulated/0/Android/media/com.firstaid.copilot.debug/models/gemma
06-06 00:18:17.742 E/litert  (26014): [dispatch_delegate.cc:115] Failed to initialize Dispatch API: ERROR: [third_party/odml/litert/litert/runtime/dispatch/dispatch_delegate.cc:174]
06-06 00:18:17.752 E/litert  (26014): [litert_dispatch.cc:113] No dispatch library found in /storage/emulated/0/Android/media/com.firstaid.copilot.debug/models/gemma
06-06 00:18:17.752 E/litert  (26014): [dispatch_delegate.cc:115] Failed to initialize Dispatch API: ERROR: [third_party/odml/litert/litert/runtime/dispatch/dispatch_delegate.cc:174]
06-06 00:18:17.764 E/litert  (26014): [litert_dispatch.cc:113] No dispatch library found in /storage/emulated/0/Android/media/com.firstaid.copilot.debug/models/gemma
06-06 00:18:17.764 E/litert  (26014): [dispatch_delegate.cc:115] Failed to initialize Dispatch API: ERROR: [third_party/odml/litert/litert/runtime/dispatch/dispatch_delegate.cc:174]
06-06 00:18:17.775 E/litert  (26014): [litert_dispatch.cc:113] No dispatch library found in /storage/emulated/0/Android/media/com.firstaid.copilot.debug/models/gemma
06-06 00:18:17.776 E/litert  (26014): [dispatch_delegate.cc:115] Failed to initialize Dispatch API: ERROR: [third_party/odml/litert/litert/runtime/dispatch/dispatch_delegate.cc:174]
