06-06 00:30:19.656 D/AudioManager( 9621): dispatching onPlaybackConfigChanged()
06-06 00:30:19.656 D/AudioManager( 9607): dispatching onPlaybackConfigChanged()
06-06 00:30:19.871 V/MediaPlayerNative(27928): message received msg=211, ext1=0, ext2=0
06-06 00:30:19.871 V/MediaPlayerNative(27928): unrecognized message: (211, 0, 0)
06-06 00:30:19.871 V/MediaPlayerNative(27928): callback application
06-06 00:30:19.872 V/MediaPlayerNative(27928): back from callback
06-06 00:30:19.905 I/WebSocketAgentChannel(27928): Received live text {"type":"audio_begin","session_id":"android_live_986fc04d","turn_seq":4,"action_id":"act_mq154drz_003j_fd43f0bca8d8","format":"pcm16","sample_rate":44100,"channels":1,"bits_per_sample":16}
06-06 00:30:19.919 I/WebSocketAgentChannel(27928): Received live audio bytes=118784
06-06 00:30:20.328 I/WebSocketAgentChannel(27928): Received live audio bytes=111616
06-06 00:30:20.329 I/WebSocketAgentChannel(27928): Received live text {"type":"audio_end","session_id":"android_live_986fc04d","turn_seq":4,"action_id":"act_mq154drz_003j_fd43f0bca8d8"}
06-06 00:30:22.143 V/MediaPlayerNative(27928): message received msg=2, ext1=0, ext2=0
06-06 00:30:22.143 V/MediaPlayerNative(27928): playback complete
06-06 00:30:22.143 V/MediaPlayerNative(27928): callback application
06-06 00:30:22.143 V/MediaPlayerNative(27928): back from callback
06-06 00:30:22.146 V/MediaPlayerNative(27928): message received msg=211, ext1=0, ext2=0
06-06 00:30:22.147 V/MediaPlayerNative(27928): unrecognized message: (211, 0, 0)
06-06 00:30:22.147 V/MediaPlayerNative(27928): callback application
06-06 00:30:22.147 V/MediaPlayerNative(27928): back from callback
06-06 00:30:22.149 V/MediaPlayerNative(27928): stop
06-06 00:30:22.150 V/MediaPlayerNative(27928): message received msg=8, ext1=0, ext2=0
06-06 00:30:22.150 V/MediaPlayerNative(27928): unrecognized message: (8, 0, 0)
06-06 00:30:22.150 V/MediaPlayerNative(27928): callback application
06-06 00:30:22.150 V/MediaPlayerNative(27928): back from callback
06-06 00:30:22.151 V/MediaPlayer(27928): resetDrmState:  mDrmInfo=null mDrmProvisioningThread=null mPrepareDrmInProgress=false mActiveDrmScheme=false
06-06 00:30:22.151 V/MediaPlayer(27928): cleanDrmObj: mDrmObj=null mDrmSessionId=null
06-06 00:30:22.151 D/MediaPlayer(27928): _release native called
06-06 00:30:22.151 V/MediaPlayerNative(27928): setListener
06-06 00:30:22.151 V/MediaPlayerNative(27928): disconnect
06-06 00:30:22.152 D/AudioManager( 9621): dispatching onPlaybackConfigChanged()
06-06 00:30:22.152 D/AudioManager( 9607): dispatching onPlaybackConfigChanged()
06-06 00:30:22.152 D/AudioManager( 9607): dispatching onPlaybackConfigChanged()
06-06 00:30:22.152 D/AudioManager( 9621): dispatching onPlaybackConfigChanged()
06-06 00:30:22.165 V/MediaPlayerNative(27928): destructor,0xb4000076306c0f10
06-06 00:30:22.165 V/MediaPlayerNative(27928): disconnect
06-06 00:30:22.165 D/MediaPlayer(27928): _release native finished
06-06 00:30:22.171 W/MediaPlayer(27928): mediaplayer went away with unhandled events
06-06 00:30:22.171 W/MediaPlayer(27928): mediaplayer went away with unhandled events
06-06 00:30:22.269 I/LiveCprCoachScreen(27928): ASR partial='我'
06-06 00:30:22.580 I/LiveCprCoachScreen(27928): ASR partial='我的优势'
06-06 00:30:22.914 I/LiveCprCoachScreen(27928): ASR partial='我的优势联系'
06-06 00:30:23.233 I/LiveCprCoachScreen(27928): ASR partial='我的优势联系吹口'
06-06 00:30:23.874 I/LiveCprCoachScreen(27928): ASR partial='我的优势联系吹口音'
06-06 00:30:24.191 I/LiveCprCoachScreen(27928): ASR partial='我的优势联系吹口音提前'
06-06 00:30:24.504 I/LiveCprCoachScreen(27928): ASR partial='我的优势联系吹口音提前去'
06-06 00:30:25.796 I/LiveCprCoachScreen(27928): ASR partial='我的优势联系吹口音提前去挑拨'
06-06 00:30:26.113 I/LiveCprCoachScreen(27928): ASR partial='我的优势联系吹口音提前去挑拨一点这个'
06-06 00:30:26.435 I/LiveCprCoachScreen(27928): ASR partial='我的优势联系吹口音提前去挑拨一点这个形成一'
06-06 00:30:26.753 I/LiveCprCoachScreen(27928): ASR partial='我的优势联系吹口音提前去挑拨一点这个形成一个废铁'
06-06 00:30:27.069 I/LiveCprCoachScreen(27928): ASR partial='我的优势联系吹口音提前去挑拨一点这个形成一个废铁拿力气的'
06-06 00:30:27.403 I/LiveCprCoachScreen(27928): ASR partial='我的优势联系吹口音提前去挑拨一点这个形成一个废铁拿力气的就没事'
06-06 00:30:27.712 I/LiveCprCoachScreen(27928): ASR partial='我的优势联系吹口音提前去挑拨一点这个形成一个废铁拿力气的就没事没事'
06-06 00:30:28.039 I/LiveCprCoachScreen(27928): ASR partial='我的优势联系吹口音提前去挑拨一点这个形成一个废铁拿力气的就没事没事的话'
06-06 00:30:28.345 I/LiveCprCoachScreen(27928): ASR partial='我的优势联系吹口音提前去挑拨一点这个形成一个废铁拿力气的就没事没事的话可以'
06-06 00:30:28.664 I/LiveCprCoachScreen(27928): ASR partial='我的优势联系吹口音提前去挑拨一点这个形成一个废铁拿力气的就没事没事的话可以全看一下'
06-06 00:30:28.982 I/LiveCprCoachScreen(27928): ASR partial='我的优势联系吹口音提前去挑拨一点这个形成一个废铁拿力气的就没事没事的话可以全看一下应该是你'
06-06 00:30:29.316 I/LiveCprCoachScreen(27928): ASR partial='我的优势联系吹口音提前去挑拨一点这个形成一个废铁拿力气的就没事没事的话可以全看一下应该是你全程'
06-06 00:30:29.620 I/LiveCprCoachScreen(27928): ASR partial='我的优势联系吹口音提前去挑拨一点这个形成一个废铁拿力气的就没事没事的话可以全看一下应该是你全程还有'
06-06 00:30:29.947 I/LiveCprCoachScreen(27928): ASR partial='我的优势联系吹口音提前去挑拨一点这个形成一个废铁拿力气的就没事没事的话可以全看一下应该是你全程还有这个定'
06-06 00:30:30.262 I/LiveCprCoachScreen(27928): ASR partial='我的优势联系吹口音提前去挑拨一点这个形成一个废铁拿力气的就没事没事的话可以全看一下应该是你全程还有这个定的菜单也'
06-06 00:30:30.593 I/LiveCprCoachScreen(27928): ASR partial='我的优势联系吹口音提前去挑拨一点这个形成一个废铁拿力气的就没事没事的话可以全看一下应该是你全程还有这个定的菜单也是可以'
06-06 00:30:30.912 I/LiveCprCoachScreen(27928): ASR partial='我的优势联系吹口音提前去挑拨一点这个形成一个废铁拿力气的就没事没事的话可以全看一下应该是你全程还有这个定的菜单也是可以告诉'
06-06 00:30:31.237 I/LiveCprCoachScreen(27928): ASR partial='我的优势联系吹口音提前去挑拨一点这个形成一个废铁拿力气的就没事没事的话可以全看一下应该是你全程还有这个定的菜单也是可以告诉我'
06-06 00:30:31.547 I/LiveCprCoachScreen(27928): ASR partial='我的优势联系吹口音提前去挑拨一点这个形成一个废铁拿力气的就没事没事的话可以全看一下应该是你全程还有这个定的菜单也是可以告诉我在外面'
06-06 00:30:31.873 I/LiveCprCoachScreen(27928): ASR partial='我的优势联系吹口音提前去挑拨一点这个形成一个废铁拿力气的就没事没事的话可以全看一下应该是你全程还有这个定的菜单也是可以告诉我在外面传奇'
06-06 00:30:32.194 I/LiveCprCoachScreen(27928): ASR partial='我的优势联系吹口音提前去挑拨一点这个形成一个废铁拿力气的就没事没事的话可以全看一下应该是你全程还有这个定的菜单也是可以告诉我在外面传奇所谓的'
06-06 00:30:32.504 I/LiveCprCoachScreen(27928): ASR partial='我的优势联系吹口音提前去挑拨一点这个形成一个废铁拿力气的就没事没事的话可以全看一下应该是你全程还有这个定的菜单也是可以告诉我在外面传奇所谓的背'
06-06 00:30:32.836 I/LiveCprCoachScreen(27928): ASR partial='我的优势联系吹口音提前去挑拨一点这个形成一个废铁拿力气的就没事没事的话可以全看一下应该是你全程还有这个定的菜单也是可以告诉我在外面传奇所谓的背地'
06-06 00:30:33.465 I/LiveCprCoachScreen(27928): ASR partial='我的优势联系吹口音提前去挑拨一点这个形成一个废铁拿力气的就没事没事的话可以全看一下应该是你全程还有这个定的菜单也是可以告诉我在外面传奇所谓的背地处越多'
06-06 00:30:33.800 I/LiveCprCoachScreen(27928): ASR partial='我的优势联系吹口音提前去挑拨一点这个形成一个废铁拿力气的就没事没事的话可以全看一下应该是你全程还有这个定的菜单也是可以告诉我在外面传奇所谓的背地处越多厉害'
06-06 00:30:34.106 I/LiveCprCoachScreen(27928): ASR partial='我的优势联系吹口音提前去挑拨一点这个形成一个废铁拿力气的就没事没事的话可以全看一下应该是你全程还有这个定的菜单也是可以告诉我在外面传奇所谓的背地处越多厉害而是因'
06-06 00:30:34.436 I/LiveCprCoachScreen(27928): ASR partial='我的优势联系吹口音提前去挑拨一点这个形成一个废铁拿力气的就没事没事的话可以全看一下应该是你全程还有这个定的菜单也是可以告诉我在外面传奇所谓的背地处越多厉害而是因'
06-06 00:30:34.766 I/LiveCprCoachScreen(27928): ASR partial='我的优势联系吹口音提前去挑拨一点这个形成一个废铁拿力气的就没事没事的话可以全看一下应该是你全程还有这个定的菜单也是可以告诉我在外面传奇所谓的背地处越多厉害而是因'
06-06 00:30:35.396 I/LiveCprCoachScreen(27928): ASR partial='我的优势联系吹口音提前去挑拨一点这个形成一个废铁拿力气的就没事没事的话可以全看一下应该是你全程还有这个定的菜单也是可以告诉我在外面传奇所谓的背地处越多厉害而是因'
06-06 00:30:35.713 I/LiveCprCoachScreen(27928): ASR partial='我的优势联系吹口音提前去挑拨一点这个形成一个废铁拿力气的就没事没事的话可以全看一下应该是你全程还有这个定的菜单也是可以告诉我在外面传奇所谓的背地处越多厉害而是因'
06-06 00:30:36.030 I/LiveCprCoachScreen(27928): ASR partial='我的优势联系吹口音提前去挑拨一点这个形成一个废铁拿力气的就没事没事的话可以全看一下应该是你全程还有这个定的菜单也是可以告诉我在外面传奇所谓的背地处越多厉害而是因'
06-06 00:30:36.359 I/LiveCprCoachScreen(27928): ASR partial='我的优势联系吹口音提前去挑拨一点这个形成一个废铁拿力气的就没事没事的话可以全看一下应该是你全程还有这个定的菜单也是可以告诉我在外面传奇所谓的背地处越多厉害而是因'
06-06 00:30:37.318 I/LiveCprCoachScreen(27928): ASR partial='我的优势联系吹口音提前去挑拨一点这个形成一个废铁拿力气的就没事没事的话可以全看一下应该是你全程还有这个定的菜单也是可以告诉我在外面传奇所谓的背地处越多厉害而是因'
06-06 00:30:37.622 I/LiveCprCoachScreen(27928): ASR partial='我的优势联系吹口音提前去挑拨一点这个形成一个废铁拿力气的就没事没事的话可以全看一下应该是你全程还有这个定的菜单也是可以告诉我在外面传奇所谓的背地处越多厉害而是因'
06-06 00:30:37.942 I/LiveCprCoachScreen(27928): ASR partial='我的优势联系吹口音提前去挑拨一点这个形成一个废铁拿力气的就没事没事的话可以全看一下应该是你全程还有这个定的菜单也是可以告诉我在外面传奇所谓的背地处越多厉害而是因'
06-06 00:30:38.274 I/LiveCprCoachScreen(27928): ASR partial='我的优势联系吹口音提前去挑拨一点这个形成一个废铁拿力气的就没事没事的话可以全看一下应该是你全程还有这个定的菜单也是可以告诉我在外面传奇所谓的背地处越多厉害而是因'
06-06 00:30:38.593 I/LiveAudioCapture(27928): Local utterance committed bytes=487680 voicedMs=7160
06-06 00:30:38.593 I/LiveCprCoachScreen(27928): Utterance callback bytes=487680 streaming=true whole=false
06-06 00:30:38.594 I/LiveCprCoachScreen(27928): ASR final='我的优势联系吹口音提前去挑拨一点这个形成一个废铁拿力气的就没事没事的话可以全看一下应该是你全程还有这个定的菜单也是可以告诉我在外面传奇所谓的背地处越多厉害而是因' intent= confidence=null
06-06 00:30:38.595 I/LiveAudioPlayer(27928): Live audio cancel with no active stream reason=new_turn
06-06 00:30:38.596 I/WebSocketAgentChannel(27928): Sent live JSON type=context ok=true payloadKeys=["sessionId"]
06-06 00:30:38.597 I/WebSocketAgentChannel(27928): Sent live JSON type=commit_text ok=true payloadKeys=
06-06 00:30:38.598 I/LiveCprCoachScreen(27928): ASR endpoint
06-06 00:30:38.647 I/WebSocketAgentChannel(27928): Received live text {"type":"thinking","session_id":"android_live_986fc04d","turn_seq":5}
06-06 00:30:38.651 I/WebSocketAgentChannel(27928): Received live text {"type":"final","session_id":"android_live_986fc04d","turn_seq":5,"text":"我的优势联系吹口音提前去挑拨一点这个形成一个废铁拿力气的就没事没事的话可以全看一下应该是你全程还有这个定的菜单也是可以告诉我在外面传奇所谓的背地处越多厉害而是因为他们防范围之前的地址都只要艺术是一场你们别再吹晕了我差几位","intent":null}
06-06 00:30:38.652 I/WebSocketAgentChannel(27928): Received live text {"type":"guidance","session_id":"android_live_986fc04d","turn_seq":5,"action":{"action_id":"act_mq154skr_003w_814a208284c5","session_id":"android_live_986fc04d","timestamp":"2026-06-05T16:30:38.763Z","stage":"S1_SCENE_SAFE","intent":"ensure_scene_safe","priority":"normal","source":"state_machine","r
06-06 00:30:38.655 I/WebSocketAgentChannel(27928): Received live text {"type":"state","session_id":"android_live_986fc04d","turn_seq":5,"current_stage":"S1_SCENE_SAFE","state":{"schema_version":"session_state.v0.1","session_id":"android_live_986fc04d","mode":"demo_assisted","current_stage":"S1_SCENE_SAFE","previous_stage":"S1_SCENE_SAFE","started_at":"2026-06-05T16:30
06-06 00:30:38.672 I/EdgeTextToSpeech(27928): Sherpa TTS cache hit 212012 bytes for '先确认周围安全，再靠近患者。'
06-06 00:30:38.673 V/MediaPlayerNative(27928): constructor,0xb400007630e730c0
06-06 00:30:38.673 V/MediaPlayerNative(27928): setListener
06-06 00:30:38.677 D/VivoConfigStore(27928): key:vivo.software.audiozenmode isCached is true and value is true
06-06 00:30:38.683 V/MediaPlayerNative(27928): setDataSource(165, 0, 576460752303423487)
06-06 00:30:38.705 V/MediaPlayerNative(27928): setVideoSurfaceTexture
06-06 00:30:38.705 V/MediaPlayerNative(27928): prepare
06-06 00:30:38.727 V/MediaPlayerNative(27928): message received msg=1, ext1=0, ext2=0
06-06 00:30:38.727 V/MediaPlayerNative(27928): MediaPlayer::notify() prepared
06-06 00:30:38.727 V/MediaPlayerNative(27928): signal application thread
06-06 00:30:38.727 V/MediaPlayerNative(27928): callback application
06-06 00:30:38.727 V/MediaPlayerNative(27928): back from callback
06-06 00:30:38.728 V/MediaPlayerNative(27928): prepare complete - status=0
06-06 00:30:38.730 V/MediaPlayerNative(27928): invoke 76
06-06 00:30:38.733 D/MediaPlayer(27928): MediaPlayer start called
06-06 00:30:38.738 V/MediaPlayerNative(27928): start
06-06 00:30:38.738 D/AudioManager( 9621): dispatching onPlaybackConfigChanged()
06-06 00:30:38.738 D/AudioManager( 9607): dispatching onPlaybackConfigChanged()
06-06 00:30:38.740 D/MediaPlayer(27928): MediaPlayer start end
06-06 00:30:38.748 V/MediaPlayerNative(27928): invoke 76
06-06 00:30:38.838 V/MediaPlayerNative(27928): message received msg=6, ext1=0, ext2=0
06-06 00:30:38.838 V/MediaPlayerNative(27928): Received media started message
06-06 00:30:38.838 V/MediaPlayerNative(27928): callback application
06-06 00:30:38.838 V/MediaPlayerNative(27928): back from callback
06-06 00:30:38.838 D/MTP     (27928): onPaused: false
06-06 00:30:38.838 V/MediaPlayerNative(27928): message received msg=10000, ext1=21, ext2=3
06-06 00:30:38.838 V/MediaPlayerNative(27928): unrecognized message: (10000, 21, 3)
06-06 00:30:38.838 V/MediaPlayerNative(27928): callback application
06-06 00:30:38.838 V/MediaPlayerNative(27928): back from callback
06-06 00:30:38.839 D/MTP     (27928): onSeekComplete at 0
06-06 00:30:38.846 D/AudioManager( 9621): dispatching onPlaybackConfigChanged()
06-06 00:30:38.851 D/AudioManager( 9607): dispatching onPlaybackConfigChanged()
06-06 00:30:39.067 V/MediaPlayerNative(27928): message received msg=211, ext1=0, ext2=0
06-06 00:30:39.068 V/MediaPlayerNative(27928): unrecognized message: (211, 0, 0)
06-06 00:30:39.068 V/MediaPlayerNative(27928): callback application
06-06 00:30:39.068 V/MediaPlayerNative(27928): back from callback
06-06 00:30:39.068 I/WebSocketAgentChannel(27928): Received live text {"type":"audio_begin","session_id":"android_live_986fc04d","turn_seq":5,"action_id":"act_mq154skr_003w_814a208284c5","format":"pcm16","sample_rate":44100,"channels":1,"bits_per_sample":16}
06-06 00:30:39.079 I/WebSocketAgentChannel(27928): Received live audio bytes=118784
06-06 00:30:39.502 I/WebSocketAgentChannel(27928): Received live audio bytes=111616
06-06 00:30:39.503 I/WebSocketAgentChannel(27928): Received live text {"type":"audio_end","session_id":"android_live_986fc04d","turn_seq":5,"action_id":"act_mq154skr_003w_814a208284c5"}
06-06 00:30:41.340 V/MediaPlayerNative(27928): message received msg=2, ext1=0, ext2=0
06-06 00:30:41.340 V/MediaPlayerNative(27928): playback complete
06-06 00:30:41.340 V/MediaPlayerNative(27928): callback application
06-06 00:30:41.340 V/MediaPlayerNative(27928): back from callback
06-06 00:30:41.340 V/MediaPlayerNative(27928): message received msg=211, ext1=0, ext2=0
06-06 00:30:41.340 V/MediaPlayerNative(27928): unrecognized message: (211, 0, 0)
06-06 00:30:41.340 V/MediaPlayerNative(27928): callback application
06-06 00:30:41.341 V/MediaPlayerNative(27928): back from callback
06-06 00:30:41.353 V/MediaPlayerNative(27928): stop
06-06 00:30:41.355 D/AudioManager( 9607): dispatching onPlaybackConfigChanged()
06-06 00:30:41.356 V/MediaPlayer(27928): resetDrmState:  mDrmInfo=null mDrmProvisioningThread=null mPrepareDrmInProgress=false mActiveDrmScheme=false
06-06 00:30:41.356 D/AudioManager( 9621): dispatching onPlaybackConfigChanged()
06-06 00:30:41.356 V/MediaPlayer(27928): cleanDrmObj: mDrmObj=null mDrmSessionId=null
06-06 00:30:41.356 D/MediaPlayer(27928): _release native called
06-06 00:30:41.356 V/MediaPlayerNative(27928): setListener
06-06 00:30:41.356 V/MediaPlayerNative(27928): disconnect
06-06 00:30:41.357 D/AudioManager( 9607): dispatching onPlaybackConfigChanged()
06-06 00:30:41.357 V/MediaPlayerNative(27928): message received msg=8, ext1=0, ext2=0
06-06 00:30:41.358 V/MediaPlayerNative(27928): notify(8, 0, 0) callback on disconnected mediaplayer
06-06 00:30:41.359 D/AudioManager( 9621): dispatching onPlaybackConfigChanged()
06-06 00:30:41.373 V/MediaPlayerNative(27928): destructor,0xb400007630e730c0
06-06 00:30:41.374 V/MediaPlayerNative(27928): disconnect
06-06 00:30:41.374 D/MediaPlayer(27928): _release native finished
06-06 00:30:41.374 W/MediaPlayer(27928): mediaplayer went away with unhandled events
06-06 00:30:41.866 I/LiveCprCoachScreen(27928): ASR partial='你讲'
06-06 00:30:42.509 I/LiveCprCoachScreen(27928): ASR partial='你讲我们'
06-06 00:30:42.822 I/LiveCprCoachScreen(27928): ASR partial='你讲我们站长'
06-06 00:30:43.160 I/LiveCprCoachScreen(27928): ASR partial='你讲我们站长特意'
06-06 00:30:43.460 I/LiveCprCoachScreen(27928): ASR partial='你讲我们站长特意交代'
06-06 00:30:44.115 I/LiveCprCoachScreen(27928): ASR partial='你讲我们站长特意交代您是'
06-06 00:30:44.431 I/LiveCprCoachScreen(27928): ASR partial='你讲我们站长特意交代您是我们店'
06-06 00:30:44.754 I/LiveCprCoachScreen(27928): ASR partial='你讲我们站长特意交代您是我们店最尊贵'
06-06 00:30:45.078 I/LiveCprCoachScreen(27928): ASR partial='你讲我们站长特意交代您是我们店最尊贵的'
06-06 00:30:45.393 I/LiveCprCoachScreen(27928): ASR partial='你讲我们站长特意交代您是我们店最尊贵的客人'
06-06 00:30:45.709 I/LiveCprCoachScreen(27928): ASR partial='你讲我们站长特意交代您是我们店最尊贵的客人所'
06-06 00:30:46.025 I/LiveCprCoachScreen(27928): ASR partial='你讲我们站长特意交代您是我们店最尊贵的客人所以啊我'
06-06 00:30:46.342 I/LiveCprCoachScreen(27928): ASR partial='你讲我们站长特意交代您是我们店最尊贵的客人所以啊我就想要'
06-06 00:30:46.670 I/LiveCprCoachScreen(27928): ASR partial='你讲我们站长特意交代您是我们店最尊贵的客人所以啊我就想要亲自拜访'
06-06 00:30:46.989 I/LiveCprCoachScreen(27928): ASR partial='你讲我们站长特意交代您是我们店最尊贵的客人所以啊我就想要亲自拜访一下'
06-06 00:30:47.621 I/LiveCprCoachScreen(27928): ASR partial='你讲我们站长特意交代您是我们店最尊贵的客人所以啊我就想要亲自拜访一下这几件'
06-06 00:30:47.958 I/LiveCprCoachScreen(27928): ASR partial='你讲我们站长特意交代您是我们店最尊贵的客人所以啊我就想要亲自拜访一下这几件衣服'
06-06 00:30:48.269 I/LiveCprCoachScreen(27928): ASR partial='你讲我们站长特意交代您是我们店最尊贵的客人所以啊我就想要亲自拜访一下这几件衣服都是'
06-06 00:30:48.595 I/LiveCprCoachScreen(27928): ASR partial='你讲我们站长特意交代您是我们店最尊贵的客人所以啊我就想要亲自拜访一下这几件衣服都是新到的'
06-06 00:30:48.917 I/LiveCprCoachScreen(27928): ASR partial='你讲我们站长特意交代您是我们店最尊贵的客人所以啊我就想要亲自拜访一下这几件衣服都是新到的绣款'
06-06 00:30:49.254 I/LiveCprCoachScreen(27928): ASR partial='你讲我们站长特意交代您是我们店最尊贵的客人所以啊我就想要亲自拜访一下这几件衣服都是新到的绣款比较'
06-06 00:30:49.552 I/LiveCprCoachScreen(27928): ASR partial='你讲我们站长特意交代您是我们店最尊贵的客人所以啊我就想要亲自拜访一下这几件衣服都是新到的绣款比较难打'
06-06 00:30:49.876 I/LiveCprCoachScreen(27928): ASR partial='你讲我们站长特意交代您是我们店最尊贵的客人所以啊我就想要亲自拜访一下这几件衣服都是新到的绣款比较难打理我'
06-06 00:30:50.184 I/LiveCprCoachScreen(27928): ASR partial='你讲我们站长特意交代您是我们店最尊贵的客人所以啊我就想要亲自拜访一下这几件衣服都是新到的绣款比较难打理我怕底下'
06-06 00:30:50.507 I/LiveCprCoachScreen(27928): ASR partial='你讲我们站长特意交代您是我们店最尊贵的客人所以啊我就想要亲自拜访一下这几件衣服都是新到的绣款比较难打理我怕底下人啊'
06-06 00:30:50.831 I/LiveCprCoachScreen(27928): ASR partial='你讲我们站长特意交代您是我们店最尊贵的客人所以啊我就想要亲自拜访一下这几件衣服都是新到的绣款比较难打理我怕底下人啊跟您说不'
06-06 00:30:51.151 I/LiveCprCoachScreen(27928): ASR partial='你讲我们站长特意交代您是我们店最尊贵的客人所以啊我就想要亲自拜访一下这几件衣服都是新到的绣款比较难打理我怕底下人啊跟您说不清楚'
06-06 00:30:51.799 I/LiveCprCoachScreen(27928): ASR partial='你讲我们站长特意交代您是我们店最尊贵的客人所以啊我就想要亲自拜访一下这几件衣服都是新到的绣款比较难打理我怕底下人啊跟您说不清楚所以还是亲自'
06-06 00:30:52.114 I/LiveCprCoachScreen(27928): ASR partial='你讲我们站长特意交代您是我们店最尊贵的客人所以啊我就想要亲自拜访一下这几件衣服都是新到的绣款比较难打理我怕底下人啊跟您说不清楚所以还是亲自跟您说'
06-06 00:30:52.432 I/LiveCprCoachScreen(27928): ASR partial='你讲我们站长特意交代您是我们店最尊贵的客人所以啊我就想要亲自拜访一下这几件衣服都是新到的绣款比较难打理我怕底下人啊跟您说不清楚所以还是亲自跟您说一下'
06-06 00:30:52.753 I/LiveCprCoachScreen(27928): ASR partial='你讲我们站长特意交代您是我们店最尊贵的客人所以啊我就想要亲自拜访一下这几件衣服都是新到的绣款比较难打理我怕底下人啊跟您说不清楚所以还是亲自跟您说一下比较放心'
06-06 00:30:53.753 I/LiveCprCoachScreen(27928): ASR partial='你讲我们站长特意交代您是我们店最尊贵的客人所以啊我就想要亲自拜访一下这几件衣服都是新到的绣款比较难打理我怕底下人啊跟您说不清楚所以还是亲自跟您说一下比较放心也好'
06-06 00:30:54.983 I/LiveCprCoachScreen(27928): ASR partial='你讲我们站长特意交代您是我们店最尊贵的客人所以啊我就想要亲自拜访一下这几件衣服都是新到的绣款比较难打理我怕底下人啊跟您说不清楚所以还是亲自跟您说一下比较放心也好'
06-06 00:30:55.301 I/LiveCprCoachScreen(27928): ASR partial='你讲我们站长特意交代您是我们店最尊贵的客人所以啊我就想要亲自拜访一下这几件衣服都是新到的绣款比较难打理我怕底下人啊跟您说不清楚所以还是亲自跟您说一下比较放心也好'
06-06 00:30:55.631 I/LiveCprCoachScreen(27928): ASR partial='你讲我们站长特意交代您是我们店最尊贵的客人所以啊我就想要亲自拜访一下这几件衣服都是新到的绣款比较难打理我怕底下人啊跟您说不清楚所以还是亲自跟您说一下比较放心也好'
06-06 00:30:55.951 I/LiveCprCoachScreen(27928): ASR partial='你讲我们站长特意交代您是我们店最尊贵的客人所以啊我就想要亲自拜访一下这几件衣服都是新到的绣款比较难打理我怕底下人啊跟您说不清楚所以还是亲自跟您说一下比较放心也好'
06-06 00:30:56.264 I/LiveCprCoachScreen(27928): ASR partial='你讲我们站长特意交代您是我们店最尊贵的客人所以啊我就想要亲自拜访一下这几件衣服都是新到的绣款比较难打理我怕底下人啊跟您说不清楚所以还是亲自跟您说一下比较放心也好'
06-06 00:30:56.531 D/TrafficStats( 3989): tagSocket(89) with statsTag=0x34000609, statsUid=10163
06-06 00:30:56.533 D/Linux   ( 3989): [Posix_connect Debug]Process com.google.android.gms.persistent :443 
06-06 00:30:56.581 I/LiveCprCoachScreen(27928): ASR partial='你讲我们站长特意交代您是我们店最尊贵的客人所以啊我就想要亲自拜访一下这几件衣服都是新到的绣款比较难打理我怕底下人啊跟您说不清楚所以还是亲自跟您说一下比较放心也好'
06-06 00:30:56.917 I/LiveCprCoachScreen(27928): ASR partial='你讲我们站长特意交代您是我们店最尊贵的客人所以啊我就想要亲自拜访一下这几件衣服都是新到的绣款比较难打理我怕底下人啊跟您说不清楚所以还是亲自跟您说一下比较放心也好'
06-06 00:30:57.239 I/LiveCprCoachScreen(27928): ASR partial='你讲我们站长特意交代您是我们店最尊贵的客人所以啊我就想要亲自拜访一下这几件衣服都是新到的绣款比较难打理我怕底下人啊跟您说不清楚所以还是亲自跟您说一下比较放心也好'
06-06 00:30:57.542 I/LiveCprCoachScreen(27928): ASR partial='你讲我们站长特意交代您是我们店最尊贵的客人所以啊我就想要亲自拜访一下这几件衣服都是新到的绣款比较难打理我怕底下人啊跟您说不清楚所以还是亲自跟您说一下比较放心也好'
06-06 00:30:58.191 I/LiveCprCoachScreen(27928): ASR partial='你讲我们站长特意交代您是我们店最尊贵的客人所以啊我就想要亲自拜访一下这几件衣服都是新到的绣款比较难打理我怕底下人啊跟您说不清楚所以还是亲自跟您说一下比较放心也好'
06-06 00:30:58.830 I/LiveCprCoachScreen(27928): ASR partial='你讲我们站长特意交代您是我们店最尊贵的客人所以啊我就想要亲自拜访一下这几件衣服都是新到的绣款比较难打理我怕底下人啊跟您说不清楚所以还是亲自跟您说一下比较放心也好'
06-06 00:30:59.472 I/LiveCprCoachScreen(27928): ASR partial='你讲我们站长特意交代您是我们店最尊贵的客人所以啊我就想要亲自拜访一下这几件衣服都是新到的绣款比较难打理我怕底下人啊跟您说不清楚所以还是亲自跟您说一下比较放心也好'
06-06 00:30:59.780 I/LiveCprCoachScreen(27928): ASR partial='你讲我们站长特意交代您是我们店最尊贵的客人所以啊我就想要亲自拜访一下这几件衣服都是新到的绣款比较难打理我怕底下人啊跟您说不清楚所以还是亲自跟您说一下比较放心也好'
06-06 00:31:00.109 I/LiveCprCoachScreen(27928): ASR partial='你讲我们站长特意交代您是我们店最尊贵的客人所以啊我就想要亲自拜访一下这几件衣服都是新到的绣款比较难打理我怕底下人啊跟您说不清楚所以还是亲自跟您说一下比较放心也好'
06-06 00:31:00.438 I/LiveCprCoachScreen(27928): ASR partial='你讲我们站长特意交代您是我们店最尊贵的客人所以啊我就想要亲自拜访一下这几件衣服都是新到的绣款比较难打理我怕底下人啊跟您说不清楚所以还是亲自跟您说一下比较放心也好'
06-06 00:31:01.075 I/LiveCprCoachScreen(27928): ASR partial='你讲我们站长特意交代您是我们店最尊贵的客人所以啊我就想要亲自拜访一下这几件衣服都是新到的绣款比较难打理我怕底下人啊跟您说不清楚所以还是亲自跟您说一下比较放心也好'
06-06 00:31:01.377 I/LiveCprCoachScreen(27928): ASR final='你讲我们站长特意交代您是我们店最尊贵的客人所以啊我就想要亲自拜访一下这几件衣服都是新到的绣款比较难打理我怕底下人啊跟您说不清楚所以还是亲自跟您说一下比较放心也好' intent= confidence=null
06-06 00:31:01.378 I/LiveAudioPlayer(27928): Live audio cancel with no active stream reason=new_turn
06-06 00:31:01.379 I/WebSocketAgentChannel(27928): Sent live JSON type=context ok=true payloadKeys=["sessionId"]
06-06 00:31:01.379 I/WebSocketAgentChannel(27928): Sent live JSON type=commit_text ok=true payloadKeys=
06-06 00:31:01.380 I/LiveCprCoachScreen(27928): ASR endpoint
06-06 00:31:01.427 I/WebSocketAgentChannel(27928): Received live text {"type":"thinking","session_id":"android_live_986fc04d","turn_seq":6}
06-06 00:31:01.429 I/WebSocketAgentChannel(27928): Received live text {"type":"final","session_id":"android_live_986fc04d","turn_seq":6,"text":"你讲我们站长特意交代您是我们店最尊贵的客人所以啊我就想要亲自拜访一下这几件衣服都是新到的绣款比较难打理我怕底下人啊跟您说不清楚所以还是亲自跟您说一下比较放心也好正好啊你们都帮我选选看发布会穿的一些合适嗯其实这两条都挺沉吟的这件呢","intent":null}
06-06 00:31:01.430 I/WebSocketAgentChannel(27928): Received live text {"type":"guidance","session_id":"android_live_986fc04d","turn_seq":6,"action":{"action_id":"act_mq155a5j_004b_9c8d047cf5b9","session_id":"android_live_986fc04d","timestamp":"2026-06-05T16:31:01.543Z","stage":"S1_SCENE_SAFE","intent":"ensure_scene_safe","priority":"normal","source":"state_machine","r
06-06 00:31:01.433 I/WebSocketAgentChannel(27928): Received live text {"type":"state","session_id":"android_live_986fc04d","turn_seq":6,"current_stage":"S1_SCENE_SAFE","state":{"schema_version":"session_state.v0.1","session_id":"android_live_986fc04d","mode":"demo_assisted","current_stage":"S1_SCENE_SAFE","previous_stage":"S1_SCENE_SAFE","started_at":"2026-06-05T16:31
06-06 00:31:01.453 I/EdgeTextToSpeech(27928): Sherpa TTS cache hit 212012 bytes for '先确认周围安全，再靠近患者。'
06-06 00:31:01.454 V/MediaPlayerNative(27928): constructor,0xb400007630729950
06-06 00:31:01.454 V/MediaPlayerNative(27928): setListener
06-06 00:31:01.458 D/VivoConfigStore(27928): key:vivo.software.audiozenmode isCached is true and value is true
06-06 00:31:01.464 V/MediaPlayerNative(27928): setDataSource(98, 0, 576460752303423487)
06-06 00:31:01.480 V/MediaPlayerNative(27928): setVideoSurfaceTexture
06-06 00:31:01.480 V/MediaPlayerNative(27928): prepare
06-06 00:31:01.493 V/MediaPlayerNative(27928): message received msg=1, ext1=0, ext2=0
06-06 00:31:01.493 V/MediaPlayerNative(27928): MediaPlayer::notify() prepared
06-06 00:31:01.494 V/MediaPlayerNative(27928): signal application thread
06-06 00:31:01.494 V/MediaPlayerNative(27928): callback application
06-06 00:31:01.494 V/MediaPlayerNative(27928): prepare complete - status=0
06-06 00:31:01.494 V/MediaPlayerNative(27928): back from callback
06-06 00:31:01.495 V/MediaPlayerNative(27928): invoke 76
06-06 00:31:01.498 D/MediaPlayer(27928): MediaPlayer start called
06-06 00:31:01.500 V/MediaPlayerNative(27928): start
06-06 00:31:01.501 D/MediaPlayer(27928): MediaPlayer start end
06-06 00:31:01.501 D/AudioManager( 9621): dispatching onPlaybackConfigChanged()
06-06 00:31:01.501 D/AudioManager( 9607): dispatching onPlaybackConfigChanged()
06-06 00:31:01.509 V/MediaPlayerNative(27928): invoke 76
06-06 00:31:01.595 V/MediaPlayerNative(27928): message received msg=10000, ext1=21, ext2=3
06-06 00:31:01.595 V/MediaPlayerNative(27928): unrecognized message: (10000, 21, 3)
06-06 00:31:01.595 V/MediaPlayerNative(27928): callback application
06-06 00:31:01.595 V/MediaPlayerNative(27928): back from callback
06-06 00:31:01.595 V/MediaPlayerNative(27928): message received msg=6, ext1=0, ext2=0
06-06 00:31:01.595 V/MediaPlayerNative(27928): Received media started message
06-06 00:31:01.595 V/MediaPlayerNative(27928): callback application
06-06 00:31:01.596 V/MediaPlayerNative(27928): back from callback
06-06 00:31:01.603 D/MTP     (27928): onPaused: false
06-06 00:31:01.603 D/MTP     (27928): onSeekComplete at 0
06-06 00:31:01.604 D/AudioManager( 9607): dispatching onPlaybackConfigChanged()
06-06 00:31:01.604 D/AudioManager( 9621): dispatching onPlaybackConfigChanged()
06-06 00:31:01.814 V/MediaPlayerNative(27928): message received msg=211, ext1=0, ext2=0
06-06 00:31:01.814 V/MediaPlayerNative(27928): unrecognized message: (211, 0, 0)
06-06 00:31:01.814 V/MediaPlayerNative(27928): callback application
06-06 00:31:01.815 V/MediaPlayerNative(27928): back from callback
06-06 00:31:01.935 I/WebSocketAgentChannel(27928): Received live text {"type":"audio_begin","session_id":"android_live_986fc04d","turn_seq":6,"action_id":"act_mq155a5j_004b_9c8d047cf5b9","format":"pcm16","sample_rate":44100,"channels":1,"bits_per_sample":16}
06-06 00:31:01.945 I/WebSocketAgentChannel(27928): Received live audio bytes=118784
06-06 00:31:02.376 I/WebSocketAgentChannel(27928): Received live audio bytes=111616
06-06 00:31:02.377 I/WebSocketAgentChannel(27928): Received live text {"type":"audio_end","session_id":"android_live_986fc04d","turn_seq":6,"action_id":"act_mq155a5j_004b_9c8d047cf5b9"}
06-06 00:31:04.088 V/MediaPlayerNative(27928): message received msg=2, ext1=0, ext2=0
06-06 00:31:04.088 V/MediaPlayerNative(27928): playback complete
06-06 00:31:04.088 V/MediaPlayerNative(27928): callback application
06-06 00:31:04.088 V/MediaPlayerNative(27928): back from callback
06-06 00:31:04.089 V/MediaPlayerNative(27928): message received msg=211, ext1=0, ext2=0
06-06 00:31:04.089 V/MediaPlayerNative(27928): unrecognized message: (211, 0, 0)
06-06 00:31:04.089 V/MediaPlayerNative(27928): callback application
06-06 00:31:04.089 V/MediaPlayerNative(27928): back from callback
06-06 00:31:04.093 V/MediaPlayerNative(27928): stop
06-06 00:31:04.093 V/MediaPlayerNative(27928): message received msg=8, ext1=0, ext2=0
06-06 00:31:04.093 V/MediaPlayerNative(27928): unrecognized message: (8, 0, 0)
06-06 00:31:04.093 V/MediaPlayerNative(27928): callback application
06-06 00:31:04.093 V/MediaPlayerNative(27928): back from callback
06-06 00:31:04.095 V/MediaPlayer(27928): resetDrmState:  mDrmInfo=null mDrmProvisioningThread=null mPrepareDrmInProgress=false mActiveDrmScheme=false
06-06 00:31:04.095 V/MediaPlayer(27928): cleanDrmObj: mDrmObj=null mDrmSessionId=null
06-06 00:31:04.095 D/MediaPlayer(27928): _release native called
06-06 00:31:04.095 V/MediaPlayerNative(27928): setListener
06-06 00:31:04.095 V/MediaPlayerNative(27928): disconnect
06-06 00:31:04.096 D/AudioManager( 9621): dispatching onPlaybackConfigChanged()
06-06 00:31:04.097 D/AudioManager( 9607): dispatching onPlaybackConfigChanged()
06-06 00:31:04.097 D/AudioManager( 9621): dispatching onPlaybackConfigChanged()
06-06 00:31:04.097 D/AudioManager( 9607): dispatching onPlaybackConfigChanged()
06-06 00:31:04.114 V/MediaPlayerNative(27928): destructor,0xb400007630729950
06-06 00:31:04.115 V/MediaPlayerNative(27928): disconnect
06-06 00:31:04.115 D/MediaPlayer(27928): _release native finished
06-06 00:31:04.116 W/MediaPlayer(27928): mediaplayer went away with unhandled events
06-06 00:31:04.116 W/MediaPlayer(27928): mediaplayer went away with unhandled events
06-06 00:31:05.269 I/LiveCprCoachScreen(27928): ASR partial='那像'
06-06 00:31:05.581 I/LiveCprCoachScreen(27928): ASR partial='那像这一件'
06-06 00:31:06.237 I/LiveCprCoachScreen(27928): ASR partial='那像这一件我觉得'
06-06 00:31:06.872 I/LiveCprCoachScreen(27928): ASR partial='那像这一件我觉得就更加'
06-06 00:31:07.514 I/LiveCprCoachScreen(27928): ASR partial='那像这一件我觉得就更加爱了的'
06-06 00:31:07.819 I/LiveCprCoachScreen(27928): ASR partial='那像这一件我觉得就更加爱了的那些'
06-06 00:31:08.160 I/LiveCprCoachScreen(27928): ASR partial='那像这一件我觉得就更加爱了的那些打住'
06-06 00:31:08.457 I/LiveCprCoachScreen(27928): ASR partial='那像这一件我觉得就更加爱了的那些打住吧'
06-06 00:31:09.104 I/LiveCprCoachScreen(27928): ASR partial='那像这一件我觉得就更加爱了的那些打住吧说下我们'
06-06 00:31:09.452 I/LiveCprCoachScreen(27928): ASR partial='那像这一件我觉得就更加爱了的那些打住吧说下我们都能听懂'
06-06 00:31:09.749 I/LiveCprCoachScreen(27928): ASR partial='那像这一件我觉得就更加爱了的那些打住吧说下我们都能听懂的话'
06-06 00:31:11.342 I/LiveCprCoachScreen(27928): ASR partial='那像这一件我觉得就更加爱了的那些打住吧说下我们都能听懂的话王太太'
06-06 00:31:12.309 I/LiveCprCoachScreen(27928): ASR partial='那像这一件我觉得就更加爱了的那些打住吧说下我们都能听懂的话王太太我跟'
06-06 00:31:12.632 I/LiveCprCoachScreen(27928): ASR partial='那像这一件我觉得就更加爱了的那些打住吧说下我们都能听懂的话王太太我跟曼妮特'
06-06 00:31:12.955 I/LiveCprCoachScreen(27928): ASR partial='那像这一件我觉得就更加爱了的那些打住吧说下我们都能听懂的话王太太我跟曼妮特别熟'
06-06 00:31:13.263 I/LiveCprCoachScreen(27928): ASR partial='那像这一件我觉得就更加爱了的那些打住吧说下我们都能听懂的话王太太我跟曼妮特别熟曼妮'
06-06 00:31:13.595 I/LiveCprCoachScreen(27928): ASR partial='那像这一件我觉得就更加爱了的那些打住吧说下我们都能听懂的话王太太我跟曼妮特别熟曼妮品位'
06-06 00:31:13.903 I/LiveCprCoachScreen(27928): ASR partial='那像这一件我觉得就更加爱了的那些打住吧说下我们都能听懂的话王太太我跟曼妮特别熟曼妮品位很好的'
06-06 00:31:14.543 I/LiveCprCoachScreen(27928): ASR partial='那像这一件我觉得就更加爱了的那些打住吧说下我们都能听懂的话王太太我跟曼妮特别熟曼妮品位很好的让他帮你'
06-06 00:31:14.870 I/LiveCprCoachScreen(27928): ASR partial='那像这一件我觉得就更加爱了的那些打住吧说下我们都能听懂的话王太太我跟曼妮特别熟曼妮品位很好的让他帮你选选吧'
06-06 00:31:14.964 D/TrafficStats( 3989): tagSocket(88) with statsTag=0x34000609, statsUid=10163
06-06 00:31:14.967 D/Linux   ( 3989): [Posix_connect Debug]Process com.google.android.gms.persistent :443 
06-06 00:31:15.513 I/LiveCprCoachScreen(27928): ASR partial='那像这一件我觉得就更加爱了的那些打住吧说下我们都能听懂的话王太太我跟曼妮特别熟曼妮品位很好的让他帮你选选吧好'
06-06 00:31:15.818 I/LiveCprCoachScreen(27928): ASR partial='那像这一件我觉得就更加爱了的那些打住吧说下我们都能听懂的话王太太我跟曼妮特别熟曼妮品位很好的让他帮你选选吧好啊'
06-06 00:31:17.428 I/LiveCprCoachScreen(27928): ASR final='那像这一件我觉得就更加爱了的那些打住吧说下我们都能听懂的话王太太我跟曼妮特别熟曼妮品位很好的让他帮你选选吧好啊' intent= confidence=null
06-06 00:31:17.429 I/LiveAudioPlayer(27928): Live audio cancel with no active stream reason=new_turn
06-06 00:31:17.430 I/WebSocketAgentChannel(27928): Sent live JSON type=context ok=true payloadKeys=["sessionId"]
06-06 00:31:17.430 I/WebSocketAgentChannel(27928): Sent live JSON type=commit_text ok=true payloadKeys=
06-06 00:31:17.430 I/LiveCprCoachScreen(27928): ASR endpoint
06-06 00:31:17.474 I/WebSocketAgentChannel(27928): Received live text {"type":"thinking","session_id":"android_live_986fc04d","turn_seq":7}
06-06 00:31:17.478 I/WebSocketAgentChannel(27928): Received live text {"type":"final","session_id":"android_live_986fc04d","turn_seq":7,"text":"那像这一件我觉得就更加爱了的那些打住吧说下我们都能听懂的话王太太我跟曼妮特别熟曼妮品位很好的让他帮你选选吧好啊","intent":null}
06-06 00:31:17.479 I/WebSocketAgentChannel(27928): Received live text {"type":"guidance","session_id":"android_live_986fc04d","turn_seq":7,"action":{"action_id":"act_mq155mjc_004s_930de929395d","session_id":"android_live_986fc04d","timestamp":"2026-06-05T16:31:17.590Z","stage":"S1_SCENE_SAFE","intent":"ensure_scene_safe","priority":"normal","source":"state_machine","r
06-06 00:31:17.481 I/WebSocketAgentChannel(27928): Received live text {"type":"state","session_id":"android_live_986fc04d","turn_seq":7,"current_stage":"S1_SCENE_SAFE","state":{"schema_version":"session_state.v0.1","session_id":"android_live_986fc04d","mode":"demo_assisted","current_stage":"S1_SCENE_SAFE","previous_stage":"S1_SCENE_SAFE","started_at":"2026-06-05T16:31
06-06 00:31:17.491 I/EdgeTextToSpeech(27928): Sherpa TTS cache hit 212012 bytes for '先确认周围安全，再靠近患者。'
06-06 00:31:17.492 V/MediaPlayerNative(27928): constructor,0xb4000076306badf0
06-06 00:31:17.493 V/MediaPlayerNative(27928): setListener
06-06 00:31:17.495 D/VivoConfigStore(27928): key:vivo.software.audiozenmode isCached is true and value is true
06-06 00:31:17.500 V/MediaPlayerNative(27928): setDataSource(96, 0, 576460752303423487)
06-06 00:31:17.513 V/MediaPlayerNative(27928): setVideoSurfaceTexture
06-06 00:31:17.513 V/MediaPlayerNative(27928): prepare
06-06 00:31:17.531 V/MediaPlayerNative(27928): message received msg=1, ext1=0, ext2=0
06-06 00:31:17.531 V/MediaPlayerNative(27928): MediaPlayer::notify() prepared
06-06 00:31:17.531 V/MediaPlayerNative(27928): signal application thread
06-06 00:31:17.531 V/MediaPlayerNative(27928): callback application
06-06 00:31:17.532 V/MediaPlayerNative(27928): back from callback
06-06 00:31:17.532 V/MediaPlayerNative(27928): prepare complete - status=0
06-06 00:31:17.534 V/MediaPlayerNative(27928): invoke 76
06-06 00:31:17.536 D/MediaPlayer(27928): MediaPlayer start called
06-06 00:31:17.539 V/MediaPlayerNative(27928): start
06-06 00:31:17.539 D/MediaPlayer(27928): MediaPlayer start end
06-06 00:31:17.539 D/AudioManager( 9607): dispatching onPlaybackConfigChanged()
06-06 00:31:17.540 D/AudioManager( 9621): dispatching onPlaybackConfigChanged()
06-06 00:31:17.544 V/MediaPlayerNative(27928): invoke 76
06-06 00:31:17.639 V/MediaPlayerNative(27928): message received msg=6, ext1=0, ext2=0
06-06 00:31:17.639 V/MediaPlayerNative(27928): Received media started message
06-06 00:31:17.639 V/MediaPlayerNative(27928): callback application
06-06 00:31:17.639 V/MediaPlayerNative(27928): back from callback
06-06 00:31:17.639 D/MTP     (27928): onPaused: false
06-06 00:31:17.640 V/MediaPlayerNative(27928): message received msg=10000, ext1=21, ext2=3
06-06 00:31:17.640 V/MediaPlayerNative(27928): unrecognized message: (10000, 21, 3)
06-06 00:31:17.640 V/MediaPlayerNative(27928): callback application
06-06 00:31:17.640 D/MTP     (27928): onSeekComplete at 0
06-06 00:31:17.640 V/MediaPlayerNative(27928): back from callback
06-06 00:31:17.655 D/AudioManager( 9621): dispatching onPlaybackConfigChanged()
06-06 00:31:17.655 D/AudioManager( 9607): dispatching onPlaybackConfigChanged()
06-06 00:31:17.868 V/MediaPlayerNative(27928): message received msg=211, ext1=0, ext2=0
06-06 00:31:17.868 V/MediaPlayerNative(27928): unrecognized message: (211, 0, 0)
06-06 00:31:17.868 V/MediaPlayerNative(27928): callback application
06-06 00:31:17.868 V/MediaPlayerNative(27928): back from callback
06-06 00:31:18.029 I/WebSocketAgentChannel(27928): Received live text {"type":"audio_begin","session_id":"android_live_986fc04d","turn_seq":7,"action_id":"act_mq155mjc_004s_930de929395d","format":"pcm16","sample_rate":44100,"channels":1,"bits_per_sample":16}
06-06 00:31:18.041 I/WebSocketAgentChannel(27928): Received live audio bytes=118784
06-06 00:31:18.573 I/WebSocketAgentChannel(27928): Received live audio bytes=111616
06-06 00:31:18.574 I/WebSocketAgentChannel(27928): Received live text {"type":"audio_end","session_id":"android_live_986fc04d","turn_seq":7,"action_id":"act_mq155mjc_004s_930de929395d"}
06-06 00:31:20.142 V/MediaPlayerNative(27928): message received msg=2, ext1=0, ext2=0
06-06 00:31:20.142 V/MediaPlayerNative(27928): playback complete
06-06 00:31:20.142 V/MediaPlayerNative(27928): callback application
06-06 00:31:20.142 V/MediaPlayerNative(27928): back from callback
06-06 00:31:20.142 V/MediaPlayerNative(27928): message received msg=211, ext1=0, ext2=0
06-06 00:31:20.142 V/MediaPlayerNative(27928): unrecognized message: (211, 0, 0)
06-06 00:31:20.142 V/MediaPlayerNative(27928): callback application
06-06 00:31:20.142 V/MediaPlayerNative(27928): back from callback
06-06 00:31:20.154 V/MediaPlayerNative(27928): stop
06-06 00:31:20.155 V/MediaPlayerNative(27928): message received msg=8, ext1=0, ext2=0
06-06 00:31:20.155 V/MediaPlayerNative(27928): unrecognized message: (8, 0, 0)
06-06 00:31:20.155 V/MediaPlayerNative(27928): callback application
06-06 00:31:20.155 V/MediaPlayerNative(27928): back from callback
06-06 00:31:20.156 D/AudioManager( 9621): dispatching onPlaybackConfigChanged()
06-06 00:31:20.156 V/MediaPlayer(27928): resetDrmState:  mDrmInfo=null mDrmProvisioningThread=null mPrepareDrmInProgress=false mActiveDrmScheme=false
06-06 00:31:20.156 V/MediaPlayer(27928): cleanDrmObj: mDrmObj=null mDrmSessionId=null
06-06 00:31:20.156 D/MediaPlayer(27928): _release native called
06-06 00:31:20.156 V/MediaPlayerNative(27928): setListener
06-06 00:31:20.156 V/MediaPlayerNative(27928): disconnect
06-06 00:31:20.157 D/AudioManager( 9621): dispatching onPlaybackConfigChanged()
06-06 00:31:20.157 D/AudioManager( 9607): dispatching onPlaybackConfigChanged()
06-06 00:31:20.157 D/AudioManager( 9607): dispatching onPlaybackConfigChanged()
06-06 00:31:20.183 V/MediaPlayerNative(27928): destructor,0xb4000076306badf0
06-06 00:31:20.184 V/MediaPlayerNative(27928): disconnect
06-06 00:31:20.184 D/MediaPlayer(27928): _release native finished
06-06 00:31:20.185 W/MediaPlayer(27928): mediaplayer went away with unhandled events
06-06 00:31:20.185 W/MediaPlayer(27928): mediaplayer went away with unhandled events
06-06 00:31:22.299 I/LiveCprCoachScreen(27928): ASR partial='您看'
06-06 00:31:22.630 I/LiveCprCoachScreen(27928): ASR partial='您看您直播'
06-06 00:31:22.948 I/LiveCprCoachScreen(27928): ASR partial='您看您直播这么'
06-06 00:31:23.272 I/LiveCprCoachScreen(27928): ASR partial='您看您直播这么白'
06-06 00:31:23.578 I/LiveCprCoachScreen(27928): ASR partial='您看您直播这么白会穿的'
06-06 00:31:23.909 I/LiveCprCoachScreen(27928): ASR partial='您看您直播这么白会穿的你脸色'
06-06 00:31:24.219 I/LiveCprCoachScreen(27928): ASR partial='您看您直播这么白会穿的你脸色特别'
06-06 00:31:24.547 I/LiveCprCoachScreen(27928): ASR partial='您看您直播这么白会穿的你脸色特别的好'
06-06 00:31:24.871 I/LiveCprCoachScreen(27928): ASR partial='您看您直播这么白会穿的你脸色特别的好这'
06-06 00:31:25.195 I/LiveCprCoachScreen(27928): ASR partial='您看您直播这么白会穿的你脸色特别的好这条裙子'
06-06 00:31:25.498 I/LiveCprCoachScreen(27928): ASR partial='您看您直播这么白会穿的你脸色特别的好这条裙子呢对'
06-06 00:31:25.827 I/LiveCprCoachScreen(27928): ASR partial='您看您直播这么白会穿的你脸色特别的好这条裙子呢对身材'
06-06 00:31:26.143 I/LiveCprCoachScreen(27928): ASR partial='您看您直播这么白会穿的你脸色特别的好这条裙子呢对身材的限制呢'
06-06 00:31:26.471 I/LiveCprCoachScreen(27928): ASR partial='您看您直播这么白会穿的你脸色特别的好这条裙子呢对身材的限制呢也'
06-06 00:31:26.494 I/LiveAudioCapture(27928): Local utterance committed bytes=110080 voicedMs=1040
06-06 00:31:26.494 I/LiveCprCoachScreen(27928): Utterance callback bytes=110080 streaming=true whole=false
06-06 00:31:26.495 I/LiveCprCoachScreen(27928): ASR final='您看您直播这么白会穿的你脸色特别的好这条裙子呢对身材的限制呢也' intent= confidence=null
06-06 00:31:26.496 I/LiveAudioPlayer(27928): Live audio cancel with no active stream reason=new_turn
06-06 00:31:26.497 I/WebSocketAgentChannel(27928): Sent live JSON type=context ok=true payloadKeys=["sessionId"]
06-06 00:31:26.497 I/WebSocketAgentChannel(27928): Sent live JSON type=commit_text ok=true payloadKeys=
06-06 00:31:26.498 I/LiveCprCoachScreen(27928): ASR endpoint
06-06 00:31:26.549 I/WebSocketAgentChannel(27928): Received live text {"type":"thinking","session_id":"android_live_986fc04d","turn_seq":8}
06-06 00:31:26.550 I/WebSocketAgentChannel(27928): Received live text {"type":"final","session_id":"android_live_986fc04d","turn_seq":8,"text":"您看您直播这么白会穿的你脸色特别的好这条裙子呢对身材的限制呢也","intent":null}
06-06 00:31:26.551 I/WebSocketAgentChannel(27928): Received live text {"type":"guidance","session_id":"android_live_986fc04d","turn_seq":8,"action":{"action_id":"act_mq155tjc_005b_26b2dfec7d28","session_id":"android_live_986fc04d","timestamp":"2026-06-05T16:31:26.664Z","stage":"S1_SCENE_SAFE","intent":"ensure_scene_safe","priority":"normal","source":"state_machine","r
06-06 00:31:26.554 I/WebSocketAgentChannel(27928): Received live text {"type":"state","session_id":"android_live_986fc04d","turn_seq":8,"current_stage":"S1_SCENE_SAFE","state":{"schema_version":"session_state.v0.1","session_id":"android_live_986fc04d","mode":"demo_assisted","current_stage":"S1_SCENE_SAFE","previous_stage":"S1_SCENE_SAFE","started_at":"2026-06-05T16:31
06-06 00:31:26.562 I/EdgeTextToSpeech(27928): Sherpa TTS cache hit 212012 bytes for '先确认周围安全，再靠近患者。'
06-06 00:31:26.563 V/MediaPlayerNative(27928): constructor,0xb4000076306badf0
06-06 00:31:26.563 V/MediaPlayerNative(27928): setListener
06-06 00:31:26.566 D/VivoConfigStore(27928): key:vivo.software.audiozenmode isCached is true and value is true
06-06 00:31:26.570 V/MediaPlayerNative(27928): setDataSource(135, 0, 576460752303423487)
06-06 00:31:26.580 V/MediaPlayerNative(27928): setVideoSurfaceTexture
06-06 00:31:26.581 V/MediaPlayerNative(27928): prepare
06-06 00:31:26.596 V/MediaPlayerNative(27928): message received msg=1, ext1=0, ext2=0
06-06 00:31:26.596 V/MediaPlayerNative(27928): MediaPlayer::notify() prepared
06-06 00:31:26.596 V/MediaPlayerNative(27928): signal application thread
06-06 00:31:26.596 V/MediaPlayerNative(27928): callback application
06-06 00:31:26.596 V/MediaPlayerNative(27928): back from callback
06-06 00:31:26.596 V/MediaPlayerNative(27928): prepare complete - status=0
06-06 00:31:26.598 V/MediaPlayerNative(27928): invoke 76
06-06 00:31:26.600 D/MediaPlayer(27928): MediaPlayer start called
06-06 00:31:26.603 D/AudioManager( 9621): dispatching onPlaybackConfigChanged()
06-06 00:31:26.603 D/AudioManager( 9607): dispatching onPlaybackConfigChanged()
06-06 00:31:26.604 V/MediaPlayerNative(27928): start
06-06 00:31:26.605 D/MediaPlayer(27928): MediaPlayer start end
06-06 00:31:26.615 V/MediaPlayerNative(27928): invoke 76
06-06 00:31:26.696 V/MediaPlayerNative(27928): message received msg=10000, ext1=21, ext2=3
06-06 00:31:26.696 V/MediaPlayerNative(27928): unrecognized message: (10000, 21, 3)
06-06 00:31:26.696 V/MediaPlayerNative(27928): callback application
06-06 00:31:26.696 V/MediaPlayerNative(27928): back from callback
06-06 00:31:26.696 V/MediaPlayerNative(27928): message received msg=6, ext1=0, ext2=0
06-06 00:31:26.696 V/MediaPlayerNative(27928): Received media started message
06-06 00:31:26.696 V/MediaPlayerNative(27928): callback application
06-06 00:31:26.696 V/MediaPlayerNative(27928): back from callback
06-06 00:31:26.702 D/MTP     (27928): onPaused: false
06-06 00:31:26.702 D/MTP     (27928): onSeekComplete at 0
06-06 00:31:26.703 D/AudioManager( 9621): dispatching onPlaybackConfigChanged()
06-06 00:31:26.703 D/AudioManager( 9607): dispatching onPlaybackConfigChanged()
06-06 00:31:26.922 V/MediaPlayerNative(27928): message received msg=211, ext1=0, ext2=0
06-06 00:31:26.922 V/MediaPlayerNative(27928): unrecognized message: (211, 0, 0)
06-06 00:31:26.922 V/MediaPlayerNative(27928): callback application
06-06 00:31:26.922 V/MediaPlayerNative(27928): back from callback
06-06 00:31:26.963 I/WebSocketAgentChannel(27928): Received live text {"type":"audio_begin","session_id":"android_live_986fc04d","turn_seq":8,"action_id":"act_mq155tjc_005b_26b2dfec7d28","format":"pcm16","sample_rate":44100,"channels":1,"bits_per_sample":16}
06-06 00:31:26.974 I/WebSocketAgentChannel(27928): Received live audio bytes=118784
06-06 00:31:27.363 I/WebSocketAgentChannel(27928): Received live audio bytes=111616
06-06 00:31:27.364 I/WebSocketAgentChannel(27928): Received live text {"type":"audio_end","session_id":"android_live_986fc04d","turn_seq":8,"action_id":"act_mq155tjc_005b_26b2dfec7d28"}
06-06 00:31:29.196 V/MediaPlayerNative(27928): message received msg=2, ext1=0, ext2=0
06-06 00:31:29.196 V/MediaPlayerNative(27928): playback complete
06-06 00:31:29.196 V/MediaPlayerNative(27928): callback application
06-06 00:31:29.196 V/MediaPlayerNative(27928): back from callback
06-06 00:31:29.197 V/MediaPlayerNative(27928): message received msg=211, ext1=0, ext2=0
06-06 00:31:29.197 V/MediaPlayerNative(27928): unrecognized message: (211, 0, 0)
06-06 00:31:29.198 V/MediaPlayerNative(27928): callback application
06-06 00:31:29.198 V/MediaPlayerNative(27928): back from callback
06-06 00:31:29.198 V/MediaPlayerNative(27928): stop
06-06 00:31:29.199 V/MediaPlayerNative(27928): message received msg=8, ext1=0, ext2=0
06-06 00:31:29.199 V/MediaPlayerNative(27928): unrecognized message: (8, 0, 0)
06-06 00:31:29.199 V/MediaPlayerNative(27928): callback application
06-06 00:31:29.199 V/MediaPlayerNative(27928): back from callback
06-06 00:31:29.199 D/AudioManager( 9607): dispatching onPlaybackConfigChanged()
06-06 00:31:29.199 D/AudioManager( 9621): dispatching onPlaybackConfigChanged()
06-06 00:31:29.200 D/AudioManager( 9607): dispatching onPlaybackConfigChanged()
06-06 00:31:29.200 D/AudioManager( 9621): dispatching onPlaybackConfigChanged()
06-06 00:31:29.200 V/MediaPlayer(27928): resetDrmState:  mDrmInfo=null mDrmProvisioningThread=null mPrepareDrmInProgress=false mActiveDrmScheme=false
06-06 00:31:29.200 V/MediaPlayer(27928): cleanDrmObj: mDrmObj=null mDrmSessionId=null
06-06 00:31:29.200 D/MediaPlayer(27928): _release native called
06-06 00:31:29.200 V/MediaPlayerNative(27928): setListener
06-06 00:31:29.200 V/MediaPlayerNative(27928): disconnect
06-06 00:31:29.213 V/MediaPlayerNative(27928): destructor,0xb4000076306badf0
06-06 00:31:29.213 V/MediaPlayerNative(27928): disconnect
06-06 00:31:29.213 D/MediaPlayer(27928): _release native finished
06-06 00:31:29.219 W/MediaPlayer(27928): mediaplayer went away with unhandled events
06-06 00:31:29.220 W/MediaPlayer(27928): mediaplayer went away with unhandled events
06-06 00:31:29.380 I/LiveCprCoachScreen(27928): ASR partial='比较'
06-06 00:31:29.709 I/LiveCprCoachScreen(27928): ASR partial='比较幸福'
06-06 00:31:30.031 I/LiveCprCoachScreen(27928): ASR partial='比较幸福认为'
06-06 00:31:30.352 I/LiveCprCoachScreen(27928): ASR partial='比较幸福认为不是呢'
06-06 00:31:30.674 I/LiveCprCoachScreen(27928): ASR partial='比较幸福认为不是呢是古'
06-06 00:31:30.983 I/LiveCprCoachScreen(27928): ASR partial='比较幸福认为不是呢是古语文的'
06-06 00:31:31.634 I/LiveCprCoachScreen(27928): ASR partial='比较幸福认为不是呢是古语文的并且'
06-06 00:31:31.942 I/LiveCprCoachScreen(27928): ASR partial='比较幸福认为不是呢是古语文的并且这条'
06-06 00:31:32.261 I/LiveCprCoachScreen(27928): ASR partial='比较幸福认为不是呢是古语文的并且这条连衣裙的'
06-06 00:31:32.599 I/LiveCprCoachScreen(27928): ASR partial='比较幸福认为不是呢是古语文的并且这条连衣裙的材质呢'
06-06 00:31:32.924 I/LiveCprCoachScreen(27928): ASR partial='比较幸福认为不是呢是古语文的并且这条连衣裙的材质呢也'
06-06 00:31:33.225 I/LiveCprCoachScreen(27928): ASR partial='比较幸福认为不是呢是古语文的并且这条连衣裙的材质呢也无力气准'
06-06 00:31:34.196 I/LiveCprCoachScreen(27928): ASR partial='比较幸福认为不是呢是古语文的并且这条连衣裙的材质呢也无力气准王太太'
06-06 00:31:35.461 I/LiveCprCoachScreen(27928): ASR partial='比较幸福认为不是呢是古语文的并且这条连衣裙的材质呢也无力气准王太太我'
06-06 00:31:35.781 I/LiveCprCoachScreen(27928): ASR partial='比较幸福认为不是呢是古语文的并且这条连衣裙的材质呢也无力气准王太太我建议您'
06-06 00:31:36.422 I/LiveCprCoachScreen(27928): ASR partial='比较幸福认为不是呢是古语文的并且这条连衣裙的材质呢也无力气准王太太我建议您选白色'
06-06 00:31:36.756 I/LiveCprCoachScreen(27928): ASR partial='比较幸福认为不是呢是古语文的并且这条连衣裙的材质呢也无力气准王太太我建议您选白色这一条'
06-06 00:31:37.394 I/LiveCprCoachScreen(27928): ASR partial='比较幸福认为不是呢是古语文的并且这条连衣裙的材质呢也无力气准王太太我建议您选白色这一条虽然'
06-06 00:31:37.702 I/LiveCprCoachScreen(27928): ASR partial='比较幸福认为不是呢是古语文的并且这条连衣裙的材质呢也无力气准王太太我建议您选白色这一条虽然这几'
06-06 00:31:37.980 D/AudioRecord(27928): stop(249): 0xb400007660936580, mActive: 1
06-06 00:31:37.980 D/AudioRecord(27928): getpackName client name com.firstaid.copilot.debug(27928)
06-06 00:31:37.981 D/AudioTrackShared(27928): this(0xb4000075f0ffde90), mCblk(0x780e4c5000), front(2039040), mIsOut 0, interrupt() FUTEX_WAKE
06-06 00:31:38.023 I/AudioEffect(27928): Destructor 0xb4000076309d0720
06-06 00:31:38.070 I/AudioEffect(27928): Destructor 0xb400007630aea920
06-06 00:31:38.071 D/AudioRecord(27928): stop(249) done
06-06 00:31:38.071 D/AudioRecord(27928): stop(249): 0xb400007660936580, mActive: 0
06-06 00:31:38.071 D/AudioRecord(27928): getpackName client name com.firstaid.copilot.debug(27928)
06-06 00:31:38.071 D/AudioRecord(27928): ~AudioRecord(249): mStatus 0
06-06 00:31:38.072 D/AudioRecord(27928): stop(249): 0xb400007660936580, mActive: 0
06-06 00:31:38.072 D/AudioRecord(27928): getpackName client name com.firstaid.copilot.debug(27928)
06-06 00:31:38.075 I/LiveAudioPlayer(27928): Live audio cancel with no active stream reason=client_stop
06-06 00:31:38.106 I/LiveCprCoachScreen(27928): ASR partial='比较幸福认为不是呢是古语文的并且这条连衣裙的材质呢也无力气准王太太我建议您选白色这一条虽然这几件都是'
06-06 00:31:40.765 I/BatteryStatsImpl( 2497): ********** CLEARING HISTORY!
06-06 00:31:40.862 I/ActivityTaskManager( 1553): Displayed com.android.packageinstaller/.PackageInstallerActivity: +302ms
06-06 00:31:41.375 D/BLASTBufferQueue(27928): [VRI[MainActivity]#0](f:0,a:1) destructor()
06-06 00:31:41.375 D/BufferQueueConsumer(27928): [VRI[MainActivity]#0(BLAST Consumer)0](id:6d1800000000,api:0,p:-1,c:27928) disconnect
06-06 00:31:46.472 D/MediaPlayer(27928): finalize() native_finalize called
06-06 00:31:46.472 D/MediaPlayer(27928): finalize() native_finalize finished
06-06 00:31:46.472 D/MediaPlayer(27928): finalize() native_finalize called
06-06 00:31:46.472 D/MediaPlayer(27928): finalize() native_finalize finished
06-06 00:31:46.472 D/MediaPlayer(27928): finalize() native_finalize called
06-06 00:31:46.472 D/MediaPlayer(27928): finalize() native_finalize finished
06-06 00:31:46.473 D/MediaPlayer(27928): finalize() native_finalize called
06-06 00:31:46.473 D/MediaPlayer(27928): finalize() native_finalize finished
06-06 00:31:46.473 D/MediaPlayer(27928): finalize() native_finalize called
06-06 00:31:46.473 D/MediaPlayer(27928): finalize() native_finalize finished
06-06 00:31:59.034 D/AudioManager( 9607): dispatching onPlaybackConfigChanged()
06-06 00:31:59.034 D/AudioManager( 9621): dispatching onPlaybackConfigChanged()
06-06 00:32:23.758 D/BufferQueueConsumer(27928): [](id:6d1800000001,api:0,p:-1,c:27928) connect: controlledByApp=false
06-06 00:32:23.763 I/BLASTBufferQueue(27928): QoSAllocBuff Successful. Ret 0 
06-06 00:32:23.780 D/BLASTBufferQueue(27928): [VRI[MainActivity]#1](f:0,a:1) acquireNextBufferLocked size=720x1612 mFrameNumber=1 applyTransaction=true mTimestamp=51777712574778(auto) mPendingTransactions.size=0 graphicBufferId=119949846642695 transform=0
06-06 00:32:23.842 V/ImeFocusController(27928): onWindowFocus: DecorView@3974861[MainActivity] softInputMode=STATE_UNSPECIFIED|ADJUST_PAN
06-06 00:32:23.842 V/ImeFocusController(27928): Restarting due to isRestartOnNextWindowFocus as true
